[    0.000000] microcode: microcode updated early to revision 0x1d, date = 2018-05-11
[    0.000000] Linux version 4.15.0-47-generic (buildd@lgw01-amd64-001) (gcc version 7.3.0 (Ubuntu 7.3.0-16ubuntu3)) #50-Ubuntu SMP Wed Mar 13 10:44:52 UTC 2019 (Ubuntu 4.15.0-47.50-generic 4.15.18)
[    0.000000] Command line: BOOT_IMAGE=/boot/vmlinuz-4.15.0-47-generic root=UUID=a533a429-4f8a-4e7e-8782-f88e1f453515 ro pti=off pti=off
[    0.000000] KERNEL supported cpus:
[    0.000000]   Intel GenuineIntel
[    0.000000]   AMD AuthenticAMD
[    0.000000]   Centaur CentaurHauls
[    0.000000] Disabled fast string operations
[    0.000000] x86/fpu: x87 FPU will use FXSAVE
[    0.000000] e820: BIOS-provided physical RAM map:
[    0.000000] BIOS-e820: [mem 0x0000000000000000-0x000000000008efff] usable
[    0.000000] BIOS-e820: [mem 0x000000000008f000-0x000000000008ffff] ACPI NVS
[    0.000000] BIOS-e820: [mem 0x0000000000090000-0x000000000009ffff] usable
[    0.000000] BIOS-e820: [mem 0x00000000000a0000-0x00000000000fffff] reserved
[    0.000000] BIOS-e820: [mem 0x0000000000100000-0x000000007f49efff] usable
[    0.000000] BIOS-e820: [mem 0x000000007f49f000-0x000000007f4acfff] ACPI NVS
[    0.000000] BIOS-e820: [mem 0x000000007f4ad000-0x000000007f4adfff] usable
[    0.000000] BIOS-e820: [mem 0x000000007f4ae000-0x000000007f55efff] ACPI NVS
[    0.000000] BIOS-e820: [mem 0x000000007f55f000-0x000000007f591fff] usable
[    0.000000] BIOS-e820: [mem 0x000000007f592000-0x000000007f5aefff] ACPI data
[    0.000000] BIOS-e820: [mem 0x000000007f5af000-0x000000007f682fff] usable
[    0.000000] BIOS-e820: [mem 0x000000007f683000-0x000000007f6aefff] reserved
[    0.000000] BIOS-e820: [mem 0x000000007f6af000-0x000000007f78dfff] usable
[    0.000000] BIOS-e820: [mem 0x000000007f78e000-0x000000007f7aefff] type 20
[    0.000000] BIOS-e820: [mem 0x000000007f7af000-0x000000007f7fefff] usable
[    0.000000] BIOS-e820: [mem 0x000000007f7ff000-0x000000007fffffff] reserved
[    0.000000] BIOS-e820: [mem 0x00000000fed1c000-0x00000000fed1ffff] reserved
[    0.000000] BIOS-e820: [mem 0x00000000ffd20000-0x00000000ffd4ffff] reserved
[    0.000000] BIOS-e820: [mem 0x0000000100000000-0x000000037fffffff] usable
[    0.000000] NX (Execute Disable) protection: active
[    0.000000] efi: EFI v1.10 by Apple
[    0.000000] efi:  ACPI 2.0=0x7f5ae014  SMBIOS=0x7f4ae000 
[    0.000000] secureboot: Secure boot could not be determined (mode 0)
[    0.000000] SMBIOS 2.4 present.
[    0.000000] DMI: Apple Inc. MacPro4,1/Mac-F221BEC8, BIOS     MP41.88Z.0081.B07.0910130729 10/13/09
[    0.000000] e820: update [mem 0x00000000-0x00000fff] usable ==> reserved
[    0.000000] e820: remove [mem 0x000a0000-0x000fffff] usable
[    0.000000] e820: last_pfn = 0x380000 max_arch_pfn = 0x400000000
[    0.000000] MTRR default type: write-back
[    0.000000] MTRR fixed ranges enabled:
[    0.000000]   00000-9FFFF write-back
[    0.000000]   A0000-BFFFF uncachable
[    0.000000]   C0000-DFFFF write-protect
[    0.000000]   E0000-FFFFF uncachable
[    0.000000] MTRR variable ranges enabled:
[    0.000000]   0 base 080000000 mask F80000000 uncachable
[    0.000000]   1 disabled
[    0.000000]   2 disabled
[    0.000000]   3 disabled
[    0.000000]   4 disabled
[    0.000000]   5 disabled
[    0.000000]   6 disabled
[    0.000000]   7 disabled
[    0.000000] x86/PAT: Configuration [0-7]: WB  WC  UC- UC  WB  WP  UC- WT  
[    0.000000] e820: last_pfn = 0x7f7ff max_arch_pfn = 0x400000000
[    0.000000] Scanning 1 areas for low memory corruption
[    0.000000] Base memory trampoline at [        (ptrval)] 99000 size 24576
[    0.000000] Kernel/User page tables isolation: disabled on command line.
[    0.000000] BRK [0x1e013f000, 0x1e013ffff] PGTABLE
[    0.000000] BRK [0x1e0140000, 0x1e0140fff] PGTABLE
[    0.000000] BRK [0x1e0141000, 0x1e0141fff] PGTABLE
[    0.000000] BRK [0x1e0142000, 0x1e0142fff] PGTABLE
[    0.000000] BRK [0x1e0143000, 0x1e0143fff] PGTABLE
[    0.000000] BRK [0x1e0144000, 0x1e0144fff] PGTABLE
[    0.000000] BRK [0x1e0145000, 0x1e0145fff] PGTABLE
[    0.000000] BRK [0x1e0146000, 0x1e0146fff] PGTABLE
[    0.000000] RAMDISK: [mem 0x3140d000-0x349fdfff]
[    0.000000] ACPI: Early table checksum verification disabled
[    0.000000] ACPI: RSDP 0x000000007F5AE014 000024 (v02 APPLE )
[    0.000000] ACPI: XSDT 0x000000007F5AE1C0 000064 (v01 APPLE  Apple00  00000081      01000013)
[    0.000000] ACPI: FACP 0x000000007F5AB000 0000F4 (v04 APPLE  Apple00  00000081 Loki 0000005F)
[    0.000000] ACPI BIOS Warning (bug): Invalid length for FADT/Pm1aControlBlock: 32, using default 16 (20170831/tbfadt-708)
[    0.000000] ACPI: DSDT 0x000000007F5A2000 0041DD (v01 APPLE  Apple00  00040001 Loki 0000005F)
[    0.000000] ACPI: FACS 0x000000007F4AC000 000040
[    0.000000] ACPI: FACS 0x000000007F4AC000 000040
[    0.000000] ACPI: ECDT 0x000000007F5AD000 000053 (v01 APPLE  Apple00  00000001 Loki 0000005F)
[    0.000000] ACPI: HPET 0x000000007F5AA000 000038 (v01 APPLE  Apple00  00000001 Loki 0000005F)
[    0.000000] ACPI: APIC 0x000000007F5A8000 000138 (v02 APPLE  Apple00  00000000 Loki 0000005F)
[    0.000000] ACPI: MCFG 0x000000007F5A7000 00003C (v01 APPLE  Apple00  00000001 Loki 0000005F)
[    0.000000] ACPI: SSDT 0x000000007F594000 00DFB4 (v01 PmRef  CpuPPM   00003000 INTL 20061109)
[    0.000000] ACPI: SSDT 0x000000007F593000 0001E4 (v01 SataRe SataAhci 00001000 INTL 20061109)
[    0.000000] ACPI: DMAR 0x000000007F592000 000068 (v01 APPLE  Apple00  00000001 Loki 0000005F)
[    0.000000] ACPI: DMI detected to setup _OSI("Darwin"): Apple hardware
[    0.000000] ACPI: Local APIC address 0xfee00000
[    0.000000] No NUMA configuration found
[    0.000000] Faking a node at [mem 0x0000000000000000-0x000000037fffffff]
[    0.000000] NODE_DATA(0) allocated [mem 0x37ffcc000-0x37fff6fff]
[    0.000000] tsc: Fast TSC calibration using PIT
[    0.000000] Zone ranges:
[    0.000000]   DMA      [mem 0x0000000000001000-0x0000000000ffffff]
[    0.000000]   DMA32    [mem 0x0000000001000000-0x00000000ffffffff]
[    0.000000]   Normal   [mem 0x0000000100000000-0x000000037fffffff]
[    0.000000]   Device   empty
[    0.000000] Movable zone start for each node
[    0.000000] Early memory node ranges
[    0.000000]   node   0: [mem 0x0000000000001000-0x000000000008efff]
[    0.000000]   node   0: [mem 0x0000000000090000-0x000000000009ffff]
[    0.000000]   node   0: [mem 0x0000000000100000-0x000000007f49efff]
[    0.000000]   node   0: [mem 0x000000007f4ad000-0x000000007f4adfff]
[    0.000000]   node   0: [mem 0x000000007f55f000-0x000000007f591fff]
[    0.000000]   node   0: [mem 0x000000007f5af000-0x000000007f682fff]
[    0.000000]   node   0: [mem 0x000000007f6af000-0x000000007f78dfff]
[    0.000000]   node   0: [mem 0x000000007f7af000-0x000000007f7fefff]
[    0.000000]   node   0: [mem 0x0000000100000000-0x000000037fffffff]
[    0.000000] Reserved but unavailable: 2444 pages
[    0.000000] Initmem setup node 0 [mem 0x0000000000001000-0x000000037fffffff]
[    0.000000] On node 0 totalpages: 3143284
[    0.000000]   DMA zone: 64 pages used for memmap
[    0.000000]   DMA zone: 24 pages reserved
[    0.000000]   DMA zone: 3998 pages, LIFO batch:0
[    0.000000]   DMA32 zone: 8092 pages used for memmap
[    0.000000]   DMA32 zone: 517846 pages, LIFO batch:31
[    0.000000]   Normal zone: 40960 pages used for memmap
[    0.000000]   Normal zone: 2621440 pages, LIFO batch:31
[    0.000000] ACPI: PM-Timer IO Port: 0x408
[    0.000000] ACPI: Local APIC address 0xfee00000
[    0.000000] ACPI: LAPIC_NMI (acpi_id[0x00] high level lint[0x1])
[    0.000000] ACPI: LAPIC_NMI (acpi_id[0x01] high level lint[0x1])
[    0.000000] ACPI: LAPIC_NMI (acpi_id[0x02] high level lint[0x1])
[    0.000000] ACPI: LAPIC_NMI (acpi_id[0x03] high level lint[0x1])
[    0.000000] ACPI: LAPIC_NMI (acpi_id[0x04] high level lint[0x1])
[    0.000000] ACPI: LAPIC_NMI (acpi_id[0x05] high level lint[0x1])
[    0.000000] ACPI: LAPIC_NMI (acpi_id[0x06] high level lint[0x1])
[    0.000000] ACPI: LAPIC_NMI (acpi_id[0x07] high level lint[0x1])
[    0.000000] ACPI: LAPIC_NMI (acpi_id[0x08] high level lint[0x1])
[    0.000000] ACPI: LAPIC_NMI (acpi_id[0x09] high level lint[0x1])
[    0.000000] ACPI: LAPIC_NMI (acpi_id[0x0a] high level lint[0x1])
[    0.000000] ACPI: LAPIC_NMI (acpi_id[0x0b] high level lint[0x1])
[    0.000000] ACPI: LAPIC_NMI (acpi_id[0x0c] high level lint[0x1])
[    0.000000] ACPI: LAPIC_NMI (acpi_id[0x0d] high level lint[0x1])
[    0.000000] ACPI: LAPIC_NMI (acpi_id[0x0e] high level lint[0x1])
[    0.000000] ACPI: LAPIC_NMI (acpi_id[0x0f] high level lint[0x1])
[    0.000000] IOAPIC[0]: apic_id 8, version 32, address 0xfec00000, GSI 0-23
[    0.000000] ACPI: INT_SRC_OVR (bus 0 bus_irq 0 global_irq 2 dfl dfl)
[    0.000000] ACPI: INT_SRC_OVR (bus 0 bus_irq 9 global_irq 9 high level)
[    0.000000] ACPI: IRQ0 used by override.
[    0.000000] ACPI: IRQ9 used by override.
[    0.000000] Using ACPI (MADT) for SMP configuration information
[    0.000000] ACPI: HPET id: 0x8086a201 base: 0xfed00000
[    0.000000] smpboot: Allowing 16 CPUs, 8 hotplug CPUs
[    0.000000] PM: Registered nosave memory: [mem 0x00000000-0x00000fff]
[    0.000000] PM: Registered nosave memory: [mem 0x0008f000-0x0008ffff]
[    0.000000] PM: Registered nosave memory: [mem 0x000a0000-0x000fffff]
[    0.000000] PM: Registered nosave memory: [mem 0x7f49f000-0x7f4acfff]
[    0.000000] PM: Registered nosave memory: [mem 0x7f4ae000-0x7f55efff]
[    0.000000] PM: Registered nosave memory: [mem 0x7f592000-0x7f5aefff]
[    0.000000] PM: Registered nosave memory: [mem 0x7f683000-0x7f6aefff]
[    0.000000] PM: Registered nosave memory: [mem 0x7f78e000-0x7f7aefff]
[    0.000000] PM: Registered nosave memory: [mem 0x7f7ff000-0x7fffffff]
[    0.000000] PM: Registered nosave memory: [mem 0x80000000-0xfed1bfff]
[    0.000000] PM: Registered nosave memory: [mem 0xfed1c000-0xfed1ffff]
[    0.000000] PM: Registered nosave memory: [mem 0xfed20000-0xffd1ffff]
[    0.000000] PM: Registered nosave memory: [mem 0xffd20000-0xffd4ffff]
[    0.000000] PM: Registered nosave memory: [mem 0xffd50000-0xffffffff]
[    0.000000] e820: [mem 0x80000000-0xfed1bfff] available for PCI devices
[    0.000000] Booting paravirtualized kernel on bare hardware
[    0.000000] clocksource: refined-jiffies: mask: 0xffffffff max_cycles: 0xffffffff, max_idle_ns: 7645519600211568 ns
[    0.000000] random: get_random_bytes called from start_kernel+0x99/0x4fd with crng_init=0
[    0.000000] setup_percpu: NR_CPUS:8192 nr_cpumask_bits:16 nr_cpu_ids:16 nr_node_ids:1
[    0.000000] percpu: Embedded 46 pages/cpu @        (ptrval) s151552 r8192 d28672 u262144
[    0.000000] pcpu-alloc: s151552 r8192 d28672 u262144 alloc=1*2097152
[    0.000000] pcpu-alloc: [0] 00 01 02 03 04 05 06 07 [0] 08 09 10 11 12 13 14 15 
[    0.000000] Built 1 zonelists, mobility grouping on.  Total pages: 3094144
[    0.000000] Policy zone: Normal
[    0.000000] Kernel command line: BOOT_IMAGE=/boot/vmlinuz-4.15.0-47-generic root=UUID=a533a429-4f8a-4e7e-8782-f88e1f453515 ro pti=off pti=off
[    0.000000] Calgary: detecting Calgary via BIOS EBDA area
[    0.000000] Calgary: Unable to locate Rio Grande table in EBDA - bailing!
[    0.000000] Memory: 12182588K/12573136K available (12300K kernel code, 2473K rwdata, 4252K rodata, 2408K init, 2416K bss, 390548K reserved, 0K cma-reserved)
[    0.000000] SLUB: HWalign=64, Order=0-3, MinObjects=0, CPUs=16, Nodes=1
[    0.000000] ftrace: allocating 39206 entries in 154 pages
[    0.000000] Hierarchical RCU implementation.
[    0.000000] 	RCU restricting CPUs from NR_CPUS=8192 to nr_cpu_ids=16.
[    0.000000] 	Tasks RCU enabled.
[    0.000000] RCU: Adjusting geometry for rcu_fanout_leaf=16, nr_cpu_ids=16
[    0.000000] NR_IRQS: 524544, nr_irqs: 552, preallocated irqs: 16
[    0.000000] Console: colour dummy device 80x25
[    0.000000] console [tty0] enabled
[    0.000000] ACPI: Core revision 20170831
[    0.000000] ACPI: 3 ACPI AML tables successfully acquired and loaded
[    0.000000] clocksource: hpet: mask: 0xffffffff max_cycles: 0xffffffff, max_idle_ns: 133484882848 ns
[    0.000000] hpet clockevent registered
[    0.000000] APIC: Switch to symmetric I/O mode setup
[    0.000000] DMAR-IR: This system BIOS has enabled interrupt remapping
               on a chipset that contains an erratum making that
               feature unstable.  To maintain system stability
               interrupt remapping is being disabled.  Please
               contact your BIOS vendor for an update
[    0.000000] Switched APIC routing to physical flat.
[    0.000000] ..TIMER: vector=0x30 apic1=0 pin1=2 apic2=-1 pin2=-1
[    0.020000] tsc: Fast TSC calibration using PIT
[    0.024000] tsc: Detected 2659.879 MHz processor
[    0.024000] Calibrating delay loop (skipped), value calculated using timer frequency.. 5319.75 BogoMIPS (lpj=10639516)
[    0.024000] pid_max: default: 32768 minimum: 301
[    0.028892] Security Framework initialized
[    0.028895] Yama: becoming mindful.
[    0.028924] AppArmor: AppArmor initialized
[    0.031493] Dentry cache hash table entries: 2097152 (order: 12, 16777216 bytes)
[    0.032787] Inode-cache hash table entries: 1048576 (order: 11, 8388608 bytes)
[    0.032853] Mount-cache hash table entries: 32768 (order: 6, 262144 bytes)
[    0.032895] Mountpoint-cache hash table entries: 32768 (order: 6, 262144 bytes)
[    0.033130] Disabled fast string operations
[    0.033144] mce: CPU supports 9 MCE banks
[    0.033152] CPU0: Thermal monitoring enabled (TM1)
[    0.033162] process: using mwait in idle threads
[    0.033166] Last level iTLB entries: 4KB 512, 2MB 7, 4MB 7
[    0.033168] Last level dTLB entries: 4KB 512, 2MB 32, 4MB 32, 1GB 0
[    0.033172] Spectre V2 : Mitigation: Full generic retpoline
[    0.033174] Spectre V2 : Spectre v2 / SpectreRSB mitigation: Filling RSB on context switch
[    0.033177] Spectre V2 : Spectre v2 mitigation: Enabling Indirect Branch Prediction Barrier
[    0.033180] Spectre V2 : Enabling Restricted Speculation for firmware calls
[    0.033182] Speculative Store Bypass: Mitigation: Speculative Store Bypass disabled via prctl and seccomp
[    0.033284] Freeing SMP alternatives memory: 36K
[    0.040000] smpboot: CPU0: Intel(R) Xeon(R) CPU           W3520  @ 2.67GHz (family: 0x6, model: 0x1a, stepping: 0x5)
[    0.040000] Performance Events: PEBS fmt1+, Nehalem events, 16-deep LBR, Intel PMU driver.
[    0.040000] core: CPU erratum AAJ80 worked around
[    0.040000] core: CPUID marked event: 'bus cycles' unavailable
[    0.040000] ... version:                3
[    0.040000] ... bit width:              48
[    0.040000] ... generic registers:      4
[    0.040000] ... value mask:             0000ffffffffffff
[    0.040000] ... max period:             000000007fffffff
[    0.040000] ... fixed-purpose events:   3
[    0.040000] ... event mask:             000000070000000f
[    0.040000] Hierarchical SRCU implementation.
[    0.040000] smp: Bringing up secondary CPUs ...
[    0.040000] x86: Booting SMP configuration:
[    0.040000] .... node  #0, CPUs:        #1
[    0.004000] Disabled fast string operations
[    0.040477] NMI watchdog: Enabled. Permanently consumes one hw-PMU counter.
[    0.040630]   #2
[    0.004000] Disabled fast string operations
[    0.044126]   #3
[    0.004000] Disabled fast string operations
[    0.047066]   #4
[    0.004000] Disabled fast string operations
[    0.050083]   #5
[    0.004000] Disabled fast string operations
[    0.052119]   #6
[    0.004000] Disabled fast string operations
[    0.054449]   #7
[    0.004000] Disabled fast string operations
[    0.056061] smp: Brought up 1 node, 8 CPUs
[    0.056061] smpboot: Max logical packages: 2
[    0.056061] smpboot: Total of 8 processors activated (42558.06 BogoMIPS)
[    0.064064] devtmpfs: initialized
[    0.064064] x86/mm: Memory block size: 128MB
[    0.065113] evm: security.selinux
[    0.065116] evm: security.SMACK64
[    0.065118] evm: security.SMACK64EXEC
[    0.065120] evm: security.SMACK64TRANSMUTE
[    0.065122] evm: security.SMACK64MMAP
[    0.065124] evm: security.apparmor
[    0.065125] evm: security.ima
[    0.065127] evm: security.capability
[    0.065147] PM: Registering ACPI NVS region [mem 0x0008f000-0x0008ffff] (4096 bytes)
[    0.065147] PM: Registering ACPI NVS region [mem 0x7f49f000-0x7f4acfff] (57344 bytes)
[    0.065147] PM: Registering ACPI NVS region [mem 0x7f4ae000-0x7f55efff] (724992 bytes)
[    0.065147] clocksource: jiffies: mask: 0xffffffff max_cycles: 0xffffffff, max_idle_ns: 7645041785100000 ns
[    0.065147] futex hash table entries: 4096 (order: 6, 262144 bytes)
[    0.065147] pinctrl core: initialized pinctrl subsystem
[    0.065147] RTC time: 19:16:35, date: 04/02/19
[    0.065147] NET: Registered protocol family 16
[    0.065147] audit: initializing netlink subsys (disabled)
[    0.065147] audit: type=2000 audit(1554232594.064:1): state=initialized audit_enabled=0 res=1
[    0.065147] cpuidle: using governor ladder
[    0.065147] cpuidle: using governor menu
[    0.065147] ACPI FADT declares the system doesn't support PCIe ASPM, so disable it
[    0.065147] ACPI: bus type PCI registered
[    0.065147] acpiphp: ACPI Hot Plug PCI Controller Driver version: 0.5
[    0.065147] PCI: MMCONFIG for domain 0000 [bus 00-ff] at [mem 0xe0000000-0xefffffff] (base 0xe0000000)
[    0.065147] PCI: not using MMCONFIG
[    0.065147] PCI: Using configuration type 1 for base access
[    0.065420] HugeTLB registered 2.00 MiB page size, pre-allocated 0 pages
[    0.068005] ACPI: Disabled all _OSI OS vendors
[    0.068005] ACPI: Added _OSI(Module Device)
[    0.068005] ACPI: Added _OSI(Processor Device)
[    0.068005] ACPI: Added _OSI(3.0 _SCP Extensions)
[    0.068005] ACPI: Added _OSI(Processor Aggregator Device)
[    0.068005] ACPI: Added _OSI(Linux-Dell-Video)
[    0.068005] ACPI: Added _OSI(Linux-Lenovo-NV-HDMI-Audio)
[    0.068005] ACPI: Added _OSI(Linux-HPI-Hybrid-Graphics)
[    0.068005] ACPI: Added _OSI(Darwin)
[    0.068005] ACPI: EC: EC started
[    0.068005] ACPI: EC: interrupt blocked
[    0.068737] ACPI: \: Used as first EC
[    0.068741] ACPI: \: GPE=0x17, EC_CMD/EC_SC=0x66, EC_DATA=0x62
[    0.068744] ACPI: \: Used as boot ECDT EC to handle transactions
[    0.085794] ACPI: BIOS _OSI(Darwin) query honored via DMI
[    0.087625] ACPI: Interpreter enabled
[    0.087649] ACPI: (supports S0 S1 S3 S4 S5)
[    0.087652] ACPI: Using IOAPIC for interrupt routing
[    0.087682] PCI: MMCONFIG for domain 0000 [bus 00-ff] at [mem 0xe0000000-0xefffffff] (base 0xe0000000)
[    0.087862] PCI: MMCONFIG at [mem 0xe0000000-0xefffffff] reserved in ACPI motherboard resources
[    0.087879] PCI: Using host bridge windows from ACPI; if necessary, use "pci=nocrs" and report a bug
[    0.088100] ACPI: GPE 0x16 active on init
[    0.088125] ACPI: Enabled 13 GPEs in block 00 to 3F
[    0.095467] ACPI: PCI Root Bridge [PCI0] (domain 0000 [bus 00-fd])
[    0.095475] acpi PNP0A08:00: _OSC: OS assumes control of [PCIeHotplug SHPCHotplug AER PCIeCapability]
[    0.096036] PCI host bridge to bus 0000:00
[    0.096041] pci_bus 0000:00: root bus resource [io  0x0000-0x0cf7 window]
[    0.096045] pci_bus 0000:00: root bus resource [io  0x0d00-0xffff window]
[    0.096048] pci_bus 0000:00: root bus resource [mem 0x000a0000-0x000bffff window]
[    0.096052] pci_bus 0000:00: root bus resource [mem 0x000c4000-0x000cbfff window]
[    0.096056] pci_bus 0000:00: root bus resource [mem 0x80000000-0xdfffffff window]
[    0.096060] pci_bus 0000:00: root bus resource [bus 00-fd]
[    0.096073] pci 0000:00:00.0: [8086:3405] type 00 class 0x060000
[    0.096107] pci 0000:00:00.0: enabling Extended Tags
[    0.096146] pci 0000:00:00.0: PME# supported from D0 D3hot D3cold
[    0.096245] pci 0000:00:01.0: [8086:3408] type 01 class 0x060400
[    0.096276] pci 0000:00:01.0: enabling Extended Tags
[    0.096317] pci 0000:00:01.0: PME# supported from D0 D3hot D3cold
[    0.096414] pci 0000:00:03.0: [8086:340a] type 01 class 0x060400
[    0.096444] pci 0000:00:03.0: enabling Extended Tags
[    0.096485] pci 0000:00:03.0: PME# supported from D0 D3hot D3cold
[    0.096581] pci 0000:00:07.0: [8086:340e] type 01 class 0x060400
[    0.096612] pci 0000:00:07.0: enabling Extended Tags
[    0.096652] pci 0000:00:07.0: PME# supported from D0 D3hot D3cold
[    0.096747] pci 0000:00:0d.0: [8086:343a] type 00 class 0x060000
[    0.096879] pci 0000:00:0d.1: [8086:343b] type 00 class 0x060000
[    0.097007] pci 0000:00:0d.2: [8086:343c] type 00 class 0x060000
[    0.097129] pci 0000:00:0d.3: [8086:343d] type 00 class 0x060000
[    0.097255] pci 0000:00:0d.4: [8086:3418] type 00 class 0x060000
[    0.097377] pci 0000:00:0d.5: [8086:3419] type 00 class 0x060000
[    0.097499] pci 0000:00:0d.6: [8086:341a] type 00 class 0x060000
[    0.097621] pci 0000:00:0d.7: [8086:341b] type 00 class 0x060000
[    0.097742] pci 0000:00:0e.0: [8086:341c] type 00 class 0x060000
[    0.097865] pci 0000:00:0e.1: [8086:341d] type 00 class 0x060000
[    0.097987] pci 0000:00:0e.2: [8086:341e] type 00 class 0x060000
[    0.098110] pci 0000:00:0e.3: [8086:341f] type 00 class 0x060000
[    0.098234] pci 0000:00:0e.4: [8086:3439] type 00 class 0x060000
[    0.098355] pci 0000:00:0f.0: [8086:3424] type 00 class 0x110100
[    0.098483] pci 0000:00:10.0: [8086:3425] type 00 class 0x080000
[    0.098597] pci 0000:00:10.1: [8086:3426] type 00 class 0x080000
[    0.098706] pci 0000:00:11.0: [8086:3427] type 00 class 0x080000
[    0.098819] pci 0000:00:11.1: [8086:3428] type 00 class 0x080000
[    0.098929] pci 0000:00:13.0: [8086:342d] type 00 class 0x080020
[    0.098941] pci 0000:00:13.0: reg 0x10: [mem 0xa5527000-0xa5527fff]
[    0.098981] pci 0000:00:13.0: PME# supported from D0 D3hot D3cold
[    0.099060] pci 0000:00:14.0: [8086:342e] type 00 class 0x080000
[    0.099186] pci 0000:00:14.1: [8086:3422] type 00 class 0x080000
[    0.099310] pci 0000:00:14.2: [8086:3423] type 00 class 0x080000
[    0.099431] pci 0000:00:14.3: [8086:3438] type 00 class 0x080000
[    0.099538] pci 0000:00:15.0: [8086:342f] type 00 class 0x080020
[    0.099648] pci 0000:00:16.0: [8086:3430] type 00 class 0x088000
[    0.099663] pci 0000:00:16.0: reg 0x10: [mem 0xa5500000-0xa5503fff 64bit]
[    0.099784] pci 0000:00:16.1: [8086:3431] type 00 class 0x088000
[    0.099799] pci 0000:00:16.1: reg 0x10: [mem 0xa5504000-0xa5507fff 64bit]
[    0.099924] pci 0000:00:16.2: [8086:3432] type 00 class 0x088000
[    0.099939] pci 0000:00:16.2: reg 0x10: [mem 0xa5508000-0xa550bfff 64bit]
[    0.100065] pci 0000:00:16.3: [8086:3433] type 00 class 0x088000
[    0.100080] pci 0000:00:16.3: reg 0x10: [mem 0xa550c000-0xa550ffff 64bit]
[    0.100202] pci 0000:00:16.4: [8086:3429] type 00 class 0x088000
[    0.100217] pci 0000:00:16.4: reg 0x10: [mem 0xa5510000-0xa5513fff 64bit]
[    0.100341] pci 0000:00:16.5: [8086:342a] type 00 class 0x088000
[    0.100356] pci 0000:00:16.5: reg 0x10: [mem 0xa5514000-0xa5517fff 64bit]
[    0.100479] pci 0000:00:16.6: [8086:342b] type 00 class 0x088000
[    0.100494] pci 0000:00:16.6: reg 0x10: [mem 0xa5518000-0xa551bfff 64bit]
[    0.100619] pci 0000:00:16.7: [8086:342c] type 00 class 0x088000
[    0.100633] pci 0000:00:16.7: reg 0x10: [mem 0xa551c000-0xa551ffff 64bit]
[    0.100758] pci 0000:00:1a.0: [8086:3a37] type 00 class 0x0c0300
[    0.100801] pci 0000:00:1a.0: reg 0x20: [io  0x50e0-0x50ff]
[    0.100917] pci 0000:00:1a.1: [8086:3a38] type 00 class 0x0c0300
[    0.100960] pci 0000:00:1a.1: reg 0x20: [io  0x50c0-0x50df]
[    0.101074] pci 0000:00:1a.2: [8086:3a39] type 00 class 0x0c0300
[    0.101117] pci 0000:00:1a.2: reg 0x20: [io  0x50a0-0x50bf]
[    0.101239] pci 0000:00:1a.7: [8086:3a3c] type 00 class 0x0c0320
[    0.101261] pci 0000:00:1a.7: reg 0x10: [mem 0xa5526000-0xa55263ff]
[    0.101341] pci 0000:00:1a.7: PME# supported from D0 D3hot D3cold
[    0.101496] pci 0000:00:1b.0: [8086:3a3e] type 00 class 0x040300
[    0.101516] pci 0000:00:1b.0: reg 0x10: [mem 0xa5520000-0xa5523fff 64bit]
[    0.101579] pci 0000:00:1b.0: PME# supported from D0 D3hot D3cold
[    0.101673] pci 0000:00:1c.0: [8086:3a40] type 01 class 0x060400
[    0.101743] pci 0000:00:1c.0: PME# supported from D0 D3hot D3cold
[    0.101831] pci 0000:00:1c.1: [8086:3a42] type 01 class 0x060400
[    0.101901] pci 0000:00:1c.1: PME# supported from D0 D3hot D3cold
[    0.101987] pci 0000:00:1c.2: [8086:3a44] type 01 class 0x060400
[    0.102061] pci 0000:00:1c.2: PME# supported from D0 D3hot D3cold
[    0.102153] pci 0000:00:1c.3: [8086:3a46] type 01 class 0x060400
[    0.102228] pci 0000:00:1c.3: PME# supported from D0 D3hot D3cold
[    0.102321] pci 0000:00:1c.4: [8086:3a48] type 01 class 0x060400
[    0.102395] pci 0000:00:1c.4: PME# supported from D0 D3hot D3cold
[    0.102487] pci 0000:00:1c.5: [8086:3a4a] type 01 class 0x060400
[    0.102561] pci 0000:00:1c.5: PME# supported from D0 D3hot D3cold
[    0.102653] pci 0000:00:1d.0: [8086:3a34] type 00 class 0x0c0300
[    0.102696] pci 0000:00:1d.0: reg 0x20: [io  0x5080-0x509f]
[    0.102814] pci 0000:00:1d.1: [8086:3a35] type 00 class 0x0c0300
[    0.102857] pci 0000:00:1d.1: reg 0x20: [io  0x5060-0x507f]
[    0.102975] pci 0000:00:1d.2: [8086:3a36] type 00 class 0x0c0300
[    0.103018] pci 0000:00:1d.2: reg 0x20: [io  0x5040-0x505f]
[    0.103141] pci 0000:00:1d.7: [8086:3a3a] type 00 class 0x0c0320
[    0.103162] pci 0000:00:1d.7: reg 0x10: [mem 0xa5525000-0xa55253ff]
[    0.103243] pci 0000:00:1d.7: PME# supported from D0 D3hot D3cold
[    0.103389] pci 0000:00:1e.0: [8086:244e] type 01 class 0x060401
[    0.103508] pci 0000:00:1f.0: [8086:3a18] type 00 class 0x060100
[    0.103686] pci 0000:00:1f.2: [8086:3a22] type 00 class 0x010601
[    0.103704] pci 0000:00:1f.2: reg 0x10: [io  0x5138-0x513f]
[    0.103711] pci 0000:00:1f.2: reg 0x14: [io  0x514c-0x514f]
[    0.103718] pci 0000:00:1f.2: reg 0x18: [io  0x5130-0x5137]
[    0.103725] pci 0000:00:1f.2: reg 0x1c: [io  0x5148-0x514b]
[    0.103732] pci 0000:00:1f.2: reg 0x20: [io  0x5020-0x503f]
[    0.103739] pci 0000:00:1f.2: reg 0x24: [mem 0xa5528000-0xa55287ff]
[    0.103779] pci 0000:00:1f.2: PME# supported from D3hot
[    0.103862] pci 0000:00:1f.3: [8086:3a30] type 00 class 0x0c0500
[    0.103880] pci 0000:00:1f.3: reg 0x10: [mem 0xa5524000-0xa55240ff 64bit]
[    0.103899] pci 0000:00:1f.3: reg 0x20: [io  0x5000-0x501f]
[    0.104054] pci 0000:01:00.0: [111d:8061] type 01 class 0x060400
[    0.104099] pci 0000:01:00.0: enabling Extended Tags
[    0.104149] pci 0000:01:00.0: PME# supported from D0 D3hot D3cold
[    0.104218] pci 0000:00:01.0: PCI bridge to [bus 01-04]
[    0.104299] pci 0000:02:02.0: [111d:8061] type 01 class 0x060400
[    0.104338] pci 0000:02:02.0: enabling Extended Tags
[    0.104394] pci 0000:02:02.0: PME# supported from D0 D3hot D3cold
[    0.104463] pci 0000:02:04.0: [111d:8061] type 01 class 0x060400
[    0.104502] pci 0000:02:04.0: enabling Extended Tags
[    0.104558] pci 0000:02:04.0: PME# supported from D0 D3hot D3cold
[    0.104635] pci 0000:01:00.0: PCI bridge to [bus 02-04]
[    0.104706] pci 0000:02:02.0: PCI bridge to [bus 03]
[    0.104776] pci 0000:02:04.0: PCI bridge to [bus 04]
[    0.104867] pci 0000:05:00.0: [10de:1381] type 00 class 0x030000
[    0.104887] pci 0000:05:00.0: reg 0x10: [mem 0xa4000000-0xa4ffffff]
[    0.104897] pci 0000:05:00.0: reg 0x14: [mem 0x80000000-0x8fffffff 64bit pref]
[    0.104906] pci 0000:05:00.0: reg 0x1c: [mem 0x90000000-0x91ffffff 64bit pref]
[    0.104912] pci 0000:05:00.0: reg 0x24: [io  0x4000-0x407f]
[    0.104918] pci 0000:05:00.0: reg 0x30: [mem 0xa5000000-0xa507ffff pref]
[    0.105033] pci 0000:05:00.1: [10de:0fbc] type 00 class 0x040300
[    0.105048] pci 0000:05:00.1: reg 0x10: [mem 0xa5080000-0xa5083fff]
[    0.105166] pci 0000:00:03.0: PCI bridge to [bus 05]
[    0.105172] pci 0000:00:03.0:   bridge window [io  0x4000-0x4fff]
[    0.105174] pci 0000:00:03.0:   bridge window [mem 0xa4000000-0xa50fffff]
[    0.105178] pci 0000:00:03.0:   bridge window [mem 0x80000000-0x91ffffff 64bit pref]
[    0.105242] pci 0000:06:00.0: [10de:0640] type 00 class 0x030000
[    0.105262] pci 0000:06:00.0: reg 0x10: [mem 0xa2000000-0xa2ffffff]
[    0.105273] pci 0000:06:00.0: reg 0x14: [mem 0x98000000-0x9fffffff 64bit pref]
[    0.105284] pci 0000:06:00.0: reg 0x1c: [mem 0xa0000000-0xa1ffffff 64bit]
[    0.105291] pci 0000:06:00.0: reg 0x24: [io  0x3000-0x307f]
[    0.105299] pci 0000:06:00.0: reg 0x30: [mem 0xa3000000-0xa307ffff pref]
[    0.105305] pci 0000:06:00.0: enabling Extended Tags
[    0.105319] pci 0000:06:00.0: BAR 1: assigned to efifb
[    0.105414] pci 0000:00:07.0: PCI bridge to [bus 06]
[    0.105419] pci 0000:00:07.0:   bridge window [io  0x3000-0x3fff]
[    0.105421] pci 0000:00:07.0:   bridge window [mem 0xa0000000-0xa30fffff]
[    0.105425] pci 0000:00:07.0:   bridge window [mem 0x98000000-0x9fffffff 64bit pref]
[    0.105464] pci 0000:00:1c.0: PCI bridge to [bus 07]
[    0.105509] pci 0000:00:1c.1: PCI bridge to [bus 08]
[    0.105590] pci 0000:09:00.0: [8086:10f6] type 00 class 0x020000
[    0.105631] pci 0000:09:00.0: reg 0x10: [mem 0xa5400000-0xa541ffff]
[    0.105647] pci 0000:09:00.0: reg 0x14: [mem 0xa5420000-0xa542ffff]
[    0.105664] pci 0000:09:00.0: reg 0x18: [io  0x2000-0x201f]
[    0.105680] pci 0000:09:00.0: reg 0x1c: [mem 0xa5430000-0xa5433fff]
[    0.105728] pci 0000:09:00.0: reg 0x30: [mem 0xfffc0000-0xffffffff pref]
[    0.105833] pci 0000:09:00.0: PME# supported from D0 D3hot
[    0.116023] pci 0000:00:1c.2: PCI bridge to [bus 09]
[    0.116029] pci 0000:00:1c.2:   bridge window [io  0x2000-0x2fff]
[    0.116032] pci 0000:00:1c.2:   bridge window [mem 0xa5400000-0xa54fffff]
[    0.116113] pci 0000:0a:00.0: [8086:10f6] type 00 class 0x020000
[    0.116154] pci 0000:0a:00.0: reg 0x10: [mem 0xa5300000-0xa531ffff]
[    0.116171] pci 0000:0a:00.0: reg 0x14: [mem 0xa5320000-0xa532ffff]
[    0.116187] pci 0000:0a:00.0: reg 0x18: [io  0x1000-0x101f]
[    0.116203] pci 0000:0a:00.0: reg 0x1c: [mem 0xa5330000-0xa5333fff]
[    0.116251] pci 0000:0a:00.0: reg 0x30: [mem 0xfffc0000-0xffffffff pref]
[    0.116358] pci 0000:0a:00.0: PME# supported from D0 D3hot
[    0.128022] pci 0000:00:1c.3: PCI bridge to [bus 0a]
[    0.128029] pci 0000:00:1c.3:   bridge window [io  0x1000-0x1fff]
[    0.128031] pci 0000:00:1c.3:   bridge window [mem 0xa5300000-0xa53fffff]
[    0.128112] pci 0000:0b:00.0: [104c:823e] type 01 class 0x060400
[    0.128246] pci 0000:0b:00.0: supports D1 D2
[    0.140017] pci 0000:00:1c.4: PCI bridge to [bus 0b-0c]
[    0.140025] pci 0000:00:1c.4:   bridge window [mem 0xa5200000-0xa52fffff]
[    0.140114] pci 0000:0c:00.0: [104c:823f] type 00 class 0x0c0010
[    0.140145] pci 0000:0c:00.0: reg 0x10: [mem 0xa5204000-0xa52047ff]
[    0.140159] pci 0000:0c:00.0: reg 0x14: [mem 0xa5200000-0xa5203fff]
[    0.140269] pci 0000:0c:00.0: supports D1 D2
[    0.140271] pci 0000:0c:00.0: PME# supported from D0 D1 D2 D3hot
[    0.140425] pci 0000:0b:00.0: PCI bridge to [bus 0c]
[    0.140439] pci 0000:0b:00.0:   bridge window [mem 0xa5200000-0xa52fffff]
[    0.140534] pci 0000:0d:00.0: [14e4:432b] type 00 class 0x028000
[    0.140568] pci 0000:0d:00.0: reg 0x10: [mem 0xa5100000-0xa5103fff 64bit]
[    0.140614] pci 0000:0d:00.0: enabling Extended Tags
[    0.140698] pci 0000:0d:00.0: supports D1 D2
[    0.140699] pci 0000:0d:00.0: PME# supported from D0 D3hot D3cold
[    0.152025] pci 0000:00:1c.5: PCI bridge to [bus 0d]
[    0.152033] pci 0000:00:1c.5:   bridge window [mem 0xa5100000-0xa51fffff]
[    0.152104] pci 0000:00:1e.0: PCI bridge to [bus 0e] (subtractive decode)
[    0.152115] pci 0000:00:1e.0:   bridge window [io  0x0000-0x0cf7 window] (subtractive decode)
[    0.152117] pci 0000:00:1e.0:   bridge window [io  0x0d00-0xffff window] (subtractive decode)
[    0.152118] pci 0000:00:1e.0:   bridge window [mem 0x000a0000-0x000bffff window] (subtractive decode)
[    0.152120] pci 0000:00:1e.0:   bridge window [mem 0x000c4000-0x000cbfff window] (subtractive decode)
[    0.152121] pci 0000:00:1e.0:   bridge window [mem 0x80000000-0xdfffffff window] (subtractive decode)
[    0.152353] ACPI: PCI Interrupt Link [LNKA] (IRQs 3 4 5 6 7 9 10 11 12 14 15) *0, disabled.
[    0.152440] ACPI: PCI Interrupt Link [LNKB] (IRQs 3 4 5 6 7 9 10 11 12 14 15) *0, disabled.
[    0.152525] ACPI: PCI Interrupt Link [LNKC] (IRQs 3 4 5 6 7 9 10 11 12 14 15) *0, disabled.
[    0.152609] ACPI: PCI Interrupt Link [LNKD] (IRQs 3 4 5 6 7 9 10 11 12 14 15) *0, disabled.
[    0.152694] ACPI: PCI Interrupt Link [LNKE] (IRQs 3 4 5 6 7 9 10 11 12 14 15) *0, disabled.
[    0.152778] ACPI: PCI Interrupt Link [LNKF] (IRQs 3 4 5 6 7 9 10 11 12 14 15) *0, disabled.
[    0.152863] ACPI: PCI Interrupt Link [LNKG] (IRQs 3 4 5 6 7 9 10 11 12 14 15) *0, disabled.
[    0.152948] ACPI: PCI Interrupt Link [LNKH] (IRQs 3 4 5 6 7 9 10 11 12 14 15) *0, disabled.
[    0.153332] ACPI: EC: interrupt unblocked
[    0.153342] ACPI: EC: event unblocked
[    0.153349] ACPI: \_SB_.PCI0.LPCB.EC__: GPE=0x17, EC_CMD/EC_SC=0x66, EC_DATA=0x62
[    0.153353] ACPI: \_SB_.PCI0.LPCB.EC__: Used as boot DSDT EC to handle transactions and events
[    0.153585] SCSI subsystem initialized
[    0.153603] libata version 3.00 loaded.
[    0.153603] pci 0000:05:00.0: vgaarb: VGA device added: decodes=io+mem,owns=none,locks=none
[    0.153603] pci 0000:06:00.0: vgaarb: VGA device added: decodes=io+mem,owns=none,locks=none
[    0.153603] pci 0000:05:00.0: vgaarb: bridge control possible
[    0.153603] pci 0000:06:00.0: vgaarb: bridge control possible
[    0.153603] pci 0000:06:00.0: vgaarb: setting as boot device
[    0.153603] vgaarb: loaded
[    0.153603] ACPI: bus type USB registered
[    0.153603] usbcore: registered new interface driver usbfs
[    0.153603] usbcore: registered new interface driver hub
[    0.153603] usbcore: registered new device driver usb
[    0.153603] EDAC MC: Ver: 3.0.0
[    0.153603] Registered efivars operations
[    0.202953] PCI: Using ACPI for IRQ routing
[    0.208709] PCI: Discovered peer bus ff
[    0.208712] PCI: root bus ff: using default resources
[    0.208713] PCI: Probing PCI hardware (bus ff)
[    0.208736] PCI host bridge to bus 0000:ff
[    0.208740] pci_bus 0000:ff: root bus resource [io  0x0000-0xffff]
[    0.208743] pci_bus 0000:ff: root bus resource [mem 0x00000000-0xfffffffff]
[    0.208747] pci_bus 0000:ff: No busn resource found for root bus, will use [bus ff-ff]
[    0.208755] pci 0000:ff:00.0: [8086:2c41] type 00 class 0x060000
[    0.208799] pci 0000:ff:00.1: [8086:2c01] type 00 class 0x060000
[    0.208839] pci 0000:ff:02.0: [8086:2c10] type 00 class 0x060000
[    0.208876] pci 0000:ff:02.1: [8086:2c11] type 00 class 0x060000
[    0.208914] pci 0000:ff:03.0: [8086:2c18] type 00 class 0x060000
[    0.208951] pci 0000:ff:03.1: [8086:2c19] type 00 class 0x060000
[    0.208990] pci 0000:ff:03.4: [8086:2c1c] type 00 class 0x060000
[    0.209029] pci 0000:ff:04.0: [8086:2c20] type 00 class 0x060000
[    0.209066] pci 0000:ff:04.1: [8086:2c21] type 00 class 0x060000
[    0.209105] pci 0000:ff:04.2: [8086:2c22] type 00 class 0x060000
[    0.209141] pci 0000:ff:04.3: [8086:2c23] type 00 class 0x060000
[    0.209179] pci 0000:ff:05.0: [8086:2c28] type 00 class 0x060000
[    0.209216] pci 0000:ff:05.1: [8086:2c29] type 00 class 0x060000
[    0.209254] pci 0000:ff:05.2: [8086:2c2a] type 00 class 0x060000
[    0.209291] pci 0000:ff:05.3: [8086:2c2b] type 00 class 0x060000
[    0.209329] pci 0000:ff:06.0: [8086:2c30] type 00 class 0x060000
[    0.209366] pci 0000:ff:06.1: [8086:2c31] type 00 class 0x060000
[    0.209403] pci 0000:ff:06.2: [8086:2c32] type 00 class 0x060000
[    0.209440] pci 0000:ff:06.3: [8086:2c33] type 00 class 0x060000
[    0.209487] pci_bus 0000:ff: busn_res: [bus ff] end is updated to ff
[    0.209493] PCI: pci_cache_line_size set to 64 bytes
[    0.209642] e820: reserve RAM buffer [mem 0x0008f000-0x0008ffff]
[    0.209644] e820: reserve RAM buffer [mem 0x7f49f000-0x7fffffff]
[    0.209645] e820: reserve RAM buffer [mem 0x7f4ae000-0x7fffffff]
[    0.209646] e820: reserve RAM buffer [mem 0x7f592000-0x7fffffff]
[    0.209647] e820: reserve RAM buffer [mem 0x7f683000-0x7fffffff]
[    0.209648] e820: reserve RAM buffer [mem 0x7f78e000-0x7fffffff]
[    0.209649] e820: reserve RAM buffer [mem 0x7f7ff000-0x7fffffff]
[    0.209734] NetLabel: Initializing
[    0.209737] NetLabel:  domain hash size = 128
[    0.209739] NetLabel:  protocols = UNLABELED CIPSOv4 CALIPSO
[    0.209753] NetLabel:  unlabeled traffic allowed by default
[    0.209772] HPET: 4 timers in total, 0 timers will be used for per-cpu timer
[    0.209772] hpet0: at MMIO 0xfed00000, IRQs 2, 8, 0, 0
[    0.209772] hpet0: 4 comparators, 64-bit 14.318180 MHz counter
[    0.213007] clocksource: Switched to clocksource hpet
[    0.225209] VFS: Disk quotas dquot_6.6.0
[    0.225234] VFS: Dquot-cache hash table entries: 512 (order 0, 4096 bytes)
[    0.225341] AppArmor: AppArmor Filesystem Enabled
[    0.225372] pnp: PnP ACPI init
[    0.225561] system 00:00: [mem 0xe0000000-0xefffffff] has been reserved
[    0.225565] system 00:00: [mem 0xfc000000-0xfcffffff] has been reserved
[    0.225569] system 00:00: [mem 0xfed1a000-0xfed1afff] has been reserved
[    0.225573] system 00:00: [mem 0xfed1b000-0xfed1bfff] has been reserved
[    0.225576] system 00:00: [mem 0xfed1c000-0xfed8bffe] could not be reserved
[    0.225580] system 00:00: [mem 0xfe000000-0xfe01ffff] has been reserved
[    0.225583] system 00:00: [mem 0xfe600000-0xfe6fffff] has been reserved
[    0.225586] system 00:00: [mem 0xfe800000-0xfe9fffff] has been reserved
[    0.225590] system 00:00: [mem 0xfeb00000-0xfebfffff] has been reserved
[    0.225594] system 00:00: [mem 0xfec00000-0xfecfffff] could not be reserved
[    0.225597] system 00:00: [mem 0xfee00000-0xfeefffff] has been reserved
[    0.225601] system 00:00: [mem 0xff000000-0xffffffff] could not be reserved
[    0.225608] system 00:00: Plug and Play ACPI device, IDs PNP0c02 (active)
[    0.225866] pnp 00:01: disabling [io  0x1640-0x164f] because it overlaps 0000:00:1c.3 BAR 13 [io  0x1000-0x1fff]
[    0.225915] system 00:01: [io  0x0680-0x069f] has been reserved
[    0.225919] system 00:01: [io  0x0800-0x080f] has been reserved
[    0.225923] system 00:01: [io  0x0810-0x0817] has been reserved
[    0.225926] system 00:01: [io  0x0400-0x047f] has been reserved
[    0.225929] system 00:01: [io  0x0500-0x053f] has been reserved
[    0.225936] system 00:01: Plug and Play ACPI device, IDs PNP0c02 (active)
[    0.225960] pnp 00:02: Plug and Play ACPI device, IDs PNP0b00 (active)
[    0.225988] pnp: PnP ACPI: found 3 devices
[    0.232196] clocksource: acpi_pm: mask: 0xffffff max_cycles: 0xffffff, max_idle_ns: 2085701024 ns
[    0.232207] pci 0000:09:00.0: can't claim BAR 6 [mem 0xfffc0000-0xffffffff pref]: no compatible bridge window
[    0.232212] pci 0000:0a:00.0: can't claim BAR 6 [mem 0xfffc0000-0xffffffff pref]: no compatible bridge window
[    0.232315] pci 0000:02:02.0: PCI bridge to [bus 03]
[    0.232329] pci 0000:02:04.0: PCI bridge to [bus 04]
[    0.232342] pci 0000:01:00.0: PCI bridge to [bus 02-04]
[    0.232356] pci 0000:00:01.0: PCI bridge to [bus 01-04]
[    0.232366] pci 0000:00:03.0: PCI bridge to [bus 05]
[    0.232369] pci 0000:00:03.0:   bridge window [io  0x4000-0x4fff]
[    0.232375] pci 0000:00:03.0:   bridge window [mem 0xa4000000-0xa50fffff]
[    0.232379] pci 0000:00:03.0:   bridge window [mem 0x80000000-0x91ffffff 64bit pref]
[    0.232386] pci 0000:00:07.0: PCI bridge to [bus 06]
[    0.232390] pci 0000:00:07.0:   bridge window [io  0x3000-0x3fff]
[    0.232395] pci 0000:00:07.0:   bridge window [mem 0xa0000000-0xa30fffff]
[    0.232399] pci 0000:00:07.0:   bridge window [mem 0x98000000-0x9fffffff 64bit pref]
[    0.232408] pci 0000:00:1c.0: PCI bridge to [bus 07]
[    0.232418] pci 0000:00:1c.1: PCI bridge to [bus 08]
[    0.232431] pci 0000:09:00.0: BAR 6: assigned [mem 0xa5440000-0xa547ffff pref]
[    0.232436] pci 0000:00:1c.2: PCI bridge to [bus 09]
[    0.232439] pci 0000:00:1c.2:   bridge window [io  0x2000-0x2fff]
[    0.232445] pci 0000:00:1c.2:   bridge window [mem 0xa5400000-0xa54fffff]
[    0.232454] pci 0000:0a:00.0: BAR 6: assigned [mem 0xa5340000-0xa537ffff pref]
[    0.232457] pci 0000:00:1c.3: PCI bridge to [bus 0a]
[    0.232461] pci 0000:00:1c.3:   bridge window [io  0x1000-0x1fff]
[    0.232467] pci 0000:00:1c.3:   bridge window [mem 0xa5300000-0xa53fffff]
[    0.232475] pci 0000:0b:00.0: PCI bridge to [bus 0c]
[    0.232483] pci 0000:0b:00.0:   bridge window [mem 0xa5200000-0xa52fffff]
[    0.232496] pci 0000:00:1c.4: PCI bridge to [bus 0b-0c]
[    0.232501] pci 0000:00:1c.4:   bridge window [mem 0xa5200000-0xa52fffff]
[    0.232510] pci 0000:00:1c.5: PCI bridge to [bus 0d]
[    0.232515] pci 0000:00:1c.5:   bridge window [mem 0xa5100000-0xa51fffff]
[    0.232524] pci 0000:00:1e.0: PCI bridge to [bus 0e]
[    0.232535] pci_bus 0000:00: resource 4 [io  0x0000-0x0cf7 window]
[    0.232537] pci_bus 0000:00: resource 5 [io  0x0d00-0xffff window]
[    0.232538] pci_bus 0000:00: resource 6 [mem 0x000a0000-0x000bffff window]
[    0.232539] pci_bus 0000:00: resource 7 [mem 0x000c4000-0x000cbfff window]
[    0.232541] pci_bus 0000:00: resource 8 [mem 0x80000000-0xdfffffff window]
[    0.232542] pci_bus 0000:05: resource 0 [io  0x4000-0x4fff]
[    0.232544] pci_bus 0000:05: resource 1 [mem 0xa4000000-0xa50fffff]
[    0.232545] pci_bus 0000:05: resource 2 [mem 0x80000000-0x91ffffff 64bit pref]
[    0.232547] pci_bus 0000:06: resource 0 [io  0x3000-0x3fff]
[    0.232548] pci_bus 0000:06: resource 1 [mem 0xa0000000-0xa30fffff]
[    0.232549] pci_bus 0000:06: resource 2 [mem 0x98000000-0x9fffffff 64bit pref]
[    0.232551] pci_bus 0000:09: resource 0 [io  0x2000-0x2fff]
[    0.232552] pci_bus 0000:09: resource 1 [mem 0xa5400000-0xa54fffff]
[    0.232554] pci_bus 0000:0a: resource 0 [io  0x1000-0x1fff]
[    0.232555] pci_bus 0000:0a: resource 1 [mem 0xa5300000-0xa53fffff]
[    0.232557] pci_bus 0000:0b: resource 1 [mem 0xa5200000-0xa52fffff]
[    0.232558] pci_bus 0000:0c: resource 1 [mem 0xa5200000-0xa52fffff]
[    0.232560] pci_bus 0000:0d: resource 1 [mem 0xa5100000-0xa51fffff]
[    0.232561] pci_bus 0000:0e: resource 4 [io  0x0000-0x0cf7 window]
[    0.232562] pci_bus 0000:0e: resource 5 [io  0x0d00-0xffff window]
[    0.232564] pci_bus 0000:0e: resource 6 [mem 0x000a0000-0x000bffff window]
[    0.232565] pci_bus 0000:0e: resource 7 [mem 0x000c4000-0x000cbfff window]
[    0.232566] pci_bus 0000:0e: resource 8 [mem 0x80000000-0xdfffffff window]
[    0.232622] pci_bus 0000:ff: resource 4 [io  0x0000-0xffff]
[    0.232624] pci_bus 0000:ff: resource 5 [mem 0x00000000-0xfffffffff]
[    0.232656] NET: Registered protocol family 2
[    0.232882] TCP established hash table entries: 131072 (order: 8, 1048576 bytes)
[    0.233128] TCP bind hash table entries: 65536 (order: 8, 1048576 bytes)
[    0.233278] TCP: Hash tables configured (established 131072 bind 65536)
[    0.233340] UDP hash table entries: 8192 (order: 6, 262144 bytes)
[    0.233392] UDP-Lite hash table entries: 8192 (order: 6, 262144 bytes)
[    0.233484] NET: Registered protocol family 1
[    0.237061] PCI: CLS mismatch (256 != 64), using 64 bytes
[    0.237121] Unpacking initramfs...
[    1.059494] Freeing initrd memory: 55236K
[    1.059562] DMAR: Host address width 40
[    1.059565] DMAR: DRHD base: 0x000000fe710000 flags: 0x1
[    1.059584] DMAR: dmar0: reg_base_addr fe710000 ver 1:0 cap c90780106f0462 ecap f0207e
[    1.059588] DMAR: ATSR flags: 0x0
[    1.059629] PCI-DMA: Using software bounce buffering for IO (SWIOTLB)
[    1.059633] software IO TLB [mem 0x78a59000-0x7ca59000] (64MB) mapped at [        (ptrval)-        (ptrval)]
[    1.059886] Scanning for low memory corruption every 60 seconds
[    1.060686] Initialise system trusted keyrings
[    1.060698] Key type blacklist registered
[    1.060732] workingset: timestamp_bits=36 max_order=22 bucket_order=0
[    1.061884] zbud: loaded
[    1.062396] squashfs: version 4.0 (2009/01/31) Phillip Lougher
[    1.062529] fuse init (API version 7.26)
[    1.063786] Key type asymmetric registered
[    1.063790] Asymmetric key parser 'x509' registered
[    1.063822] Block layer SCSI generic (bsg) driver version 0.4 loaded (major 246)
[    1.063864] io scheduler noop registered
[    1.063867] io scheduler deadline registered
[    1.063896] io scheduler cfq registered (default)
[    1.067113] pcieport 0000:00:01.0: AER enabled with IRQ 24
[    1.067142] pcieport 0000:00:03.0: AER enabled with IRQ 25
[    1.067168] pcieport 0000:00:07.0: AER enabled with IRQ 26
[    1.067250] efifb: probing for efifb
[    1.067266] efifb: framebuffer at 0x98030000, using 3072k, total 3072k
[    1.067269] efifb: mode is 1024x768x32, linelength=4096, pages=1
[    1.067271] efifb: scrolling: redraw
[    1.067274] efifb: Truecolor: size=8:8:8:8, shift=24:0:8:16
[    1.069324] Console: switching to colour frame buffer device 128x48
[    1.071286] fb0: EFI VGA frame buffer device
[    1.071315] intel_idle: MWAIT substates: 0x1120
[    1.071316] intel_idle: v0.4.1 model 0x1A
[    1.071575] intel_idle: lapic_timer_reliable_states 0x2
[    1.071645] input: Power Button as /devices/LNXSYSTM:00/LNXSYBUS:00/PNP0C0C:00/input/input0
[    1.071692] ACPI: Power Button [PWRB]
[    1.071749] input: Power Button as /devices/LNXSYSTM:00/LNXPWRBN:00/input/input1
[    1.071806] ACPI: Power Button [PWRF]
[    1.072322] Serial: 8250/16550 driver, 32 ports, IRQ sharing enabled
[    1.074317] Linux agpgart interface v0.103
[    1.077096] loop: module loaded
[    1.077299] libphy: Fixed MDIO Bus: probed
[    1.077321] tun: Universal TUN/TAP device driver, 1.6
[    1.077417] PPP generic driver version 2.4.2
[    1.077520] ehci_hcd: USB 2.0 'Enhanced' Host Controller (EHCI) Driver
[    1.077551] ehci-pci: EHCI PCI platform driver
[    1.077827] ehci-pci 0000:00:1a.7: EHCI Host Controller
[    1.077857] ehci-pci 0000:00:1a.7: new USB bus registered, assigned bus number 1
[    1.077900] ehci-pci 0000:00:1a.7: debug port 1
[    1.081818] ehci-pci 0000:00:1a.7: cache line size of 64 is not supported
[    1.081829] ehci-pci 0000:00:1a.7: irq 18, io mem 0xa5526000
[    1.096215] ehci-pci 0000:00:1a.7: USB 2.0 started, EHCI 1.00
[    1.096282] usb usb1: New USB device found, idVendor=1d6b, idProduct=0002
[    1.096313] usb usb1: New USB device strings: Mfr=3, Product=2, SerialNumber=1
[    1.096345] usb usb1: Product: EHCI Host Controller
[    1.096368] usb usb1: Manufacturer: Linux 4.15.0-47-generic ehci_hcd
[    1.096397] usb usb1: SerialNumber: 0000:00:1a.7
[    1.097786] hub 1-0:1.0: USB hub found
[    1.098914] hub 1-0:1.0: 6 ports detected
[    1.100529] ehci-pci 0000:00:1d.7: EHCI Host Controller
[    1.101641] ehci-pci 0000:00:1d.7: new USB bus registered, assigned bus number 2
[    1.102770] ehci-pci 0000:00:1d.7: debug port 1
[    1.107787] ehci-pci 0000:00:1d.7: cache line size of 64 is not supported
[    1.107799] ehci-pci 0000:00:1d.7: irq 16, io mem 0xa5525000
[    1.124091] ehci-pci 0000:00:1d.7: USB 2.0 started, EHCI 1.00
[    1.125230] usb usb2: New USB device found, idVendor=1d6b, idProduct=0002
[    1.126343] usb usb2: New USB device strings: Mfr=3, Product=2, SerialNumber=1
[    1.127463] usb usb2: Product: EHCI Host Controller
[    1.128578] usb usb2: Manufacturer: Linux 4.15.0-47-generic ehci_hcd
[    1.129685] usb usb2: SerialNumber: 0000:00:1d.7
[    1.131013] hub 2-0:1.0: USB hub found
[    1.132156] hub 2-0:1.0: 6 ports detected
[    1.133381] ehci-platform: EHCI generic platform driver
[    1.134484] ohci_hcd: USB 1.1 'Open' Host Controller (OHCI) Driver
[    1.135590] ohci-pci: OHCI PCI platform driver
[    1.136785] ohci-platform: OHCI generic platform driver
[    1.137921] uhci_hcd: USB Universal Host Controller Interface driver
[    1.139288] uhci_hcd 0000:00:1a.0: UHCI Host Controller
[    1.140490] uhci_hcd 0000:00:1a.0: new USB bus registered, assigned bus number 3
[    1.141634] uhci_hcd 0000:00:1a.0: detected 2 ports
[    1.142787] uhci_hcd 0000:00:1a.0: irq 16, io base 0x000050e0
[    1.143967] usb usb3: New USB device found, idVendor=1d6b, idProduct=0001
[    1.145183] usb usb3: New USB device strings: Mfr=3, Product=2, SerialNumber=1
[    1.146322] usb usb3: Product: UHCI Host Controller
[    1.147448] usb usb3: Manufacturer: Linux 4.15.0-47-generic uhci_hcd
[    1.148635] usb usb3: SerialNumber: 0000:00:1a.0
[    1.149986] hub 3-0:1.0: USB hub found
[    1.151112] hub 3-0:1.0: 2 ports detected
[    1.152599] uhci_hcd 0000:00:1a.1: UHCI Host Controller
[    1.153699] uhci_hcd 0000:00:1a.1: new USB bus registered, assigned bus number 4
[    1.154812] uhci_hcd 0000:00:1a.1: detected 2 ports
[    1.155943] uhci_hcd 0000:00:1a.1: irq 21, io base 0x000050c0
[    1.157156] usb usb4: New USB device found, idVendor=1d6b, idProduct=0001
[    1.158273] usb usb4: New USB device strings: Mfr=3, Product=2, SerialNumber=1
[    1.159383] usb usb4: Product: UHCI Host Controller
[    1.160546] usb usb4: Manufacturer: Linux 4.15.0-47-generic uhci_hcd
[    1.161649] usb usb4: SerialNumber: 0000:00:1a.1
[    1.162983] hub 4-0:1.0: USB hub found
[    1.164153] hub 4-0:1.0: 2 ports detected
[    1.165555] uhci_hcd 0000:00:1a.2: UHCI Host Controller
[    1.166663] uhci_hcd 0000:00:1a.2: new USB bus registered, assigned bus number 5
[    1.167782] uhci_hcd 0000:00:1a.2: detected 2 ports
[    1.168990] uhci_hcd 0000:00:1a.2: irq 19, io base 0x000050a0
[    1.170140] usb usb5: New USB device found, idVendor=1d6b, idProduct=0001
[    1.171253] usb usb5: New USB device strings: Mfr=3, Product=2, SerialNumber=1
[    1.172422] usb usb5: Product: UHCI Host Controller
[    1.173519] usb usb5: Manufacturer: Linux 4.15.0-47-generic uhci_hcd
[    1.174634] usb usb5: SerialNumber: 0000:00:1a.2
[    1.175976] hub 5-0:1.0: USB hub found
[    1.177143] hub 5-0:1.0: 2 ports detected
[    1.178551] uhci_hcd 0000:00:1d.0: UHCI Host Controller
[    1.179654] uhci_hcd 0000:00:1d.0: new USB bus registered, assigned bus number 6
[    1.180844] uhci_hcd 0000:00:1d.0: detected 2 ports
[    1.181971] uhci_hcd 0000:00:1d.0: irq 23, io base 0x00005080
[    1.183114] usb usb6: New USB device found, idVendor=1d6b, idProduct=0001
[    1.184289] usb usb6: New USB device strings: Mfr=3, Product=2, SerialNumber=1
[    1.185395] usb usb6: Product: UHCI Host Controller
[    1.186489] usb usb6: Manufacturer: Linux 4.15.0-47-generic uhci_hcd
[    1.187594] usb usb6: SerialNumber: 0000:00:1d.0
[    1.188962] hub 6-0:1.0: USB hub found
[    1.190082] hub 6-0:1.0: 2 ports detected
[    1.191488] uhci_hcd 0000:00:1d.1: UHCI Host Controller
[    1.192652] uhci_hcd 0000:00:1d.1: new USB bus registered, assigned bus number 7
[    1.193760] uhci_hcd 0000:00:1d.1: detected 2 ports
[    1.194870] uhci_hcd 0000:00:1d.1: irq 19, io base 0x00005060
[    1.195994] usb usb7: New USB device found, idVendor=1d6b, idProduct=0001
[    1.197147] usb usb7: New USB device strings: Mfr=3, Product=2, SerialNumber=1
[    1.198225] usb usb7: Product: UHCI Host Controller
[    1.199306] usb usb7: Manufacturer: Linux 4.15.0-47-generic uhci_hcd
[    1.200458] usb usb7: SerialNumber: 0000:00:1d.1
[    1.201777] hub 7-0:1.0: USB hub found
[    1.202869] hub 7-0:1.0: 2 ports detected
[    1.204322] uhci_hcd 0000:00:1d.2: UHCI Host Controller
[    1.205401] uhci_hcd 0000:00:1d.2: new USB bus registered, assigned bus number 8
[    1.206491] uhci_hcd 0000:00:1d.2: detected 2 ports
[    1.207601] uhci_hcd 0000:00:1d.2: irq 18, io base 0x00005040
[    1.208795] usb usb8: New USB device found, idVendor=1d6b, idProduct=0001
[    1.209884] usb usb8: New USB device strings: Mfr=3, Product=2, SerialNumber=1
[    1.210964] usb usb8: Product: UHCI Host Controller
[    1.212111] usb usb8: Manufacturer: Linux 4.15.0-47-generic uhci_hcd
[    1.213193] usb usb8: SerialNumber: 0000:00:1d.2
[    1.214440] hub 8-0:1.0: USB hub found
[    1.215530] hub 8-0:1.0: 2 ports detected
[    1.216800] i8042: PNP: No PS/2 controller found.
[    1.218024] mousedev: PS/2 mouse device common for all mice
[    1.219456] rtc_cmos 00:02: RTC can wake from S4
[    1.220872] rtc_cmos 00:02: rtc core: registered rtc_cmos as rtc0
[    1.222020] rtc_cmos 00:02: alarms up to one month, y3k, 242 bytes nvram, hpet irqs
[    1.223112] i2c /dev entries driver
[    1.224275] pcie_mp2_amd: AMD(R) PCI-E MP2 Communication Driver Version: 1.0
[    1.225451] device-mapper: uevent: version 1.0.3
[    1.226855] device-mapper: ioctl: 4.37.0-ioctl (2017-09-20) initialised: dm-devel@redhat.com
[    1.228722] ledtrig-cpu: registered to indicate activity on CPUs
[    1.229873] EFI Variables Facility v0.08 2004-May-17
[    1.282086] NET: Registered protocol family 10
[    1.288144] Segment Routing with IPv6
[    1.289290] NET: Registered protocol family 17
[    1.290605] Key type dns_resolver registered
[    1.292886] RAS: Correctable Errors collector initialized.
[    1.294069] microcode: sig=0x106a5, pf=0x2, revision=0x1d
[    1.295741] microcode: Microcode Update Driver: v2.2.
[    1.295754] sched_clock: Marking stable (1295731667, 0)->(1379851661, -84119994)
[    1.299856] registered taskstats version 1
[    1.301025] Loading compiled-in X.509 certificates
[    1.304641] Loaded X.509 cert 'Build time autogenerated kernel key: 7211859d1298c08a101905a3cb814e8c7b4bf4a4'
[    1.310817] Couldn't get size: 0x800000000000000e
[    1.311995] MODSIGN: Couldn't get UEFI db list
[    1.315826] Couldn't get size: 0x800000000000000e
[    1.317211] MODSIGN: Couldn't get UEFI MokListRT
[    1.321087] Couldn't get size: 0x800000000000000e
[    1.322260] MODSIGN: Couldn't get UEFI dbx list
[    1.323448] zswap: loaded using pool lzo/zbud
[    1.327956] Key type big_key registered
[    1.329133] Key type trusted registered
[    1.331797] Key type encrypted registered
[    1.332955] AppArmor: AppArmor sha1 policy hashing enabled
[    1.334105] ima: No TPM chip found, activating TPM-bypass! (rc=-19)
[    1.335252] ima: Allocated hash algorithm: sha1
[    1.336520] evm: HMAC attrs: 0x1
[    1.338573]   Magic number: 15:870:292
[    1.339748] tty tty25: hash matches
[    1.341463] rtc_cmos 00:02: setting system clock to 2019-04-02 19:16:36 UTC (1554232596)
[    1.343516] BIOS EDD facility v0.16 2004-Jun-25, 0 devices found
[    1.344839] EDD information not available.
[    1.349389] Freeing unused kernel memory: 2408K
[    1.368176] Write protecting the kernel read-only data: 20480k
[    1.371397] Freeing unused kernel memory: 2008K
[    1.377422] Freeing unused kernel memory: 1892K
[    1.388105] x86/mm: Checked W+X mappings: passed, no W+X pages found.
[    1.470625] pps_core: LinuxPPS API ver. 1 registered
[    1.471819] pps_core: Software ver. 5.3.6 - Copyright 2005-2007 Rodolfo Giometti <giometti@linux.it>
[    1.474953] PTP clock support registered
[    1.480498] ahci 0000:00:1f.2: version 3.0
[    1.480988] ahci 0000:00:1f.2: AHCI 0001.0200 32 slots 6 ports 3 Gbps 0x3f impl SATA mode
[    1.482830] ahci 0000:00:1f.2: flags: 64bit ncq sntf pm led clo pio slum part ccc ems 
[    1.485729] e1000e: Intel(R) PRO/1000 Network Driver - 3.2.6-k
[    1.487528] e1000e: Copyright(c) 1999 - 2015 Intel Corporation.
[    1.489570] e1000e 0000:09:00.0: Interrupt Throttling Rate (ints/sec) set to dynamic conservative mode
[    1.496042] b43-pci-bridge 0000:0d:00.0: enabling device (0000 -> 0002)
[    1.524191] ssb: Found chip with id 0x4322, rev 0x01 and package 0x0A
[    1.525446] ssb: Core 0 found: ChipCommon (cc 0x800, rev 0x17, vendor 0x4243)
[    1.525452] ssb: Core 1 found: IEEE 802.11 (cc 0x812, rev 0x10, vendor 0x4243)
[    1.525458] ssb: Core 2 found: PCI-E (cc 0x820, rev 0x0B, vendor 0x4243)
[    1.525464] ssb: Core 3 found: PCI (cc 0x804, rev 0x0E, vendor 0x4243)
[    1.525470] ssb: Core 4 found: USB 2.0 Device (cc 0x81A, rev 0x05, vendor 0x4243)
[    1.525475] ssb: Core 5 found: UNKNOWN (cc 0x8FF, rev 0x00, vendor 0x4243)
[    1.525481] ssb: Core 6 found: Internal Memory (cc 0x80E, rev 0x03, vendor 0x4243)
[    1.540685] e1000e 0000:09:00.0 0000:09:00.0 (uninitialized): registered PHC clock
[    1.544959] scsi host0: ahci
[    1.546564] scsi host1: ahci
[    1.547922] scsi host2: ahci
[    1.549580] scsi host3: ahci
[    1.551243] scsi host4: ahci
[    1.552283] firewire_ohci 0000:0c:00.0: added OHCI v1.10 device as card 0, 8 IR + 8 IT contexts, quirks 0x2
[    1.555743] scsi host5: ahci
[    1.557318] ata1: SATA max UDMA/133 abar m2048@0xa5528000 port 0xa5528100 irq 29
[    1.559304] ata2: SATA max UDMA/133 abar m2048@0xa5528000 port 0xa5528180 irq 29
[    1.560826] ata3: SATA max UDMA/133 abar m2048@0xa5528000 port 0xa5528200 irq 29
[    1.562087] ata4: SATA max UDMA/133 abar m2048@0xa5528000 port 0xa5528280 irq 29
[    1.563319] ata5: SATA max UDMA/133 abar m2048@0xa5528000 port 0xa5528300 irq 29
[    1.564569] ata6: SATA max UDMA/133 abar m2048@0xa5528000 port 0xa5528380 irq 29
[    1.589308] nouveau 0000:05:00.0: enabling device (0000 -> 0003)
[    1.590694] checking generic (98030000 300000) vs hw (80000000 10000000)
[    1.590695] checking generic (98030000 300000) vs hw (90000000 2000000)
[    1.590758] nouveau 0000:05:00.0: NVIDIA GM107 (117010a2)
[    1.595061] e1000e 0000:09:00.0 eth0: (PCI Express:2.5GT/s:Width x1) 00:25:00:ee:23:42
[    1.596309] e1000e 0000:09:00.0 eth0: Intel(R) PRO/1000 Network Connection
[    1.597560] e1000e 0000:09:00.0 eth0: MAC: 3, PHY: 8, PBA No: 140FFF-0FF
[    1.598985] e1000e 0000:0a:00.0: Interrupt Throttling Rate (ints/sec) set to dynamic conservative mode
[    1.640344] ssb: Sonics Silicon Backplane found on PCI device 0000:0d:00.0
[    1.648231] usb 5-1: new full-speed USB device number 2 using uhci_hcd
[    1.648780] e1000e 0000:0a:00.0 0000:0a:00.0 (uninitialized): registered PHC clock
[    1.702168] e1000e 0000:0a:00.0 eth1: (PCI Express:2.5GT/s:Width x1) 00:25:00:ed:d3:2f
[    1.703487] e1000e 0000:0a:00.0 eth1: Intel(R) PRO/1000 Network Connection
[    1.704941] e1000e 0000:0a:00.0 eth1: MAC: 3, PHY: 8, PBA No: 140FFF-0FF
[    1.707555] e1000e 0000:09:00.0 enp9s0: renamed from eth0
[    1.748237] random: fast init done
[    1.845315] usb 5-1: New USB device found, idVendor=0a5c, idProduct=4500
[    1.846623] usb 5-1: New USB device strings: Mfr=1, Product=2, SerialNumber=0
[    1.847917] usb 5-1: Product: BRCM2046 Hub
[    1.848844] nouveau 0000:05:00.0: bios: version 82.07.32.00.eb
[    1.849067] random: systemd-udevd: uninitialized urandom read (16 bytes read)
[    1.849092] random: systemd-udevd: uninitialized urandom read (16 bytes read)
[    1.849096] random: systemd-udevd: uninitialized urandom read (16 bytes read)
[    1.854358] usb 5-1: Manufacturer: Apple Inc.
[    1.858365] hub 5-1:1.0: USB hub found
[    1.860331] hub 5-1:1.0: 3 ports detected
[    1.876520] ata3: SATA link up 3.0 Gbps (SStatus 123 SControl 300)
[    1.878316] ata2: SATA link up 3.0 Gbps (SStatus 123 SControl 300)
[    1.880066] ata5: SATA link down (SStatus 0 SControl 300)
[    1.881266] ata1: SATA link up 1.5 Gbps (SStatus 113 SControl 300)
[    1.882970] ata4: SATA link down (SStatus 0 SControl 300)
[    1.884370] ata6: SATA link up 3.0 Gbps (SStatus 123 SControl 300)
[    1.886013] ata3.00: NCQ Send/Recv Log not supported
[    1.887274] ata3.00: ATA-9: Samsung SSD 840 EVO 750GB, EXT0AB0Q, max UDMA/133
[    1.888456] ata3.00: 1465149168 sectors, multi 16: LBA48 NCQ (depth 31/32), AA
[    1.889642] ata1.00: ATAPI: HL-DT-ST DVD-RW GH41N, PQ05, max UDMA/100
[    1.890866] ata6.00: ATA-9: WDC WD20EZRX-00D8PB0, 80.00A80, max UDMA/133
[    1.892015] ata6.00: 3907029168 sectors, multi 0: LBA48 NCQ (depth 31/32), AA
[    1.893616] ata2.00: ATA-8: OCZ-VERTEX2, 1.33, max UDMA/133
[    1.895283] ata2.00: 468862128 sectors, multi 1: LBA48 NCQ (depth 31/32), AA
[    1.897354] ata3.00: NCQ Send/Recv Log not supported
[    1.898576] ata3.00: configured for UDMA/133
[    1.899852] ata6.00: configured for UDMA/133
[    1.901125] ata1.00: configured for UDMA/100
[    1.909018] ata2.00: configured for UDMA/133
[    1.912165] scsi 0:0:0:0: CD-ROM            HL-DT-ST DVD-RW GH41N     PQ05 PQ: 0 ANSI: 5
[    1.954810] nouveau 0000:05:00.0: fb: 2048 MiB GDDR5
[    1.956106] nouveau 0000:05:00.0: bus: MMIO read of 00000000 FAULT at 3e6684 [ IBUS ]
[    1.971604] nouveau 0000:05:00.0: bus: MMIO read of 00000000 FAULT at 10ac08 [ IBUS ]
[    1.972324] e1000e 0000:0a:00.0 enp10s0: renamed from eth1
[    2.075899] sr 0:0:0:0: [sr0] scsi3-mmc drive: 32x/32x writer cd/rw xa/form2 cdda tray
[    2.076242] tsc: Refined TSC clocksource calibration: 2659.999 MHz
[    2.076284] clocksource: tsc: mask: 0xffffffffffffffff max_cycles: 0x2657a34898c, max_idle_ns: 440795323804 ns
[    2.076326] firewire_core 0000:0c:00.0: created device fw0: GUID 0023dffffedd50b0, S800
[    2.076333] firewire_core 0000:0c:00.0: phy config: new root=ffc1, gap_count=5
[    2.082228] cdrom: Uniform CD-ROM driver Revision: 3.20
[    2.083752] sr 0:0:0:0: Attached scsi CD-ROM sr0
[    2.083913] sr 0:0:0:0: Attached scsi generic sg0 type 5
[    2.085766] scsi 1:0:0:0: Direct-Access     ATA      OCZ-VERTEX2      1.33 PQ: 0 ANSI: 5
[    2.087388] sd 1:0:0:0: Attached scsi generic sg1 type 0
[    2.087741] sd 1:0:0:0: [sda] 468862128 512-byte logical blocks: (240 GB/224 GiB)
[    2.087762] sd 1:0:0:0: [sda] Write Protect is off
[    2.087764] sd 1:0:0:0: [sda] Mode Sense: 00 3a 00 00
[    2.087809] sd 1:0:0:0: [sda] Write cache: enabled, read cache: enabled, doesn't support DPO or FUA
[    2.090231]  sda: sda1 sda2 sda3
[    2.090744] sd 1:0:0:0: [sda] Attached SCSI disk
[    2.095367] scsi 2:0:0:0: Direct-Access     ATA      Samsung SSD 840  AB0Q PQ: 0 ANSI: 5
[    2.097120] sd 2:0:0:0: [sdb] 1465149168 512-byte logical blocks: (750 GB/699 GiB)
[    2.097125] sd 2:0:0:0: Attached scsi generic sg2 type 0
[    2.097583] scsi 5:0:0:0: Direct-Access     ATA      WDC WD20EZRX-00D 0A80 PQ: 0 ANSI: 5
[    2.097929] sd 5:0:0:0: [sdc] 3907029168 512-byte logical blocks: (2.00 TB/1.82 TiB)
[    2.097931] sd 5:0:0:0: [sdc] 4096-byte physical blocks
[    2.097941] sd 5:0:0:0: [sdc] Write Protect is off
[    2.097943] sd 5:0:0:0: [sdc] Mode Sense: 00 3a 00 00
[    2.097948] sd 5:0:0:0: Attached scsi generic sg3 type 0
[    2.097962] sd 5:0:0:0: [sdc] Write cache: enabled, read cache: enabled, doesn't support DPO or FUA
[    2.108163] sd 2:0:0:0: [sdb] Write Protect is off
[    2.109580] sd 2:0:0:0: [sdb] Mode Sense: 00 3a 00 00
[    2.109597] sd 2:0:0:0: [sdb] Write cache: enabled, read cache: enabled, doesn't support DPO or FUA
[    2.119499]  sdb: sdb1
[    2.121332] sd 2:0:0:0: [sdb] Attached SCSI disk
[    2.156137] usb 5-1.1: new full-speed USB device number 3 using uhci_hcd
[    2.302376] usb 5-1.1: New USB device found, idVendor=05ac, idProduct=8215
[    2.303903] usb 5-1.1: New USB device strings: Mfr=1, Product=2, SerialNumber=3
[    2.305434] usb 5-1.1: Product: Bluetooth USB Host Controller
[    2.306952] usb 5-1.1: Manufacturer: Apple Inc.
[    2.308456] usb 5-1.1: SerialNumber: 002500C57C69
[    2.788147]  sdc: sdc1 sdc2
[    2.790020] sd 5:0:0:0: [sdc] Attached SCSI disk
[    3.104075] clocksource: Switched to clocksource tsc
[    3.269544] [TTM] Zone  kernel: Available graphics memory: 6142830 kiB
[    3.270992] [TTM] Zone   dma32: Available graphics memory: 2097152 kiB
[    3.272423] [TTM] Initializing pool allocator
[    3.273853] [TTM] Initializing DMA pool allocator
[    3.275295] nouveau 0000:05:00.0: DRM: VRAM: 2048 MiB
[    3.276739] nouveau 0000:05:00.0: DRM: GART: 1048576 MiB
[    3.278182] nouveau 0000:05:00.0: DRM: TMDS table version 2.0
[    3.279602] nouveau 0000:05:00.0: DRM: DCB version 4.0
[    3.280990] nouveau 0000:05:00.0: DRM: DCB outp 00: 02000f10 00000000
[    3.282359] nouveau 0000:05:00.0: DRM: DCB outp 01: 01000f12 00020030
[    3.283738] nouveau 0000:05:00.0: DRM: DCB outp 02: 02011f62 00020010
[    3.285100] nouveau 0000:05:00.0: DRM: DCB outp 03: 08822fc6 04420010
[    3.286430] nouveau 0000:05:00.0: DRM: DCB outp 04: 08022f82 00020010
[    3.287745] nouveau 0000:05:00.0: DRM: DCB conn 00: 00010030
[    3.289029] nouveau 0000:05:00.0: DRM: DCB conn 01: 00020161
[    3.290288] nouveau 0000:05:00.0: DRM: DCB conn 02: 01000246
[    3.314188] [drm] Supports vblank timestamp caching Rev 2 (21.10.2013).
[    3.315470] [drm] Driver supports precise vblank timestamp query.
[    3.317387] nouveau 0000:05:00.0: DRM: MM: using COPY for buffer copies
[    3.392056] [drm] Cannot find any crtc or sizes
[    3.393319] [drm] Initialized nouveau 1.3.1 20120801 for 0000:05:00.0 on minor 0
[    3.394749] nouveau 0000:06:00.0: enabling device (0002 -> 0003)
[    3.396339] checking generic (98030000 300000) vs hw (98000000 8000000)
[    3.396340] fb: switching to nouveaufb from EFI VGA
[    3.397789] Console: switching to colour dummy device 80x25
[    3.398017] nouveau 0000:06:00.0: NVIDIA G96 (096000c1)
[    3.468122] [drm] Cannot find any crtc or sizes
[    3.544116] [drm] Cannot find any crtc or sizes
[    3.583175] nouveau 0000:06:00.0: bios: version 62.94.7b.00.00
[    3.604652] nouveau 0000:06:00.0: fb: 512 MiB GDDR3
[    3.699337] nouveau 0000:06:00.0: DRM: VRAM: 512 MiB
[    3.699341] nouveau 0000:06:00.0: DRM: GART: 1048576 MiB
[    3.699345] nouveau 0000:06:00.0: DRM: TMDS table version 2.0
[    3.699349] nouveau 0000:06:00.0: DRM: DCB version 4.0
[    3.699352] nouveau 0000:06:00.0: DRM: DCB outp 00: 02000100 00000028
[    3.699356] nouveau 0000:06:00.0: DRM: DCB outp 01: 01000102 00020030
[    3.699359] nouveau 0000:06:00.0: DRM: DCB outp 02: 040112b6 0f200020
[    3.699363] nouveau 0000:06:00.0: DRM: DCB outp 03: 04011242 00020020
[    3.699366] nouveau 0000:06:00.0: DRM: DCB conn 00: 00001030
[    3.699369] nouveau 0000:06:00.0: DRM: DCB conn 01: 00102146
[    3.712218] [drm] Supports vblank timestamp caching Rev 2 (21.10.2013).
[    3.712221] [drm] Driver supports precise vblank timestamp query.
[    3.751192] nouveau 0000:06:00.0: DRM: MM: using CRYPT for buffer copies
[    3.840053] [drm] Cannot find any crtc or sizes
[    3.844163] [drm] Initialized nouveau 1.3.1 20120801 for 0000:06:00.0 on minor 1
[    3.924054] [drm] Cannot find any crtc or sizes
[    4.008050] [drm] Cannot find any crtc or sizes
[    5.008242] raid6: sse2x1   gen()  6551 MB/s
[    5.056237] raid6: sse2x1   xor()  4906 MB/s
[    5.104239] raid6: sse2x2   gen()  7719 MB/s
[    5.152237] raid6: sse2x2   xor()  5766 MB/s
[    5.200237] raid6: sse2x4   gen()  8856 MB/s
[    5.248258] raid6: sse2x4   xor()  6450 MB/s
[    5.248261] raid6: using algorithm sse2x4 gen() 8856 MB/s
[    5.248264] raid6: .... xor() 6450 MB/s, rmw enabled
[    5.248266] raid6: using ssse3x2 recovery algorithm
[    5.250436] xor: measuring software checksum speed
[    5.288231]    prefetch64-sse: 11072.000 MB/sec
[    5.328228]    generic_sse:  9565.000 MB/sec
[    5.328232] xor: using function: prefetch64-sse (11072.000 MB/sec)
[    5.330493] async_tx: api initialized (async)
[    5.381080] Btrfs loaded, crc32c=crc32c-intel
[    5.597710] EXT4-fs (sda2): mounted filesystem with ordered data mode. Opts: (null)
[    5.770676] ip_tables: (C) 2000-2006 Netfilter Core Team
[    5.876805] systemd[1]: systemd 237 running in system mode. (+PAM +AUDIT +SELINUX +IMA +APPARMOR +SMACK +SYSVINIT +UTMP +LIBCRYPTSETUP +GCRYPT +GNUTLS +ACL +XZ +LZ4 +SECCOMP +BLKID +ELFUTILS +KMOD -IDN2 +IDN -PCRE2 default-hierarchy=hybrid)
[    5.896211] systemd[1]: Detected architecture x86-64.
[    5.899726] systemd[1]: Set hostname to <rlin01>.
[    5.995644] systemd[1]: Created slice System Slice.
[    5.995807] systemd[1]: Listening on Syslog Socket.
[    5.995909] systemd[1]: Listening on udev Control Socket.
[    5.996021] systemd[1]: Listening on Journal Socket.
[    5.996823] systemd[1]: Starting Uncomplicated firewall...
[    5.997699] systemd[1]: Starting Create list of required static device nodes for the current kernel...
[    5.999018] systemd[1]: Starting Load Kernel Modules...
[    6.073762] EXT4-fs (sda2): re-mounted. Opts: errors=remount-ro
[    6.208387] systemd-journald[445]: Received request to flush runtime journal from PID 1
[    6.377979] shpchp: Standard Hot Plug PCI Controller Driver version: 0.4
[    6.379620] dca service started, version 1.12.1
[    6.381593] i5500_temp 0000:00:14.3: Sensor seems to be disabled
[    6.382496] EDAC MC0: Giving out device to module i7core_edac.c controller i7 core #0: DEV 0000:ff:03.0 (INTERRUPT)
[    6.382549] EDAC PCI0: Giving out device to module i7core_edac controller EDAC PCI controller: DEV 0000:ff:03.0 (POLLED)
[    6.382579] EDAC i7core: Driver loaded, 1 memory controller(s) found.
[    6.386538] ioatdma: Intel(R) QuickData Technology Driver 4.00
[    6.386574] ioatdma 0000:00:16.0: enabling device (0000 -> 0002)
[    6.386935] ioatdma 0000:00:16.0: can't derive routing for PCI INT A
[    6.386937] ioatdma 0000:00:16.0: PCI INT A: no GSI
[    6.402818] ioatdma 0000:00:16.1: enabling device (0000 -> 0002)
[    6.403203] ioatdma 0000:00:16.1: can't derive routing for PCI INT B
[    6.403205] ioatdma 0000:00:16.1: PCI INT B: no GSI
[    6.418301] ioatdma 0000:00:16.2: enabling device (0000 -> 0002)
[    6.418668] ioatdma 0000:00:16.2: can't derive routing for PCI INT C
[    6.418671] ioatdma 0000:00:16.2: PCI INT C: no GSI
[    6.432810] ioatdma 0000:00:16.3: enabling device (0000 -> 0002)
[    6.433042] ioatdma 0000:00:16.3: can't derive routing for PCI INT D
[    6.433044] ioatdma 0000:00:16.3: PCI INT D: no GSI
[    6.445983] ioatdma 0000:00:16.4: enabling device (0000 -> 0002)
[    6.446357] ioatdma 0000:00:16.4: can't derive routing for PCI INT A
[    6.446359] ioatdma 0000:00:16.4: PCI INT A: no GSI
[    6.457266] cfg80211: Loading compiled-in X.509 certificates for regulatory database
[    6.461236] ioatdma 0000:00:16.5: enabling device (0000 -> 0002)
[    6.461577] cfg80211: Loaded X.509 cert 'sforshee: 00b28ddf47aef9cea7'
[    6.461597] ioatdma 0000:00:16.5: can't derive routing for PCI INT B
[    6.461599] ioatdma 0000:00:16.5: PCI INT B: no GSI
[    6.472141] Bluetooth: Core ver 2.22
[    6.472163] NET: Registered protocol family 31
[    6.472164] Bluetooth: HCI device and connection manager initialized
[    6.472168] Bluetooth: HCI socket layer initialized
[    6.472170] Bluetooth: L2CAP socket layer initialized
[    6.472177] Bluetooth: SCO socket layer initialized
[    6.477325] ACPI Warning: SystemIO range 0x0000000000000428-0x000000000000042F conflicts with OpRegion 0x0000000000000400-0x000000000000047F (\PMIO) (20170831/utaddress-247)
[    6.477334] ACPI: If an ACPI driver is available for this device, you should use it instead of the native driver
[    6.477337] ACPI Warning: SystemIO range 0x0000000000000530-0x000000000000053F conflicts with OpRegion 0x0000000000000500-0x000000000000053B (\GPIO) (20170831/utaddress-247)
[    6.477341] ACPI: If an ACPI driver is available for this device, you should use it instead of the native driver
[    6.477341] ACPI Warning: SystemIO range 0x0000000000000500-0x000000000000052F conflicts with OpRegion 0x0000000000000500-0x000000000000053B (\GPIO) (20170831/utaddress-247)
[    6.477345] ACPI: If an ACPI driver is available for this device, you should use it instead of the native driver
[    6.477345] lpc_ich: Resource conflict(s) found affecting gpio_ich
[    6.477391] snd_hda_intel 0000:00:1b.0: enabling device (0000 -> 0002)
[    6.477956] snd_hda_intel 0000:05:00.1: enabling device (0000 -> 0002)
[    6.478029] snd_hda_intel 0000:05:00.1: Disabling MSI
[    6.478051] snd_hda_intel 0000:05:00.1: Handle vga_switcheroo audio client
[    6.478683] ioatdma 0000:00:16.6: enabling device (0000 -> 0002)
[    6.479034] ioatdma 0000:00:16.6: can't derive routing for PCI INT C
[    6.479037] ioatdma 0000:00:16.6: PCI INT C: no GSI
[    6.486377] usbcore: registered new interface driver btusb
[    6.494184] ioatdma 0000:00:16.7: enabling device (0000 -> 0002)
[    6.494566] ioatdma 0000:00:16.7: can't derive routing for PCI INT D
[    6.494568] ioatdma 0000:00:16.7: PCI INT D: no GSI
[    6.523977] snd_hda_codec_realtek hdaudioC0D0: ALC889A: SKU not ready 0x400000f0
[    6.524361] snd_hda_codec_realtek hdaudioC0D0: autoconfig for ALC889A: line_outs=1 (0x14/0x0/0x0/0x0/0x0) type:line
[    6.524363] snd_hda_codec_realtek hdaudioC0D0:    speaker_outs=1 (0x1b/0x0/0x0/0x0/0x0)
[    6.524366] snd_hda_codec_realtek hdaudioC0D0:    hp_outs=1 (0x19/0x0/0x0/0x0/0x0)
[    6.524367] snd_hda_codec_realtek hdaudioC0D0:    mono: mono_out=0x0
[    6.524369] snd_hda_codec_realtek hdaudioC0D0:    dig-out=0x1e/0x0
[    6.524370] snd_hda_codec_realtek hdaudioC0D0:    inputs:
[    6.524374] snd_hda_codec_realtek hdaudioC0D0:      Mic=0x18
[    6.524376] snd_hda_codec_realtek hdaudioC0D0:      Line=0x1a
[    6.524378] snd_hda_codec_realtek hdaudioC0D0:    dig-in=0x1f
[    6.524531] b43-phy0: Broadcom 4322 WLAN found (core revision 16)
[    6.561986] input: HDA Intel Mic as /devices/pci0000:00/0000:00:1b.0/sound/card0/input2
[    6.562060] input: HDA Intel Line as /devices/pci0000:00/0000:00:1b.0/sound/card0/input3
[    6.562125] input: HDA Intel Headphone as /devices/pci0000:00/0000:00:1b.0/sound/card0/input4
[    6.572065] b43-phy0: Found PHY: Analog 8, Type 4 (N), Revision 4
[    6.572089] b43-phy0: Found Radio: Manuf 0x17F, ID 0x2056, Revision 3, Version 0
[    6.588421] Broadcom 43xx driver loaded [ Features: PNL ]
[    6.588508] b43 ssb0:0: Direct firmware load for b43/ucode16_mimo.fw failed with error -2
[    6.588519] b43 ssb0:0: Direct firmware load for b43/ucode16_mimo.fw failed with error -2
[    6.588532] b43 ssb0:0: Direct firmware load for b43-open/ucode16_mimo.fw failed with error -2
[    6.588540] b43 ssb0:0: Direct firmware load for b43-open/ucode16_mimo.fw failed with error -2
[    6.588541] b43-phy0 ERROR: Firmware file "b43/ucode16_mimo.fw" not found
[    6.588546] b43-phy0 ERROR: Firmware file "b43-open/ucode16_mimo.fw" not found
[    6.588550] b43-phy0 ERROR: You must go to http://wireless.kernel.org/en/users/Drivers/b43#devicefirmware and download the correct firmware for this driver version. Please carefully read all instructions on this website.
[    6.598322] Bluetooth: hci0: BCM: chip id 254 build 0518
[    6.600082] Bluetooth: hci0: BCM: product 05ac:8215
[    6.602284] Bluetooth: hci0: BCM: features 0x00
[    6.606843] kvm: VM_EXIT_LOAD_IA32_PERF_GLOBAL_CTRL does not work properly. Using workaround
[    6.634285] Bluetooth: hci0: Bluetooth USB Host Controller
[    6.664003] Adding 12571644k swap on /dev/sda3.  Priority:-2 extents:1 across:12571644k SSFS
[    6.756190] EXT4-fs (sdb1): mounted filesystem with ordered data mode. Opts: (null)
[    6.970358] IPv6: ADDRCONF(NETDEV_UP): enp10s0: link is not ready
[    7.028361] applesmc: key=404 fan=5 temp=75 index=75 acc=0 lux=0 kbd=0
[    7.028520] applesmc applesmc.768: hwmon_device_register() is deprecated. Please convert the driver to use hwmon_device_register_with_info().
[    7.172129] random: crng init done
[    7.172132] random: 7 urandom warning(s) missed due to ratelimiting
[    7.257035] input: HDA NVidia HDMI/DP,pcm=3 as /devices/pci0000:00/0000:00:03.0/0000:05:00.1/sound/card1/input5
[    7.257098] input: HDA NVidia HDMI/DP,pcm=7 as /devices/pci0000:00/0000:00:03.0/0000:05:00.1/sound/card1/input6
[    7.257153] input: HDA NVidia HDMI/DP,pcm=8 as /devices/pci0000:00/0000:00:03.0/0000:05:00.1/sound/card1/input7
[    7.475285] ipmi message handler version 39.2
[    7.478333] ipmi device interface
[    7.499917] IPMI System Interface driver.
[    7.499984] ipmi_si: Unable to find any System Interface(s)
[    9.925100] e1000e: enp10s0 NIC Link is Up 1000 Mbps Full Duplex, Flow Control: Rx/Tx
[    9.925460] IPv6: ADDRCONF(NETDEV_CHANGE): enp10s0: link becomes ready
[   11.569565] aufs 4.15-20180219
[   11.769800] ip6_tables: (C) 2000-2006 Netfilter Core Team
[   11.848145] Ebtables v2.0 registered
[   12.720138] L1TF CPU bug present and SMT on, data leak possible. See CVE-2018-3646 and https://www.kernel.org/doc/html/latest/admin-guide/l1tf.html for details.
[   12.966379] bridge: filtering via arp/ip/ip6tables is no longer available by default. Update your scripts to load br_netfilter if you need this.
[   12.968328] Bridge firewalling registered
[   12.987023] nf_conntrack version 0.5.0 (65536 buckets, 262144 max)
[   13.214279] Initializing XFRM netlink socket
[   13.236147] Netfilter messages via NETLINK v0.30.
[   13.238520] ctnetlink v0.93: registering with nfnetlink.
[   13.562242] IPv6: ADDRCONF(NETDEV_UP): docker0: link is not ready
[   15.995201] virbr0: port 1(virbr0-nic) entered blocking state
[   15.995205] virbr0: port 1(virbr0-nic) entered disabled state
[   15.995279] device virbr0-nic entered promiscuous mode
[   16.252979] virbr0: port 1(virbr0-nic) entered blocking state
[   16.252982] virbr0: port 1(virbr0-nic) entered listening state
[   16.279856] virbr0: port 1(virbr0-nic) entered disabled state
[   39.646837] SGI XFS with ACLs, security attributes, realtime, no debug enabled
[   39.662846] JFS: nTxBlock = 8192, nTxLock = 65536
[   39.672973] ntfs: driver 2.1.32 [Flags: R/O MODULE].
[   39.690678] QNX4 filesystem 0.2.3 registered.
[ 1103.705296] docker0: port 1(veth815e0f8) entered blocking state
[ 1103.705299] docker0: port 1(veth815e0f8) entered disabled state
[ 1103.705343] device veth815e0f8 entered promiscuous mode
[ 1103.705401] IPv6: ADDRCONF(NETDEV_UP): veth815e0f8: link is not ready
[ 1103.705403] docker0: port 1(veth815e0f8) entered blocking state
[ 1103.705404] docker0: port 1(veth815e0f8) entered forwarding state
[ 1103.705831] docker0: port 1(veth815e0f8) entered disabled state
[ 1104.067387] eth0: renamed from veth8feae7d
[ 1104.091290] IPv6: ADDRCONF(NETDEV_CHANGE): veth815e0f8: link becomes ready
[ 1104.091331] docker0: port 1(veth815e0f8) entered blocking state
[ 1104.091334] docker0: port 1(veth815e0f8) entered forwarding state
[ 1104.091383] IPv6: ADDRCONF(NETDEV_CHANGE): docker0: link becomes ready
[ 1183.729954] perf: interrupt took too long (2501 > 2500), lowering kernel.perf_event_max_sample_rate to 79750
[ 1282.848755] docker0: port 1(veth815e0f8) entered disabled state
[ 1282.848822] veth8feae7d: renamed from eth0
[ 1282.917380] docker0: port 1(veth815e0f8) entered disabled state
[ 1282.918982] device veth815e0f8 left promiscuous mode
[ 1282.918986] docker0: port 1(veth815e0f8) entered disabled state
[ 2842.871428] docker0: port 1(veth293a083) entered blocking state
[ 2842.871430] docker0: port 1(veth293a083) entered disabled state
[ 2842.871481] device veth293a083 entered promiscuous mode
[ 2842.871580] IPv6: ADDRCONF(NETDEV_UP): veth293a083: link is not ready
[ 2843.180037] eth0: renamed from veth796a135
[ 2843.203947] IPv6: ADDRCONF(NETDEV_CHANGE): veth293a083: link becomes ready
[ 2843.203984] docker0: port 1(veth293a083) entered blocking state
[ 2843.203987] docker0: port 1(veth293a083) entered forwarding state
[ 2843.820791] docker0: port 1(veth293a083) entered disabled state
[ 2843.820908] veth796a135: renamed from eth0
[ 2843.892668] docker0: port 1(veth293a083) entered disabled state
[ 2843.894881] device veth293a083 left promiscuous mode
[ 2843.894884] docker0: port 1(veth293a083) entered disabled state
[ 2869.609845] docker0: port 1(veth06890e9) entered blocking state
[ 2869.609848] docker0: port 1(veth06890e9) entered disabled state
[ 2869.609920] device veth06890e9 entered promiscuous mode
[ 2869.610020] IPv6: ADDRCONF(NETDEV_UP): veth06890e9: link is not ready
[ 2869.931437] eth0: renamed from vethaea9dfd
[ 2869.955412] IPv6: ADDRCONF(NETDEV_CHANGE): veth06890e9: link becomes ready
[ 2869.955455] docker0: port 1(veth06890e9) entered blocking state
[ 2869.955458] docker0: port 1(veth06890e9) entered forwarding state
[ 2870.394465] docker0: port 1(veth06890e9) entered disabled state
[ 2870.394519] vethaea9dfd: renamed from eth0
[ 2870.460335] docker0: port 1(veth06890e9) entered disabled state
[ 2870.463058] device veth06890e9 left promiscuous mode
[ 2870.463065] docker0: port 1(veth06890e9) entered disabled state
[ 2879.948194] docker0: port 1(vethe4d916e) entered blocking state
[ 2879.948197] docker0: port 1(vethe4d916e) entered disabled state
[ 2879.948271] device vethe4d916e entered promiscuous mode
[ 2879.948371] IPv6: ADDRCONF(NETDEV_UP): vethe4d916e: link is not ready
[ 2880.271312] eth0: renamed from vethb15cb3f
[ 2880.295223] IPv6: ADDRCONF(NETDEV_CHANGE): vethe4d916e: link becomes ready
[ 2880.295267] docker0: port 1(vethe4d916e) entered blocking state
[ 2880.295270] docker0: port 1(vethe4d916e) entered forwarding state
[ 2880.773339] docker0: port 1(vethe4d916e) entered disabled state
[ 2880.773388] vethb15cb3f: renamed from eth0
[ 2880.832640] docker0: port 1(vethe4d916e) entered disabled state
[ 2880.834340] device vethe4d916e left promiscuous mode
[ 2880.834346] docker0: port 1(vethe4d916e) entered disabled state
[ 2892.909242] docker0: port 1(vetha30cc0d) entered blocking state
[ 2892.909244] docker0: port 1(vetha30cc0d) entered disabled state
[ 2892.909296] device vetha30cc0d entered promiscuous mode
[ 2892.909386] IPv6: ADDRCONF(NETDEV_UP): vetha30cc0d: link is not ready
[ 2893.210987] eth0: renamed from veth3e24844
[ 2893.230940] IPv6: ADDRCONF(NETDEV_CHANGE): vetha30cc0d: link becomes ready
[ 2893.230981] docker0: port 1(vetha30cc0d) entered blocking state
[ 2893.230984] docker0: port 1(vetha30cc0d) entered forwarding state
[ 2906.653153] docker0: port 1(vetha30cc0d) entered disabled state
[ 2906.653219] veth3e24844: renamed from eth0
[ 2906.695379] docker0: port 1(vetha30cc0d) entered disabled state
[ 2906.698041] device vetha30cc0d left promiscuous mode
[ 2906.698046] docker0: port 1(vetha30cc0d) entered disabled state
[ 2907.159897] docker0: port 1(veth9ebb842) entered blocking state
[ 2907.159899] docker0: port 1(veth9ebb842) entered disabled state
[ 2907.159956] device veth9ebb842 entered promiscuous mode
[ 2907.160047] IPv6: ADDRCONF(NETDEV_UP): veth9ebb842: link is not ready
[ 2907.160052] docker0: port 1(veth9ebb842) entered blocking state
[ 2907.160053] docker0: port 1(veth9ebb842) entered forwarding state
[ 2907.466662] eth0: renamed from veth851ba9c
[ 2907.494610] IPv6: ADDRCONF(NETDEV_CHANGE): veth9ebb842: link becomes ready
[ 2938.978298] perf: interrupt took too long (3131 > 3126), lowering kernel.perf_event_max_sample_rate to 63750
[ 3007.175368] docker0: port 1(veth9ebb842) entered disabled state
[ 3007.175436] veth851ba9c: renamed from eth0
[ 3007.224472] docker0: port 1(veth9ebb842) entered disabled state
[ 3007.226067] device veth9ebb842 left promiscuous mode
[ 3007.226071] docker0: port 1(veth9ebb842) entered disabled state
[ 3014.317630] docker0: port 1(veth0055566) entered blocking state
[ 3014.317633] docker0: port 1(veth0055566) entered disabled state
[ 3014.317683] device veth0055566 entered promiscuous mode
[ 3014.317748] IPv6: ADDRCONF(NETDEV_UP): veth0055566: link is not ready
[ 3014.632432] eth0: renamed from vethac24c79
[ 3014.652427] IPv6: ADDRCONF(NETDEV_CHANGE): veth0055566: link becomes ready
[ 3014.652465] docker0: port 1(veth0055566) entered blocking state
[ 3014.652468] docker0: port 1(veth0055566) entered forwarding state
[ 3017.260628] docker0: port 1(veth0055566) entered disabled state
[ 3017.260695] vethac24c79: renamed from eth0
[ 3017.314749] docker0: port 1(veth0055566) entered disabled state
[ 3017.317209] device veth0055566 left promiscuous mode
[ 3017.317213] docker0: port 1(veth0055566) entered disabled state
[ 3017.840918] docker0: port 1(veth0c86f00) entered blocking state
[ 3017.840920] docker0: port 1(veth0c86f00) entered disabled state
[ 3017.840971] device veth0c86f00 entered promiscuous mode
[ 3017.841036] IPv6: ADDRCONF(NETDEV_UP): veth0c86f00: link is not ready
[ 3017.841039] docker0: port 1(veth0c86f00) entered blocking state
[ 3017.841040] docker0: port 1(veth0c86f00) entered forwarding state
[ 3018.176125] eth0: renamed from veth5ed21c0
[ 3018.200125] IPv6: ADDRCONF(NETDEV_CHANGE): veth0c86f00: link becomes ready
[ 3018.694043] docker0: port 1(veth0c86f00) entered disabled state
[ 3018.694092] veth5ed21c0: renamed from eth0
[ 3018.777165] docker0: port 1(veth0c86f00) entered disabled state
[ 3018.778727] device veth0c86f00 left promiscuous mode
[ 3018.778731] docker0: port 1(veth0c86f00) entered disabled state
[ 3020.668605] docker0: port 1(veth32e1b68) entered blocking state
[ 3020.668608] docker0: port 1(veth32e1b68) entered disabled state
[ 3020.668676] device veth32e1b68 entered promiscuous mode
[ 3020.668767] IPv6: ADDRCONF(NETDEV_UP): veth32e1b68: link is not ready
[ 3021.008334] eth0: renamed from veth6475ef7
[ 3021.032217] IPv6: ADDRCONF(NETDEV_CHANGE): veth32e1b68: link becomes ready
[ 3021.032265] docker0: port 1(veth32e1b68) entered blocking state
[ 3021.032269] docker0: port 1(veth32e1b68) entered forwarding state
[ 3021.502873] docker0: port 1(veth32e1b68) entered disabled state
[ 3021.502916] veth6475ef7: renamed from eth0
[ 3021.560131] docker0: port 1(veth32e1b68) entered disabled state
[ 3021.561896] device veth32e1b68 left promiscuous mode
[ 3021.561900] docker0: port 1(veth32e1b68) entered disabled state
[ 3201.939801] docker0: port 1(vethdb3e612) entered blocking state
[ 3201.939803] docker0: port 1(vethdb3e612) entered disabled state
[ 3201.939878] device vethdb3e612 entered promiscuous mode
[ 3201.939974] IPv6: ADDRCONF(NETDEV_UP): vethdb3e612: link is not ready
[ 3202.260518] eth0: renamed from veth38627ca
[ 3202.284476] IPv6: ADDRCONF(NETDEV_CHANGE): vethdb3e612: link becomes ready
[ 3202.284523] docker0: port 1(vethdb3e612) entered blocking state
[ 3202.284526] docker0: port 1(vethdb3e612) entered forwarding state
[ 3202.726853] docker0: port 1(vethdb3e612) entered disabled state
[ 3202.726972] veth38627ca: renamed from eth0
[ 3202.764753] docker0: port 1(vethdb3e612) entered disabled state
[ 3202.768007] device vethdb3e612 left promiscuous mode
[ 3202.768014] docker0: port 1(vethdb3e612) entered disabled state
[ 3637.192960] docker0: port 1(veth1998a84) entered blocking state
[ 3637.192962] docker0: port 1(veth1998a84) entered disabled state
[ 3637.193017] device veth1998a84 entered promiscuous mode
[ 3637.193088] IPv6: ADDRCONF(NETDEV_UP): veth1998a84: link is not ready
[ 3637.535491] eth0: renamed from veth04d2a89
[ 3637.559483] IPv6: ADDRCONF(NETDEV_CHANGE): veth1998a84: link becomes ready
[ 3637.559527] docker0: port 1(veth1998a84) entered blocking state
[ 3637.559529] docker0: port 1(veth1998a84) entered forwarding state
[ 3650.639210] docker0: port 1(veth1998a84) entered disabled state
[ 3650.639294] veth04d2a89: renamed from eth0
[ 3650.707881] docker0: port 1(veth1998a84) entered disabled state
[ 3650.710499] device veth1998a84 left promiscuous mode
[ 3650.710502] docker0: port 1(veth1998a84) entered disabled state
[ 3651.172666] docker0: port 1(vetha60257f) entered blocking state
[ 3651.172668] docker0: port 1(vetha60257f) entered disabled state
[ 3651.172723] device vetha60257f entered promiscuous mode
[ 3651.172818] IPv6: ADDRCONF(NETDEV_UP): vetha60257f: link is not ready
[ 3651.172823] docker0: port 1(vetha60257f) entered blocking state
[ 3651.172824] docker0: port 1(vetha60257f) entered forwarding state
[ 3651.499249] eth0: renamed from vethbb4c359
[ 3651.531142] IPv6: ADDRCONF(NETDEV_CHANGE): vetha60257f: link becomes ready
[ 3750.739962] docker0: port 1(vetha60257f) entered disabled state
[ 3750.740030] vethbb4c359: renamed from eth0
[ 3750.789605] docker0: port 1(vetha60257f) entered disabled state
[ 3750.791222] device vetha60257f left promiscuous mode
[ 3750.791225] docker0: port 1(vetha60257f) entered disabled state
[ 3757.828036] docker0: port 1(veth5163414) entered blocking state
[ 3757.828038] docker0: port 1(veth5163414) entered disabled state
[ 3757.828091] device veth5163414 entered promiscuous mode
[ 3757.828182] IPv6: ADDRCONF(NETDEV_UP): veth5163414: link is not ready
[ 3758.129060] eth0: renamed from veth26e2c3d
[ 3758.152960] IPv6: ADDRCONF(NETDEV_CHANGE): veth5163414: link becomes ready
[ 3758.152999] docker0: port 1(veth5163414) entered blocking state
[ 3758.153001] docker0: port 1(veth5163414) entered forwarding state
[ 3760.530729] docker0: port 1(veth5163414) entered disabled state
[ 3760.530797] veth26e2c3d: renamed from eth0
[ 3760.597303] docker0: port 1(veth5163414) entered disabled state
[ 3760.599898] device veth5163414 left promiscuous mode
[ 3760.599904] docker0: port 1(veth5163414) entered disabled state
[ 3761.125736] docker0: port 1(veth4fa693c) entered blocking state
[ 3761.125738] docker0: port 1(veth4fa693c) entered disabled state
[ 3761.125793] device veth4fa693c entered promiscuous mode
[ 3761.125884] IPv6: ADDRCONF(NETDEV_UP): veth4fa693c: link is not ready
[ 3761.125889] docker0: port 1(veth4fa693c) entered blocking state
[ 3761.125890] docker0: port 1(veth4fa693c) entered forwarding state
[ 3761.401015] eth0: renamed from vethf44b491
[ 3761.420955] IPv6: ADDRCONF(NETDEV_CHANGE): veth4fa693c: link becomes ready
[ 3761.788040] docker0: port 1(veth4fa693c) entered disabled state
[ 3761.788115] vethf44b491: renamed from eth0
[ 3761.853456] docker0: port 1(veth4fa693c) entered disabled state
[ 3761.855745] device veth4fa693c left promiscuous mode
[ 3761.855752] docker0: port 1(veth4fa693c) entered disabled state
[ 3763.705582] docker0: port 1(vethef6eb71) entered blocking state
[ 3763.705585] docker0: port 1(vethef6eb71) entered disabled state
[ 3763.705657] device vethef6eb71 entered promiscuous mode
[ 3763.705750] IPv6: ADDRCONF(NETDEV_UP): vethef6eb71: link is not ready
[ 3764.052962] eth0: renamed from vethec5d9d6
[ 3764.072935] IPv6: ADDRCONF(NETDEV_CHANGE): vethef6eb71: link becomes ready
[ 3764.072973] docker0: port 1(vethef6eb71) entered blocking state
[ 3764.072976] docker0: port 1(vethef6eb71) entered forwarding state
[ 3764.515021] docker0: port 1(vethef6eb71) entered disabled state
[ 3764.515066] vethec5d9d6: renamed from eth0
[ 3764.573245] docker0: port 1(vethef6eb71) entered disabled state
[ 3764.575887] device vethef6eb71 left promiscuous mode
[ 3764.575894] docker0: port 1(vethef6eb71) entered disabled state
[ 3832.808576] perf: interrupt took too long (4020 > 3913), lowering kernel.perf_event_max_sample_rate to 49750
[ 4490.596403] docker0: port 1(veth3b9fdf0) entered blocking state
[ 4490.596406] docker0: port 1(veth3b9fdf0) entered disabled state
[ 4490.596474] device veth3b9fdf0 entered promiscuous mode
[ 4490.596567] IPv6: ADDRCONF(NETDEV_UP): veth3b9fdf0: link is not ready
[ 4490.596570] docker0: port 1(veth3b9fdf0) entered blocking state
[ 4490.596571] docker0: port 1(veth3b9fdf0) entered forwarding state
[ 4490.596982] docker0: port 1(veth3b9fdf0) entered disabled state
[ 4490.941219] eth0: renamed from vethc368afa
[ 4490.957186] IPv6: ADDRCONF(NETDEV_CHANGE): veth3b9fdf0: link becomes ready
[ 4490.957233] docker0: port 1(veth3b9fdf0) entered blocking state
[ 4490.957237] docker0: port 1(veth3b9fdf0) entered forwarding state
[ 4491.321971] docker0: port 1(veth3b9fdf0) entered disabled state
[ 4491.322085] vethc368afa: renamed from eth0
[ 4491.389949] docker0: port 1(veth3b9fdf0) entered disabled state
[ 4491.392362] device veth3b9fdf0 left promiscuous mode
[ 4491.392366] docker0: port 1(veth3b9fdf0) entered disabled state
[ 4513.838999] docker0: port 1(veth2a3f7eb) entered blocking state
[ 4513.839001] docker0: port 1(veth2a3f7eb) entered disabled state
[ 4513.839047] device veth2a3f7eb entered promiscuous mode
[ 4513.839135] IPv6: ADDRCONF(NETDEV_UP): veth2a3f7eb: link is not ready
[ 4513.839138] docker0: port 1(veth2a3f7eb) entered blocking state
[ 4513.839139] docker0: port 1(veth2a3f7eb) entered forwarding state
[ 4513.840180] docker0: port 1(veth2a3f7eb) entered disabled state
[ 4514.168154] eth0: renamed from veth110e3eb
[ 4514.200100] IPv6: ADDRCONF(NETDEV_CHANGE): veth2a3f7eb: link becomes ready
[ 4514.200138] docker0: port 1(veth2a3f7eb) entered blocking state
[ 4514.200141] docker0: port 1(veth2a3f7eb) entered forwarding state
[ 4716.321412] docker0: port 1(veth2a3f7eb) entered disabled state
[ 4716.321481] veth110e3eb: renamed from eth0
[ 4716.375348] docker0: port 1(veth2a3f7eb) entered disabled state
[ 4716.378154] device veth2a3f7eb left promiscuous mode
[ 4716.378159] docker0: port 1(veth2a3f7eb) entered disabled state
[ 4725.703875] docker0: port 1(veth18ff89a) entered blocking state
[ 4725.703879] docker0: port 1(veth18ff89a) entered disabled state
[ 4725.703991] device veth18ff89a entered promiscuous mode
[ 4725.704133] IPv6: ADDRCONF(NETDEV_UP): veth18ff89a: link is not ready
[ 4726.034758] eth0: renamed from veth7219bcc
[ 4726.058703] IPv6: ADDRCONF(NETDEV_CHANGE): veth18ff89a: link becomes ready
[ 4726.058742] docker0: port 1(veth18ff89a) entered blocking state
[ 4726.058746] docker0: port 1(veth18ff89a) entered forwarding state
[ 4727.479684] docker0: port 1(veth18ff89a) entered disabled state
[ 4727.479761] veth7219bcc: renamed from eth0
[ 4727.558968] docker0: port 1(veth18ff89a) entered disabled state
[ 4727.562203] device veth18ff89a left promiscuous mode
[ 4727.562208] docker0: port 1(veth18ff89a) entered disabled state
[ 4728.424030] docker0: port 1(veth2ea511d) entered blocking state
[ 4728.424032] docker0: port 1(veth2ea511d) entered disabled state
[ 4728.424100] device veth2ea511d entered promiscuous mode
[ 4728.424193] IPv6: ADDRCONF(NETDEV_UP): veth2ea511d: link is not ready
[ 4728.424198] docker0: port 1(veth2ea511d) entered blocking state
[ 4728.424199] docker0: port 1(veth2ea511d) entered forwarding state
[ 4728.510183] docker0: port 1(veth2ea511d) entered disabled state
[ 4728.750635] eth0: renamed from veth401fa32
[ 4728.770507] IPv6: ADDRCONF(NETDEV_CHANGE): veth2ea511d: link becomes ready
[ 4728.770546] docker0: port 1(veth2ea511d) entered blocking state
[ 4728.770549] docker0: port 1(veth2ea511d) entered forwarding state
[ 4729.104187] docker0: port 1(veth2ea511d) entered disabled state
[ 4729.104253] veth401fa32: renamed from eth0
[ 4729.183089] docker0: port 1(veth2ea511d) entered disabled state
[ 4729.185258] device veth2ea511d left promiscuous mode
[ 4729.185262] docker0: port 1(veth2ea511d) entered disabled state
[ 4816.752288] docker0: port 1(veth1b76284) entered blocking state
[ 4816.752290] docker0: port 1(veth1b76284) entered disabled state
[ 4816.752345] device veth1b76284 entered promiscuous mode
[ 4816.752437] IPv6: ADDRCONF(NETDEV_UP): veth1b76284: link is not ready
[ 4817.071020] eth0: renamed from vethfd2d52c
[ 4817.094989] IPv6: ADDRCONF(NETDEV_CHANGE): veth1b76284: link becomes ready
[ 4817.095037] docker0: port 1(veth1b76284) entered blocking state
[ 4817.095041] docker0: port 1(veth1b76284) entered forwarding state
[ 4828.014785] docker0: port 1(veth1b76284) entered disabled state
[ 4828.014847] vethfd2d52c: renamed from eth0
[ 4828.066983] docker0: port 1(veth1b76284) entered disabled state
[ 4828.069609] device veth1b76284 left promiscuous mode
[ 4828.069614] docker0: port 1(veth1b76284) entered disabled state
[ 4830.220382] docker0: port 1(veth9512409) entered blocking state
[ 4830.220384] docker0: port 1(veth9512409) entered disabled state
[ 4830.220436] device veth9512409 entered promiscuous mode
[ 4830.220524] IPv6: ADDRCONF(NETDEV_UP): veth9512409: link is not ready
[ 4830.558413] eth0: renamed from vethb273d93
[ 4830.574393] IPv6: ADDRCONF(NETDEV_CHANGE): veth9512409: link becomes ready
[ 4830.574430] docker0: port 1(veth9512409) entered blocking state
[ 4830.574433] docker0: port 1(veth9512409) entered forwarding state
[ 4831.698184] docker0: port 1(veth9512409) entered disabled state
[ 4831.698266] vethb273d93: renamed from eth0
[ 4831.754916] docker0: port 1(veth9512409) entered disabled state
[ 4831.757520] device veth9512409 left promiscuous mode
[ 4831.757526] docker0: port 1(veth9512409) entered disabled state
[ 4832.623211] docker0: port 1(veth0a86abb) entered blocking state
[ 4832.623214] docker0: port 1(veth0a86abb) entered disabled state
[ 4832.623279] device veth0a86abb entered promiscuous mode
[ 4832.623364] IPv6: ADDRCONF(NETDEV_UP): veth0a86abb: link is not ready
[ 4832.623366] docker0: port 1(veth0a86abb) entered blocking state
[ 4832.623368] docker0: port 1(veth0a86abb) entered forwarding state
[ 4832.729890] docker0: port 1(veth0a86abb) entered disabled state
[ 4832.974308] eth0: renamed from veth0d71f9a
[ 4833.006303] IPv6: ADDRCONF(NETDEV_CHANGE): veth0a86abb: link becomes ready
[ 4833.006340] docker0: port 1(veth0a86abb) entered blocking state
[ 4833.006343] docker0: port 1(veth0a86abb) entered forwarding state
[ 4833.461583] docker0: port 1(veth0a86abb) entered disabled state
[ 4833.461627] veth0d71f9a: renamed from eth0
[ 4833.510629] docker0: port 1(veth0a86abb) entered disabled state
[ 4833.513035] device veth0a86abb left promiscuous mode
[ 4833.513039] docker0: port 1(veth0a86abb) entered disabled state
[ 6164.383804] docker0: port 1(veth94cde66) entered blocking state
[ 6164.383806] docker0: port 1(veth94cde66) entered disabled state
[ 6164.383874] device veth94cde66 entered promiscuous mode
[ 6164.383972] IPv6: ADDRCONF(NETDEV_UP): veth94cde66: link is not ready
[ 6164.731451] eth0: renamed from veth96f5a83
[ 6164.755470] IPv6: ADDRCONF(NETDEV_CHANGE): veth94cde66: link becomes ready
[ 6164.755513] docker0: port 1(veth94cde66) entered blocking state
[ 6164.755516] docker0: port 1(veth94cde66) entered forwarding state
[ 6187.904300] docker0: port 1(veth94cde66) entered disabled state
[ 6187.904419] veth96f5a83: renamed from eth0
[ 6187.970898] docker0: port 1(veth94cde66) entered disabled state
[ 6187.973876] device veth94cde66 left promiscuous mode
[ 6187.973880] docker0: port 1(veth94cde66) entered disabled state
[ 6220.239453] docker0: port 1(vethd8881aa) entered blocking state
[ 6220.239456] docker0: port 1(vethd8881aa) entered disabled state
[ 6220.239527] device vethd8881aa entered promiscuous mode
[ 6220.239623] IPv6: ADDRCONF(NETDEV_UP): vethd8881aa: link is not ready
[ 6220.565910] eth0: renamed from vethe54fc91
[ 6220.589884] IPv6: ADDRCONF(NETDEV_CHANGE): vethd8881aa: link becomes ready
[ 6220.589922] docker0: port 1(vethd8881aa) entered blocking state
[ 6220.589925] docker0: port 1(vethd8881aa) entered forwarding state
[ 6244.879725] docker0: port 1(vethd8881aa) entered disabled state
[ 6244.879775] vethe54fc91: renamed from eth0
[ 6244.941638] docker0: port 1(vethd8881aa) entered disabled state
[ 6244.944354] device vethd8881aa left promiscuous mode
[ 6244.944361] docker0: port 1(vethd8881aa) entered disabled state
[ 6249.152162] docker0: port 1(veth0cfc147) entered blocking state
[ 6249.152164] docker0: port 1(veth0cfc147) entered disabled state
[ 6249.152218] device veth0cfc147 entered promiscuous mode
[ 6249.152284] IPv6: ADDRCONF(NETDEV_UP): veth0cfc147: link is not ready
[ 6249.492991] eth0: renamed from veth1860926
[ 6249.516968] IPv6: ADDRCONF(NETDEV_CHANGE): veth0cfc147: link becomes ready
[ 6249.517007] docker0: port 1(veth0cfc147) entered blocking state
[ 6249.517009] docker0: port 1(veth0cfc147) entered forwarding state
[ 6249.940020] docker0: port 1(veth0cfc147) entered disabled state
[ 6249.940087] veth1860926: renamed from eth0
[ 6250.005556] docker0: port 1(veth0cfc147) entered disabled state
[ 6250.007856] device veth0cfc147 left promiscuous mode
[ 6250.007861] docker0: port 1(veth0cfc147) entered disabled state
[ 6261.404932] docker0: port 1(vethca4b64d) entered blocking state
[ 6261.404934] docker0: port 1(vethca4b64d) entered disabled state
[ 6261.404983] device vethca4b64d entered promiscuous mode
[ 6261.405064] IPv6: ADDRCONF(NETDEV_UP): vethca4b64d: link is not ready
[ 6261.405067] docker0: port 1(vethca4b64d) entered blocking state
[ 6261.405068] docker0: port 1(vethca4b64d) entered forwarding state
[ 6261.405301] docker0: port 1(vethca4b64d) entered disabled state
[ 6261.724783] eth0: renamed from veth17ecfb1
[ 6261.740652] IPv6: ADDRCONF(NETDEV_CHANGE): vethca4b64d: link becomes ready
[ 6261.740691] docker0: port 1(vethca4b64d) entered blocking state
