[    0.000000] microcode: microcode updated early to revision 0x1d, date = 2018-05-11
[    0.000000] Linux version 4.15.0-55-generic (buildd@lcy01-amd64-029) (gcc version 7.4.0 (Ubuntu 7.4.0-1ubuntu1~18.04.1)) #60-Ubuntu SMP Tue Jul 2 18:22:20 UTC 2019 (Ubuntu 4.15.0-55.60-generic 4.15.18)
[    0.000000] Command line: BOOT_IMAGE=/boot/vmlinuz-4.15.0-55-generic root=UUID=a533a429-4f8a-4e7e-8782-f88e1f453515 ro pti=off pti=off
[    0.000000] KERNEL supported cpus:
[    0.000000]   Intel GenuineIntel
[    0.000000]   AMD AuthenticAMD
[    0.000000]   Centaur CentaurHauls
[    0.000000] Disabled fast string operations
[    0.000000] x86/fpu: x87 FPU will use FXSAVE
[    0.000000] e820: BIOS-provided physical RAM map:
[    0.000000] BIOS-e820: [mem 0x0000000000000000-0x000000000008efff] usable
[    0.000000] BIOS-e820: [mem 0x000000000008f000-0x000000000008ffff] ACPI NVS
[    0.000000] BIOS-e820: [mem 0x0000000000090000-0x000000000009ffff] usable
[    0.000000] BIOS-e820: [mem 0x00000000000a0000-0x00000000000fffff] reserved
[    0.000000] BIOS-e820: [mem 0x0000000000100000-0x000000007f49efff] usable
[    0.000000] BIOS-e820: [mem 0x000000007f49f000-0x000000007f4acfff] ACPI NVS
[    0.000000] BIOS-e820: [mem 0x000000007f4ad000-0x000000007f4adfff] usable
[    0.000000] BIOS-e820: [mem 0x000000007f4ae000-0x000000007f55efff] ACPI NVS
[    0.000000] BIOS-e820: [mem 0x000000007f55f000-0x000000007f591fff] usable
[    0.000000] BIOS-e820: [mem 0x000000007f592000-0x000000007f5aefff] ACPI data
[    0.000000] BIOS-e820: [mem 0x000000007f5af000-0x000000007f682fff] usable
[    0.000000] BIOS-e820: [mem 0x000000007f683000-0x000000007f6aefff] reserved
[    0.000000] BIOS-e820: [mem 0x000000007f6af000-0x000000007f78dfff] usable
[    0.000000] BIOS-e820: [mem 0x000000007f78e000-0x000000007f7aefff] type 20
[    0.000000] BIOS-e820: [mem 0x000000007f7af000-0x000000007f7fefff] usable
[    0.000000] BIOS-e820: [mem 0x000000007f7ff000-0x000000007fffffff] reserved
[    0.000000] BIOS-e820: [mem 0x00000000fed1c000-0x00000000fed1ffff] reserved
[    0.000000] BIOS-e820: [mem 0x00000000ffd20000-0x00000000ffd4ffff] reserved
[    0.000000] BIOS-e820: [mem 0x0000000100000000-0x000000037fffffff] usable
[    0.000000] NX (Execute Disable) protection: active
[    0.000000] efi: EFI v1.10 by Apple
[    0.000000] efi:  ACPI 2.0=0x7f5ae014  SMBIOS=0x7f4ae000 
[    0.000000] secureboot: Secure boot could not be determined (mode 0)
[    0.000000] SMBIOS 2.4 present.
[    0.000000] DMI: Apple Inc. MacPro4,1/Mac-F221BEC8, BIOS     MP41.88Z.0081.B07.0910130729 10/13/09
[    0.000000] e820: update [mem 0x00000000-0x00000fff] usable ==> reserved
[    0.000000] e820: remove [mem 0x000a0000-0x000fffff] usable
[    0.000000] e820: last_pfn = 0x380000 max_arch_pfn = 0x400000000
[    0.000000] MTRR default type: write-back
[    0.000000] MTRR fixed ranges enabled:
[    0.000000]   00000-9FFFF write-back
[    0.000000]   A0000-BFFFF uncachable
[    0.000000]   C0000-DFFFF write-protect
[    0.000000]   E0000-FFFFF uncachable
[    0.000000] MTRR variable ranges enabled:
[    0.000000]   0 base 080000000 mask F80000000 uncachable
[    0.000000]   1 disabled
[    0.000000]   2 disabled
[    0.000000]   3 disabled
[    0.000000]   4 disabled
[    0.000000]   5 disabled
[    0.000000]   6 disabled
[    0.000000]   7 disabled
[    0.000000] x86/PAT: Configuration [0-7]: WB  WC  UC- UC  WB  WP  UC- WT  
[    0.000000] e820: last_pfn = 0x7f7ff max_arch_pfn = 0x400000000
[    0.000000] Scanning 1 areas for low memory corruption
[    0.000000] Base memory trampoline at [        (ptrval)] 99000 size 24576
[    0.000000] Kernel/User page tables isolation: disabled on command line.
[    0.000000] BRK [0x3eb3f000, 0x3eb3ffff] PGTABLE
[    0.000000] BRK [0x3eb40000, 0x3eb40fff] PGTABLE
[    0.000000] BRK [0x3eb41000, 0x3eb41fff] PGTABLE
[    0.000000] BRK [0x3eb42000, 0x3eb42fff] PGTABLE
[    0.000000] BRK [0x3eb43000, 0x3eb43fff] PGTABLE
[    0.000000] BRK [0x3eb44000, 0x3eb44fff] PGTABLE
[    0.000000] BRK [0x3eb45000, 0x3eb45fff] PGTABLE
[    0.000000] BRK [0x3eb46000, 0x3eb46fff] PGTABLE
[    0.000000] BRK [0x3eb47000, 0x3eb47fff] PGTABLE
[    0.000000] BRK [0x3eb48000, 0x3eb48fff] PGTABLE
[    0.000000] BRK [0x3eb49000, 0x3eb49fff] PGTABLE
[    0.000000] BRK [0x3eb4a000, 0x3eb4afff] PGTABLE
[    0.000000] RAMDISK: [mem 0x31223000-0x34908fff]
[    0.000000] ACPI: Early table checksum verification disabled
[    0.000000] ACPI: RSDP 0x000000007F5AE014 000024 (v02 APPLE )
[    0.000000] ACPI: XSDT 0x000000007F5AE1C0 000064 (v01 APPLE  Apple00  00000081      01000013)
[    0.000000] ACPI: FACP 0x000000007F5AB000 0000F4 (v04 APPLE  Apple00  00000081 Loki 0000005F)
[    0.000000] ACPI BIOS Warning (bug): Invalid length for FADT/Pm1aControlBlock: 32, using default 16 (20170831/tbfadt-708)
[    0.000000] ACPI: DSDT 0x000000007F5A2000 0041DD (v01 APPLE  Apple00  00040001 Loki 0000005F)
[    0.000000] ACPI: FACS 0x000000007F4AC000 000040
[    0.000000] ACPI: FACS 0x000000007F4AC000 000040
[    0.000000] ACPI: ECDT 0x000000007F5AD000 000053 (v01 APPLE  Apple00  00000001 Loki 0000005F)
[    0.000000] ACPI: HPET 0x000000007F5AA000 000038 (v01 APPLE  Apple00  00000001 Loki 0000005F)
[    0.000000] ACPI: APIC 0x000000007F5A8000 000138 (v02 APPLE  Apple00  00000000 Loki 0000005F)
[    0.000000] ACPI: MCFG 0x000000007F5A7000 00003C (v01 APPLE  Apple00  00000001 Loki 0000005F)
[    0.000000] ACPI: SSDT 0x000000007F594000 00DFB4 (v01 PmRef  CpuPPM   00003000 INTL 20061109)
[    0.000000] ACPI: SSDT 0x000000007F593000 0001E4 (v01 SataRe SataAhci 00001000 INTL 20061109)
[    0.000000] ACPI: DMAR 0x000000007F592000 000068 (v01 APPLE  Apple00  00000001 Loki 0000005F)
[    0.000000] ACPI: DMI detected to setup _OSI("Darwin"): Apple hardware
[    0.000000] ACPI: Local APIC address 0xfee00000
[    0.000000] No NUMA configuration found
[    0.000000] Faking a node at [mem 0x0000000000000000-0x000000037fffffff]
[    0.000000] NODE_DATA(0) allocated [mem 0x37ffd0000-0x37fffafff]
[    0.000000] tsc: Fast TSC calibration using PIT
[    0.000000] Zone ranges:
[    0.000000]   DMA      [mem 0x0000000000001000-0x0000000000ffffff]
[    0.000000]   DMA32    [mem 0x0000000001000000-0x00000000ffffffff]
[    0.000000]   Normal   [mem 0x0000000100000000-0x000000037fffffff]
[    0.000000]   Device   empty
[    0.000000] Movable zone start for each node
[    0.000000] Early memory node ranges
[    0.000000]   node   0: [mem 0x0000000000001000-0x000000000008efff]
[    0.000000]   node   0: [mem 0x0000000000090000-0x000000000009ffff]
[    0.000000]   node   0: [mem 0x0000000000100000-0x000000007f49efff]
[    0.000000]   node   0: [mem 0x000000007f4ad000-0x000000007f4adfff]
[    0.000000]   node   0: [mem 0x000000007f55f000-0x000000007f591fff]
[    0.000000]   node   0: [mem 0x000000007f5af000-0x000000007f682fff]
[    0.000000]   node   0: [mem 0x000000007f6af000-0x000000007f78dfff]
[    0.000000]   node   0: [mem 0x000000007f7af000-0x000000007f7fefff]
[    0.000000]   node   0: [mem 0x0000000100000000-0x000000037fffffff]
[    0.000000] Reserved but unavailable: 2444 pages
[    0.000000] Initmem setup node 0 [mem 0x0000000000001000-0x000000037fffffff]
[    0.000000] On node 0 totalpages: 3143284
[    0.000000]   DMA zone: 64 pages used for memmap
[    0.000000]   DMA zone: 24 pages reserved
[    0.000000]   DMA zone: 3998 pages, LIFO batch:0
[    0.000000]   DMA32 zone: 8092 pages used for memmap
[    0.000000]   DMA32 zone: 517846 pages, LIFO batch:31
[    0.000000]   Normal zone: 40960 pages used for memmap
[    0.000000]   Normal zone: 2621440 pages, LIFO batch:31
[    0.000000] ACPI: PM-Timer IO Port: 0x408
[    0.000000] ACPI: Local APIC address 0xfee00000
[    0.000000] ACPI: LAPIC_NMI (acpi_id[0x00] high level lint[0x1])
[    0.000000] ACPI: LAPIC_NMI (acpi_id[0x01] high level lint[0x1])
[    0.000000] ACPI: LAPIC_NMI (acpi_id[0x02] high level lint[0x1])
[    0.000000] ACPI: LAPIC_NMI (acpi_id[0x03] high level lint[0x1])
[    0.000000] ACPI: LAPIC_NMI (acpi_id[0x04] high level lint[0x1])
[    0.000000] ACPI: LAPIC_NMI (acpi_id[0x05] high level lint[0x1])
[    0.000000] ACPI: LAPIC_NMI (acpi_id[0x06] high level lint[0x1])
[    0.000000] ACPI: LAPIC_NMI (acpi_id[0x07] high level lint[0x1])
[    0.000000] ACPI: LAPIC_NMI (acpi_id[0x08] high level lint[0x1])
[    0.000000] ACPI: LAPIC_NMI (acpi_id[0x09] high level lint[0x1])
[    0.000000] ACPI: LAPIC_NMI (acpi_id[0x0a] high level lint[0x1])
[    0.000000] ACPI: LAPIC_NMI (acpi_id[0x0b] high level lint[0x1])
[    0.000000] ACPI: LAPIC_NMI (acpi_id[0x0c] high level lint[0x1])
[    0.000000] ACPI: LAPIC_NMI (acpi_id[0x0d] high level lint[0x1])
[    0.000000] ACPI: LAPIC_NMI (acpi_id[0x0e] high level lint[0x1])
[    0.000000] ACPI: LAPIC_NMI (acpi_id[0x0f] high level lint[0x1])
[    0.000000] IOAPIC[0]: apic_id 8, version 32, address 0xfec00000, GSI 0-23
[    0.000000] ACPI: INT_SRC_OVR (bus 0 bus_irq 0 global_irq 2 dfl dfl)
[    0.000000] ACPI: INT_SRC_OVR (bus 0 bus_irq 9 global_irq 9 high level)
[    0.000000] ACPI: IRQ0 used by override.
[    0.000000] ACPI: IRQ9 used by override.
[    0.000000] Using ACPI (MADT) for SMP configuration information
[    0.000000] ACPI: HPET id: 0x8086a201 base: 0xfed00000
[    0.000000] smpboot: Allowing 16 CPUs, 8 hotplug CPUs
[    0.000000] PM: Registered nosave memory: [mem 0x00000000-0x00000fff]
[    0.000000] PM: Registered nosave memory: [mem 0x0008f000-0x0008ffff]
[    0.000000] PM: Registered nosave memory: [mem 0x000a0000-0x000fffff]
[    0.000000] PM: Registered nosave memory: [mem 0x7f49f000-0x7f4acfff]
[    0.000000] PM: Registered nosave memory: [mem 0x7f4ae000-0x7f55efff]
[    0.000000] PM: Registered nosave memory: [mem 0x7f592000-0x7f5aefff]
[    0.000000] PM: Registered nosave memory: [mem 0x7f683000-0x7f6aefff]
[    0.000000] PM: Registered nosave memory: [mem 0x7f78e000-0x7f7aefff]
[    0.000000] PM: Registered nosave memory: [mem 0x7f7ff000-0x7fffffff]
[    0.000000] PM: Registered nosave memory: [mem 0x80000000-0xfed1bfff]
[    0.000000] PM: Registered nosave memory: [mem 0xfed1c000-0xfed1ffff]
[    0.000000] PM: Registered nosave memory: [mem 0xfed20000-0xffd1ffff]
[    0.000000] PM: Registered nosave memory: [mem 0xffd20000-0xffd4ffff]
[    0.000000] PM: Registered nosave memory: [mem 0xffd50000-0xffffffff]
[    0.000000] e820: [mem 0x80000000-0xfed1bfff] available for PCI devices
[    0.000000] Booting paravirtualized kernel on bare hardware
[    0.000000] clocksource: refined-jiffies: mask: 0xffffffff max_cycles: 0xffffffff, max_idle_ns: 7645519600211568 ns
[    0.000000] random: get_random_bytes called from start_kernel+0x99/0x4fd with crng_init=0
[    0.000000] setup_percpu: NR_CPUS:8192 nr_cpumask_bits:16 nr_cpu_ids:16 nr_node_ids:1
[    0.000000] percpu: Embedded 46 pages/cpu @        (ptrval) s151552 r8192 d28672 u262144
[    0.000000] pcpu-alloc: s151552 r8192 d28672 u262144 alloc=1*2097152
[    0.000000] pcpu-alloc: [0] 00 01 02 03 04 05 06 07 [0] 08 09 10 11 12 13 14 15 
[    0.000000] Built 1 zonelists, mobility grouping on.  Total pages: 3094144
[    0.000000] Policy zone: Normal
[    0.000000] Kernel command line: BOOT_IMAGE=/boot/vmlinuz-4.15.0-55-generic root=UUID=a533a429-4f8a-4e7e-8782-f88e1f453515 ro pti=off pti=off
[    0.000000] Calgary: detecting Calgary via BIOS EBDA area
[    0.000000] Calgary: Unable to locate Rio Grande table in EBDA - bailing!
[    0.000000] Memory: 12181600K/12573136K available (12300K kernel code, 2473K rwdata, 4276K rodata, 2408K init, 2416K bss, 391536K reserved, 0K cma-reserved)
[    0.000000] SLUB: HWalign=64, Order=0-3, MinObjects=0, CPUs=16, Nodes=1
[    0.000000] ftrace: allocating 39219 entries in 154 pages
[    0.000000] Hierarchical RCU implementation.
[    0.000000] 	RCU restricting CPUs from NR_CPUS=8192 to nr_cpu_ids=16.
[    0.000000] 	Tasks RCU enabled.
[    0.000000] RCU: Adjusting geometry for rcu_fanout_leaf=16, nr_cpu_ids=16
[    0.000000] NR_IRQS: 524544, nr_irqs: 552, preallocated irqs: 16
[    0.000000] Console: colour dummy device 80x25
[    0.000000] console [tty0] enabled
[    0.000000] ACPI: Core revision 20170831
[    0.000000] ACPI: 3 ACPI AML tables successfully acquired and loaded
[    0.000000] clocksource: hpet: mask: 0xffffffff max_cycles: 0xffffffff, max_idle_ns: 133484882848 ns
[    0.000000] hpet clockevent registered
[    0.000000] APIC: Switch to symmetric I/O mode setup
[    0.000000] DMAR-IR: This system BIOS has enabled interrupt remapping
               on a chipset that contains an erratum making that
               feature unstable.  To maintain system stability
               interrupt remapping is being disabled.  Please
               contact your BIOS vendor for an update
[    0.000000] Switched APIC routing to physical flat.
[    0.000000] ..TIMER: vector=0x30 apic1=0 pin1=2 apic2=-1 pin2=-1
[    0.020000] tsc: Fast TSC calibration using PIT
[    0.024000] tsc: Detected 2660.243 MHz processor
[    0.024000] Calibrating delay loop (skipped), value calculated using timer frequency.. 5320.48 BogoMIPS (lpj=10640972)
[    0.024000] pid_max: default: 32768 minimum: 301
[    0.029825] Security Framework initialized
[    0.029829] Yama: becoming mindful.
[    0.029857] AppArmor: AppArmor initialized
[    0.032398] Dentry cache hash table entries: 2097152 (order: 12, 16777216 bytes)
[    0.033682] Inode-cache hash table entries: 1048576 (order: 11, 8388608 bytes)
[    0.033746] Mount-cache hash table entries: 32768 (order: 6, 262144 bytes)
[    0.033790] Mountpoint-cache hash table entries: 32768 (order: 6, 262144 bytes)
[    0.034019] Disabled fast string operations
[    0.034033] mce: CPU supports 9 MCE banks
[    0.034040] CPU0: Thermal monitoring enabled (TM1)
[    0.034050] process: using mwait in idle threads
[    0.034054] Last level iTLB entries: 4KB 512, 2MB 7, 4MB 7
[    0.034057] Last level dTLB entries: 4KB 512, 2MB 32, 4MB 32, 1GB 0
[    0.034060] Spectre V2 : Mitigation: Full generic retpoline
[    0.034062] Spectre V2 : Spectre v2 / SpectreRSB mitigation: Filling RSB on context switch
[    0.034065] Spectre V2 : Enabling Restricted Speculation for firmware calls
[    0.034075] Spectre V2 : mitigation: Enabling conditional Indirect Branch Prediction Barrier
[    0.034078] Spectre V2 : User space: Mitigation: STIBP via seccomp and prctl
[    0.034081] Speculative Store Bypass: Mitigation: Speculative Store Bypass disabled via prctl and seccomp
[    0.034109] MDS: Vulnerable: Clear CPU buffers attempted, no microcode
[    0.034205] Freeing SMP alternatives memory: 36K
[    0.040000] smpboot: CPU0: Intel(R) Xeon(R) CPU           W3520  @ 2.67GHz (family: 0x6, model: 0x1a, stepping: 0x5)
[    0.040000] Performance Events: PEBS fmt1+, Nehalem events, 16-deep LBR, Intel PMU driver.
[    0.040000] core: CPU erratum AAJ80 worked around
[    0.040000] core: CPUID marked event: 'bus cycles' unavailable
[    0.040000] ... version:                3
[    0.040000] ... bit width:              48
[    0.040000] ... generic registers:      4
[    0.040000] ... value mask:             0000ffffffffffff
[    0.040000] ... max period:             000000007fffffff
[    0.040000] ... fixed-purpose events:   3
[    0.040000] ... event mask:             000000070000000f
[    0.040000] Hierarchical SRCU implementation.
[    0.040000] smp: Bringing up secondary CPUs ...
[    0.040000] x86: Booting SMP configuration:
[    0.040000] .... node  #0, CPUs:        #1
[    0.004000] Disabled fast string operations
[    0.040467] NMI watchdog: Enabled. Permanently consumes one hw-PMU counter.
[    0.040502]   #2
[    0.004000] Disabled fast string operations
[    0.044121]   #3
[    0.004000] Disabled fast string operations
[    0.047056]   #4
[    0.004000] Disabled fast string operations
[    0.050290] MDS CPU bug present and SMT on, data leak possible. See https://www.kernel.org/doc/html/latest/admin-guide/hw-vuln/mds.html for more details.
[    0.050290]   #5
[    0.004000] Disabled fast string operations
[    0.052118]   #6
[    0.004000] Disabled fast string operations
[    0.054448]   #7
[    0.004000] Disabled fast string operations
[    0.058044] smp: Brought up 1 node, 8 CPUs
[    0.058044] smpboot: Max logical packages: 2
[    0.058044] smpboot: Total of 8 processors activated (42563.88 BogoMIPS)
[    0.064350] devtmpfs: initialized
[    0.064350] x86/mm: Memory block size: 128MB
[    0.065122] evm: security.selinux
[    0.065125] evm: security.SMACK64
[    0.065127] evm: security.SMACK64EXEC
[    0.065129] evm: security.SMACK64TRANSMUTE
[    0.065131] evm: security.SMACK64MMAP
[    0.065132] evm: security.apparmor
[    0.065134] evm: security.ima
[    0.065136] evm: security.capability
[    0.065156] PM: Registering ACPI NVS region [mem 0x0008f000-0x0008ffff] (4096 bytes)
[    0.065156] PM: Registering ACPI NVS region [mem 0x7f49f000-0x7f4acfff] (57344 bytes)
[    0.065156] PM: Registering ACPI NVS region [mem 0x7f4ae000-0x7f55efff] (724992 bytes)
[    0.065156] clocksource: jiffies: mask: 0xffffffff max_cycles: 0xffffffff, max_idle_ns: 7645041785100000 ns
[    0.065156] futex hash table entries: 4096 (order: 6, 262144 bytes)
[    0.065156] pinctrl core: initialized pinctrl subsystem
[    0.065156] RTC time: 23:29:21, date: 08/09/19
[    0.065156] NET: Registered protocol family 16
[    0.065156] audit: initializing netlink subsys (disabled)
[    0.065156] audit: type=2000 audit(1565393360.064:1): state=initialized audit_enabled=0 res=1
[    0.065156] cpuidle: using governor ladder
[    0.065156] cpuidle: using governor menu
[    0.065156] ACPI FADT declares the system doesn't support PCIe ASPM, so disable it
[    0.065156] ACPI: bus type PCI registered
[    0.065156] acpiphp: ACPI Hot Plug PCI Controller Driver version: 0.5
[    0.065156] PCI: MMCONFIG for domain 0000 [bus 00-ff] at [mem 0xe0000000-0xefffffff] (base 0xe0000000)
[    0.065156] PCI: not using MMCONFIG
[    0.065156] PCI: Using configuration type 1 for base access
[    0.068045] HugeTLB registered 2.00 MiB page size, pre-allocated 0 pages
[    0.068095] ACPI: Disabled all _OSI OS vendors
[    0.068099] ACPI: Added _OSI(Module Device)
[    0.068102] ACPI: Added _OSI(Processor Device)
[    0.068104] ACPI: Added _OSI(3.0 _SCP Extensions)
[    0.068107] ACPI: Added _OSI(Processor Aggregator Device)
[    0.068109] ACPI: Added _OSI(Linux-Dell-Video)
[    0.068112] ACPI: Added _OSI(Linux-Lenovo-NV-HDMI-Audio)
[    0.068114] ACPI: Added _OSI(Linux-HPI-Hybrid-Graphics)
[    0.068117] ACPI: Added _OSI(Darwin)
[    0.068121] ACPI: EC: EC started
[    0.068123] ACPI: EC: interrupt blocked
[    0.069322] ACPI: \: Used as first EC
[    0.069326] ACPI: \: GPE=0x17, EC_CMD/EC_SC=0x66, EC_DATA=0x62
[    0.069329] ACPI: \: Used as boot ECDT EC to handle transactions
[    0.082338] ACPI: BIOS _OSI(Darwin) query honored via DMI
[    0.084168] ACPI: Interpreter enabled
[    0.084192] ACPI: (supports S0 S1 S3 S4 S5)
[    0.084195] ACPI: Using IOAPIC for interrupt routing
[    0.084226] PCI: MMCONFIG for domain 0000 [bus 00-ff] at [mem 0xe0000000-0xefffffff] (base 0xe0000000)
[    0.084399] PCI: MMCONFIG at [mem 0xe0000000-0xefffffff] reserved in ACPI motherboard resources
[    0.084416] PCI: Using host bridge windows from ACPI; if necessary, use "pci=nocrs" and report a bug
[    0.084626] ACPI: GPE 0x16 active on init
[    0.088001] ACPI: Enabled 13 GPEs in block 00 to 3F
[    0.091950] ACPI: PCI Root Bridge [PCI0] (domain 0000 [bus 00-fd])
[    0.091958] acpi PNP0A08:00: _OSC: OS assumes control of [PCIeHotplug SHPCHotplug AER PCIeCapability]
[    0.092524] PCI host bridge to bus 0000:00
[    0.092530] pci_bus 0000:00: root bus resource [io  0x0000-0x0cf7 window]
[    0.092533] pci_bus 0000:00: root bus resource [io  0x0d00-0xffff window]
[    0.092537] pci_bus 0000:00: root bus resource [mem 0x000a0000-0x000bffff window]
[    0.092541] pci_bus 0000:00: root bus resource [mem 0x000c4000-0x000cbfff window]
[    0.092544] pci_bus 0000:00: root bus resource [mem 0x80000000-0xdfffffff window]
[    0.092548] pci_bus 0000:00: root bus resource [bus 00-fd]
[    0.092562] pci 0000:00:00.0: [8086:3405] type 00 class 0x060000
[    0.092596] pci 0000:00:00.0: enabling Extended Tags
[    0.092634] pci 0000:00:00.0: PME# supported from D0 D3hot D3cold
[    0.092730] pci 0000:00:01.0: [8086:3408] type 01 class 0x060400
[    0.092760] pci 0000:00:01.0: enabling Extended Tags
[    0.092801] pci 0000:00:01.0: PME# supported from D0 D3hot D3cold
[    0.092897] pci 0000:00:03.0: [8086:340a] type 01 class 0x060400
[    0.092927] pci 0000:00:03.0: enabling Extended Tags
[    0.092967] pci 0000:00:03.0: PME# supported from D0 D3hot D3cold
[    0.093062] pci 0000:00:07.0: [8086:340e] type 01 class 0x060400
[    0.093092] pci 0000:00:07.0: enabling Extended Tags
[    0.093133] pci 0000:00:07.0: PME# supported from D0 D3hot D3cold
[    0.093227] pci 0000:00:0d.0: [8086:343a] type 00 class 0x060000
[    0.093357] pci 0000:00:0d.1: [8086:343b] type 00 class 0x060000
[    0.093484] pci 0000:00:0d.2: [8086:343c] type 00 class 0x060000
[    0.093606] pci 0000:00:0d.3: [8086:343d] type 00 class 0x060000
[    0.093730] pci 0000:00:0d.4: [8086:3418] type 00 class 0x060000
[    0.093852] pci 0000:00:0d.5: [8086:3419] type 00 class 0x060000
[    0.093973] pci 0000:00:0d.6: [8086:341a] type 00 class 0x060000
[    0.094095] pci 0000:00:0d.7: [8086:341b] type 00 class 0x060000
[    0.094215] pci 0000:00:0e.0: [8086:341c] type 00 class 0x060000
[    0.094341] pci 0000:00:0e.1: [8086:341d] type 00 class 0x060000
[    0.094463] pci 0000:00:0e.2: [8086:341e] type 00 class 0x060000
[    0.094585] pci 0000:00:0e.3: [8086:341f] type 00 class 0x060000
[    0.094707] pci 0000:00:0e.4: [8086:3439] type 00 class 0x060000
[    0.094828] pci 0000:00:0f.0: [8086:3424] type 00 class 0x110100
[    0.094955] pci 0000:00:10.0: [8086:3425] type 00 class 0x080000
[    0.095068] pci 0000:00:10.1: [8086:3426] type 00 class 0x080000
[    0.095178] pci 0000:00:11.0: [8086:3427] type 00 class 0x080000
[    0.095290] pci 0000:00:11.1: [8086:3428] type 00 class 0x080000
[    0.095399] pci 0000:00:13.0: [8086:342d] type 00 class 0x080020
[    0.095411] pci 0000:00:13.0: reg 0x10: [mem 0xa5527000-0xa5527fff]
[    0.095451] pci 0000:00:13.0: PME# supported from D0 D3hot D3cold
[    0.095531] pci 0000:00:14.0: [8086:342e] type 00 class 0x080000
[    0.095656] pci 0000:00:14.1: [8086:3422] type 00 class 0x080000
[    0.095779] pci 0000:00:14.2: [8086:3423] type 00 class 0x080000
[    0.095900] pci 0000:00:14.3: [8086:3438] type 00 class 0x080000
[    0.096010] pci 0000:00:15.0: [8086:342f] type 00 class 0x080020
[    0.096121] pci 0000:00:16.0: [8086:3430] type 00 class 0x088000
[    0.096136] pci 0000:00:16.0: reg 0x10: [mem 0xa5500000-0xa5503fff 64bit]
[    0.096257] pci 0000:00:16.1: [8086:3431] type 00 class 0x088000
[    0.096271] pci 0000:00:16.1: reg 0x10: [mem 0xa5504000-0xa5507fff 64bit]
[    0.096393] pci 0000:00:16.2: [8086:3432] type 00 class 0x088000
[    0.096408] pci 0000:00:16.2: reg 0x10: [mem 0xa5508000-0xa550bfff 64bit]
[    0.096528] pci 0000:00:16.3: [8086:3433] type 00 class 0x088000
[    0.096543] pci 0000:00:16.3: reg 0x10: [mem 0xa550c000-0xa550ffff 64bit]
[    0.096668] pci 0000:00:16.4: [8086:3429] type 00 class 0x088000
[    0.096682] pci 0000:00:16.4: reg 0x10: [mem 0xa5510000-0xa5513fff 64bit]
[    0.096803] pci 0000:00:16.5: [8086:342a] type 00 class 0x088000
[    0.096818] pci 0000:00:16.5: reg 0x10: [mem 0xa5514000-0xa5517fff 64bit]
[    0.096940] pci 0000:00:16.6: [8086:342b] type 00 class 0x088000
[    0.096954] pci 0000:00:16.6: reg 0x10: [mem 0xa5518000-0xa551bfff 64bit]
[    0.097075] pci 0000:00:16.7: [8086:342c] type 00 class 0x088000
[    0.097090] pci 0000:00:16.7: reg 0x10: [mem 0xa551c000-0xa551ffff 64bit]
[    0.097212] pci 0000:00:1a.0: [8086:3a37] type 00 class 0x0c0300
[    0.097255] pci 0000:00:1a.0: reg 0x20: [io  0x50e0-0x50ff]
[    0.097371] pci 0000:00:1a.1: [8086:3a38] type 00 class 0x0c0300
[    0.097413] pci 0000:00:1a.1: reg 0x20: [io  0x50c0-0x50df]
[    0.097527] pci 0000:00:1a.2: [8086:3a39] type 00 class 0x0c0300
[    0.097569] pci 0000:00:1a.2: reg 0x20: [io  0x50a0-0x50bf]
[    0.097692] pci 0000:00:1a.7: [8086:3a3c] type 00 class 0x0c0320
[    0.097713] pci 0000:00:1a.7: reg 0x10: [mem 0xa5526000-0xa55263ff]
[    0.097793] pci 0000:00:1a.7: PME# supported from D0 D3hot D3cold
[    0.097948] pci 0000:00:1b.0: [8086:3a3e] type 00 class 0x040300
[    0.097967] pci 0000:00:1b.0: reg 0x10: [mem 0xa5520000-0xa5523fff 64bit]
[    0.098030] pci 0000:00:1b.0: PME# supported from D0 D3hot D3cold
[    0.098123] pci 0000:00:1c.0: [8086:3a40] type 01 class 0x060400
[    0.098193] pci 0000:00:1c.0: PME# supported from D0 D3hot D3cold
[    0.098286] pci 0000:00:1c.1: [8086:3a42] type 01 class 0x060400
[    0.098356] pci 0000:00:1c.1: PME# supported from D0 D3hot D3cold
[    0.098442] pci 0000:00:1c.2: [8086:3a44] type 01 class 0x060400
[    0.098516] pci 0000:00:1c.2: PME# supported from D0 D3hot D3cold
[    0.098610] pci 0000:00:1c.3: [8086:3a46] type 01 class 0x060400
[    0.098683] pci 0000:00:1c.3: PME# supported from D0 D3hot D3cold
[    0.098776] pci 0000:00:1c.4: [8086:3a48] type 01 class 0x060400
[    0.098850] pci 0000:00:1c.4: PME# supported from D0 D3hot D3cold
[    0.098942] pci 0000:00:1c.5: [8086:3a4a] type 01 class 0x060400
[    0.099015] pci 0000:00:1c.5: PME# supported from D0 D3hot D3cold
[    0.099108] pci 0000:00:1d.0: [8086:3a34] type 00 class 0x0c0300
[    0.099151] pci 0000:00:1d.0: reg 0x20: [io  0x5080-0x509f]
[    0.099268] pci 0000:00:1d.1: [8086:3a35] type 00 class 0x0c0300
[    0.099311] pci 0000:00:1d.1: reg 0x20: [io  0x5060-0x507f]
[    0.099426] pci 0000:00:1d.2: [8086:3a36] type 00 class 0x0c0300
[    0.099468] pci 0000:00:1d.2: reg 0x20: [io  0x5040-0x505f]
[    0.099591] pci 0000:00:1d.7: [8086:3a3a] type 00 class 0x0c0320
[    0.099612] pci 0000:00:1d.7: reg 0x10: [mem 0xa5525000-0xa55253ff]
[    0.099692] pci 0000:00:1d.7: PME# supported from D0 D3hot D3cold
[    0.099839] pci 0000:00:1e.0: [8086:244e] type 01 class 0x060401
[    0.099960] pci 0000:00:1f.0: [8086:3a18] type 00 class 0x060100
[    0.100142] pci 0000:00:1f.2: [8086:3a22] type 00 class 0x010601
[    0.100160] pci 0000:00:1f.2: reg 0x10: [io  0x5138-0x513f]
[    0.100167] pci 0000:00:1f.2: reg 0x14: [io  0x514c-0x514f]
[    0.100174] pci 0000:00:1f.2: reg 0x18: [io  0x5130-0x5137]
[    0.100180] pci 0000:00:1f.2: reg 0x1c: [io  0x5148-0x514b]
[    0.100187] pci 0000:00:1f.2: reg 0x20: [io  0x5020-0x503f]
[    0.100195] pci 0000:00:1f.2: reg 0x24: [mem 0xa5528000-0xa55287ff]
[    0.100235] pci 0000:00:1f.2: PME# supported from D3hot
[    0.100318] pci 0000:00:1f.3: [8086:3a30] type 00 class 0x0c0500
[    0.100335] pci 0000:00:1f.3: reg 0x10: [mem 0xa5524000-0xa55240ff 64bit]
[    0.100354] pci 0000:00:1f.3: reg 0x20: [io  0x5000-0x501f]
[    0.100504] pci 0000:01:00.0: [111d:8061] type 01 class 0x060400
[    0.100549] pci 0000:01:00.0: enabling Extended Tags
[    0.100599] pci 0000:01:00.0: PME# supported from D0 D3hot D3cold
[    0.100669] pci 0000:00:01.0: PCI bridge to [bus 01-04]
[    0.100747] pci 0000:02:02.0: [111d:8061] type 01 class 0x060400
[    0.100786] pci 0000:02:02.0: enabling Extended Tags
[    0.100842] pci 0000:02:02.0: PME# supported from D0 D3hot D3cold
[    0.100911] pci 0000:02:04.0: [111d:8061] type 01 class 0x060400
[    0.100950] pci 0000:02:04.0: enabling Extended Tags
[    0.101007] pci 0000:02:04.0: PME# supported from D0 D3hot D3cold
[    0.101084] pci 0000:01:00.0: PCI bridge to [bus 02-04]
[    0.101156] pci 0000:02:02.0: PCI bridge to [bus 03]
[    0.101227] pci 0000:02:04.0: PCI bridge to [bus 04]
[    0.101319] pci 0000:05:00.0: [10de:1381] type 00 class 0x030000
[    0.101339] pci 0000:05:00.0: reg 0x10: [mem 0xa4000000-0xa4ffffff]
[    0.101348] pci 0000:05:00.0: reg 0x14: [mem 0x80000000-0x8fffffff 64bit pref]
[    0.101357] pci 0000:05:00.0: reg 0x1c: [mem 0x90000000-0x91ffffff 64bit pref]
[    0.101363] pci 0000:05:00.0: reg 0x24: [io  0x4000-0x407f]
[    0.101369] pci 0000:05:00.0: reg 0x30: [mem 0xa5000000-0xa507ffff pref]
[    0.101484] pci 0000:05:00.1: [10de:0fbc] type 00 class 0x040300
[    0.101499] pci 0000:05:00.1: reg 0x10: [mem 0xa5080000-0xa5083fff]
[    0.101616] pci 0000:00:03.0: PCI bridge to [bus 05]
[    0.101621] pci 0000:00:03.0:   bridge window [io  0x4000-0x4fff]
[    0.101624] pci 0000:00:03.0:   bridge window [mem 0xa4000000-0xa50fffff]
[    0.101628] pci 0000:00:03.0:   bridge window [mem 0x80000000-0x91ffffff 64bit pref]
[    0.101694] pci 0000:06:00.0: [10de:0640] type 00 class 0x030000
[    0.101714] pci 0000:06:00.0: reg 0x10: [mem 0xa2000000-0xa2ffffff]
[    0.101725] pci 0000:06:00.0: reg 0x14: [mem 0x98000000-0x9fffffff 64bit pref]
[    0.101736] pci 0000:06:00.0: reg 0x1c: [mem 0xa0000000-0xa1ffffff 64bit]
[    0.101744] pci 0000:06:00.0: reg 0x24: [io  0x3000-0x307f]
[    0.101751] pci 0000:06:00.0: reg 0x30: [mem 0xa3000000-0xa307ffff pref]
[    0.101758] pci 0000:06:00.0: enabling Extended Tags
[    0.101771] pci 0000:06:00.0: BAR 1: assigned to efifb
[    0.101867] pci 0000:00:07.0: PCI bridge to [bus 06]
[    0.101872] pci 0000:00:07.0:   bridge window [io  0x3000-0x3fff]
[    0.101875] pci 0000:00:07.0:   bridge window [mem 0xa0000000-0xa30fffff]
[    0.101879] pci 0000:00:07.0:   bridge window [mem 0x98000000-0x9fffffff 64bit pref]
[    0.101917] pci 0000:00:1c.0: PCI bridge to [bus 07]
[    0.101963] pci 0000:00:1c.1: PCI bridge to [bus 08]
[    0.102046] pci 0000:09:00.0: [8086:10f6] type 00 class 0x020000
[    0.102087] pci 0000:09:00.0: reg 0x10: [mem 0xa5400000-0xa541ffff]
[    0.102103] pci 0000:09:00.0: reg 0x14: [mem 0xa5420000-0xa542ffff]
[    0.102120] pci 0000:09:00.0: reg 0x18: [io  0x2000-0x201f]
[    0.102136] pci 0000:09:00.0: reg 0x1c: [mem 0xa5430000-0xa5433fff]
[    0.102183] pci 0000:09:00.0: reg 0x30: [mem 0xfffc0000-0xffffffff pref]
[    0.102290] pci 0000:09:00.0: PME# supported from D0 D3hot
[    0.116022] pci 0000:00:1c.2: PCI bridge to [bus 09]
[    0.116028] pci 0000:00:1c.2:   bridge window [io  0x2000-0x2fff]
[    0.116031] pci 0000:00:1c.2:   bridge window [mem 0xa5400000-0xa54fffff]
[    0.116112] pci 0000:0a:00.0: [8086:10f6] type 00 class 0x020000
[    0.116152] pci 0000:0a:00.0: reg 0x10: [mem 0xa5300000-0xa531ffff]
[    0.116169] pci 0000:0a:00.0: reg 0x14: [mem 0xa5320000-0xa532ffff]
[    0.116185] pci 0000:0a:00.0: reg 0x18: [io  0x1000-0x101f]
[    0.116202] pci 0000:0a:00.0: reg 0x1c: [mem 0xa5330000-0xa5333fff]
[    0.116248] pci 0000:0a:00.0: reg 0x30: [mem 0xfffc0000-0xffffffff pref]
[    0.116354] pci 0000:0a:00.0: PME# supported from D0 D3hot
[    0.132022] pci 0000:00:1c.3: PCI bridge to [bus 0a]
[    0.132029] pci 0000:00:1c.3:   bridge window [io  0x1000-0x1fff]
[    0.132032] pci 0000:00:1c.3:   bridge window [mem 0xa5300000-0xa53fffff]
[    0.132110] pci 0000:0b:00.0: [104c:823e] type 01 class 0x060400
[    0.132243] pci 0000:0b:00.0: supports D1 D2
[    0.148017] pci 0000:00:1c.4: PCI bridge to [bus 0b-0c]
[    0.148025] pci 0000:00:1c.4:   bridge window [mem 0xa5200000-0xa52fffff]
[    0.148113] pci 0000:0c:00.0: [104c:823f] type 00 class 0x0c0010
[    0.148145] pci 0000:0c:00.0: reg 0x10: [mem 0xa5204000-0xa52047ff]
[    0.148159] pci 0000:0c:00.0: reg 0x14: [mem 0xa5200000-0xa5203fff]
[    0.148267] pci 0000:0c:00.0: supports D1 D2
[    0.148269] pci 0000:0c:00.0: PME# supported from D0 D1 D2 D3hot
[    0.148425] pci 0000:0b:00.0: PCI bridge to [bus 0c]
[    0.148439] pci 0000:0b:00.0:   bridge window [mem 0xa5200000-0xa52fffff]
[    0.148536] pci 0000:0d:00.0: [14e4:432b] type 00 class 0x028000
[    0.148570] pci 0000:0d:00.0: reg 0x10: [mem 0xa5100000-0xa5103fff 64bit]
[    0.148616] pci 0000:0d:00.0: enabling Extended Tags
[    0.148700] pci 0000:0d:00.0: supports D1 D2
[    0.148701] pci 0000:0d:00.0: PME# supported from D0 D3hot D3cold
[    0.164025] pci 0000:00:1c.5: PCI bridge to [bus 0d]
[    0.164033] pci 0000:00:1c.5:   bridge window [mem 0xa5100000-0xa51fffff]
[    0.164100] pci 0000:00:1e.0: PCI bridge to [bus 0e] (subtractive decode)
[    0.164111] pci 0000:00:1e.0:   bridge window [io  0x0000-0x0cf7 window] (subtractive decode)
[    0.164112] pci 0000:00:1e.0:   bridge window [io  0x0d00-0xffff window] (subtractive decode)
[    0.164114] pci 0000:00:1e.0:   bridge window [mem 0x000a0000-0x000bffff window] (subtractive decode)
[    0.164115] pci 0000:00:1e.0:   bridge window [mem 0x000c4000-0x000cbfff window] (subtractive decode)
[    0.164117] pci 0000:00:1e.0:   bridge window [mem 0x80000000-0xdfffffff window] (subtractive decode)
[    0.164346] ACPI: PCI Interrupt Link [LNKA] (IRQs 3 4 5 6 7 9 10 11 12 14 15) *0, disabled.
[    0.164432] ACPI: PCI Interrupt Link [LNKB] (IRQs 3 4 5 6 7 9 10 11 12 14 15) *0, disabled.
[    0.164517] ACPI: PCI Interrupt Link [LNKC] (IRQs 3 4 5 6 7 9 10 11 12 14 15) *0, disabled.
[    0.164601] ACPI: PCI Interrupt Link [LNKD] (IRQs 3 4 5 6 7 9 10 11 12 14 15) *0, disabled.
[    0.164686] ACPI: PCI Interrupt Link [LNKE] (IRQs 3 4 5 6 7 9 10 11 12 14 15) *0, disabled.
[    0.164770] ACPI: PCI Interrupt Link [LNKF] (IRQs 3 4 5 6 7 9 10 11 12 14 15) *0, disabled.
[    0.164855] ACPI: PCI Interrupt Link [LNKG] (IRQs 3 4 5 6 7 9 10 11 12 14 15) *0, disabled.
[    0.164940] ACPI: PCI Interrupt Link [LNKH] (IRQs 3 4 5 6 7 9 10 11 12 14 15) *0, disabled.
[    0.168003] ACPI: EC: interrupt unblocked
[    0.168003] ACPI: EC: event unblocked
[    0.168003] ACPI: \_SB_.PCI0.LPCB.EC__: GPE=0x17, EC_CMD/EC_SC=0x66, EC_DATA=0x62
[    0.168003] ACPI: \_SB_.PCI0.LPCB.EC__: Used as boot DSDT EC to handle transactions and events
[    0.168003] SCSI subsystem initialized
[    0.168033] libata version 3.00 loaded.
[    0.168033] pci 0000:05:00.0: vgaarb: VGA device added: decodes=io+mem,owns=none,locks=none
[    0.168033] pci 0000:06:00.0: vgaarb: VGA device added: decodes=io+mem,owns=none,locks=none
[    0.168033] pci 0000:05:00.0: vgaarb: bridge control possible
[    0.168033] pci 0000:06:00.0: vgaarb: bridge control possible
[    0.168035] pci 0000:06:00.0: vgaarb: setting as boot device
[    0.168037] vgaarb: loaded
[    0.168063] ACPI: bus type USB registered
[    0.168081] usbcore: registered new interface driver usbfs
[    0.168089] usbcore: registered new interface driver hub
[    0.168118] usbcore: registered new device driver usb
[    0.168159] EDAC MC: Ver: 3.0.0
[    0.168189] Registered efivars operations
[    0.224020] PCI: Using ACPI for IRQ routing
[    0.229468] PCI: Discovered peer bus ff
[    0.229470] PCI: root bus ff: using default resources
[    0.229471] PCI: Probing PCI hardware (bus ff)
[    0.229493] PCI host bridge to bus 0000:ff
[    0.229498] pci_bus 0000:ff: root bus resource [io  0x0000-0xffff]
[    0.229501] pci_bus 0000:ff: root bus resource [mem 0x00000000-0xfffffffff]
[    0.229504] pci_bus 0000:ff: No busn resource found for root bus, will use [bus ff-ff]
[    0.229512] pci 0000:ff:00.0: [8086:2c41] type 00 class 0x060000
[    0.229554] pci 0000:ff:00.1: [8086:2c01] type 00 class 0x060000
[    0.229594] pci 0000:ff:02.0: [8086:2c10] type 00 class 0x060000
[    0.229632] pci 0000:ff:02.1: [8086:2c11] type 00 class 0x060000
[    0.229672] pci 0000:ff:03.0: [8086:2c18] type 00 class 0x060000
[    0.229711] pci 0000:ff:03.1: [8086:2c19] type 00 class 0x060000
[    0.229749] pci 0000:ff:03.4: [8086:2c1c] type 00 class 0x060000
[    0.229787] pci 0000:ff:04.0: [8086:2c20] type 00 class 0x060000
[    0.229825] pci 0000:ff:04.1: [8086:2c21] type 00 class 0x060000
[    0.229862] pci 0000:ff:04.2: [8086:2c22] type 00 class 0x060000
[    0.229900] pci 0000:ff:04.3: [8086:2c23] type 00 class 0x060000
[    0.229940] pci 0000:ff:05.0: [8086:2c28] type 00 class 0x060000
[    0.229977] pci 0000:ff:05.1: [8086:2c29] type 00 class 0x060000
[    0.230014] pci 0000:ff:05.2: [8086:2c2a] type 00 class 0x060000
[    0.230051] pci 0000:ff:05.3: [8086:2c2b] type 00 class 0x060000
[    0.230089] pci 0000:ff:06.0: [8086:2c30] type 00 class 0x060000
[    0.230128] pci 0000:ff:06.1: [8086:2c31] type 00 class 0x060000
[    0.230166] pci 0000:ff:06.2: [8086:2c32] type 00 class 0x060000
[    0.230202] pci 0000:ff:06.3: [8086:2c33] type 00 class 0x060000
[    0.230248] pci_bus 0000:ff: busn_res: [bus ff] end is updated to ff
[    0.230254] PCI: pci_cache_line_size set to 64 bytes
[    0.230404] e820: reserve RAM buffer [mem 0x0008f000-0x0008ffff]
[    0.230405] e820: reserve RAM buffer [mem 0x7f49f000-0x7fffffff]
[    0.230406] e820: reserve RAM buffer [mem 0x7f4ae000-0x7fffffff]
[    0.230407] e820: reserve RAM buffer [mem 0x7f592000-0x7fffffff]
[    0.230408] e820: reserve RAM buffer [mem 0x7f683000-0x7fffffff]
[    0.230409] e820: reserve RAM buffer [mem 0x7f78e000-0x7fffffff]
[    0.230410] e820: reserve RAM buffer [mem 0x7f7ff000-0x7fffffff]
[    0.230506] NetLabel: Initializing
[    0.230509] NetLabel:  domain hash size = 128
[    0.230511] NetLabel:  protocols = UNLABELED CIPSOv4 CALIPSO
[    0.230526] NetLabel:  unlabeled traffic allowed by default
[    0.232580] HPET: 4 timers in total, 0 timers will be used for per-cpu timer
[    0.232589] hpet0: at MMIO 0xfed00000, IRQs 2, 8, 0, 0
[    0.232594] hpet0: 4 comparators, 64-bit 14.318180 MHz counter
[    0.233011] clocksource: Switched to clocksource hpet
[    0.243878] VFS: Disk quotas dquot_6.6.0
[    0.243903] VFS: Dquot-cache hash table entries: 512 (order 0, 4096 bytes)
[    0.244017] AppArmor: AppArmor Filesystem Enabled
[    0.244048] pnp: PnP ACPI init
[    0.244238] system 00:00: [mem 0xe0000000-0xefffffff] has been reserved
[    0.244243] system 00:00: [mem 0xfc000000-0xfcffffff] has been reserved
[    0.244246] system 00:00: [mem 0xfed1a000-0xfed1afff] has been reserved
[    0.244250] system 00:00: [mem 0xfed1b000-0xfed1bfff] has been reserved
[    0.244254] system 00:00: [mem 0xfed1c000-0xfed8bffe] could not be reserved
[    0.244257] system 00:00: [mem 0xfe000000-0xfe01ffff] has been reserved
[    0.244261] system 00:00: [mem 0xfe600000-0xfe6fffff] has been reserved
[    0.244264] system 00:00: [mem 0xfe800000-0xfe9fffff] has been reserved
[    0.244268] system 00:00: [mem 0xfeb00000-0xfebfffff] has been reserved
[    0.244271] system 00:00: [mem 0xfec00000-0xfecfffff] could not be reserved
[    0.244275] system 00:00: [mem 0xfee00000-0xfeefffff] has been reserved
[    0.244278] system 00:00: [mem 0xff000000-0xffffffff] could not be reserved
[    0.244286] system 00:00: Plug and Play ACPI device, IDs PNP0c02 (active)
[    0.244539] pnp 00:01: disabling [io  0x1640-0x164f] because it overlaps 0000:00:1c.3 BAR 13 [io  0x1000-0x1fff]
[    0.244588] system 00:01: [io  0x0680-0x069f] has been reserved
[    0.244592] system 00:01: [io  0x0800-0x080f] has been reserved
[    0.244597] system 00:01: [io  0x0810-0x0817] has been reserved
[    0.244601] system 00:01: [io  0x0400-0x047f] has been reserved
[    0.244604] system 00:01: [io  0x0500-0x053f] has been reserved
[    0.244611] system 00:01: Plug and Play ACPI device, IDs PNP0c02 (active)
[    0.244637] pnp 00:02: Plug and Play ACPI device, IDs PNP0b00 (active)
[    0.244663] pnp: PnP ACPI: found 3 devices
[    0.250864] clocksource: acpi_pm: mask: 0xffffff max_cycles: 0xffffff, max_idle_ns: 2085701024 ns
[    0.250875] pci 0000:09:00.0: can't claim BAR 6 [mem 0xfffc0000-0xffffffff pref]: no compatible bridge window
[    0.250880] pci 0000:0a:00.0: can't claim BAR 6 [mem 0xfffc0000-0xffffffff pref]: no compatible bridge window
[    0.250982] pci 0000:02:02.0: PCI bridge to [bus 03]
[    0.250997] pci 0000:02:04.0: PCI bridge to [bus 04]
[    0.251010] pci 0000:01:00.0: PCI bridge to [bus 02-04]
[    0.251024] pci 0000:00:01.0: PCI bridge to [bus 01-04]
[    0.251033] pci 0000:00:03.0: PCI bridge to [bus 05]
[    0.251037] pci 0000:00:03.0:   bridge window [io  0x4000-0x4fff]
[    0.251042] pci 0000:00:03.0:   bridge window [mem 0xa4000000-0xa50fffff]
[    0.251047] pci 0000:00:03.0:   bridge window [mem 0x80000000-0x91ffffff 64bit pref]
[    0.251054] pci 0000:00:07.0: PCI bridge to [bus 06]
[    0.251057] pci 0000:00:07.0:   bridge window [io  0x3000-0x3fff]
[    0.251062] pci 0000:00:07.0:   bridge window [mem 0xa0000000-0xa30fffff]
[    0.251067] pci 0000:00:07.0:   bridge window [mem 0x98000000-0x9fffffff 64bit pref]
[    0.251075] pci 0000:00:1c.0: PCI bridge to [bus 07]
[    0.251086] pci 0000:00:1c.1: PCI bridge to [bus 08]
[    0.251099] pci 0000:09:00.0: BAR 6: assigned [mem 0xa5440000-0xa547ffff pref]
[    0.251103] pci 0000:00:1c.2: PCI bridge to [bus 09]
[    0.251107] pci 0000:00:1c.2:   bridge window [io  0x2000-0x2fff]
[    0.251112] pci 0000:00:1c.2:   bridge window [mem 0xa5400000-0xa54fffff]
[    0.251121] pci 0000:0a:00.0: BAR 6: assigned [mem 0xa5340000-0xa537ffff pref]
[    0.251125] pci 0000:00:1c.3: PCI bridge to [bus 0a]
[    0.251129] pci 0000:00:1c.3:   bridge window [io  0x1000-0x1fff]
[    0.251134] pci 0000:00:1c.3:   bridge window [mem 0xa5300000-0xa53fffff]
[    0.251143] pci 0000:0b:00.0: PCI bridge to [bus 0c]
[    0.251151] pci 0000:0b:00.0:   bridge window [mem 0xa5200000-0xa52fffff]
[    0.251163] pci 0000:00:1c.4: PCI bridge to [bus 0b-0c]
[    0.251169] pci 0000:00:1c.4:   bridge window [mem 0xa5200000-0xa52fffff]
[    0.251177] pci 0000:00:1c.5: PCI bridge to [bus 0d]
[    0.251182] pci 0000:00:1c.5:   bridge window [mem 0xa5100000-0xa51fffff]
[    0.251191] pci 0000:00:1e.0: PCI bridge to [bus 0e]
[    0.251202] pci_bus 0000:00: resource 4 [io  0x0000-0x0cf7 window]
[    0.251204] pci_bus 0000:00: resource 5 [io  0x0d00-0xffff window]
[    0.251205] pci_bus 0000:00: resource 6 [mem 0x000a0000-0x000bffff window]
[    0.251206] pci_bus 0000:00: resource 7 [mem 0x000c4000-0x000cbfff window]
[    0.251208] pci_bus 0000:00: resource 8 [mem 0x80000000-0xdfffffff window]
[    0.251209] pci_bus 0000:05: resource 0 [io  0x4000-0x4fff]
[    0.251211] pci_bus 0000:05: resource 1 [mem 0xa4000000-0xa50fffff]
[    0.251212] pci_bus 0000:05: resource 2 [mem 0x80000000-0x91ffffff 64bit pref]
[    0.251213] pci_bus 0000:06: resource 0 [io  0x3000-0x3fff]
[    0.251215] pci_bus 0000:06: resource 1 [mem 0xa0000000-0xa30fffff]
[    0.251216] pci_bus 0000:06: resource 2 [mem 0x98000000-0x9fffffff 64bit pref]
[    0.251218] pci_bus 0000:09: resource 0 [io  0x2000-0x2fff]
[    0.251219] pci_bus 0000:09: resource 1 [mem 0xa5400000-0xa54fffff]
[    0.251221] pci_bus 0000:0a: resource 0 [io  0x1000-0x1fff]
[    0.251222] pci_bus 0000:0a: resource 1 [mem 0xa5300000-0xa53fffff]
[    0.251223] pci_bus 0000:0b: resource 1 [mem 0xa5200000-0xa52fffff]
[    0.251225] pci_bus 0000:0c: resource 1 [mem 0xa5200000-0xa52fffff]
[    0.251226] pci_bus 0000:0d: resource 1 [mem 0xa5100000-0xa51fffff]
[    0.251228] pci_bus 0000:0e: resource 4 [io  0x0000-0x0cf7 window]
[    0.251229] pci_bus 0000:0e: resource 5 [io  0x0d00-0xffff window]
[    0.251230] pci_bus 0000:0e: resource 6 [mem 0x000a0000-0x000bffff window]
[    0.251232] pci_bus 0000:0e: resource 7 [mem 0x000c4000-0x000cbfff window]
[    0.251233] pci_bus 0000:0e: resource 8 [mem 0x80000000-0xdfffffff window]
[    0.251286] pci_bus 0000:ff: resource 4 [io  0x0000-0xffff]
[    0.251288] pci_bus 0000:ff: resource 5 [mem 0x00000000-0xfffffffff]
[    0.251319] NET: Registered protocol family 2
[    0.251544] TCP established hash table entries: 131072 (order: 8, 1048576 bytes)
[    0.251791] TCP bind hash table entries: 65536 (order: 8, 1048576 bytes)
[    0.251942] TCP: Hash tables configured (established 131072 bind 65536)
[    0.252000] UDP hash table entries: 8192 (order: 6, 262144 bytes)
[    0.252063] UDP-Lite hash table entries: 8192 (order: 6, 262144 bytes)
[    0.252157] NET: Registered protocol family 1
[    0.255636] PCI: CLS mismatch (256 != 64), using 64 bytes
[    0.255695] Unpacking initramfs...
[    1.088843] Freeing initrd memory: 56216K
[    1.088871] DMAR: Host address width 40
[    1.088874] DMAR: DRHD base: 0x000000fe710000 flags: 0x1
[    1.088893] DMAR: dmar0: reg_base_addr fe710000 ver 1:0 cap c90780106f0462 ecap f0207e
[    1.088897] DMAR: ATSR flags: 0x0
[    1.088940] PCI-DMA: Using software bounce buffering for IO (SWIOTLB)
[    1.088944] software IO TLB [mem 0x78a53000-0x7ca53000] (64MB) mapped at [        (ptrval)-        (ptrval)]
[    1.089230] Scanning for low memory corruption every 60 seconds
[    1.089967] Initialise system trusted keyrings
[    1.089978] Key type blacklist registered
[    1.090014] workingset: timestamp_bits=36 max_order=22 bucket_order=0
[    1.091168] zbud: loaded
[    1.091687] squashfs: version 4.0 (2009/01/31) Phillip Lougher
[    1.091822] fuse init (API version 7.26)
[    1.093239] Key type asymmetric registered
[    1.093243] Asymmetric key parser 'x509' registered
[    1.093275] Block layer SCSI generic (bsg) driver version 0.4 loaded (major 246)
[    1.093328] io scheduler noop registered
[    1.093331] io scheduler deadline registered
[    1.093359] io scheduler cfq registered (default)
[    1.096560] pcieport 0000:00:01.0: AER enabled with IRQ 24
[    1.096590] pcieport 0000:00:03.0: AER enabled with IRQ 25
[    1.096617] pcieport 0000:00:07.0: AER enabled with IRQ 26
[    1.096697] efifb: probing for efifb
[    1.096714] efifb: framebuffer at 0x98030000, using 3072k, total 3072k
[    1.096717] efifb: mode is 1024x768x32, linelength=4096, pages=1
[    1.096719] efifb: scrolling: redraw
[    1.096722] efifb: Truecolor: size=8:8:8:8, shift=24:0:8:16
[    1.098752] Console: switching to colour frame buffer device 128x48
[    1.100723] fb0: EFI VGA frame buffer device
[    1.100753] intel_idle: MWAIT substates: 0x1120
[    1.100754] intel_idle: v0.4.1 model 0x1A
[    1.101016] intel_idle: lapic_timer_reliable_states 0x2
[    1.101091] input: Power Button as /devices/LNXSYSTM:00/LNXSYBUS:00/PNP0C0C:00/input/input0
[    1.101135] ACPI: Power Button [PWRB]
[    1.101196] input: Power Button as /devices/LNXSYSTM:00/LNXPWRBN:00/input/input1
[    1.101253] ACPI: Power Button [PWRF]
[    1.101743] Serial: 8250/16550 driver, 32 ports, IRQ sharing enabled
[    1.103774] Linux agpgart interface v0.103
[    1.106155] loop: module loaded
[    1.106354] libphy: Fixed MDIO Bus: probed
[    1.106376] tun: Universal TUN/TAP device driver, 1.6
[    1.106431] PPP generic driver version 2.4.2
[    1.106488] ehci_hcd: USB 2.0 'Enhanced' Host Controller (EHCI) Driver
[    1.106520] ehci-pci: EHCI PCI platform driver
[    1.106794] ehci-pci 0000:00:1a.7: EHCI Host Controller
[    1.106825] ehci-pci 0000:00:1a.7: new USB bus registered, assigned bus number 1
[    1.106868] ehci-pci 0000:00:1a.7: debug port 1
[    1.110778] ehci-pci 0000:00:1a.7: cache line size of 64 is not supported
[    1.110788] ehci-pci 0000:00:1a.7: irq 18, io mem 0xa5526000
[    1.124212] ehci-pci 0000:00:1a.7: USB 2.0 started, EHCI 1.00
[    1.124289] usb usb1: New USB device found, idVendor=1d6b, idProduct=0002
[    1.124320] usb usb1: New USB device strings: Mfr=3, Product=2, SerialNumber=1
[    1.124353] usb usb1: Product: EHCI Host Controller
[    1.124376] usb usb1: Manufacturer: Linux 4.15.0-55-generic ehci_hcd
[    1.124405] usb usb1: SerialNumber: 0000:00:1a.7
[    1.125674] hub 1-0:1.0: USB hub found
[    1.126796] hub 1-0:1.0: 6 ports detected
[    1.128398] ehci-pci 0000:00:1d.7: EHCI Host Controller
[    1.129508] ehci-pci 0000:00:1d.7: new USB bus registered, assigned bus number 2
[    1.130631] ehci-pci 0000:00:1d.7: debug port 1
[    1.135648] ehci-pci 0000:00:1d.7: cache line size of 64 is not supported
[    1.135658] ehci-pci 0000:00:1d.7: irq 16, io mem 0xa5525000
[    1.152089] ehci-pci 0000:00:1d.7: USB 2.0 started, EHCI 1.00
[    1.153241] usb usb2: New USB device found, idVendor=1d6b, idProduct=0002
[    1.154347] usb usb2: New USB device strings: Mfr=3, Product=2, SerialNumber=1
[    1.155461] usb usb2: Product: EHCI Host Controller
[    1.156638] usb usb2: Manufacturer: Linux 4.15.0-55-generic ehci_hcd
[    1.157743] usb usb2: SerialNumber: 0000:00:1d.7
[    1.158963] hub 2-0:1.0: USB hub found
[    1.160065] hub 2-0:1.0: 6 ports detected
[    1.161281] ehci-platform: EHCI generic platform driver
[    1.162379] ohci_hcd: USB 1.1 'Open' Host Controller (OHCI) Driver
[    1.163475] ohci-pci: OHCI PCI platform driver
[    1.164616] ohci-platform: OHCI generic platform driver
[    1.165750] uhci_hcd: USB Universal Host Controller Interface driver
[    1.167108] uhci_hcd 0000:00:1a.0: UHCI Host Controller
[    1.168252] uhci_hcd 0000:00:1a.0: new USB bus registered, assigned bus number 3
[    1.169400] uhci_hcd 0000:00:1a.0: detected 2 ports
[    1.170558] uhci_hcd 0000:00:1a.0: irq 16, io base 0x000050e0
[    1.171739] usb usb3: New USB device found, idVendor=1d6b, idProduct=0001
[    1.172897] usb usb3: New USB device strings: Mfr=3, Product=2, SerialNumber=1
[    1.174034] usb usb3: Product: UHCI Host Controller
[    1.175154] usb usb3: Manufacturer: Linux 4.15.0-55-generic uhci_hcd
[    1.176281] usb usb3: SerialNumber: 0000:00:1a.0
[    1.177493] hub 3-0:1.0: USB hub found
[    1.178606] hub 3-0:1.0: 2 ports detected
[    1.180026] uhci_hcd 0000:00:1a.1: UHCI Host Controller
[    1.181119] uhci_hcd 0000:00:1a.1: new USB bus registered, assigned bus number 4
[    1.182226] uhci_hcd 0000:00:1a.1: detected 2 ports
[    1.183349] uhci_hcd 0000:00:1a.1: irq 21, io base 0x000050c0
[    1.184500] usb usb4: New USB device found, idVendor=1d6b, idProduct=0001
[    1.185607] usb usb4: New USB device strings: Mfr=3, Product=2, SerialNumber=1
[    1.186709] usb usb4: Product: UHCI Host Controller
[    1.187799] usb usb4: Manufacturer: Linux 4.15.0-55-generic uhci_hcd
[    1.188916] usb usb4: SerialNumber: 0000:00:1a.1
[    1.190119] hub 4-0:1.0: USB hub found
[    1.191218] hub 4-0:1.0: 2 ports detected
[    1.192682] uhci_hcd 0000:00:1a.2: UHCI Host Controller
[    1.193790] uhci_hcd 0000:00:1a.2: new USB bus registered, assigned bus number 5
[    1.194908] uhci_hcd 0000:00:1a.2: detected 2 ports
[    1.196058] uhci_hcd 0000:00:1a.2: irq 19, io base 0x000050a0
[    1.197206] usb usb5: New USB device found, idVendor=1d6b, idProduct=0001
[    1.198320] usb usb5: New USB device strings: Mfr=3, Product=2, SerialNumber=1
[    1.199427] usb usb5: Product: UHCI Host Controller
[    1.200543] usb usb5: Manufacturer: Linux 4.15.0-55-generic uhci_hcd
[    1.201664] usb usb5: SerialNumber: 0000:00:1a.2
[    1.202882] hub 5-0:1.0: USB hub found
[    1.204070] hub 5-0:1.0: 2 ports detected
[    1.205477] uhci_hcd 0000:00:1d.0: UHCI Host Controller
[    1.206589] uhci_hcd 0000:00:1d.0: new USB bus registered, assigned bus number 6
[    1.207720] uhci_hcd 0000:00:1d.0: detected 2 ports
[    1.208877] uhci_hcd 0000:00:1d.0: irq 23, io base 0x00005080
[    1.210031] usb usb6: New USB device found, idVendor=1d6b, idProduct=0001
[    1.211148] usb usb6: New USB device strings: Mfr=3, Product=2, SerialNumber=1
[    1.212275] usb usb6: Product: UHCI Host Controller
[    1.213375] usb usb6: Manufacturer: Linux 4.15.0-55-generic uhci_hcd
[    1.214487] usb usb6: SerialNumber: 0000:00:1d.0
[    1.215709] hub 6-0:1.0: USB hub found
[    1.216848] hub 6-0:1.0: 2 ports detected
[    1.218255] uhci_hcd 0000:00:1d.1: UHCI Host Controller
[    1.219360] uhci_hcd 0000:00:1d.1: new USB bus registered, assigned bus number 7
[    1.220491] uhci_hcd 0000:00:1d.1: detected 2 ports
[    1.221608] uhci_hcd 0000:00:1d.1: irq 19, io base 0x00005060
[    1.222741] usb usb7: New USB device found, idVendor=1d6b, idProduct=0001
[    1.223837] usb usb7: New USB device strings: Mfr=3, Product=2, SerialNumber=1
[    1.224937] usb usb7: Product: UHCI Host Controller
[    1.226027] usb usb7: Manufacturer: Linux 4.15.0-55-generic uhci_hcd
[    1.227120] usb usb7: SerialNumber: 0000:00:1d.1
[    1.228329] hub 7-0:1.0: USB hub found
[    1.229430] hub 7-0:1.0: 2 ports detected
[    1.230819] uhci_hcd 0000:00:1d.2: UHCI Host Controller
[    1.231906] uhci_hcd 0000:00:1d.2: new USB bus registered, assigned bus number 8
[    1.233077] uhci_hcd 0000:00:1d.2: detected 2 ports
[    1.234194] uhci_hcd 0000:00:1d.2: irq 18, io base 0x00005040
[    1.235333] usb usb8: New USB device found, idVendor=1d6b, idProduct=0001
[    1.236503] usb usb8: New USB device strings: Mfr=3, Product=2, SerialNumber=1
[    1.237597] usb usb8: Product: UHCI Host Controller
[    1.238694] usb usb8: Manufacturer: Linux 4.15.0-55-generic uhci_hcd
[    1.239796] usb usb8: SerialNumber: 0000:00:1d.2
[    1.241065] hub 8-0:1.0: USB hub found
[    1.242166] hub 8-0:1.0: 2 ports detected
[    1.243374] i8042: PNP: No PS/2 controller found.
[    1.244695] mousedev: PS/2 mouse device common for all mice
[    1.246219] rtc_cmos 00:02: RTC can wake from S4
[    1.247594] rtc_cmos 00:02: rtc core: registered rtc_cmos as rtc0
[    1.248873] rtc_cmos 00:02: alarms up to one month, y3k, 242 bytes nvram, hpet irqs
[    1.249984] i2c /dev entries driver
[    1.251132] device-mapper: uevent: version 1.0.3
[    1.252553] device-mapper: ioctl: 4.37.0-ioctl (2017-09-20) initialised: dm-devel@redhat.com
[    1.254333] ledtrig-cpu: registered to indicate activity on CPUs
[    1.255499] EFI Variables Facility v0.08 2004-May-17
[    1.315630] NET: Registered protocol family 10
[    1.321985] Segment Routing with IPv6
[    1.323150] NET: Registered protocol family 17
[    1.324614] Key type dns_resolver registered
[    1.326755] RAS: Correctable Errors collector initialized.
[    1.327910] microcode: sig=0x106a5, pf=0x2, revision=0x1d
[    1.329447] microcode: Microcode Update Driver: v2.2.
[    1.329460] sched_clock: Marking stable (1329437670, 0)->(1414856826, -85419156)
[    1.332377] registered taskstats version 1
[    1.333520] Loading compiled-in X.509 certificates
[    1.337101] Loaded X.509 cert 'Build time autogenerated kernel key: 2ed9c0a78927f1fed24db33f01fd983502d97350'
[    1.345123] Couldn't get size: 0x800000000000000e
[    1.346296] MODSIGN: Couldn't get UEFI db list
[    1.351000] Couldn't get size: 0x800000000000000e
[    1.352357] MODSIGN: Couldn't get UEFI MokListRT
[    1.357141] Couldn't get size: 0x800000000000000e
[    1.358306] MODSIGN: Couldn't get UEFI dbx list
[    1.359485] zswap: loaded using pool lzo/zbud
[    1.365843] Key type big_key registered
[    1.367014] Key type trusted registered
[    1.370135] Key type encrypted registered
[    1.371308] AppArmor: AppArmor sha1 policy hashing enabled
[    1.372605] ima: No TPM chip found, activating TPM-bypass! (rc=-19)
[    1.373751] ima: Allocated hash algorithm: sha1
[    1.374892] evm: HMAC attrs: 0x1
[    1.377102]   Magic number: 15:56:504
[    1.378630] rtc_cmos 00:02: setting system clock to 2019-08-09 23:29:22 UTC (1565393362)
[    1.380809] BIOS EDD facility v0.16 2004-Jun-25, 0 devices found
[    1.381964] EDD information not available.
[    1.386861] Freeing unused kernel image memory: 2408K
[    1.412237] Write protecting the kernel read-only data: 20480k
[    1.415398] Freeing unused kernel image memory: 2008K
[    1.417320] Freeing unused kernel image memory: 1868K
[    1.428973] x86/mm: Checked W+X mappings: passed, no W+X pages found.
[    1.496081] usb 2-1: new high-speed USB device number 2 using ehci-pci
[    1.509815] pps_core: LinuxPPS API ver. 1 registered
[    1.511331] pps_core: Software ver. 5.3.6 - Copyright 2005-2007 Rodolfo Giometti <giometti@linux.it>
[    1.515356] PTP clock support registered
[    1.520062] ahci 0000:00:1f.2: version 3.0
[    1.520571] ahci 0000:00:1f.2: AHCI 0001.0200 32 slots 6 ports 3 Gbps 0x3f impl SATA mode
[    1.522325] ahci 0000:00:1f.2: flags: 64bit ncq sntf pm led clo pio slum part ccc ems 
[    1.525005] e1000e: Intel(R) PRO/1000 Network Driver - 3.2.6-k
[    1.526601] e1000e: Copyright(c) 1999 - 2015 Intel Corporation.
[    1.528466] e1000e 0000:09:00.0: Interrupt Throttling Rate (ints/sec) set to dynamic conservative mode
[    1.532027] b43-pci-bridge 0000:0d:00.0: enabling device (0000 -> 0002)
[    1.564047] ssb: Found chip with id 0x4322, rev 0x01 and package 0x0A
[    1.565919] ssb: Core 0 found: ChipCommon (cc 0x800, rev 0x17, vendor 0x4243)
[    1.565925] ssb: Core 1 found: IEEE 802.11 (cc 0x812, rev 0x10, vendor 0x4243)
[    1.565932] ssb: Core 2 found: PCI-E (cc 0x820, rev 0x0B, vendor 0x4243)
[    1.565938] ssb: Core 3 found: PCI (cc 0x804, rev 0x0E, vendor 0x4243)
[    1.565944] ssb: Core 4 found: USB 2.0 Device (cc 0x81A, rev 0x05, vendor 0x4243)
[    1.565950] ssb: Core 5 found: UNKNOWN (cc 0x8FF, rev 0x00, vendor 0x4243)
[    1.565957] ssb: Core 6 found: Internal Memory (cc 0x80E, rev 0x03, vendor 0x4243)
[    1.580632] e1000e 0000:09:00.0 0000:09:00.0 (uninitialized): registered PHC clock
[    1.584173] firewire_ohci 0000:0c:00.0: added OHCI v1.10 device as card 0, 8 IR + 8 IT contexts, quirks 0x2
[    1.588105] nouveau 0000:05:00.0: enabling device (0000 -> 0003)
[    1.588672] scsi host0: ahci
[    1.588769] scsi host1: ahci
[    1.588870] scsi host2: ahci
[    1.588977] scsi host3: ahci
[    1.589071] scsi host4: ahci
[    1.589204] scsi host5: ahci
[    1.589250] ata1: SATA max UDMA/133 abar m2048@0xa5528000 port 0xa5528100 irq 29
[    1.589251] ata2: SATA max UDMA/133 abar m2048@0xa5528000 port 0xa5528180 irq 29
[    1.589253] ata3: SATA max UDMA/133 abar m2048@0xa5528000 port 0xa5528200 irq 29
[    1.589254] ata4: SATA max UDMA/133 abar m2048@0xa5528000 port 0xa5528280 irq 29
[    1.589256] ata5: SATA max UDMA/133 abar m2048@0xa5528000 port 0xa5528300 irq 29
[    1.589258] ata6: SATA max UDMA/133 abar m2048@0xa5528000 port 0xa5528380 irq 29
[    1.605169] checking generic (98030000 300000) vs hw (80000000 10000000)
[    1.605170] checking generic (98030000 300000) vs hw (90000000 2000000)
[    1.605231] nouveau 0000:05:00.0: NVIDIA GM107 (117010a2)
[    1.635139] e1000e 0000:09:00.0 eth0: (PCI Express:2.5GT/s:Width x1) 00:25:00:ee:23:42
[    1.636410] e1000e 0000:09:00.0 eth0: Intel(R) PRO/1000 Network Connection
[    1.637634] e1000e 0000:09:00.0 eth0: MAC: 3, PHY: 8, PBA No: 140FFF-0FF
[    1.639026] e1000e 0000:0a:00.0: Interrupt Throttling Rate (ints/sec) set to dynamic conservative mode
[    1.661414] usb 2-1: New USB device found, idVendor=05ac, idProduct=1006
[    1.662685] usb 2-1: New USB device strings: Mfr=1, Product=2, SerialNumber=3
[    1.663949] usb 2-1: Product: Keyboard Hub
[    1.665300] usb 2-1: Manufacturer: Apple, Inc.
[    1.666543] usb 2-1: SerialNumber: 000000000000
[    1.668111] hub 2-1:1.0: USB hub found
[    1.669523] hub 2-1:1.0: 3 ports detected
[    1.676068] usb 5-1: new full-speed USB device number 2 using uhci_hcd
[    1.680396] ssb: Sonics Silicon Backplane found on PCI device 0000:0d:00.0
[    1.688760] e1000e 0000:0a:00.0 0000:0a:00.0 (uninitialized): registered PHC clock
[    1.728093] random: fast init done
[    1.742065] e1000e 0000:0a:00.0 eth1: (PCI Express:2.5GT/s:Width x1) 00:25:00:ed:d3:2f
[    1.742081] random: systemd-udevd: uninitialized urandom read (16 bytes read)
[    1.742097] random: systemd-udevd: uninitialized urandom read (16 bytes read)
[    1.742101] random: systemd-udevd: uninitialized urandom read (16 bytes read)
[    1.747079] e1000e 0000:0a:00.0 eth1: Intel(R) PRO/1000 Network Connection
[    1.748390] e1000e 0000:0a:00.0 eth1: MAC: 3, PHY: 8, PBA No: 140FFF-0FF
[    1.750650] e1000e 0000:09:00.0 enp9s0: renamed from eth0
[    1.863348] nouveau 0000:05:00.0: bios: version 82.07.32.00.eb
[    1.874137] usb 5-1: New USB device found, idVendor=0a5c, idProduct=4500
[    1.875372] usb 5-1: New USB device strings: Mfr=1, Product=2, SerialNumber=0
[    1.876604] usb 5-1: Product: BRCM2046 Hub
[    1.877754] usb 5-1: Manufacturer: Apple Inc.
[    1.881200] hub 5-1:1.0: USB hub found
[    1.884099] hub 5-1:1.0: 3 ports detected
[    1.900149] ata6: SATA link up 3.0 Gbps (SStatus 123 SControl 300)
[    1.901733] ata5: SATA link down (SStatus 0 SControl 300)
[    1.902827] ata3: SATA link up 3.0 Gbps (SStatus 123 SControl 300)
[    1.904392] ata1: SATA link up 1.5 Gbps (SStatus 113 SControl 300)
[    1.905839] ata2: SATA link up 3.0 Gbps (SStatus 123 SControl 300)
[    1.906859] ata4: SATA link down (SStatus 0 SControl 300)
[    1.908283] ata6.00: ATA-9: WDC WD20EZRX-00D8PB0, 80.00A80, max UDMA/133
[    1.909502] ata6.00: 3907029168 sectors, multi 0: LBA48 NCQ (depth 31/32), AA
[    1.910747] ata3.00: NCQ Send/Recv Log not supported
[    1.911810] ata3.00: ATA-9: Samsung SSD 840 EVO 750GB, EXT0AB0Q, max UDMA/133
[    1.912898] ata3.00: 1465149168 sectors, multi 16: LBA48 NCQ (depth 31/32), AA
[    1.914016] ata1.00: ATAPI: HL-DT-ST DVD-RW GH41N, PQ05, max UDMA/100
[    1.916112] ata3.00: NCQ Send/Recv Log not supported
[    1.917440] ata3.00: configured for UDMA/133
[    1.918775] ata2.00: ATA-8: OCZ-VERTEX2, 1.33, max UDMA/133
[    1.919913] ata2.00: 468862128 sectors, multi 1: LBA48 NCQ (depth 31/32), AA
[    1.921169] ata6.00: configured for UDMA/133
[    1.922666] ata1.00: configured for UDMA/100
[    1.933369] scsi 0:0:0:0: CD-ROM            HL-DT-ST DVD-RW GH41N     PQ05 PQ: 0 ANSI: 5
[    1.935852] ata2.00: configured for UDMA/133
[    1.956163] usb 2-1.2: new low-speed USB device number 3 using ehci-pci
[    1.971144] nouveau 0000:05:00.0: fb: 2048 MiB GDDR5
[    1.972457] nouveau 0000:05:00.0: bus: MMIO read of 00000000 FAULT at 3e6684 [ IBUS ]
[    1.976336] e1000e 0000:0a:00.0 enp10s0: renamed from eth1
[    1.988250] nouveau 0000:05:00.0: bus: MMIO read of 00000000 FAULT at 10ac08 [ IBUS ]
[    2.071227] usb 2-1.2: New USB device found, idVendor=05ac, idProduct=0221
[    2.072473] usb 2-1.2: New USB device strings: Mfr=1, Product=2, SerialNumber=0
[    2.073712] usb 2-1.2: Product: Apple Keyboard
[    2.074952] usb 2-1.2: Manufacturer: Apple, Inc
[    2.081185] hidraw: raw HID events driver (C) Jiri Kosina
[    2.089666] usbcore: registered new interface driver usbhid
[    2.090911] usbhid: USB HID core driver
[    2.092134] sr 0:0:0:0: [sr0] scsi3-mmc drive: 32x/32x writer cd/rw xa/form2 cdda tray
[    2.093352] cdrom: Uniform CD-ROM driver Revision: 3.20
[    2.094682] sr 0:0:0:0: Attached scsi CD-ROM sr0
[    2.094754] sr 0:0:0:0: Attached scsi generic sg0 type 5
[    2.096293] scsi 1:0:0:0: Direct-Access     ATA      OCZ-VERTEX2      1.33 PQ: 0 ANSI: 5
[    2.098219] sd 1:0:0:0: Attached scsi generic sg1 type 0
[    2.098276] input: Apple, Inc Apple Keyboard as /devices/pci0000:00/0000:00:1d.7/usb2/2-1/2-1.2/2-1.2:1.0/0003:05AC:0221.0001/input/input2
[    2.098348] sd 1:0:0:0: [sda] 468862128 512-byte logical blocks: (240 GB/224 GiB)
[    2.098369] sd 1:0:0:0: [sda] Write Protect is off
[    2.098372] sd 1:0:0:0: [sda] Mode Sense: 00 3a 00 00
[    2.098412] sd 1:0:0:0: [sda] Write cache: enabled, read cache: enabled, doesn't support DPO or FUA
[    2.100007]  sda: sda1 sda2 sda3
[    2.100489] sd 1:0:0:0: [sda] Attached SCSI disk
[    2.108086] tsc: Refined TSC clocksource calibration: 2659.999 MHz
[    2.108093] clocksource: tsc: mask: 0xffffffffffffffff max_cycles: 0x2657a34898c, max_idle_ns: 440795323804 ns
[    2.108109] firewire_core 0000:0c:00.0: created device fw0: GUID 0023dffffedd50b0, S800
[    2.108114] firewire_core 0000:0c:00.0: phy config: new root=ffc1, gap_count=5
[    2.115179] scsi 2:0:0:0: Direct-Access     ATA      Samsung SSD 840  AB0Q PQ: 0 ANSI: 5
[    2.117137] sd 2:0:0:0: [sdb] 1465149168 512-byte logical blocks: (750 GB/699 GiB)
[    2.117234] sd 2:0:0:0: Attached scsi generic sg2 type 0
[    2.117597] scsi 5:0:0:0: Direct-Access     ATA      WDC WD20EZRX-00D 0A80 PQ: 0 ANSI: 5
[    2.117952] sd 5:0:0:0: Attached scsi generic sg3 type 0
[    2.118064] sd 5:0:0:0: [sdc] 3907029168 512-byte logical blocks: (2.00 TB/1.82 TiB)
[    2.118066] sd 5:0:0:0: [sdc] 4096-byte physical blocks
[    2.118092] sd 5:0:0:0: [sdc] Write Protect is off
[    2.118094] sd 5:0:0:0: [sdc] Mode Sense: 00 3a 00 00
[    2.118143] sd 5:0:0:0: [sdc] Write cache: enabled, read cache: enabled, doesn't support DPO or FUA
[    2.129472] sd 2:0:0:0: [sdb] Write Protect is off
[    2.130996] sd 2:0:0:0: [sdb] Mode Sense: 00 3a 00 00
[    2.131011] sd 2:0:0:0: [sdb] Write cache: enabled, read cache: enabled, doesn't support DPO or FUA
[    2.142700]  sdb: sdb1
[    2.144566] sd 2:0:0:0: [sdb] Attached SCSI disk
[    2.156092] usb 2-1.3: new low-speed USB device number 4 using ehci-pci
[    2.156306] apple 0003:05AC:0221.0001: input,hidraw0: USB HID v1.11 Keyboard [Apple, Inc Apple Keyboard] on usb-0000:00:1d.7-1.2/input0
[    2.156501] input: Apple, Inc Apple Keyboard as /devices/pci0000:00/0000:00:1d.7/usb2/2-1/2-1.2/2-1.2:1.1/0003:05AC:0221.0002/input/input3
[    2.180069] usb 5-1.1: new full-speed USB device number 3 using uhci_hcd
[    2.216411] apple 0003:05AC:0221.0002: input,hidraw1: USB HID v1.11 Device [Apple, Inc Apple Keyboard] on usb-0000:00:1d.7-1.2/input1
[    2.278236] usb 2-1.3: New USB device found, idVendor=05ac, idProduct=0304
[    2.279918] usb 2-1.3: New USB device strings: Mfr=1, Product=2, SerialNumber=0
[    2.281588] usb 2-1.3: Product: Apple Optical USB Mouse
[    2.283224] usb 2-1.3: Manufacturer: Mitsumi Electric
[    2.288256] input: Mitsumi Electric Apple Optical USB Mouse as /devices/pci0000:00/0000:00:1d.7/usb2/2-1/2-1.3/2-1.3:1.0/0003:05AC:0304.0003/input/input4
[    2.292053] apple 0003:05AC:0304.0003: input,hidraw2: USB HID v1.10 Mouse [Mitsumi Electric Apple Optical USB Mouse] on usb-0000:00:1d.7-1.3/input0
[    2.332076] usb 5-1.1: New USB device found, idVendor=05ac, idProduct=8215
[    2.333892] usb 5-1.1: New USB device strings: Mfr=1, Product=2, SerialNumber=3
[    2.335700] usb 5-1.1: Product: Bluetooth USB Host Controller
[    2.337556] usb 5-1.1: Manufacturer: Apple Inc.
[    2.339318] usb 5-1.1: SerialNumber: 002500C57C69
[    2.802707]  sdc: sdc1 sdc2
[    2.805355] sd 5:0:0:0: [sdc] Attached SCSI disk
[    3.139958] clocksource: Switched to clocksource tsc
[    3.288891] [TTM] Zone  kernel: Available graphics memory: 6142826 kiB
[    3.290570] [TTM] Zone   dma32: Available graphics memory: 2097152 kiB
[    3.292195] [TTM] Initializing pool allocator
[    3.293810] [TTM] Initializing DMA pool allocator
[    3.295414] nouveau 0000:05:00.0: DRM: VRAM: 2048 MiB
[    3.296980] nouveau 0000:05:00.0: DRM: GART: 1048576 MiB
[    3.298537] nouveau 0000:05:00.0: DRM: TMDS table version 2.0
[    3.300083] nouveau 0000:05:00.0: DRM: DCB version 4.0
[    3.301593] nouveau 0000:05:00.0: DRM: DCB outp 00: 02000f10 00000000
[    3.303083] nouveau 0000:05:00.0: DRM: DCB outp 01: 01000f12 00020030
[    3.304567] nouveau 0000:05:00.0: DRM: DCB outp 02: 02011f62 00020010
[    3.306029] nouveau 0000:05:00.0: DRM: DCB outp 03: 08822fc6 04420010
[    3.307474] nouveau 0000:05:00.0: DRM: DCB outp 04: 08022f82 00020010
[    3.308913] nouveau 0000:05:00.0: DRM: DCB conn 00: 00010030
[    3.310324] nouveau 0000:05:00.0: DRM: DCB conn 01: 00020161
[    3.311709] nouveau 0000:05:00.0: DRM: DCB conn 02: 01000246
[    3.335699] [drm] Supports vblank timestamp caching Rev 2 (21.10.2013).
[    3.337100] [drm] Driver supports precise vblank timestamp query.
[    3.339029] nouveau 0000:05:00.0: DRM: MM: using COPY for buffer copies
[    3.415949] [drm] Cannot find any crtc or sizes
[    3.420057] [drm] Initialized nouveau 1.3.1 20120801 for 0000:05:00.0 on minor 0
[    3.421457] nouveau 0000:06:00.0: enabling device (0002 -> 0003)
[    3.422945] checking generic (98030000 300000) vs hw (98000000 8000000)
[    3.422946] fb: switching to nouveaufb from EFI VGA
[    3.424345] Console: switching to colour dummy device 80x25
[    3.424548] nouveau 0000:06:00.0: NVIDIA G96 (096000c1)
[    3.491984] [drm] Cannot find any crtc or sizes
[    3.567981] [drm] Cannot find any crtc or sizes
[    3.607781] nouveau 0000:06:00.0: bios: version 62.94.7b.00.00
[    3.629226] nouveau 0000:06:00.0: fb: 512 MiB GDDR3
[    3.723523] nouveau 0000:06:00.0: DRM: VRAM: 512 MiB
[    3.723528] nouveau 0000:06:00.0: DRM: GART: 1048576 MiB
[    3.723532] nouveau 0000:06:00.0: DRM: TMDS table version 2.0
[    3.723535] nouveau 0000:06:00.0: DRM: DCB version 4.0
[    3.723538] nouveau 0000:06:00.0: DRM: DCB outp 00: 02000100 00000028
[    3.723542] nouveau 0000:06:00.0: DRM: DCB outp 01: 01000102 00020030
[    3.723546] nouveau 0000:06:00.0: DRM: DCB outp 02: 040112b6 0f200020
[    3.723549] nouveau 0000:06:00.0: DRM: DCB outp 03: 04011242 00020020
[    3.723552] nouveau 0000:06:00.0: DRM: DCB conn 00: 00001030
[    3.723556] nouveau 0000:06:00.0: DRM: DCB conn 01: 00102146
[    3.727340] [drm] Supports vblank timestamp caching Rev 2 (21.10.2013).
[    3.727344] [drm] Driver supports precise vblank timestamp query.
[    3.761655] nouveau 0000:06:00.0: DRM: MM: using CRYPT for buffer copies
[    3.855997] [drm] Cannot find any crtc or sizes
[    3.856034] [drm] Initialized nouveau 1.3.1 20120801 for 0000:06:00.0 on minor 1
[    3.940146] [drm] Cannot find any crtc or sizes
[    4.019945] [drm] Cannot find any crtc or sizes
[    5.020071] raid6: sse2x1   gen()  6532 MB/s
[    5.068064] raid6: sse2x1   xor()  4908 MB/s
[    5.116070] raid6: sse2x2   gen()  7700 MB/s
[    5.164061] raid6: sse2x2   xor()  5767 MB/s
[    5.212062] raid6: sse2x4   gen()  8689 MB/s
[    5.260070] raid6: sse2x4   xor()  6456 MB/s
[    5.260073] raid6: using algorithm sse2x4 gen() 8689 MB/s
[    5.260076] raid6: .... xor() 6456 MB/s, rmw enabled
[    5.260078] raid6: using ssse3x2 recovery algorithm
[    5.262512] xor: measuring software checksum speed
[    5.300126]    prefetch64-sse: 11005.000 MB/sec
[    5.340123]    generic_sse:  9537.000 MB/sec
[    5.340127] xor: using function: prefetch64-sse (11005.000 MB/sec)
[    5.342590] async_tx: api initialized (async)
[    5.392286] Btrfs loaded, crc32c=crc32c-intel
[    5.617060] EXT4-fs (sda2): mounted filesystem with ordered data mode. Opts: (null)
[    5.788650] ip_tables: (C) 2000-2006 Netfilter Core Team
[    5.908699] systemd[1]: systemd 237 running in system mode. (+PAM +AUDIT +SELINUX +IMA +APPARMOR +SMACK +SYSVINIT +UTMP +LIBCRYPTSETUP +GCRYPT +GNUTLS +ACL +XZ +LZ4 +SECCOMP +BLKID +ELFUTILS +KMOD -IDN2 +IDN -PCRE2 default-hierarchy=hybrid)
[    5.928104] systemd[1]: Detected architecture x86-64.
[    5.931859] systemd[1]: Set hostname to <rlin01>.
[    6.032652] systemd[1]: Created slice User and Session Slice.
[    6.032764] systemd[1]: Reached target Remote File Systems.
[    6.032847] systemd[1]: Started Forward Password Requests to Wall Directory Watch.
[    6.033197] systemd[1]: Created slice System Slice.
[    6.033299] systemd[1]: Listening on /dev/initctl Compatibility Named Pipe.
[    6.033386] systemd[1]: Listening on Device-mapper event daemon FIFOs.
[    6.033532] systemd[1]: Listening on Journal Audit Socket.
[    6.130909] EXT4-fs (sda2): re-mounted. Opts: errors=remount-ro
[    6.253135] systemd-journald[444]: Received request to flush runtime journal from PID 1
[    6.387887] shpchp: Standard Hot Plug PCI Controller Driver version: 0.4
[    6.388103] dca service started, version 1.12.1
[    6.390585] EDAC MC0: Giving out device to module i7core_edac.c controller i7 core #0: DEV 0000:ff:03.0 (INTERRUPT)
[    6.390634] EDAC PCI0: Giving out device to module i7core_edac controller EDAC PCI controller: DEV 0000:ff:03.0 (POLLED)
[    6.390663] EDAC i7core: Driver loaded, 1 memory controller(s) found.
[    6.393014] ioatdma: Intel(R) QuickData Technology Driver 4.00
[    6.393051] ioatdma 0000:00:16.0: enabling device (0000 -> 0002)
[    6.393420] ioatdma 0000:00:16.0: can't derive routing for PCI INT A
[    6.393422] ioatdma 0000:00:16.0: PCI INT A: no GSI
[    6.408613] ioatdma 0000:00:16.1: enabling device (0000 -> 0002)
[    6.408982] ioatdma 0000:00:16.1: can't derive routing for PCI INT B
[    6.408984] ioatdma 0000:00:16.1: PCI INT B: no GSI
[    6.424176] i5500_temp 0000:00:14.3: Sensor seems to be disabled
[    6.424997] ioatdma 0000:00:16.2: enabling device (0000 -> 0002)
[    6.425364] ioatdma 0000:00:16.2: can't derive routing for PCI INT C
[    6.425366] ioatdma 0000:00:16.2: PCI INT C: no GSI
[    6.440583] ioatdma 0000:00:16.3: enabling device (0000 -> 0002)
[    6.440860] ioatdma 0000:00:16.3: can't derive routing for PCI INT D
[    6.440862] ioatdma 0000:00:16.3: PCI INT D: no GSI
[    6.453070] ioatdma 0000:00:16.4: enabling device (0000 -> 0002)
[    6.453353] ioatdma 0000:00:16.4: can't derive routing for PCI INT A
[    6.453355] ioatdma 0000:00:16.4: PCI INT A: no GSI
[    6.466093] ioatdma 0000:00:16.5: enabling device (0000 -> 0002)
[    6.466336] ioatdma 0000:00:16.5: can't derive routing for PCI INT B
[    6.466337] ioatdma 0000:00:16.5: PCI INT B: no GSI
[    6.479463] ioatdma 0000:00:16.6: enabling device (0000 -> 0002)
[    6.479831] ioatdma 0000:00:16.6: can't derive routing for PCI INT C
[    6.479833] ioatdma 0000:00:16.6: PCI INT C: no GSI
[    6.491555] cfg80211: Loading compiled-in X.509 certificates for regulatory database
[    6.496007] ACPI Warning: SystemIO range 0x0000000000000428-0x000000000000042F conflicts with OpRegion 0x0000000000000400-0x000000000000047F (\PMIO) (20170831/utaddress-247)
[    6.496014] ACPI: If an ACPI driver is available for this device, you should use it instead of the native driver
[    6.496017] ACPI Warning: SystemIO range 0x0000000000000530-0x000000000000053F conflicts with OpRegion 0x0000000000000500-0x000000000000053B (\GPIO) (20170831/utaddress-247)
[    6.496023] ACPI: If an ACPI driver is available for this device, you should use it instead of the native driver
[    6.496024] ACPI Warning: SystemIO range 0x0000000000000500-0x000000000000052F conflicts with OpRegion 0x0000000000000500-0x000000000000053B (\GPIO) (20170831/utaddress-247)
[    6.496028] ACPI: If an ACPI driver is available for this device, you should use it instead of the native driver
[    6.496029] lpc_ich: Resource conflict(s) found affecting gpio_ich
[    6.496238] ioatdma 0000:00:16.7: enabling device (0000 -> 0002)
[    6.496603] ioatdma 0000:00:16.7: can't derive routing for PCI INT D
[    6.496605] ioatdma 0000:00:16.7: PCI INT D: no GSI
[    6.501604] cfg80211: Loaded X.509 cert 'sforshee: 00b28ddf47aef9cea7'
[    6.502115] Bluetooth: Core ver 2.22
[    6.502135] NET: Registered protocol family 31
[    6.502136] Bluetooth: HCI device and connection manager initialized
[    6.502139] Bluetooth: HCI socket layer initialized
[    6.502142] Bluetooth: L2CAP socket layer initialized
[    6.502154] Bluetooth: SCO socket layer initialized
[    6.511831] snd_hda_intel 0000:00:1b.0: enabling device (0000 -> 0002)
[    6.512358] snd_hda_intel 0000:05:00.1: enabling device (0000 -> 0002)
[    6.512413] snd_hda_intel 0000:05:00.1: Disabling MSI
[    6.512431] snd_hda_intel 0000:05:00.1: Handle vga_switcheroo audio client
[    6.529586] usbcore: registered new interface driver btusb
[    6.536310] snd_hda_codec_realtek hdaudioC0D0: ALC889A: SKU not ready 0x400000f0
[    6.536687] snd_hda_codec_realtek hdaudioC0D0: autoconfig for ALC889A: line_outs=1 (0x14/0x0/0x0/0x0/0x0) type:line
[    6.536689] snd_hda_codec_realtek hdaudioC0D0:    speaker_outs=1 (0x1b/0x0/0x0/0x0/0x0)
[    6.536692] snd_hda_codec_realtek hdaudioC0D0:    hp_outs=1 (0x19/0x0/0x0/0x0/0x0)
[    6.536693] snd_hda_codec_realtek hdaudioC0D0:    mono: mono_out=0x0
[    6.536695] snd_hda_codec_realtek hdaudioC0D0:    dig-out=0x1e/0x0
[    6.536696] snd_hda_codec_realtek hdaudioC0D0:    inputs:
[    6.536698] snd_hda_codec_realtek hdaudioC0D0:      Mic=0x18
[    6.536700] snd_hda_codec_realtek hdaudioC0D0:      Line=0x1a
[    6.536702] snd_hda_codec_realtek hdaudioC0D0:    dig-in=0x1f
[    6.568992] b43-phy0: Broadcom 4322 WLAN found (core revision 16)
[    6.592128] input: HDA Intel Mic as /devices/pci0000:00/0000:00:1b.0/sound/card0/input5
[    6.592211] input: HDA Intel Line as /devices/pci0000:00/0000:00:1b.0/sound/card0/input6
[    6.592383] input: HDA Intel Headphone as /devices/pci0000:00/0000:00:1b.0/sound/card0/input7
[    6.601907] Adding 12571644k swap on /dev/sda3.  Priority:-2 extents:1 across:12571644k SSFS
[    6.612560] kvm: VM_EXIT_LOAD_IA32_PERF_GLOBAL_CTRL does not work properly. Using workaround
[    6.615957] b43-phy0: Found PHY: Analog 8, Type 4 (N), Revision 4
[    6.615981] b43-phy0: Found Radio: Manuf 0x17F, ID 0x2056, Revision 3, Version 0
[    6.632162] Broadcom 43xx driver loaded [ Features: PNL ]
[    6.642088] Bluetooth: hci0: BCM: chip id 254 build 0518
[    6.644091] Bluetooth: hci0: BCM: product 05ac:8215
[    6.644321] b43 ssb0:0: Direct firmware load for b43/ucode16_mimo.fw failed with error -2
[    6.644342] b43 ssb0:0: Direct firmware load for b43/ucode16_mimo.fw failed with error -2
[    6.644366] b43 ssb0:0: Direct firmware load for b43-open/ucode16_mimo.fw failed with error -2
[    6.644379] b43 ssb0:0: Direct firmware load for b43-open/ucode16_mimo.fw failed with error -2
[    6.644382] b43-phy0 ERROR: Firmware file "b43/ucode16_mimo.fw" not found
[    6.644389] b43-phy0 ERROR: Firmware file "b43-open/ucode16_mimo.fw" not found
[    6.644395] b43-phy0 ERROR: You must go to http://wireless.kernel.org/en/users/Drivers/b43#devicefirmware and download the correct firmware for this driver version. Please carefully read all instructions on this website.
[    6.646080] Bluetooth: hci0: BCM: features 0x00
[    6.678179] Bluetooth: hci0: Bluetooth USB Host Controller
[    6.870967] random: crng init done
[    6.870969] random: 7 urandom warning(s) missed due to ratelimiting
[    6.908137] EXT4-fs (sdb1): mounted filesystem with ordered data mode. Opts: (null)
[    7.044057] applesmc: key=404 fan=5 temp=75 index=75 acc=0 lux=0 kbd=0
[    7.044284] applesmc applesmc.768: hwmon_device_register() is deprecated. Please convert the driver to use hwmon_device_register_with_info().
[    7.228810] input: HDA NVidia HDMI/DP,pcm=3 as /devices/pci0000:00/0000:00:03.0/0000:05:00.1/sound/card1/input8
[    7.228896] input: HDA NVidia HDMI/DP,pcm=7 as /devices/pci0000:00/0000:00:03.0/0000:05:00.1/sound/card1/input9
[    7.228962] input: HDA NVidia HDMI/DP,pcm=8 as /devices/pci0000:00/0000:00:03.0/0000:05:00.1/sound/card1/input10
[    7.450266] IPv6: ADDRCONF(NETDEV_UP): enp10s0: link is not ready
[    7.938423] ipmi message handler version 39.2
[    7.941742] ipmi device interface
[    7.972126] IPMI System Interface driver.
[    7.972194] ipmi_si: Unable to find any System Interface(s)
[    9.792993] e1000e: enp10s0 NIC Link is Up 1000 Mbps Full Duplex, Flow Control: None
[    9.793354] IPv6: ADDRCONF(NETDEV_CHANGE): enp10s0: link becomes ready
[   20.317697] aufs 4.15-20180219
[   20.425091] ip6_tables: (C) 2000-2006 Netfilter Core Team
[   20.541363] Ebtables v2.0 registered
[   21.313165] L1TF CPU bug present and SMT on, data leak possible. See CVE-2018-3646 and https://www.kernel.org/doc/html/latest/admin-guide/hw-vuln/l1tf.html for details.
[   22.100595] bridge: filtering via arp/ip/ip6tables is no longer available by default. Update your scripts to load br_netfilter if you need this.
[   22.102412] Bridge firewalling registered
[   22.118439] nf_conntrack version 0.5.0 (65536 buckets, 262144 max)
[   22.272150] Initializing XFRM netlink socket
[   22.284130] Netfilter messages via NETLINK v0.30.
[   22.286289] ctnetlink v0.93: registering with nfnetlink.
[   22.528717] IPv6: ADDRCONF(NETDEV_UP): docker0: link is not ready
[   24.435002] virbr0: port 1(virbr0-nic) entered blocking state
[   24.435005] virbr0: port 1(virbr0-nic) entered disabled state
[   24.435075] device virbr0-nic entered promiscuous mode
[   24.659532] virbr0: port 1(virbr0-nic) entered blocking state
[   24.659537] virbr0: port 1(virbr0-nic) entered listening state
[   24.689740] virbr0: port 1(virbr0-nic) entered disabled state
[39476.551961] perf: interrupt took too long (2501 > 2500), lowering kernel.perf_event_max_sample_rate to 79750
[44750.616230] perf: interrupt took too long (3405 > 3126), lowering kernel.perf_event_max_sample_rate to 58500
[88800.971097] perf: interrupt took too long (4436 > 4256), lowering kernel.perf_event_max_sample_rate to 45000
[125924.116135] docker0: port 1(veth602b638) entered blocking state
[125924.116137] docker0: port 1(veth602b638) entered disabled state
[125924.116206] device veth602b638 entered promiscuous mode
[125924.116299] IPv6: ADDRCONF(NETDEV_UP): veth602b638: link is not ready
[125924.481744] eth0: renamed from vethe637f33
[125924.501852] IPv6: ADDRCONF(NETDEV_CHANGE): veth602b638: link becomes ready
[125924.501892] docker0: port 1(veth602b638) entered blocking state
[125924.501894] docker0: port 1(veth602b638) entered forwarding state
[125924.501938] IPv6: ADDRCONF(NETDEV_CHANGE): docker0: link becomes ready
[126063.590604] docker0: port 1(veth602b638) entered disabled state
[126063.590719] vethe637f33: renamed from eth0
[126063.650796] docker0: port 1(veth602b638) entered disabled state
[126063.652738] device veth602b638 left promiscuous mode
[126063.652742] docker0: port 1(veth602b638) entered disabled state
[126272.993841] docker0: port 1(vethe88bc86) entered blocking state
[126272.993844] docker0: port 1(vethe88bc86) entered disabled state
[126272.993910] device vethe88bc86 entered promiscuous mode
[126272.993998] IPv6: ADDRCONF(NETDEV_UP): vethe88bc86: link is not ready
[126272.994001] docker0: port 1(vethe88bc86) entered blocking state
[126272.994003] docker0: port 1(vethe88bc86) entered forwarding state
[126272.994383] docker0: port 1(vethe88bc86) entered disabled state
[126273.335421] eth0: renamed from vethe614a5c
[126273.367252] IPv6: ADDRCONF(NETDEV_CHANGE): vethe88bc86: link becomes ready
[126273.367290] docker0: port 1(vethe88bc86) entered blocking state
[126273.367293] docker0: port 1(vethe88bc86) entered forwarding state
[126466.678868] docker0: port 1(vethe88bc86) entered disabled state
[126466.678937] vethe614a5c: renamed from eth0
[126466.729963] docker0: port 1(vethe88bc86) entered disabled state
[126466.733298] device vethe88bc86 left promiscuous mode
[126466.733301] docker0: port 1(vethe88bc86) entered disabled state
[127123.536373] EXT4-fs (loop0): mounted filesystem with ordered data mode. Opts: (null)
[127244.461079] EXT4-fs (loop0): mounted filesystem with ordered data mode. Opts: (null)
[127307.834084] EXT4-fs (loop0): mounted filesystem with ordered data mode. Opts: (null)
[127740.310499] docker0: port 1(vethad0e1da) entered blocking state
[127740.310502] docker0: port 1(vethad0e1da) entered disabled state
[127740.310551] device vethad0e1da entered promiscuous mode
[127740.310616] IPv6: ADDRCONF(NETDEV_UP): vethad0e1da: link is not ready
[127740.652346] eth0: renamed from veth080a826
[127740.676330] IPv6: ADDRCONF(NETDEV_CHANGE): vethad0e1da: link becomes ready
[127740.676368] docker0: port 1(vethad0e1da) entered blocking state
[127740.676370] docker0: port 1(vethad0e1da) entered forwarding state
[127783.301273] docker0: port 1(vethad0e1da) entered disabled state
[127783.301358] veth080a826: renamed from eth0
[127783.377025] docker0: port 1(vethad0e1da) entered disabled state
[127783.378638] device vethad0e1da left promiscuous mode
[127783.378642] docker0: port 1(vethad0e1da) entered disabled state
[127789.728008] docker0: port 1(vethad19404) entered blocking state
[127789.728011] docker0: port 1(vethad19404) entered disabled state
[127789.728061] device vethad19404 entered promiscuous mode
[127789.728150] IPv6: ADDRCONF(NETDEV_UP): vethad19404: link is not ready
[127790.051186] eth0: renamed from veth7991a03
[127790.074966] IPv6: ADDRCONF(NETDEV_CHANGE): vethad19404: link becomes ready
[127790.075006] docker0: port 1(vethad19404) entered blocking state
[127790.075010] docker0: port 1(vethad19404) entered forwarding state
[127804.451574] docker0: port 1(vethad19404) entered disabled state
[127804.451643] veth7991a03: renamed from eth0
[127804.522980] docker0: port 1(vethad19404) entered disabled state
[127804.525488] device vethad19404 left promiscuous mode
[127804.525491] docker0: port 1(vethad19404) entered disabled state
[127804.979193] docker0: port 1(vethc4bbefb) entered blocking state
[127804.979195] docker0: port 1(vethc4bbefb) entered disabled state
[127804.979248] device vethc4bbefb entered promiscuous mode
[127804.979312] IPv6: ADDRCONF(NETDEV_UP): vethc4bbefb: link is not ready
[127804.979315] docker0: port 1(vethc4bbefb) entered blocking state
[127804.979317] docker0: port 1(vethc4bbefb) entered forwarding state
[127805.266609] eth0: renamed from veth0fc2442
[127805.290459] IPv6: ADDRCONF(NETDEV_CHANGE): vethc4bbefb: link becomes ready
[127915.850602] docker0: port 1(vethc4bbefb) entered disabled state
[127915.850693] veth0fc2442: renamed from eth0
[127915.900230] docker0: port 1(vethc4bbefb) entered disabled state
[127915.902975] device vethc4bbefb left promiscuous mode
[127915.902979] docker0: port 1(vethc4bbefb) entered disabled state
[127923.021185] docker0: port 1(veth9fb4343) entered blocking state
[127923.021187] docker0: port 1(veth9fb4343) entered disabled state
[127923.021239] device veth9fb4343 entered promiscuous mode
[127923.021303] IPv6: ADDRCONF(NETDEV_UP): veth9fb4343: link is not ready
[127923.375186] eth0: renamed from vethe35aa99
[127923.406965] IPv6: ADDRCONF(NETDEV_CHANGE): veth9fb4343: link becomes ready
[127923.407006] docker0: port 1(veth9fb4343) entered blocking state
[127923.407008] docker0: port 1(veth9fb4343) entered forwarding state
[127926.183547] docker0: port 1(veth9fb4343) entered disabled state
[127926.183617] vethe35aa99: renamed from eth0
[127926.263242] docker0: port 1(veth9fb4343) entered disabled state
[127926.265923] device veth9fb4343 left promiscuous mode
[127926.265931] docker0: port 1(veth9fb4343) entered disabled state
[127926.824952] docker0: port 1(vethcbfbe79) entered blocking state
[127926.824954] docker0: port 1(vethcbfbe79) entered disabled state
[127926.825005] device vethcbfbe79 entered promiscuous mode
[127926.825069] IPv6: ADDRCONF(NETDEV_UP): vethcbfbe79: link is not ready
[127926.825072] docker0: port 1(vethcbfbe79) entered blocking state
[127926.825074] docker0: port 1(vethcbfbe79) entered forwarding state
[127927.127006] eth0: renamed from veth970065e
[127927.154926] IPv6: ADDRCONF(NETDEV_CHANGE): vethcbfbe79: link becomes ready
[127927.715661] docker0: port 1(vethcbfbe79) entered disabled state
[127927.715735] veth970065e: renamed from eth0
[127927.779369] docker0: port 1(vethcbfbe79) entered disabled state
[127927.781079] device vethcbfbe79 left promiscuous mode
[127927.781083] docker0: port 1(vethcbfbe79) entered disabled state
[127929.372527] docker0: port 1(veth2fda88d) entered blocking state
[127929.372530] docker0: port 1(veth2fda88d) entered disabled state
[127929.372582] device veth2fda88d entered promiscuous mode
[127929.372673] IPv6: ADDRCONF(NETDEV_UP): veth2fda88d: link is not ready
[127929.698925] eth0: renamed from veth2025ec6
[127929.726847] IPv6: ADDRCONF(NETDEV_CHANGE): veth2fda88d: link becomes ready
[127929.726885] docker0: port 1(veth2fda88d) entered blocking state
[127929.726888] docker0: port 1(veth2fda88d) entered forwarding state
[127932.755676] docker0: port 1(veth2fda88d) entered disabled state
[127932.755745] veth2025ec6: renamed from eth0
[127932.810940] docker0: port 1(veth2fda88d) entered disabled state
[127932.812642] device veth2fda88d left promiscuous mode
[127932.812648] docker0: port 1(veth2fda88d) entered disabled state
[128011.874614] docker0: port 1(vethc7c0978) entered blocking state
[128011.874617] docker0: port 1(vethc7c0978) entered disabled state
[128011.874684] device vethc7c0978 entered promiscuous mode
[128011.874771] IPv6: ADDRCONF(NETDEV_UP): vethc7c0978: link is not ready
[128011.874774] docker0: port 1(vethc7c0978) entered blocking state
[128011.874776] docker0: port 1(vethc7c0978) entered forwarding state
[128011.875060] docker0: port 1(vethc7c0978) entered disabled state
[128012.224579] eth0: renamed from veth64dc3eb
[128012.244414] IPv6: ADDRCONF(NETDEV_CHANGE): vethc7c0978: link becomes ready
[128012.244461] docker0: port 1(vethc7c0978) entered blocking state
[128012.244464] docker0: port 1(vethc7c0978) entered forwarding state
[128012.795358] docker0: port 1(vethc7c0978) entered disabled state
[128012.795425] veth64dc3eb: renamed from eth0
[128012.864676] docker0: port 1(vethc7c0978) entered disabled state
[128012.866251] device vethc7c0978 left promiscuous mode
[128012.866255] docker0: port 1(vethc7c0978) entered disabled state
[128032.400412] docker0: port 1(veth5032e03) entered blocking state
[128032.400414] docker0: port 1(veth5032e03) entered disabled state
[128032.400462] device veth5032e03 entered promiscuous mode
[128032.400523] IPv6: ADDRCONF(NETDEV_UP): veth5032e03: link is not ready
[128032.400524] docker0: port 1(veth5032e03) entered blocking state
[128032.400526] docker0: port 1(veth5032e03) entered forwarding state
[128032.400716] docker0: port 1(veth5032e03) entered disabled state
[128032.763972] eth0: renamed from veth70a5875
[128032.783940] IPv6: ADDRCONF(NETDEV_CHANGE): veth5032e03: link becomes ready
[128032.783978] docker0: port 1(veth5032e03) entered blocking state
[128032.783981] docker0: port 1(veth5032e03) entered forwarding state
[128107.865586] docker0: port 1(veth5032e03) entered disabled state
[128107.865665] veth70a5875: renamed from eth0
[128107.926004] docker0: port 1(veth5032e03) entered disabled state
[128107.927689] device veth5032e03 left promiscuous mode
[128107.927693] docker0: port 1(veth5032e03) entered disabled state
[128122.023232] docker0: port 1(veth25b2309) entered blocking state
[128122.023234] docker0: port 1(veth25b2309) entered disabled state
[128122.023284] device veth25b2309 entered promiscuous mode
[128122.023350] IPv6: ADDRCONF(NETDEV_UP): veth25b2309: link is not ready
[128122.361559] eth0: renamed from veth046cc8c
[128122.385650] IPv6: ADDRCONF(NETDEV_CHANGE): veth25b2309: link becomes ready
[128122.385689] docker0: port 1(veth25b2309) entered blocking state
[128122.385692] docker0: port 1(veth25b2309) entered forwarding state
[128188.991146] docker0: port 1(veth25b2309) entered disabled state
[128188.991240] veth046cc8c: renamed from eth0
[128189.062202] docker0: port 1(veth25b2309) entered disabled state
[128189.063819] device veth25b2309 left promiscuous mode
[128189.063823] docker0: port 1(veth25b2309) entered disabled state
[128198.893115] docker0: port 1(veth2409693) entered blocking state
[128198.893118] docker0: port 1(veth2409693) entered disabled state
[128198.893189] device veth2409693 entered promiscuous mode
[128198.893286] IPv6: ADDRCONF(NETDEV_UP): veth2409693: link is not ready
[128199.227614] eth0: renamed from vethd3e853f
[128199.247569] IPv6: ADDRCONF(NETDEV_CHANGE): veth2409693: link becomes ready
[128199.247607] docker0: port 1(veth2409693) entered blocking state
[128199.247609] docker0: port 1(veth2409693) entered forwarding state
[128242.369228] docker0: port 1(veth2409693) entered disabled state
[128242.369297] vethd3e853f: renamed from eth0
[128242.442343] docker0: port 1(veth2409693) entered disabled state
[128242.444959] device veth2409693 left promiscuous mode
[128242.444964] docker0: port 1(veth2409693) entered disabled state
[128249.036987] docker0: port 1(veth980ef7e) entered blocking state
[128249.036990] docker0: port 1(veth980ef7e) entered disabled state
[128249.037067] device veth980ef7e entered promiscuous mode
[128249.037158] IPv6: ADDRCONF(NETDEV_UP): veth980ef7e: link is not ready
[128249.382166] eth0: renamed from veth7860ff1
[128249.406287] IPv6: ADDRCONF(NETDEV_CHANGE): veth980ef7e: link becomes ready
[128249.406330] docker0: port 1(veth980ef7e) entered blocking state
[128249.406334] docker0: port 1(veth980ef7e) entered forwarding state
[128263.464559] docker0: port 1(veth980ef7e) entered disabled state
[128263.464629] veth7860ff1: renamed from eth0
[128263.509824] docker0: port 1(veth980ef7e) entered disabled state
[128263.512093] device veth980ef7e left promiscuous mode
[128263.512096] docker0: port 1(veth980ef7e) entered disabled state
[128263.991284] docker0: port 1(veth291a25b) entered blocking state
[128263.991287] docker0: port 1(veth291a25b) entered disabled state
[128263.991356] device veth291a25b entered promiscuous mode
[128263.991497] IPv6: ADDRCONF(NETDEV_UP): veth291a25b: link is not ready
[128263.991501] docker0: port 1(veth291a25b) entered blocking state
[128263.991503] docker0: port 1(veth291a25b) entered forwarding state
[128264.309830] eth0: renamed from vethe98a078
[128264.337789] IPv6: ADDRCONF(NETDEV_CHANGE): veth291a25b: link becomes ready
[128375.608486] docker0: port 1(veth291a25b) entered disabled state
[128375.608555] vethe98a078: renamed from eth0
[128375.668761] docker0: port 1(veth291a25b) entered disabled state
[128375.670329] device veth291a25b left promiscuous mode
[128375.670333] docker0: port 1(veth291a25b) entered disabled state
[128382.991820] docker0: port 1(veth1b58e97) entered blocking state
[128382.991823] docker0: port 1(veth1b58e97) entered disabled state
[128382.991897] device veth1b58e97 entered promiscuous mode
[128382.992208] IPv6: ADDRCONF(NETDEV_UP): veth1b58e97: link is not ready
[128383.342658] eth0: renamed from veth52ae4b5
[128383.366550] IPv6: ADDRCONF(NETDEV_CHANGE): veth1b58e97: link becomes ready
[128383.366599] docker0: port 1(veth1b58e97) entered blocking state
[128383.366603] docker0: port 1(veth1b58e97) entered forwarding state
[128386.015189] docker0: port 1(veth1b58e97) entered disabled state
[128386.015281] veth52ae4b5: renamed from eth0
[128386.095046] docker0: port 1(veth1b58e97) entered disabled state
[128386.097991] device veth1b58e97 left promiscuous mode
[128386.097998] docker0: port 1(veth1b58e97) entered disabled state
[128386.586697] docker0: port 1(veth9ee0d81) entered blocking state
[128386.586700] docker0: port 1(veth9ee0d81) entered disabled state
[128386.586768] device veth9ee0d81 entered promiscuous mode
[128386.586865] IPv6: ADDRCONF(NETDEV_UP): veth9ee0d81: link is not ready
[128386.586870] docker0: port 1(veth9ee0d81) entered blocking state
[128386.586872] docker0: port 1(veth9ee0d81) entered forwarding state
[128386.930569] eth0: renamed from vethc69ca7b
[128386.946489] IPv6: ADDRCONF(NETDEV_CHANGE): veth9ee0d81: link becomes ready
[128387.517841] docker0: port 1(veth9ee0d81) entered disabled state
[128387.517909] vethc69ca7b: renamed from eth0
[128387.591751] docker0: port 1(veth9ee0d81) entered disabled state
[128387.593450] device veth9ee0d81 left promiscuous mode
[128387.593454] docker0: port 1(veth9ee0d81) entered disabled state
[128389.220438] docker0: port 1(veth88612e0) entered blocking state
[128389.220442] docker0: port 1(veth88612e0) entered disabled state
[128389.220553] device veth88612e0 entered promiscuous mode
[128389.220695] IPv6: ADDRCONF(NETDEV_UP): veth88612e0: link is not ready
[128389.546446] eth0: renamed from vethc862842
[128389.570366] IPv6: ADDRCONF(NETDEV_CHANGE): veth88612e0: link becomes ready
[128389.570404] docker0: port 1(veth88612e0) entered blocking state
[128389.570407] docker0: port 1(veth88612e0) entered forwarding state
[128391.289753] docker0: port 1(veth88612e0) entered disabled state
[128391.289822] vethc862842: renamed from eth0
[128391.339224] docker0: port 1(veth88612e0) entered disabled state
[128391.341145] device veth88612e0 left promiscuous mode
[128391.341148] docker0: port 1(veth88612e0) entered disabled state
[128392.140235] docker0: port 1(vetha1642a9) entered blocking state
[128392.140238] docker0: port 1(vetha1642a9) entered disabled state
[128392.140288] device vetha1642a9 entered promiscuous mode
[128392.140353] IPv6: ADDRCONF(NETDEV_UP): vetha1642a9: link is not ready
[128392.140356] docker0: port 1(vetha1642a9) entered blocking state
[128392.140357] docker0: port 1(vetha1642a9) entered forwarding state
[128392.290009] docker0: port 1(vetha1642a9) entered disabled state
[128392.446347] eth0: renamed from veth8b7189e
[128392.478336] IPv6: ADDRCONF(NETDEV_CHANGE): vetha1642a9: link becomes ready
[128392.478376] docker0: port 1(vetha1642a9) entered blocking state
[128392.478379] docker0: port 1(vetha1642a9) entered forwarding state
[128393.812052] docker0: port 1(vetha1642a9) entered disabled state
[128393.812155] veth8b7189e: renamed from eth0
[128393.866495] docker0: port 1(vetha1642a9) entered disabled state
[128393.869198] device vetha1642a9 left promiscuous mode
[128393.869203] docker0: port 1(vetha1642a9) entered disabled state
[128394.718961] docker0: port 1(vethb9046a4) entered blocking state
[128394.718963] docker0: port 1(vethb9046a4) entered disabled state
[128394.719016] device vethb9046a4 entered promiscuous mode
[128394.719081] IPv6: ADDRCONF(NETDEV_UP): vethb9046a4: link is not ready
[128394.719084] docker0: port 1(vethb9046a4) entered blocking state
[128394.719085] docker0: port 1(vethb9046a4) entered forwarding state
[128394.719119] docker0: port 1(vethb9046a4) entered disabled state
[128395.074294] eth0: renamed from veth5e9dd51
[128395.098228] IPv6: ADDRCONF(NETDEV_CHANGE): vethb9046a4: link becomes ready
[128395.098266] docker0: port 1(vethb9046a4) entered blocking state
[128395.098269] docker0: port 1(vethb9046a4) entered forwarding state
[128395.713029] docker0: port 1(vethb9046a4) entered disabled state
[128395.713096] veth5e9dd51: renamed from eth0
[128395.770254] docker0: port 1(vethb9046a4) entered disabled state
[128395.773016] device vethb9046a4 left promiscuous mode
[128395.773024] docker0: port 1(vethb9046a4) entered disabled state
[165418.747724] perf: interrupt took too long (5677 > 5545), lowering kernel.perf_event_max_sample_rate to 35000
[258108.570216] docker0: port 1(vethe88363c) entered blocking state
[258108.570218] docker0: port 1(vethe88363c) entered disabled state
[258108.570267] device vethe88363c entered promiscuous mode
[258108.570331] IPv6: ADDRCONF(NETDEV_UP): vethe88363c: link is not ready
[258108.896924] eth0: renamed from vethed42cb0
[258108.916974] IPv6: ADDRCONF(NETDEV_CHANGE): vethe88363c: link becomes ready
[258108.917021] docker0: port 1(vethe88363c) entered blocking state
[258108.917023] docker0: port 1(vethe88363c) entered forwarding state
[258112.066486] docker0: port 1(vethe88363c) entered disabled state
[258112.066602] vethed42cb0: renamed from eth0
[258112.136008] docker0: port 1(vethe88363c) entered disabled state
[258112.137837] device vethe88363c left promiscuous mode
[258112.137840] docker0: port 1(vethe88363c) entered disabled state
[258156.549474] docker0: port 1(veth1c496be) entered blocking state
[258156.549477] docker0: port 1(veth1c496be) entered disabled state
[258156.549545] device veth1c496be entered promiscuous mode
[258156.549640] IPv6: ADDRCONF(NETDEV_UP): veth1c496be: link is not ready
[258156.923595] eth0: renamed from veth6256820
[258156.947583] IPv6: ADDRCONF(NETDEV_CHANGE): veth1c496be: link becomes ready
[258156.947627] docker0: port 1(veth1c496be) entered blocking state
[258156.947630] docker0: port 1(veth1c496be) entered forwarding state
[258157.718193] docker0: port 1(veth1c496be) entered disabled state
[258157.718262] veth6256820: renamed from eth0
[258157.787810] docker0: port 1(veth1c496be) entered disabled state
[258157.790152] device veth1c496be left promiscuous mode
[258157.790157] docker0: port 1(veth1c496be) entered disabled state
[258175.448375] docker0: port 1(vethc5bcd5c) entered blocking state
[258175.448377] docker0: port 1(vethc5bcd5c) entered disabled state
[258175.448426] device vethc5bcd5c entered promiscuous mode
[258175.448491] IPv6: ADDRCONF(NETDEV_UP): vethc5bcd5c: link is not ready
[258175.448492] docker0: port 1(vethc5bcd5c) entered blocking state
[258175.448494] docker0: port 1(vethc5bcd5c) entered forwarding state
[258175.448699] docker0: port 1(vethc5bcd5c) entered disabled state
[258175.759159] eth0: renamed from veth60f322c
[258175.782959] IPv6: ADDRCONF(NETDEV_CHANGE): vethc5bcd5c: link becomes ready
[258175.782997] docker0: port 1(vethc5bcd5c) entered blocking state
[258175.782999] docker0: port 1(vethc5bcd5c) entered forwarding state
[258177.247113] docker0: port 1(vethc5bcd5c) entered disabled state
[258177.247157] veth60f322c: renamed from eth0
[258177.299512] docker0: port 1(vethc5bcd5c) entered disabled state
