[    0.000000] Linux version 4.15.0-1044-aws (buildd@lcy01-amd64-022) (gcc version 7.4.0 (Ubuntu 7.4.0-1ubuntu1~18.04.1)) #46-Ubuntu SMP Thu Jul 4 13:38:28 UTC 2019 (Ubuntu 4.15.0-1044.46-aws 4.15.18)
[    0.000000] Command line: BOOT_IMAGE=/boot/vmlinuz-4.15.0-1044-aws root=LABEL=cloudimg-rootfs ro console=tty1 console=ttyS0 nvme_core.io_timeout=4294967295
[    0.000000] KERNEL supported cpus:
[    0.000000]   Intel GenuineIntel
[    0.000000]   AMD AuthenticAMD
[    0.000000]   Centaur CentaurHauls
[    0.000000] x86/fpu: Supporting XSAVE feature 0x001: 'x87 floating point registers'
[    0.000000] x86/fpu: Supporting XSAVE feature 0x002: 'SSE registers'
[    0.000000] x86/fpu: Supporting XSAVE feature 0x004: 'AVX registers'
[    0.000000] x86/fpu: Supporting XSAVE feature 0x008: 'MPX bounds registers'
[    0.000000] x86/fpu: Supporting XSAVE feature 0x010: 'MPX CSR'
[    0.000000] x86/fpu: Supporting XSAVE feature 0x020: 'AVX-512 opmask'
[    0.000000] x86/fpu: Supporting XSAVE feature 0x040: 'AVX-512 Hi256'
[    0.000000] x86/fpu: Supporting XSAVE feature 0x080: 'AVX-512 ZMM_Hi256'
[    0.000000] x86/fpu: Supporting XSAVE feature 0x200: 'Protection Keys User registers'
[    0.000000] x86/fpu: xstate_offset[2]:  576, xstate_sizes[2]:  256
[    0.000000] x86/fpu: xstate_offset[3]:  832, xstate_sizes[3]:   64
[    0.000000] x86/fpu: xstate_offset[4]:  896, xstate_sizes[4]:   64
[    0.000000] x86/fpu: xstate_offset[5]:  960, xstate_sizes[5]:   64
[    0.000000] x86/fpu: xstate_offset[6]: 1024, xstate_sizes[6]:  512
[    0.000000] x86/fpu: xstate_offset[7]: 1536, xstate_sizes[7]: 1024
[    0.000000] x86/fpu: xstate_offset[9]: 2560, xstate_sizes[9]:    8
[    0.000000] x86/fpu: Enabled xstate features 0x2ff, context size is 2568 bytes, using 'compacted' format.
[    0.000000] e820: BIOS-provided physical RAM map:
[    0.000000] BIOS-e820: [mem 0x0000000000000000-0x000000000009ebff] usable
[    0.000000] BIOS-e820: [mem 0x000000000009ec00-0x000000000009ffff] reserved
[    0.000000] BIOS-e820: [mem 0x00000000000e0000-0x00000000000fffff] reserved
[    0.000000] BIOS-e820: [mem 0x0000000000100000-0x00000000a2deefff] usable
[    0.000000] BIOS-e820: [mem 0x00000000a2def000-0x00000000a32eefff] ACPI NVS
[    0.000000] BIOS-e820: [mem 0x00000000a32ef000-0x00000000a3397fff] reserved
[    0.000000] BIOS-e820: [mem 0x00000000a3398000-0x00000000aad97fff] usable
[    0.000000] BIOS-e820: [mem 0x00000000aad98000-0x00000000ace97fff] reserved
[    0.000000] BIOS-e820: [mem 0x00000000ace98000-0x00000000ad32cfff] usable
[    0.000000] BIOS-e820: [mem 0x00000000ad32d000-0x00000000ad8e7fff] ACPI NVS
[    0.000000] BIOS-e820: [mem 0x00000000ad8e8000-0x00000000af307fff] reserved
[    0.000000] BIOS-e820: [mem 0x00000000af308000-0x00000000af7fffff] usable
[    0.000000] BIOS-e820: [mem 0x00000000af800000-0x00000000cfffffff] reserved
[    0.000000] BIOS-e820: [mem 0x00000000fd000000-0x00000000fe7fffff] reserved
[    0.000000] BIOS-e820: [mem 0x00000000fed20000-0x00000000fed44fff] reserved
[    0.000000] BIOS-e820: [mem 0x00000000ff000000-0x00000000ffffffff] reserved
[    0.000000] BIOS-e820: [mem 0x0000000100000000-0x000000603fffffff] usable
[    0.000000] NX (Execute Disable) protection: active
[    0.000000] SMBIOS 3.0.0 present.
[    0.000000] DMI: Amazon EC2 m5d.metal/Not Specified, BIOS 1.0 10/16/2017
[    0.000000] e820: update [mem 0x00000000-0x00000fff] usable ==> reserved
[    0.000000] e820: remove [mem 0x000a0000-0x000fffff] usable
[    0.000000] e820: last_pfn = 0x6040000 max_arch_pfn = 0x400000000
[    0.000000] MTRR default type: uncachable
[    0.000000] MTRR fixed ranges enabled:
[    0.000000]   00000-9FFFF write-back
[    0.000000]   A0000-BFFFF uncachable
[    0.000000]   C0000-FFFFF write-protect
[    0.000000] MTRR variable ranges enabled:
[    0.000000]   0 base 000000000000 mask 3FC000000000 write-back
[    0.000000]   1 base 004000000000 mask 3FE000000000 write-back
[    0.000000]   2 base 006000000000 mask 3FFFC0000000 write-back
[    0.000000]   3 base 0000C0000000 mask 3FFFC0000000 uncachable
[    0.000000]   4 base 0000BF000000 mask 3FFFFF000000 uncachable
[    0.000000]   5 disabled
[    0.000000]   6 disabled
[    0.000000]   7 disabled
[    0.000000]   8 disabled
[    0.000000]   9 disabled
[    0.000000] x86/PAT: Configuration [0-7]: WB  WC  UC- UC  WB  WP  UC- WT  
[    0.000000] total RAM covered: 393200M
[    0.000000]  gran_size: 64K 	chunk_size: 64K 	num_reg: 10  	lose cover RAM: 353G
[    0.000000]  gran_size: 64K 	chunk_size: 128K 	num_reg: 10  	lose cover RAM: 353G
[    0.000000]  gran_size: 64K 	chunk_size: 256K 	num_reg: 10  	lose cover RAM: 353G
[    0.000000]  gran_size: 64K 	chunk_size: 512K 	num_reg: 10  	lose cover RAM: 353G
[    0.000000]  gran_size: 64K 	chunk_size: 1M 	num_reg: 10  	lose cover RAM: 353G
[    0.000000]  gran_size: 64K 	chunk_size: 2M 	num_reg: 10  	lose cover RAM: 353G
[    0.000000]  gran_size: 64K 	chunk_size: 4M 	num_reg: 10  	lose cover RAM: 353G
[    0.000000]  gran_size: 64K 	chunk_size: 8M 	num_reg: 10  	lose cover RAM: 353G
[    0.000000]  gran_size: 64K 	chunk_size: 16M 	num_reg: 10  	lose cover RAM: 353G
[    0.000000]  gran_size: 64K 	chunk_size: 32M 	num_reg: 10  	lose cover RAM: 1G
[    0.000000]  gran_size: 64K 	chunk_size: 64M 	num_reg: 10  	lose cover RAM: 1G
[    0.000000]  gran_size: 64K 	chunk_size: 128M 	num_reg: 10  	lose cover RAM: 1G
[    0.000000]  gran_size: 64K 	chunk_size: 256M 	num_reg: 10  	lose cover RAM: 1G
[    0.000000]  gran_size: 64K 	chunk_size: 512M 	num_reg: 10  	lose cover RAM: 1G
[    0.000000]  gran_size: 64K 	chunk_size: 1G 	num_reg: 10  	lose cover RAM: 1G
[    0.000000]  gran_size: 64K 	chunk_size: 2G 	num_reg: 10  	lose cover RAM: 1G
[    0.000000]  gran_size: 128K 	chunk_size: 128K 	num_reg: 10  	lose cover RAM: 353G
[    0.000000]  gran_size: 128K 	chunk_size: 256K 	num_reg: 10  	lose cover RAM: 353G
[    0.000000]  gran_size: 128K 	chunk_size: 512K 	num_reg: 10  	lose cover RAM: 353G
[    0.000000]  gran_size: 128K 	chunk_size: 1M 	num_reg: 10  	lose cover RAM: 353G
[    0.000000]  gran_size: 128K 	chunk_size: 2M 	num_reg: 10  	lose cover RAM: 353G
[    0.000000]  gran_size: 128K 	chunk_size: 4M 	num_reg: 10  	lose cover RAM: 353G
[    0.000000]  gran_size: 128K 	chunk_size: 8M 	num_reg: 10  	lose cover RAM: 353G
[    0.000000]  gran_size: 128K 	chunk_size: 16M 	num_reg: 10  	lose cover RAM: 353G
[    0.000000]  gran_size: 128K 	chunk_size: 32M 	num_reg: 10  	lose cover RAM: 1G
[    0.000000]  gran_size: 128K 	chunk_size: 64M 	num_reg: 10  	lose cover RAM: 1G
[    0.000000]  gran_size: 128K 	chunk_size: 128M 	num_reg: 10  	lose cover RAM: 1G
[    0.000000]  gran_size: 128K 	chunk_size: 256M 	num_reg: 10  	lose cover RAM: 1G
[    0.000000]  gran_size: 128K 	chunk_size: 512M 	num_reg: 10  	lose cover RAM: 1G
[    0.000000]  gran_size: 128K 	chunk_size: 1G 	num_reg: 10  	lose cover RAM: 1G
[    0.000000]  gran_size: 128K 	chunk_size: 2G 	num_reg: 10  	lose cover RAM: 1G
[    0.000000]  gran_size: 256K 	chunk_size: 256K 	num_reg: 10  	lose cover RAM: 353G
[    0.000000]  gran_size: 256K 	chunk_size: 512K 	num_reg: 10  	lose cover RAM: 353G
[    0.000000]  gran_size: 256K 	chunk_size: 1M 	num_reg: 10  	lose cover RAM: 353G
[    0.000000]  gran_size: 256K 	chunk_size: 2M 	num_reg: 10  	lose cover RAM: 353G
[    0.000000]  gran_size: 256K 	chunk_size: 4M 	num_reg: 10  	lose cover RAM: 353G
[    0.000000]  gran_size: 256K 	chunk_size: 8M 	num_reg: 10  	lose cover RAM: 353G
[    0.000000]  gran_size: 256K 	chunk_size: 16M 	num_reg: 10  	lose cover RAM: 353G
[    0.000000]  gran_size: 256K 	chunk_size: 32M 	num_reg: 10  	lose cover RAM: 1G
[    0.000000]  gran_size: 256K 	chunk_size: 64M 	num_reg: 10  	lose cover RAM: 1G
[    0.000000]  gran_size: 256K 	chunk_size: 128M 	num_reg: 10  	lose cover RAM: 1G
[    0.000000]  gran_size: 256K 	chunk_size: 256M 	num_reg: 10  	lose cover RAM: 1G
[    0.000000]  gran_size: 256K 	chunk_size: 512M 	num_reg: 10  	lose cover RAM: 1G
[    0.000000]  gran_size: 256K 	chunk_size: 1G 	num_reg: 10  	lose cover RAM: 1G
[    0.000000]  gran_size: 256K 	chunk_size: 2G 	num_reg: 10  	lose cover RAM: 1G
[    0.000000]  gran_size: 512K 	chunk_size: 512K 	num_reg: 10  	lose cover RAM: 353G
[    0.000000]  gran_size: 512K 	chunk_size: 1M 	num_reg: 10  	lose cover RAM: 353G
[    0.000000]  gran_size: 512K 	chunk_size: 2M 	num_reg: 10  	lose cover RAM: 353G
[    0.000000]  gran_size: 512K 	chunk_size: 4M 	num_reg: 10  	lose cover RAM: 353G
[    0.000000]  gran_size: 512K 	chunk_size: 8M 	num_reg: 10  	lose cover RAM: 353G
[    0.000000]  gran_size: 512K 	chunk_size: 16M 	num_reg: 10  	lose cover RAM: 353G
[    0.000000]  gran_size: 512K 	chunk_size: 32M 	num_reg: 10  	lose cover RAM: 1G
[    0.000000]  gran_size: 512K 	chunk_size: 64M 	num_reg: 10  	lose cover RAM: 1G
[    0.000000]  gran_size: 512K 	chunk_size: 128M 	num_reg: 10  	lose cover RAM: 1G
[    0.000000]  gran_size: 512K 	chunk_size: 256M 	num_reg: 10  	lose cover RAM: 1G
[    0.000000]  gran_size: 512K 	chunk_size: 512M 	num_reg: 10  	lose cover RAM: 1G
[    0.000000]  gran_size: 512K 	chunk_size: 1G 	num_reg: 10  	lose cover RAM: 1G
[    0.000000]  gran_size: 512K 	chunk_size: 2G 	num_reg: 10  	lose cover RAM: 1G
[    0.000000]  gran_size: 1M 	chunk_size: 1M 	num_reg: 10  	lose cover RAM: 353G
[    0.000000]  gran_size: 1M 	chunk_size: 2M 	num_reg: 10  	lose cover RAM: 353G
[    0.000000]  gran_size: 1M 	chunk_size: 4M 	num_reg: 10  	lose cover RAM: 353G
[    0.000000]  gran_size: 1M 	chunk_size: 8M 	num_reg: 10  	lose cover RAM: 353G
[    0.000000]  gran_size: 1M 	chunk_size: 16M 	num_reg: 10  	lose cover RAM: 353G
[    0.000000]  gran_size: 1M 	chunk_size: 32M 	num_reg: 10  	lose cover RAM: 1G
[    0.000000]  gran_size: 1M 	chunk_size: 64M 	num_reg: 10  	lose cover RAM: 1G
[    0.000000]  gran_size: 1M 	chunk_size: 128M 	num_reg: 10  	lose cover RAM: 1G
[    0.000000]  gran_size: 1M 	chunk_size: 256M 	num_reg: 10  	lose cover RAM: 1G
[    0.000000]  gran_size: 1M 	chunk_size: 512M 	num_reg: 10  	lose cover RAM: 1G
[    0.000000]  gran_size: 1M 	chunk_size: 1G 	num_reg: 10  	lose cover RAM: 1G
[    0.000000]  gran_size: 1M 	chunk_size: 2G 	num_reg: 10  	lose cover RAM: 1G
[    0.000000]  gran_size: 2M 	chunk_size: 2M 	num_reg: 10  	lose cover RAM: 353G
[    0.000000]  gran_size: 2M 	chunk_size: 4M 	num_reg: 10  	lose cover RAM: 353G
[    0.000000]  gran_size: 2M 	chunk_size: 8M 	num_reg: 10  	lose cover RAM: 353G
[    0.000000]  gran_size: 2M 	chunk_size: 16M 	num_reg: 10  	lose cover RAM: 353G
[    0.000000]  gran_size: 2M 	chunk_size: 32M 	num_reg: 10  	lose cover RAM: 1G
[    0.000000]  gran_size: 2M 	chunk_size: 64M 	num_reg: 10  	lose cover RAM: 1G
[    0.000000]  gran_size: 2M 	chunk_size: 128M 	num_reg: 10  	lose cover RAM: 1G
[    0.000000]  gran_size: 2M 	chunk_size: 256M 	num_reg: 10  	lose cover RAM: 1G
[    0.000000]  gran_size: 2M 	chunk_size: 512M 	num_reg: 10  	lose cover RAM: 1G
[    0.000000]  gran_size: 2M 	chunk_size: 1G 	num_reg: 10  	lose cover RAM: 1G
[    0.000000]  gran_size: 2M 	chunk_size: 2G 	num_reg: 10  	lose cover RAM: 1G
[    0.000000]  gran_size: 4M 	chunk_size: 4M 	num_reg: 10  	lose cover RAM: 353G
[    0.000000]  gran_size: 4M 	chunk_size: 8M 	num_reg: 10  	lose cover RAM: 353G
[    0.000000]  gran_size: 4M 	chunk_size: 16M 	num_reg: 10  	lose cover RAM: 353G
[    0.000000]  gran_size: 4M 	chunk_size: 32M 	num_reg: 10  	lose cover RAM: 1G
[    0.000000]  gran_size: 4M 	chunk_size: 64M 	num_reg: 10  	lose cover RAM: 1G
[    0.000000]  gran_size: 4M 	chunk_size: 128M 	num_reg: 10  	lose cover RAM: 1G
[    0.000000]  gran_size: 4M 	chunk_size: 256M 	num_reg: 10  	lose cover RAM: 1G
[    0.000000]  gran_size: 4M 	chunk_size: 512M 	num_reg: 10  	lose cover RAM: 1G
[    0.000000]  gran_size: 4M 	chunk_size: 1G 	num_reg: 10  	lose cover RAM: 1G
[    0.000000]  gran_size: 4M 	chunk_size: 2G 	num_reg: 10  	lose cover RAM: 1G
[    0.000000]  gran_size: 8M 	chunk_size: 8M 	num_reg: 10  	lose cover RAM: 353G
[    0.000000]  gran_size: 8M 	chunk_size: 16M 	num_reg: 10  	lose cover RAM: 353G
[    0.000000]  gran_size: 8M 	chunk_size: 32M 	num_reg: 10  	lose cover RAM: 1G
[    0.000000]  gran_size: 8M 	chunk_size: 64M 	num_reg: 10  	lose cover RAM: 1G
[    0.000000]  gran_size: 8M 	chunk_size: 128M 	num_reg: 10  	lose cover RAM: 1G
[    0.000000]  gran_size: 8M 	chunk_size: 256M 	num_reg: 10  	lose cover RAM: 1G
[    0.000000]  gran_size: 8M 	chunk_size: 512M 	num_reg: 10  	lose cover RAM: 1G
[    0.000000]  gran_size: 8M 	chunk_size: 1G 	num_reg: 10  	lose cover RAM: 1G
[    0.000000]  gran_size: 8M 	chunk_size: 2G 	num_reg: 10  	lose cover RAM: 1G
[    0.000000]  gran_size: 16M 	chunk_size: 16M 	num_reg: 10  	lose cover RAM: 353G
[    0.000000]  gran_size: 16M 	chunk_size: 32M 	num_reg: 10  	lose cover RAM: 1G
[    0.000000]  gran_size: 16M 	chunk_size: 64M 	num_reg: 10  	lose cover RAM: 1G
[    0.000000]  gran_size: 16M 	chunk_size: 128M 	num_reg: 10  	lose cover RAM: 1G
[    0.000000]  gran_size: 16M 	chunk_size: 256M 	num_reg: 10  	lose cover RAM: 1G
[    0.000000]  gran_size: 16M 	chunk_size: 512M 	num_reg: 10  	lose cover RAM: 1G
[    0.000000]  gran_size: 16M 	chunk_size: 1G 	num_reg: 10  	lose cover RAM: 1G
[    0.000000]  gran_size: 16M 	chunk_size: 2G 	num_reg: 10  	lose cover RAM: 1G
[    0.000000]  gran_size: 32M 	chunk_size: 32M 	num_reg: 10  	lose cover RAM: 328720M
[    0.000000]  gran_size: 32M 	chunk_size: 64M 	num_reg: 10  	lose cover RAM: 1040M
[    0.000000]  gran_size: 32M 	chunk_size: 128M 	num_reg: 10  	lose cover RAM: 1040M
[    0.000000]  gran_size: 32M 	chunk_size: 256M 	num_reg: 10  	lose cover RAM: 1040M
[    0.000000]  gran_size: 32M 	chunk_size: 512M 	num_reg: 10  	lose cover RAM: 1040M
[    0.000000]  gran_size: 32M 	chunk_size: 1G 	num_reg: 10  	lose cover RAM: 1040M
[    0.000000]  gran_size: 32M 	chunk_size: 2G 	num_reg: 10  	lose cover RAM: 1040M
[    0.000000]  gran_size: 64M 	chunk_size: 64M 	num_reg: 10  	lose cover RAM: 263216M
[    0.000000]  gran_size: 64M 	chunk_size: 128M 	num_reg: 10  	lose cover RAM: 1072M
[    0.000000]  gran_size: 64M 	chunk_size: 256M 	num_reg: 10  	lose cover RAM: 1072M
[    0.000000]  gran_size: 64M 	chunk_size: 512M 	num_reg: 10  	lose cover RAM: 1072M
[    0.000000]  gran_size: 64M 	chunk_size: 1G 	num_reg: 10  	lose cover RAM: 1072M
[    0.000000]  gran_size: 64M 	chunk_size: 2G 	num_reg: 10  	lose cover RAM: 1072M
[    0.000000]  gran_size: 128M 	chunk_size: 128M 	num_reg: 10  	lose cover RAM: 132208M
[    0.000000]  gran_size: 128M 	chunk_size: 256M 	num_reg: 10  	lose cover RAM: 1136M
[    0.000000]  gran_size: 128M 	chunk_size: 512M 	num_reg: 10  	lose cover RAM: 1136M
[    0.000000]  gran_size: 128M 	chunk_size: 1G 	num_reg: 10  	lose cover RAM: 1136M
[    0.000000]  gran_size: 128M 	chunk_size: 2G 	num_reg: 10  	lose cover RAM: 1136M
[    0.000000]  gran_size: 256M 	chunk_size: 256M 	num_reg: 10  	lose cover RAM: 1264M
[    0.000000]  gran_size: 256M 	chunk_size: 512M 	num_reg: 10  	lose cover RAM: 1264M
[    0.000000]  gran_size: 256M 	chunk_size: 1G 	num_reg: 10  	lose cover RAM: 1264M
[    0.000000]  gran_size: 256M 	chunk_size: 2G 	num_reg: 10  	lose cover RAM: 1264M
[    0.000000]  gran_size: 512M 	chunk_size: 512M 	num_reg: 10  	lose cover RAM: 496M
[    0.000000]  gran_size: 512M 	chunk_size: 1G 	num_reg: 10  	lose cover RAM: 1520M
[    0.000000]  gran_size: 512M 	chunk_size: 2G 	num_reg: 10  	lose cover RAM: 1520M
[    0.000000]  gran_size: 1G 	chunk_size: 1G 	num_reg: 9  	lose cover RAM: 1008M
[    0.000000]  gran_size: 1G 	chunk_size: 2G 	num_reg: 10  	lose cover RAM: 1008M
[    0.000000]  gran_size: 2G 	chunk_size: 2G 	num_reg: 8  	lose cover RAM: 2032M
[    0.000000] mtrr_cleanup: can not find optimal value
[    0.000000] please specify mtrr_gran_size/mtrr_chunk_size
[    0.000000] e820: update [mem 0xbf000000-0xffffffff] usable ==> reserved
[    0.000000] x2apic: enabled by BIOS, switching to x2apic ops
[    0.000000] e820: last_pfn = 0xaf800 max_arch_pfn = 0x400000000
[    0.000000] Scanning 1 areas for low memory corruption
[    0.000000] Base memory trampoline at [        (ptrval)] 98000 size 24576
[    0.000000] Using GB pages for direct mapping
[    0.000000] BRK [0x3d6fb1b000, 0x3d6fb1bfff] PGTABLE
[    0.000000] BRK [0x3d6fb1c000, 0x3d6fb1cfff] PGTABLE
[    0.000000] BRK [0x3d6fb1d000, 0x3d6fb1dfff] PGTABLE
[    0.000000] BRK [0x3d6fb1e000, 0x3d6fb1efff] PGTABLE
[    0.000000] BRK [0x3d6fb1f000, 0x3d6fb1ffff] PGTABLE
[    0.000000] BRK [0x3d6fb20000, 0x3d6fb20fff] PGTABLE
[    0.000000] BRK [0x3d6fb21000, 0x3d6fb21fff] PGTABLE
[    0.000000] BRK [0x3d6fb22000, 0x3d6fb22fff] PGTABLE
[    0.000000] BRK [0x3d6fb23000, 0x3d6fb23fff] PGTABLE
[    0.000000] BRK [0x3d6fb24000, 0x3d6fb24fff] PGTABLE
[    0.000000] BRK [0x3d6fb25000, 0x3d6fb25fff] PGTABLE
[    0.000000] BRK [0x3d6fb26000, 0x3d6fb26fff] PGTABLE
[    0.000000] RAMDISK: [mem 0x35993000-0x36cc0fff]
[    0.000000] ACPI: Early table checksum verification disabled
[    0.000000] ACPI: RSDP 0x00000000000F05B0 000024 (v02 ALASKA)
[    0.000000] ACPI: XSDT 0x00000000AD32D0D0 00011C (v01 ALASKA A M I    01072009 AMI  00010013)
[    0.000000] ACPI: FACP 0x00000000AD386CD8 000114 (v06 ALASKA A M I    01072009 INTL 20091013)
[    0.000000] ACPI: DSDT 0x00000000AD32D280 059A55 (v02 ALASKA A M I    01072009 INTL 20091013)
[    0.000000] ACPI: FACS 0x00000000AD8E6080 000040
[    0.000000] ACPI: FPDT 0x00000000AD386DF0 000044 (v01 ALASKA A M I    01072009 AMI  00010013)
[    0.000000] ACPI: FIDT 0x00000000AD386E38 00009C (v01 ALASKA A M I    01072009 AMI  00010013)
[    0.000000] ACPI: SPMI 0x00000000AD386ED8 000041 (v05 ALASKA A M I    00000000 AMI. 00000000)
[    0.000000] ACPI: UEFI 0x00000000AD386F20 00005C (v01 INTEL  RstUefiV 00000000      00000000)
[    0.000000] ACPI: UEFI 0x00000000AD386F80 000042 (v01 ALASKA A M I    01072009      01000013)
[    0.000000] ACPI: MCFG 0x00000000AD386FC8 00003C (v01 ALASKA A M I    01072009 MSFT 00000097)
[    0.000000] ACPI: HPET 0x00000000AD387008 000038 (v01 ALASKA A M I    00000001 INTL 20091013)
[    0.000000] ACPI: APIC 0x00000000AD387040 0016DE (v03 ALASKA A M I    00000000 INTL 20091013)
[    0.000000] ACPI: MIGT 0x00000000AD388720 000040 (v01 ALASKA A M I    00000000 INTL 20091013)
[    0.000000] ACPI: MSCT 0x00000000AD388760 000090 (v01 ALASKA A M I    00000001 INTL 20091013)
[    0.000000] ACPI: NFIT 0x00000000AD3887F0 018028 (v01                 00000000      00000000)
[    0.000000] ACPI: PCAT 0x00000000AD3A0818 000048 (v01 ALASKA A M I    00000002 INTL 20091013)
[    0.000000] ACPI: PCCT 0x00000000AD3A0860 00006E (v01 ALASKA A M I    00000002 INTL 20091013)
[    0.000000] ACPI: RASF 0x00000000AD3A08D0 000030 (v01 ALASKA A M I    00000001 INTL 20091013)
[    0.000000] ACPI: SLIT 0x00000000AD3A0900 000030 (v01 ALASKA A M I    00000001 INTL 20091013)
[    0.000000] ACPI: SRAT 0x00000000AD3A0930 002830 (v03 ALASKA A M I    00000002 INTL 20091013)
[    0.000000] ACPI: SVOS 0x00000000AD3A3160 000032 (v01 ALASKA A M I    00000000 INTL 20091013)
[    0.000000] ACPI: WDDT 0x00000000AD3A3198 000040 (v01 ALASKA A M I    00000000 INTL 20091013)
[    0.000000] ACPI: OEM4 0x00000000AD3A31D8 0A27C4 (v02 INTEL  CPU  CST 00003000 INTL 20140828)
[    0.000000] ACPI: OEM1 0x00000000AD4459A0 02A2C4 (v02 INTEL  CPU EIST 00003000 INTL 20140828)
[    0.000000] ACPI: OEM2 0x00000000AD46FC68 019464 (v02 INTEL  CPU  HWP 00003000 INTL 20140828)
[    0.000000] ACPI: SSDT 0x00000000AD4890D0 033990 (v02 INTEL  SSDT  PM 00004000 INTL 20140828)
[    0.000000] ACPI: SSDT 0x00000000AD4BCA60 00065B (v02 ALASKA A M I    00000000 INTL 20091013)
[    0.000000] ACPI: SPCR 0x00000000AD4BD0C0 000050 (v02 A M I  APTIO V  01072009 AMI. 0005000C)
[    0.000000] ACPI: SSDT 0x00000000AD4BD110 002AF6 (v02 INTEL  SpsNm    00000002 INTL 20140828)
[    0.000000] ACPI: DMAR 0x00000000AD4BFC08 000250 (v01 ALASKA A M I    00000001 INTL 20091013)
[    0.000000] ACPI: HEST 0x00000000AD4BFE58 0000A8 (v01 ALASKA A M I    00000001 INTL 00000001)
[    0.000000] ACPI: BERT 0x00000000AD4BFF00 000030 (v01 ALASKA A M I    00000001 INTL 00000001)
[    0.000000] ACPI: ERST 0x00000000AD4BFF30 000230 (v01 ALASKA A M I    00000001 INTL 00000001)
[    0.000000] ACPI: EINJ 0x00000000AD4C0160 000150 (v01 ALASKA A M I    00000001 INTL 00000001)
[    0.000000] ACPI: Local APIC address 0xfee00000
[    0.000000] Setting APIC routing to cluster x2apic.
[    0.000000] SRAT: PXM 0 -> APIC 0x0000 -> Node 0
[    0.000000] SRAT: PXM 0 -> APIC 0x0002 -> Node 0
[    0.000000] SRAT: PXM 0 -> APIC 0x0004 -> Node 0
[    0.000000] SRAT: PXM 0 -> APIC 0x0006 -> Node 0
[    0.000000] SRAT: PXM 0 -> APIC 0x0008 -> Node 0
[    0.000000] SRAT: PXM 0 -> APIC 0x000a -> Node 0
[    0.000000] SRAT: PXM 0 -> APIC 0x0010 -> Node 0
[    0.000000] SRAT: PXM 0 -> APIC 0x0012 -> Node 0
[    0.000000] SRAT: PXM 0 -> APIC 0x0014 -> Node 0
[    0.000000] SRAT: PXM 0 -> APIC 0x0016 -> Node 0
[    0.000000] SRAT: PXM 0 -> APIC 0x0018 -> Node 0
[    0.000000] SRAT: PXM 0 -> APIC 0x001a -> Node 0
[    0.000000] SRAT: PXM 0 -> APIC 0x0020 -> Node 0
[    0.000000] SRAT: PXM 0 -> APIC 0x0022 -> Node 0
[    0.000000] SRAT: PXM 0 -> APIC 0x0024 -> Node 0
[    0.000000] SRAT: PXM 0 -> APIC 0x0026 -> Node 0
[    0.000000] SRAT: PXM 0 -> APIC 0x0028 -> Node 0
[    0.000000] SRAT: PXM 0 -> APIC 0x002a -> Node 0
[    0.000000] SRAT: PXM 0 -> APIC 0x0030 -> Node 0
[    0.000000] SRAT: PXM 0 -> APIC 0x0032 -> Node 0
[    0.000000] SRAT: PXM 0 -> APIC 0x0034 -> Node 0
[    0.000000] SRAT: PXM 0 -> APIC 0x0036 -> Node 0
[    0.000000] SRAT: PXM 0 -> APIC 0x0038 -> Node 0
[    0.000000] SRAT: PXM 0 -> APIC 0x003a -> Node 0
[    0.000000] SRAT: PXM 1 -> APIC 0x0040 -> Node 1
[    0.000000] SRAT: PXM 1 -> APIC 0x0042 -> Node 1
[    0.000000] SRAT: PXM 1 -> APIC 0x0044 -> Node 1
[    0.000000] SRAT: PXM 1 -> APIC 0x0046 -> Node 1
[    0.000000] SRAT: PXM 1 -> APIC 0x0048 -> Node 1
[    0.000000] SRAT: PXM 1 -> APIC 0x004a -> Node 1
[    0.000000] SRAT: PXM 1 -> APIC 0x0050 -> Node 1
[    0.000000] SRAT: PXM 1 -> APIC 0x0052 -> Node 1
[    0.000000] SRAT: PXM 1 -> APIC 0x0054 -> Node 1
[    0.000000] SRAT: PXM 1 -> APIC 0x0056 -> Node 1
[    0.000000] SRAT: PXM 1 -> APIC 0x0058 -> Node 1
[    0.000000] SRAT: PXM 1 -> APIC 0x005a -> Node 1
[    0.000000] SRAT: PXM 1 -> APIC 0x0060 -> Node 1
[    0.000000] SRAT: PXM 1 -> APIC 0x0062 -> Node 1
[    0.000000] SRAT: PXM 1 -> APIC 0x0064 -> Node 1
[    0.000000] SRAT: PXM 1 -> APIC 0x0066 -> Node 1
[    0.000000] SRAT: PXM 1 -> APIC 0x0068 -> Node 1
[    0.000000] SRAT: PXM 1 -> APIC 0x006a -> Node 1
[    0.000000] SRAT: PXM 1 -> APIC 0x0070 -> Node 1
[    0.000000] SRAT: PXM 1 -> APIC 0x0072 -> Node 1
[    0.000000] SRAT: PXM 1 -> APIC 0x0074 -> Node 1
[    0.000000] SRAT: PXM 1 -> APIC 0x0076 -> Node 1
[    0.000000] SRAT: PXM 1 -> APIC 0x0078 -> Node 1
[    0.000000] SRAT: PXM 1 -> APIC 0x007a -> Node 1
[    0.000000] SRAT: PXM 0 -> APIC 0x0001 -> Node 0
[    0.000000] SRAT: PXM 0 -> APIC 0x0003 -> Node 0
[    0.000000] SRAT: PXM 0 -> APIC 0x0005 -> Node 0
[    0.000000] SRAT: PXM 0 -> APIC 0x0007 -> Node 0
[    0.000000] SRAT: PXM 0 -> APIC 0x0009 -> Node 0
[    0.000000] SRAT: PXM 0 -> APIC 0x000b -> Node 0
[    0.000000] SRAT: PXM 0 -> APIC 0x0011 -> Node 0
[    0.000000] SRAT: PXM 0 -> APIC 0x0013 -> Node 0
[    0.000000] SRAT: PXM 0 -> APIC 0x0015 -> Node 0
[    0.000000] SRAT: PXM 0 -> APIC 0x0017 -> Node 0
[    0.000000] SRAT: PXM 0 -> APIC 0x0019 -> Node 0
[    0.000000] SRAT: PXM 0 -> APIC 0x001b -> Node 0
[    0.000000] SRAT: PXM 0 -> APIC 0x0021 -> Node 0
[    0.000000] SRAT: PXM 0 -> APIC 0x0023 -> Node 0
[    0.000000] SRAT: PXM 0 -> APIC 0x0025 -> Node 0
[    0.000000] SRAT: PXM 0 -> APIC 0x0027 -> Node 0
[    0.000000] SRAT: PXM 0 -> APIC 0x0029 -> Node 0
[    0.000000] SRAT: PXM 0 -> APIC 0x002b -> Node 0
[    0.000000] SRAT: PXM 0 -> APIC 0x0031 -> Node 0
[    0.000000] SRAT: PXM 0 -> APIC 0x0033 -> Node 0
[    0.000000] SRAT: PXM 0 -> APIC 0x0035 -> Node 0
[    0.000000] SRAT: PXM 0 -> APIC 0x0037 -> Node 0
[    0.000000] SRAT: PXM 0 -> APIC 0x0039 -> Node 0
[    0.000000] SRAT: PXM 0 -> APIC 0x003b -> Node 0
[    0.000000] SRAT: PXM 1 -> APIC 0x0041 -> Node 1
[    0.000000] SRAT: PXM 1 -> APIC 0x0043 -> Node 1
[    0.000000] SRAT: PXM 1 -> APIC 0x0045 -> Node 1
[    0.000000] SRAT: PXM 1 -> APIC 0x0047 -> Node 1
[    0.000000] SRAT: PXM 1 -> APIC 0x0049 -> Node 1
[    0.000000] SRAT: PXM 1 -> APIC 0x004b -> Node 1
[    0.000000] SRAT: PXM 1 -> APIC 0x0051 -> Node 1
[    0.000000] SRAT: PXM 1 -> APIC 0x0053 -> Node 1
[    0.000000] SRAT: PXM 1 -> APIC 0x0055 -> Node 1
[    0.000000] SRAT: PXM 1 -> APIC 0x0057 -> Node 1
[    0.000000] SRAT: PXM 1 -> APIC 0x0059 -> Node 1
[    0.000000] SRAT: PXM 1 -> APIC 0x005b -> Node 1
[    0.000000] SRAT: PXM 1 -> APIC 0x0061 -> Node 1
[    0.000000] SRAT: PXM 1 -> APIC 0x0063 -> Node 1
[    0.000000] SRAT: PXM 1 -> APIC 0x0065 -> Node 1
[    0.000000] SRAT: PXM 1 -> APIC 0x0067 -> Node 1
[    0.000000] SRAT: PXM 1 -> APIC 0x0069 -> Node 1
[    0.000000] SRAT: PXM 1 -> APIC 0x006b -> Node 1
[    0.000000] SRAT: PXM 1 -> APIC 0x0071 -> Node 1
[    0.000000] SRAT: PXM 1 -> APIC 0x0073 -> Node 1
[    0.000000] SRAT: PXM 1 -> APIC 0x0075 -> Node 1
[    0.000000] SRAT: PXM 1 -> APIC 0x0077 -> Node 1
[    0.000000] SRAT: PXM 1 -> APIC 0x0079 -> Node 1
[    0.000000] SRAT: PXM 1 -> APIC 0x007b -> Node 1
[    0.000000] ACPI: SRAT: Node 0 PXM 0 [mem 0x00000000-0xbfffffff]
[    0.000000] ACPI: SRAT: Node 0 PXM 0 [mem 0x100000000-0x303fffffff]
[    0.000000] ACPI: SRAT: Node 1 PXM 1 [mem 0x3040000000-0x603fffffff]
[    0.000000] NUMA: Initialized distance table, cnt=2
[    0.000000] NUMA: Node 0 [mem 0x00000000-0xbfffffff] + [mem 0x100000000-0x303fffffff] -> [mem 0x00000000-0x303fffffff]
[    0.000000] NODE_DATA(0) allocated [mem 0x303ffd5000-0x303fffffff]
[    0.000000] NODE_DATA(1) allocated [mem 0x603ffd4000-0x603fffefff]
[    0.000000] Zone ranges:
[    0.000000]   DMA      [mem 0x0000000000001000-0x0000000000ffffff]
[    0.000000]   DMA32    [mem 0x0000000001000000-0x00000000ffffffff]
[    0.000000]   Normal   [mem 0x0000000100000000-0x000000603fffffff]
[    0.000000]   Device   empty
[    0.000000] Movable zone start for each node
[    0.000000] Early memory node ranges
[    0.000000]   node   0: [mem 0x0000000000001000-0x000000000009dfff]
[    0.000000]   node   0: [mem 0x0000000000100000-0x00000000a2deefff]
[    0.000000]   node   0: [mem 0x00000000a3398000-0x00000000aad97fff]
[    0.000000]   node   0: [mem 0x00000000ace98000-0x00000000ad32cfff]
[    0.000000]   node   0: [mem 0x00000000af308000-0x00000000af7fffff]
[    0.000000]   node   0: [mem 0x0000000100000000-0x000000303fffffff]
[    0.000000]   node   1: [mem 0x0000003040000000-0x000000603fffffff]
[    0.000000] Reserved but unavailable: 20199 pages
[    0.000000] Initmem setup node 0 [mem 0x0000000000001000-0x000000303fffffff]
[    0.000000] On node 0 totalpages: 50245913
[    0.000000]   DMA zone: 64 pages used for memmap
[    0.000000]   DMA zone: 21 pages reserved
[    0.000000]   DMA zone: 3997 pages, LIFO batch:0
[    0.000000]   DMA32 zone: 10886 pages used for memmap
[    0.000000]   DMA32 zone: 696700 pages, LIFO batch:31
[    0.000000]   Normal zone: 774144 pages used for memmap
[    0.000000]   Normal zone: 49545216 pages, LIFO batch:31
[    0.000000] Initmem setup node 1 [mem 0x0000003040000000-0x000000603fffffff]
[    0.000000] On node 1 totalpages: 50331648
[    0.000000]   Normal zone: 786432 pages used for memmap
[    0.000000]   Normal zone: 50331648 pages, LIFO batch:31
[    0.000000] ACPI: PM-Timer IO Port: 0x508
[    0.000000] ACPI: Local APIC address 0xfee00000
[    0.000000] ACPI: X2APIC_NMI (uid[0xffffffff] high level lint[0x1])
[    0.000000] ACPI: LAPIC_NMI (acpi_id[0xff] high level lint[0x1])
[    0.000000] IOAPIC[0]: apic_id 8, version 32, address 0xfec00000, GSI 0-23
[    0.000000] IOAPIC[1]: apic_id 9, version 32, address 0xfec01000, GSI 24-31
[    0.000000] IOAPIC[2]: apic_id 10, version 32, address 0xfec08000, GSI 32-39
[    0.000000] IOAPIC[3]: apic_id 11, version 32, address 0xfec10000, GSI 40-47
[    0.000000] IOAPIC[4]: apic_id 12, version 32, address 0xfec18000, GSI 48-55
[    0.000000] IOAPIC[5]: apic_id 15, version 32, address 0xfec20000, GSI 72-79
[    0.000000] IOAPIC[6]: apic_id 16, version 32, address 0xfec28000, GSI 80-87
[    0.000000] IOAPIC[7]: apic_id 17, version 32, address 0xfec30000, GSI 88-95
[    0.000000] IOAPIC[8]: apic_id 18, version 32, address 0xfec38000, GSI 96-103
[    0.000000] ACPI: INT_SRC_OVR (bus 0 bus_irq 0 global_irq 2 dfl dfl)
[    0.000000] ACPI: INT_SRC_OVR (bus 0 bus_irq 9 global_irq 9 high level)
[    0.000000] ACPI: IRQ0 used by override.
[    0.000000] ACPI: IRQ9 used by override.
[    0.000000] Using ACPI (MADT) for SMP configuration information
[    0.000000] ACPI: HPET id: 0x8086a701 base: 0xfed00000
[    0.000000] smpboot: Allowing 96 CPUs, 0 hotplug CPUs
[    0.000000] PM: Registered nosave memory: [mem 0x00000000-0x00000fff]
[    0.000000] PM: Registered nosave memory: [mem 0x0009e000-0x0009efff]
[    0.000000] PM: Registered nosave memory: [mem 0x0009f000-0x0009ffff]
[    0.000000] PM: Registered nosave memory: [mem 0x000a0000-0x000dffff]
[    0.000000] PM: Registered nosave memory: [mem 0x000e0000-0x000fffff]
[    0.000000] PM: Registered nosave memory: [mem 0xa2def000-0xa32eefff]
[    0.000000] PM: Registered nosave memory: [mem 0xa32ef000-0xa3397fff]
[    0.000000] PM: Registered nosave memory: [mem 0xaad98000-0xace97fff]
[    0.000000] PM: Registered nosave memory: [mem 0xad32d000-0xad8e7fff]
[    0.000000] PM: Registered nosave memory: [mem 0xad8e8000-0xaf307fff]
[    0.000000] PM: Registered nosave memory: [mem 0xaf800000-0xcfffffff]
[    0.000000] PM: Registered nosave memory: [mem 0xd0000000-0xfcffffff]
[    0.000000] PM: Registered nosave memory: [mem 0xfd000000-0xfe7fffff]
[    0.000000] PM: Registered nosave memory: [mem 0xfe800000-0xfed1ffff]
[    0.000000] PM: Registered nosave memory: [mem 0xfed20000-0xfed44fff]
[    0.000000] PM: Registered nosave memory: [mem 0xfed45000-0xfeffffff]
[    0.000000] PM: Registered nosave memory: [mem 0xff000000-0xffffffff]
[    0.000000] e820: [mem 0xd0000000-0xfcffffff] available for PCI devices
[    0.000000] Booting paravirtualized kernel on bare hardware
[    0.000000] clocksource: refined-jiffies: mask: 0xffffffff max_cycles: 0xffffffff, max_idle_ns: 7645519600211568 ns
[    0.000000] random: get_random_bytes called from start_kernel+0x99/0x4fd with crng_init=0
[    0.000000] setup_percpu: NR_CPUS:8192 nr_cpumask_bits:96 nr_cpu_ids:96 nr_node_ids:2
[    0.000000] percpu: Embedded 46 pages/cpu @        (ptrval) s151552 r8192 d28672 u262144
[    0.000000] pcpu-alloc: s151552 r8192 d28672 u262144 alloc=1*2097152
[    0.000000] pcpu-alloc: [0] 00 01 02 03 04 05 06 07 [0] 08 09 10 11 12 13 14 15 
[    0.000000] pcpu-alloc: [0] 16 17 18 19 20 21 22 23 [0] 48 49 50 51 52 53 54 55 
[    0.000000] pcpu-alloc: [0] 56 57 58 59 60 61 62 63 [0] 64 65 66 67 68 69 70 71 
[    0.000000] pcpu-alloc: [1] 24 25 26 27 28 29 30 31 [1] 32 33 34 35 36 37 38 39 
[    0.000000] pcpu-alloc: [1] 40 41 42 43 44 45 46 47 [1] 72 73 74 75 76 77 78 79 
[    0.000000] pcpu-alloc: [1] 80 81 82 83 84 85 86 87 [1] 88 89 90 91 92 93 94 95 
[    0.000000] Built 2 zonelists, mobility grouping on.  Total pages: 99006014
[    0.000000] Policy zone: Normal
[    0.000000] Kernel command line: BOOT_IMAGE=/boot/vmlinuz-4.15.0-1044-aws root=LABEL=cloudimg-rootfs ro console=tty1 console=ttyS0 nvme_core.io_timeout=4294967295
[    0.000000] log_buf_len individual max cpu contribution: 4096 bytes
[    0.000000] log_buf_len total cpu_extra contributions: 389120 bytes
[    0.000000] log_buf_len min size: 262144 bytes
[    0.000000] log_buf_len: 1048576 bytes
[    0.000000] early log buf free: 229788(87%)
[    0.000000] Calgary: detecting Calgary via BIOS EBDA area
[    0.000000] Calgary: Unable to locate Rio Grande table in EBDA - bailing!
[    0.000000] Memory: 395892152K/402310244K available (12300K kernel code, 2394K rwdata, 3924K rodata, 2380K init, 2376K bss, 6418092K reserved, 0K cma-reserved)
[    0.000000] SLUB: HWalign=64, Order=0-3, MinObjects=0, CPUs=96, Nodes=2
[    0.000000] Kernel/User page tables isolation: enabled
[    0.000000] ftrace: allocating 37564 entries in 147 pages
[    0.000000] Hierarchical RCU implementation.
[    0.000000] 	RCU restricting CPUs from NR_CPUS=8192 to nr_cpu_ids=96.
[    0.000000] 	Tasks RCU enabled.
[    0.000000] RCU: Adjusting geometry for rcu_fanout_leaf=16, nr_cpu_ids=96
[    0.000000] NR_IRQS: 524544, nr_irqs: 2552, preallocated irqs: 16
[    0.000000] Console: colour dummy device 80x25
[    0.000000] console [tty1] enabled
[    0.000000] console [ttyS0] enabled
[    0.000000] mempolicy: Enabling automatic NUMA balancing. Configure with numa_balancing= or the kernel.numa_balancing sysctl
[    0.000000] ACPI: Core revision 20170831
[    0.000000] ACPI: 4 ACPI AML tables successfully acquired and loaded
[    0.000000] clocksource: hpet: mask: 0xffffffff max_cycles: 0xffffffff, max_idle_ns: 79635855245 ns
[    0.000000] hpet clockevent registered
[    0.004000] APIC: Switch to symmetric I/O mode setup
[    0.004000] DMAR: Host address width 46
[    0.004000] DMAR: DRHD base: 0x000000ecffc000 flags: 0x0
[    0.004000] DMAR: dmar0: reg_base_addr ecffc000 ver 1:0 cap 8d2078c106f0466 ecap f020df
[    0.004000] DMAR: DRHD base: 0x000000f5ffc000 flags: 0x0
[    0.004000] DMAR: dmar1: reg_base_addr f5ffc000 ver 1:0 cap 8d2078c106f0466 ecap f020df
[    0.004000] DMAR: DRHD base: 0x000000f8ffc000 flags: 0x0
[    0.004000] DMAR: dmar2: reg_base_addr f8ffc000 ver 1:0 cap 8d2078c106f0466 ecap f020df
[    0.004000] DMAR: DRHD base: 0x000000fbffc000 flags: 0x0
[    0.004000] DMAR: dmar3: reg_base_addr fbffc000 ver 1:0 cap 8d2078c106f0466 ecap f020df
[    0.004000] DMAR: DRHD base: 0x000000d9ffc000 flags: 0x0
[    0.004000] DMAR: dmar4: reg_base_addr d9ffc000 ver 1:0 cap 8d2078c106f0466 ecap f020df
[    0.004000] DMAR: DRHD base: 0x000000e2ffc000 flags: 0x0
[    0.008000] DMAR: dmar5: reg_base_addr e2ffc000 ver 1:0 cap 8d2078c106f0466 ecap f020df
[    0.008000] DMAR: DRHD base: 0x000000ebffc000 flags: 0x0
[    0.008000] DMAR: dmar6: reg_base_addr ebffc000 ver 1:0 cap 8d2078c106f0466 ecap f020df
[    0.008000] DMAR: DRHD base: 0x000000d6ffc000 flags: 0x1
[    0.008000] DMAR: dmar7: reg_base_addr d6ffc000 ver 1:0 cap 8d2078c106f0466 ecap f020df
[    0.008000] DMAR: RMRR base: 0x000000af0c0000 end: 0x000000af0d0fff
[    0.008000] DMAR: ATSR flags: 0x0
[    0.008000] DMAR: ATSR flags: 0x0
[    0.008000] DMAR: RHSA base: 0x000000d6ffc000 proximity domain: 0x0
[    0.008000] DMAR: RHSA base: 0x000000d9ffc000 proximity domain: 0x0
[    0.008000] DMAR: RHSA base: 0x000000e2ffc000 proximity domain: 0x0
[    0.008000] DMAR: RHSA base: 0x000000ebffc000 proximity domain: 0x0
[    0.008000] DMAR: RHSA base: 0x000000ecffc000 proximity domain: 0x1
[    0.012000] DMAR: RHSA base: 0x000000f5ffc000 proximity domain: 0x1
[    0.012000] DMAR: RHSA base: 0x000000f8ffc000 proximity domain: 0x1
[    0.012000] DMAR: RHSA base: 0x000000fbffc000 proximity domain: 0x1
[    0.012000] DMAR-IR: IOAPIC id 12 under DRHD base  0xebffc000 IOMMU 6
[    0.012000] DMAR-IR: IOAPIC id 11 under DRHD base  0xe2ffc000 IOMMU 5
[    0.012000] DMAR-IR: IOAPIC id 10 under DRHD base  0xd9ffc000 IOMMU 4
[    0.012000] DMAR-IR: IOAPIC id 18 under DRHD base  0xfbffc000 IOMMU 3
[    0.012000] DMAR-IR: IOAPIC id 17 under DRHD base  0xf8ffc000 IOMMU 2
[    0.012000] DMAR-IR: IOAPIC id 16 under DRHD base  0xf5ffc000 IOMMU 1
[    0.012000] DMAR-IR: IOAPIC id 15 under DRHD base  0xecffc000 IOMMU 0
[    0.012000] DMAR-IR: IOAPIC id 8 under DRHD base  0xd6ffc000 IOMMU 7
[    0.012000] DMAR-IR: IOAPIC id 9 under DRHD base  0xd6ffc000 IOMMU 7
[    0.016000] DMAR-IR: HPET id 0 under DRHD base 0xd6ffc000
[    0.016000] DMAR-IR: Queued invalidation will be enabled to support x2apic and Intr-remapping.
[    0.016000] DMAR-IR: Enabled IRQ remapping in x2apic mode
[    0.020000] ..TIMER: vector=0x30 apic1=0 pin1=2 apic2=-1 pin2=-1
[    0.020000] tsc: Detected 2500.000 MHz processor
[    0.020000] Calibrating delay loop (skipped), value calculated using timer frequency.. 5000.00 BogoMIPS (lpj=10000000)
[    0.020000] pid_max: default: 98304 minimum: 768
[    0.020000] Security Framework initialized
[    0.020000] Yama: becoming mindful.
[    0.020000] AppArmor: AppArmor initialized
[    0.044095] Dentry cache hash table entries: 16777216 (order: 15, 134217728 bytes)
[    0.055082] Inode-cache hash table entries: 8388608 (order: 14, 67108864 bytes)
[    0.055860] Mount-cache hash table entries: 262144 (order: 9, 2097152 bytes)
[    0.056333] Mountpoint-cache hash table entries: 262144 (order: 9, 2097152 bytes)
[    0.057395] ENERGY_PERF_BIAS: Set to 'normal', was 'performance'
[    0.057708] ENERGY_PERF_BIAS: View and update with x86_energy_perf_policy(8)
[    0.058081] mce: CPU supports 20 MCE banks
[    0.058312] CPU0: Thermal monitoring enabled (TM1)
[    0.058613] process: using mwait in idle threads
[    0.058859] Last level iTLB entries: 4KB 64, 2MB 8, 4MB 8
[    0.059141] Last level dTLB entries: 4KB 64, 2MB 0, 4MB 0, 1GB 4
[    0.059451] Spectre V2 : Mitigation: Full generic retpoline
[    0.059738] Spectre V2 : Spectre v2 / SpectreRSB mitigation: Filling RSB on context switch
[    0.060001] Spectre V2 : Enabling Restricted Speculation for firmware calls
[    0.060363] Spectre V2 : mitigation: Enabling conditional Indirect Branch Prediction Barrier
[    0.060797] Spectre V2 : User space: Mitigation: STIBP via seccomp and prctl
[    0.061157] Speculative Store Bypass: Vulnerable
[    0.061424] MDS: Vulnerable: Clear CPU buffers attempted, no microcode
[    0.070410] Freeing SMP alternatives memory: 36K
[    0.072166] TSC deadline timer enabled
[    0.072179] smpboot: CPU0: Intel(R) Xeon(R) Platinum 8175M CPU @ 2.50GHz (family: 0x6, model: 0x55, stepping: 0x4)
[    0.072925] Performance Events: PEBS fmt3+, Skylake events, 32-deep LBR, full-width counters, Intel PMU driver.
[    0.073481] ... version:                4
[    0.073696] ... bit width:              48
[    0.073912] ... generic registers:      4
[    0.074124] ... value mask:             0000ffffffffffff
[    0.074400] ... max period:             00007fffffffffff
[    0.074677] ... fixed-purpose events:   3
[    0.074887] ... event mask:             000000070000000f
[    0.075258] Hierarchical SRCU implementation.
[    0.087336] NMI watchdog: Enabled. Permanently consumes one hw-PMU counter.
[    0.087718] smp: Bringing up secondary CPUs ...
[    0.088046] x86: Booting SMP configuration:
[    0.088270] .... node  #0, CPUs:        #1  #2  #3  #4  #5  #6  #7  #8  #9 #10 #11 #12 #13 #14 #15 #16 #17 #18 #19 #20 #21 #22 #23
[    0.155019] .... node  #1, CPUs:   #24 #25 #26 #27 #28 #29 #30 #31 #32 #33 #34 #35 #36 #37 #38 #39 #40 #41 #42 #43 #44 #45 #46 #47
[    0.226510] .... node  #0, CPUs:   #48
[    0.230117] MDS CPU bug present and SMT on, data leak possible. See https://www.kernel.org/doc/html/latest/admin-guide/hw-vuln/mds.html for more details.
[    0.232137]  #49 #50 #51 #52 #53 #54 #55 #56 #57 #58 #59 #60 #61 #62 #63 #64 #65 #66 #67 #68 #69 #70 #71
[    0.300003] .... node  #1, CPUs:   #72 #73 #74 #75 #76 #77 #78 #79 #80 #81 #82 #83 #84 #85 #86 #87 #88 #89 #90 #91 #92 #93 #94 #95
[    0.370340] smp: Brought up 2 nodes, 96 CPUs
[    0.370340] smpboot: Max logical packages: 2
[    0.370340] smpboot: Total of 96 processors activated (480000.00 BogoMIPS)
[    0.388502] devtmpfs: initialized
[    0.388502] x86/mm: Memory block size: 2048MB
[    0.390163] evm: security.selinux
[    0.390344] evm: security.SMACK64
[    0.390520] evm: security.SMACK64EXEC
[    0.390714] evm: security.SMACK64TRANSMUTE
[    0.390928] evm: security.SMACK64MMAP
[    0.391122] evm: security.apparmor
[    0.391303] evm: security.ima
[    0.392004] evm: security.capability
[    0.392241] PM: Registering ACPI NVS region [mem 0xa2def000-0xa32eefff] (5242880 bytes)
[    0.392507] PM: Registering ACPI NVS region [mem 0xad32d000-0xad8e7fff] (6008832 bytes)
[    0.393265] clocksource: jiffies: mask: 0xffffffff max_cycles: 0xffffffff, max_idle_ns: 7645041785100000 ns
[    0.393265] futex hash table entries: 32768 (order: 9, 2097152 bytes)
[    0.393860] RTC time: 11:16:19, date: 09/01/19
[    0.397760] NET: Registered protocol family 16
[    0.398111] audit: initializing netlink subsys (disabled)
[    0.398401] audit: type=2000 audit(1567336577.396:1): state=initialized audit_enabled=0 res=1
[    0.398401] cpuidle: using governor ladder
[    0.398401] cpuidle: using governor menu
[    0.398401] Detected 1 PCC Subspaces
[    0.398401] Registering PCC driver as Mailbox controller
[    0.398401] ACPI: bus type PCI registered
[    0.398401] acpiphp: ACPI Hot Plug PCI Controller Driver version: 0.5
[    0.398401] PCI: MMCONFIG for domain 0000 [bus 00-ff] at [mem 0xc0000000-0xcfffffff] (base 0xc0000000)
[    0.398401] PCI: MMCONFIG at [mem 0xc0000000-0xcfffffff] reserved in E820
[    0.398401] pmd_set_huge: Cannot satisfy [mem 0xc0000000-0xc0200000] with a huge-page mapping due to MTRR override.
[    0.398749] PCI: Using configuration type 1 for base access
[    0.408154] HugeTLB registered 1.00 GiB page size, pre-allocated 0 pages
[    0.408364] HugeTLB registered 2.00 MiB page size, pre-allocated 0 pages
[    0.408745] ACPI: Added _OSI(Module Device)
[    0.408745] ACPI: Added _OSI(Processor Device)
[    0.412002] ACPI: Added _OSI(3.0 _SCP Extensions)
[    0.412252] ACPI: Added _OSI(Processor Aggregator Device)
[    0.412534] ACPI: Added _OSI(Linux-Dell-Video)
[    0.412766] ACPI: Added _OSI(Linux-Lenovo-NV-HDMI-Audio)
[    0.413043] ACPI: Added _OSI(Linux-HPI-Hybrid-Graphics)
[    0.456893] ACPI: [Firmware Bug]: BIOS _OSI(Linux) query ignored
[    0.492347] ACPI: Dynamic OEM Table Load:
[    0.506432] ACPI: Dynamic OEM Table Load:
[    0.512033] ACPI: Dynamic OEM Table Load:
[    0.630978] ACPI: Interpreter enabled
[    0.631188] ACPI: (supports S0 S5)
[    0.631374] ACPI: Using IOAPIC for interrupt routing
[    0.631673] PCI: Using host bridge windows from ACPI; if necessary, use "pci=nocrs" and report a bug
[    0.632741] ACPI: Enabled 6 GPEs in block 00 to 7F
[    0.701100] ACPI: PCI Root Bridge [PC00] (domain 0000 [bus 00-16])
[    0.701431] acpi PNP0A08:00: _OSC: OS supports [ExtendedConfig ASPM ClockPM Segments MSI]
[    0.701966] acpi PNP0A08:00: _OSC: platform does not support [AER]
[    0.702392] acpi PNP0A08:00: _OSC: OS now controls [PCIeHotplug PME PCIeCapability]
[    0.703290] PCI host bridge to bus 0000:00
[    0.703508] pci_bus 0000:00: root bus resource [io  0x0000-0x03af window]
[    0.703859] pci_bus 0000:00: root bus resource [io  0x03e0-0x0cf7 window]
[    0.708002] pci_bus 0000:00: root bus resource [io  0x03b0-0x03bb window]
[    0.708359] pci_bus 0000:00: root bus resource [io  0x03c0-0x03df window]
[    0.708712] pci_bus 0000:00: root bus resource [io  0x1000-0x3fff window]
[    0.709065] pci_bus 0000:00: root bus resource [mem 0x000a0000-0x000bffff window]
[    0.709452] pci_bus 0000:00: root bus resource [mem 0x000c4000-0x000c7fff window]
[    0.709839] pci_bus 0000:00: root bus resource [mem 0xfe010000-0xfe010fff window]
[    0.710225] pci_bus 0000:00: root bus resource [mem 0xd0000000-0xd6ffbfff window]
[    0.710613] pci_bus 0000:00: root bus resource [mem 0x380000000000-0x38ffffffffff window]
[    0.711034] pci_bus 0000:00: root bus resource [bus 00-16]
[    0.711330] pci 0000:00:00.0: [8086:2020] type 00 class 0x060000
[    0.711489] pci 0000:00:04.0: [8086:2021] type 00 class 0x088000
[    0.711501] pci 0000:00:04.0: reg 0x10: [mem 0x38fffff2c000-0x38fffff2ffff 64bit]
[    0.711629] pci 0000:00:04.1: [8086:2021] type 00 class 0x088000
[    0.711640] pci 0000:00:04.1: reg 0x10: [mem 0x38fffff28000-0x38fffff2bfff 64bit]
[    0.711773] pci 0000:00:04.2: [8086:2021] type 00 class 0x088000
[    0.711784] pci 0000:00:04.2: reg 0x10: [mem 0x38fffff24000-0x38fffff27fff 64bit]
[    0.711913] pci 0000:00:04.3: [8086:2021] type 00 class 0x088000
[    0.711924] pci 0000:00:04.3: reg 0x10: [mem 0x38fffff20000-0x38fffff23fff 64bit]
[    0.712049] pci 0000:00:04.4: [8086:2021] type 00 class 0x088000
[    0.712059] pci 0000:00:04.4: reg 0x10: [mem 0x38fffff1c000-0x38fffff1ffff 64bit]
[    0.712187] pci 0000:00:04.5: [8086:2021] type 00 class 0x088000
[    0.712198] pci 0000:00:04.5: reg 0x10: [mem 0x38fffff18000-0x38fffff1bfff 64bit]
[    0.712326] pci 0000:00:04.6: [8086:2021] type 00 class 0x088000
[    0.712337] pci 0000:00:04.6: reg 0x10: [mem 0x38fffff14000-0x38fffff17fff 64bit]
[    0.712463] pci 0000:00:04.7: [8086:2021] type 00 class 0x088000
[    0.712474] pci 0000:00:04.7: reg 0x10: [mem 0x38fffff10000-0x38fffff13fff 64bit]
[    0.712600] pci 0000:00:05.0: [8086:2024] type 00 class 0x088000
[    0.712723] pci 0000:00:05.2: [8086:2025] type 00 class 0x088000
[    0.712844] pci 0000:00:05.4: [8086:2026] type 00 class 0x080020
[    0.712853] pci 0000:00:05.4: reg 0x10: [mem 0xd6f0a000-0xd6f0afff]
[    0.712978] pci 0000:00:08.0: [8086:2014] type 00 class 0x088000
[    0.713092] pci 0000:00:08.1: [8086:2015] type 00 class 0x110100
[    0.713193] pci 0000:00:08.2: [8086:2016] type 00 class 0x088000
[    0.713319] pci 0000:00:11.0: [8086:a1ec] type 00 class 0xff0000
[    0.713506] pci 0000:00:11.1: [8086:a1ed] type 00 class 0xff0000
[    0.713703] pci 0000:00:11.5: [8086:a1d2] type 00 class 0x010601
[    0.713720] pci 0000:00:11.5: reg 0x10: [mem 0xd6f06000-0xd6f07fff]
[    0.713727] pci 0000:00:11.5: reg 0x14: [mem 0xd6f09000-0xd6f090ff]
[    0.713735] pci 0000:00:11.5: reg 0x18: [io  0x3070-0x3077]
[    0.713742] pci 0000:00:11.5: reg 0x1c: [io  0x3060-0x3063]
[    0.713749] pci 0000:00:11.5: reg 0x20: [io  0x3020-0x303f]
[    0.713756] pci 0000:00:11.5: reg 0x24: [mem 0xd6e80000-0xd6efffff]
[    0.713793] pci 0000:00:11.5: PME# supported from D3hot
[    0.713944] pci 0000:00:14.0: [8086:a1af] type 00 class 0x0c0330
[    0.713965] pci 0000:00:14.0: reg 0x10: [mem 0x38fffff00000-0x38fffff0ffff 64bit]
[    0.714027] pci 0000:00:14.0: PME# supported from D3hot D3cold
[    0.714161] pci 0000:00:14.2: [8086:a1b1] type 00 class 0x118000
[    0.714181] pci 0000:00:14.2: reg 0x10: [mem 0x38fffff32000-0x38fffff32fff 64bit]
[    0.714345] pci 0000:00:16.0: [8086:a1ba] type 00 class 0x078000
[    0.714373] pci 0000:00:16.0: reg 0x10: [mem 0x38fffff31000-0x38fffff31fff 64bit]
[    0.714454] pci 0000:00:16.0: PME# supported from D3hot
[    0.714565] pci 0000:00:16.4: [8086:a1be] type 00 class 0x078000
[    0.714593] pci 0000:00:16.4: reg 0x10: [mem 0x38fffff30000-0x38fffff30fff 64bit]
[    0.714674] pci 0000:00:16.4: PME# supported from D3hot
[    0.714782] pci 0000:00:17.0: [8086:a182] type 00 class 0x010601
[    0.714799] pci 0000:00:17.0: reg 0x10: [mem 0xd6f04000-0xd6f05fff]
[    0.714806] pci 0000:00:17.0: reg 0x14: [mem 0xd6f08000-0xd6f080ff]
[    0.714813] pci 0000:00:17.0: reg 0x18: [io  0x3050-0x3057]
[    0.714821] pci 0000:00:17.0: reg 0x1c: [io  0x3040-0x3043]
[    0.714828] pci 0000:00:17.0: reg 0x20: [io  0x3000-0x301f]
[    0.714835] pci 0000:00:17.0: reg 0x24: [mem 0xd6e00000-0xd6e7ffff]
[    0.714871] pci 0000:00:17.0: PME# supported from D3hot
[    0.715017] pci 0000:00:1f.0: [8086:a1c1] type 00 class 0x060100
[    0.715241] pci 0000:00:1f.2: [8086:a1a1] type 00 class 0x058000
[    0.715257] pci 0000:00:1f.2: reg 0x10: [mem 0xd6f00000-0xd6f03fff]
[    0.715430] pci 0000:00:1f.4: [8086:a1a3] type 00 class 0x0c0500
[    0.715450] pci 0000:00:1f.4: reg 0x10: [mem 0x00000000-0x000000ff 64bit]
[    0.715472] pci 0000:00:1f.4: reg 0x20: [io  0x0780-0x079f]
[    0.715594] pci 0000:00:1f.5: [8086:a1a4] type 00 class 0x0c8000
[    0.715611] pci 0000:00:1f.5: reg 0x10: [mem 0xfe010000-0xfe010fff]
[    0.715763] pci_bus 0000:00: on NUMA node 0
[    0.716344] ACPI: PCI Root Bridge [PC01] (domain 0000 [bus 17-33])
[    0.716672] acpi PNP0A08:01: _OSC: OS supports [ExtendedConfig ASPM ClockPM Segments MSI]
[    0.717516] acpi PNP0A08:01: _OSC: platform does not support [AER]
[    0.718075] acpi PNP0A08:01: _OSC: OS now controls [PCIeHotplug PME PCIeCapability]
[    0.718653] PCI host bridge to bus 0000:17
[    0.718875] pci_bus 0000:17: root bus resource [io  0x4000-0x5fff window]
[    0.719226] pci_bus 0000:17: root bus resource [mem 0xd7000000-0xd9ffbfff window]
[    0.719615] pci_bus 0000:17: root bus resource [mem 0x390000000000-0x39ffffffffff window]
[    0.720002] pci_bus 0000:17: root bus resource [bus 17-33]
[    0.720300] pci 0000:17:00.0: [8086:2030] type 01 class 0x060400
[    0.720324] pci 0000:17:00.0: enabling Extended Tags
[    0.720617] pci 0000:17:00.0: PME# supported from D0 D3hot D3cold
[    0.720705] pci 0000:17:05.0: [8086:2034] type 00 class 0x088000
[    0.720789] pci 0000:17:05.2: [8086:2035] type 00 class 0x088000
[    0.720867] pci 0000:17:05.4: [8086:2036] type 00 class 0x080020
[    0.720876] pci 0000:17:05.4: reg 0x10: [mem 0xd9f00000-0xd9f00fff]
[    0.720958] pci 0000:17:08.0: [8086:208d] type 00 class 0x088000
[    0.721023] pci 0000:17:08.1: [8086:208d] type 00 class 0x088000
[    0.721079] pci 0000:17:08.2: [8086:208d] type 00 class 0x088000
[    0.721137] pci 0000:17:08.3: [8086:208d] type 00 class 0x088000
[    0.721193] pci 0000:17:08.4: [8086:208d] type 00 class 0x088000
[    0.721251] pci 0000:17:08.5: [8086:208d] type 00 class 0x088000
[    0.721309] pci 0000:17:08.6: [8086:208d] type 00 class 0x088000
[    0.721365] pci 0000:17:08.7: [8086:208d] type 00 class 0x088000
[    0.721423] pci 0000:17:09.0: [8086:208d] type 00 class 0x088000
[    0.721483] pci 0000:17:09.1: [8086:208d] type 00 class 0x088000
[    0.721542] pci 0000:17:09.2: [8086:208d] type 00 class 0x088000
[    0.721600] pci 0000:17:09.3: [8086:208d] type 00 class 0x088000
[    0.721655] pci 0000:17:09.4: [8086:208d] type 00 class 0x088000
[    0.721713] pci 0000:17:09.5: [8086:208d] type 00 class 0x088000
[    0.721770] pci 0000:17:09.6: [8086:208d] type 00 class 0x088000
[    0.721828] pci 0000:17:09.7: [8086:208d] type 00 class 0x088000
[    0.721885] pci 0000:17:0a.0: [8086:208d] type 00 class 0x088000
[    0.721948] pci 0000:17:0a.1: [8086:208d] type 00 class 0x088000
[    0.722007] pci 0000:17:0a.2: [8086:208d] type 00 class 0x088000
[    0.722064] pci 0000:17:0a.3: [8086:208d] type 00 class 0x088000
[    0.722122] pci 0000:17:0a.4: [8086:208d] type 00 class 0x088000
[    0.722179] pci 0000:17:0a.5: [8086:208d] type 00 class 0x088000
[    0.722238] pci 0000:17:0a.6: [8086:208d] type 00 class 0x088000
[    0.722297] pci 0000:17:0a.7: [8086:208d] type 00 class 0x088000
[    0.722356] pci 0000:17:0b.0: [8086:208d] type 00 class 0x088000
[    0.722424] pci 0000:17:0b.1: [8086:208d] type 00 class 0x088000
[    0.722480] pci 0000:17:0b.2: [8086:208d] type 00 class 0x088000
[    0.722538] pci 0000:17:0b.3: [8086:208d] type 00 class 0x088000
[    0.722599] pci 0000:17:0e.0: [8086:208e] type 00 class 0x088000
[    0.722660] pci 0000:17:0e.1: [8086:208e] type 00 class 0x088000
[    0.722719] pci 0000:17:0e.2: [8086:208e] type 00 class 0x088000
[    0.722775] pci 0000:17:0e.3: [8086:208e] type 00 class 0x088000
[    0.722834] pci 0000:17:0e.4: [8086:208e] type 00 class 0x088000
[    0.722890] pci 0000:17:0e.5: [8086:208e] type 00 class 0x088000
[    0.722949] pci 0000:17:0e.6: [8086:208e] type 00 class 0x088000
[    0.723007] pci 0000:17:0e.7: [8086:208e] type 00 class 0x088000
[    0.723063] pci 0000:17:0f.0: [8086:208e] type 00 class 0x088000
[    0.723125] pci 0000:17:0f.1: [8086:208e] type 00 class 0x088000
[    0.723181] pci 0000:17:0f.2: [8086:208e] type 00 class 0x088000
[    0.723239] pci 0000:17:0f.3: [8086:208e] type 00 class 0x088000
[    0.723298] pci 0000:17:0f.4: [8086:208e] type 00 class 0x088000
[    0.723355] pci 0000:17:0f.5: [8086:208e] type 00 class 0x088000
[    0.723414] pci 0000:17:0f.6: [8086:208e] type 00 class 0x088000
[    0.723471] pci 0000:17:0f.7: [8086:208e] type 00 class 0x088000
[    0.723530] pci 0000:17:10.0: [8086:208e] type 00 class 0x088000
[    0.723592] pci 0000:17:10.1: [8086:208e] type 00 class 0x088000
[    0.723650] pci 0000:17:10.2: [8086:208e] type 00 class 0x088000
[    0.723710] pci 0000:17:10.3: [8086:208e] type 00 class 0x088000
[    0.723767] pci 0000:17:10.4: [8086:208e] type 00 class 0x088000
[    0.723828] pci 0000:17:10.5: [8086:208e] type 00 class 0x088000
[    0.723886] pci 0000:17:10.6: [8086:208e] type 00 class 0x088000
[    0.723944] pci 0000:17:10.7: [8086:208e] type 00 class 0x088000
[    0.724004] pci 0000:17:11.0: [8086:208e] type 00 class 0x088000
[    0.724064] pci 0000:17:11.1: [8086:208e] type 00 class 0x088000
[    0.724123] pci 0000:17:11.2: [8086:208e] type 00 class 0x088000
[    0.724179] pci 0000:17:11.3: [8086:208e] type 00 class 0x088000
[    0.724250] pci 0000:17:1d.0: [8086:2054] type 00 class 0x088000
[    0.724316] pci 0000:17:1d.1: [8086:2055] type 00 class 0x088000
[    0.724373] pci 0000:17:1d.2: [8086:2056] type 00 class 0x088000
[    0.724434] pci 0000:17:1d.3: [8086:2057] type 00 class 0x088000
[    0.724495] pci 0000:17:1e.0: [8086:2080] type 00 class 0x088000
[    0.724561] pci 0000:17:1e.1: [8086:2081] type 00 class 0x088000
[    0.724621] pci 0000:17:1e.2: [8086:2082] type 00 class 0x088000
[    0.724679] pci 0000:17:1e.3: [8086:2083] type 00 class 0x088000
[    0.724807] pci 0000:17:1e.4: [8086:2084] type 00 class 0x088000
[    0.724864] pci 0000:17:1e.5: [8086:2085] type 00 class 0x088000
[    0.724923] pci 0000:17:1e.6: [8086:2086] type 00 class 0x088000
[    0.725037] pci 0000:18:00.0: [1d0f:cd00] type 00 class 0x010802
[    0.725076] pci 0000:18:00.0: reg 0x10: [mem 0xd9e04000-0xd9e07fff 64bit]
[    0.725196] pci 0000:18:00.0: PME# supported from D0
[    0.725276] pci 0000:18:00.1: [1d0f:cd00] type 00 class 0x010802
[    0.725311] pci 0000:18:00.1: reg 0x10: [mem 0xd9e00000-0xd9e03fff 64bit]
[    0.725425] pci 0000:18:00.1: PME# supported from D0
[    0.725494] pci 0000:17:00.0: PCI bridge to [bus 18]
[    0.725762] pci 0000:17:00.0:   bridge window [mem 0xd9e00000-0xd9efffff]
[    0.725771] pci_bus 0000:17: on NUMA node 0
[    0.725889] ACPI: PCI Root Bridge [PC02] (domain 0000 [bus 34-79])
[    0.726217] acpi PNP0A08:02: _OSC: OS supports [ExtendedConfig ASPM ClockPM Segments MSI]
[    0.727146] acpi PNP0A08:02: _OSC: platform does not support [AER]
[    0.727674] acpi PNP0A08:02: _OSC: OS now controls [PCIeHotplug PME PCIeCapability]
[    0.728150] PCI host bridge to bus 0000:34
[    0.728371] pci_bus 0000:34: root bus resource [io  0x6000-0x7fff window]
[    0.728724] pci_bus 0000:34: root bus resource [mem 0xda000000-0xe2ffbfff window]
[    0.729112] pci_bus 0000:34: root bus resource [mem 0x3a0000000000-0x3affffffffff window]
[    0.729533] pci_bus 0000:34: root bus resource [bus 34-79]
[    0.729828] pci 0000:34:05.0: [8086:2034] type 00 class 0x088000
[    0.729905] pci 0000:34:05.2: [8086:2035] type 00 class 0x088000
[    0.729977] pci 0000:34:05.4: [8086:2036] type 00 class 0x080020
[    0.729986] pci 0000:34:05.4: reg 0x10: [mem 0xe2f00000-0xe2f00fff]
[    0.730059] pci 0000:34:08.0: [8086:2066] type 00 class 0x088000
[    0.730127] pci 0000:34:09.0: [8086:2066] type 00 class 0x088000
[    0.730196] pci 0000:34:0a.0: [8086:2040] type 00 class 0x088000
[    0.730259] pci 0000:34:0a.1: [8086:2041] type 00 class 0x088000
[    0.730330] pci 0000:34:0a.2: [8086:2042] type 00 class 0x088000
[    0.730394] pci 0000:34:0a.3: [8086:2043] type 00 class 0x088000
[    0.730455] pci 0000:34:0a.4: [8086:2044] type 00 class 0x088000
[    0.730518] pci 0000:34:0a.5: [8086:2045] type 00 class 0x088000
[    0.730578] pci 0000:34:0a.6: [8086:2046] type 00 class 0x088000
[    0.730642] pci 0000:34:0a.7: [8086:2047] type 00 class 0x088000
[    0.730706] pci 0000:34:0b.0: [8086:2048] type 00 class 0x088000
[    0.730770] pci 0000:34:0b.1: [8086:2049] type 00 class 0x088000
[    0.730834] pci 0000:34:0b.2: [8086:204a] type 00 class 0x088000
[    0.730897] pci 0000:34:0b.3: [8086:204b] type 00 class 0x088000
[    0.730960] pci 0000:34:0c.0: [8086:2040] type 00 class 0x088000
[    0.731029] pci 0000:34:0c.1: [8086:2041] type 00 class 0x088000
[    0.731094] pci 0000:34:0c.2: [8086:2042] type 00 class 0x088000
[    0.731158] pci 0000:34:0c.3: [8086:2043] type 00 class 0x088000
[    0.731222] pci 0000:34:0c.4: [8086:2044] type 00 class 0x088000
[    0.731291] pci 0000:34:0c.5: [8086:2045] type 00 class 0x088000
[    0.731353] pci 0000:34:0c.6: [8086:2046] type 00 class 0x088000
[    0.731418] pci 0000:34:0c.7: [8086:2047] type 00 class 0x088000
[    0.731483] pci 0000:34:0d.0: [8086:2048] type 00 class 0x088000
[    0.731548] pci 0000:34:0d.1: [8086:2049] type 00 class 0x088000
[    0.731615] pci 0000:34:0d.2: [8086:204a] type 00 class 0x088000
[    0.731681] pci 0000:34:0d.3: [8086:204b] type 00 class 0x088000
[    0.731752] pci_bus 0000:34: on NUMA node 0
[    0.731907] ACPI: PCI Root Bridge [PC03] (domain 0000 [bus 7a-bf])
[    0.732003] acpi PNP0A08:03: _OSC: OS supports [ExtendedConfig ASPM ClockPM Segments MSI]
[    0.732984] acpi PNP0A08:03: _OSC: platform does not support [AER]
[    0.733512] acpi PNP0A08:03: _OSC: OS now controls [PCIeHotplug PME PCIeCapability]
[    0.734084] PCI host bridge to bus 0000:7a
[    0.734305] pci_bus 0000:7a: root bus resource [io  0x8000-0x9fff window]
[    0.734657] pci_bus 0000:7a: root bus resource [mem 0xe3000000-0xebffbfff window]
[    0.735046] pci_bus 0000:7a: root bus resource [mem 0x3b0000000000-0x3bffffffffff window]
[    0.735469] pci_bus 0000:7a: root bus resource [bus 7a-bf]
[    0.735763] pci 0000:7a:00.0: [8086:2030] type 01 class 0x060400
[    0.735789] pci 0000:7a:00.0: enabling Extended Tags
[    0.736031] pci 0000:7a:00.0: PME# supported from D0 D3hot D3cold
[    0.736113] pci 0000:7a:02.0: [8086:2032] type 01 class 0x060400
[    0.736137] pci 0000:7a:02.0: enabling Extended Tags
[    0.736431] pci 0000:7a:02.0: PME# supported from D0 D3hot D3cold
[    0.736506] pci 0000:7a:05.0: [8086:2034] type 00 class 0x088000
[    0.736581] pci 0000:7a:05.2: [8086:2035] type 00 class 0x088000
[    0.736656] pci 0000:7a:05.4: [8086:2036] type 00 class 0x080020
[    0.736665] pci 0000:7a:05.4: reg 0x10: [mem 0xebe00000-0xebe00fff]
[    0.736746] pci 0000:7a:0e.0: [8086:2058] type 00 class 0x110100
[    0.736809] pci 0000:7a:0e.1: [8086:2059] type 00 class 0x088000
[    0.736874] pci 0000:7a:0f.0: [8086:2058] type 00 class 0x110100
[    0.736939] pci 0000:7a:0f.1: [8086:2059] type 00 class 0x088000
[    0.737001] pci 0000:7a:10.0: [8086:2058] type 00 class 0x110100
[    0.737067] pci 0000:7a:10.1: [8086:2059] type 00 class 0x088000
[    0.737133] pci 0000:7a:12.0: [8086:204c] type 00 class 0x110100
[    0.737194] pci 0000:7a:12.1: [8086:204d] type 00 class 0x110100
[    0.737248] pci 0000:7a:12.2: [8086:204e] type 00 class 0x088000
[    0.737302] pci 0000:7a:12.4: [8086:204c] type 00 class 0x110100
[    0.737364] pci 0000:7a:12.5: [8086:204d] type 00 class 0x110100
[    0.737418] pci 0000:7a:15.0: [8086:2018] type 00 class 0x088000
[    0.737473] pci 0000:7a:16.0: [8086:2018] type 00 class 0x088000
[    0.737529] pci 0000:7a:16.4: [8086:2018] type 00 class 0x088000
[    0.737583] pci 0000:7a:17.0: [8086:2018] type 00 class 0x088000
[    0.737746] pci 0000:7b:00.0: [1d0f:bec2] type 01 class 0x060400
[    0.737858] pci 0000:7b:00.0: PME# supported from D0 D3hot D3cold
[    0.737919] pci 0000:7a:00.0: PCI bridge to [bus 7b-8c]
[    0.738200] pci 0000:7a:00.0:   bridge window [mem 0xe9e00000-0xebdfffff]
[    0.738203] pci 0000:7a:00.0:   bridge window [mem 0x3bfff0000000-0x3bffffffffff 64bit pref]
[    0.738439] pci 0000:7c:00.0: [1d0f:bec2] type 01 class 0x060400
[    0.738553] pci 0000:7c:00.0: PME# supported from D0 D3hot D3cold
[    0.738648] pci 0000:7c:01.0: [1d0f:bec2] type 01 class 0x060400
[    0.738702] pci 0000:7c:01.0: Max Payload Size set to 256 (was 128, max 256)
[    0.739135] pci 0000:7c:01.0: PME# supported from D0 D3hot D3cold
[    0.739227] pci 0000:7c:02.0: [1d0f:bec2] type 01 class 0x060400
[    0.739281] pci 0000:7c:02.0: Max Payload Size set to 256 (was 128, max 256)
[    0.739712] pci 0000:7c:02.0: PME# supported from D0 D3hot D3cold
[    0.739803] pci 0000:7c:03.0: [1d0f:bec2] type 01 class 0x060400
[    0.739856] pci 0000:7c:03.0: Max Payload Size set to 256 (was 128, max 256)
[    0.740064] pci 0000:7c:03.0: PME# supported from D0 D3hot D3cold
[    0.740157] pci 0000:7c:04.0: [1d0f:bec2] type 01 class 0x060400
[    0.740210] pci 0000:7c:04.0: Max Payload Size set to 256 (was 128, max 256)
[    0.740642] pci 0000:7c:04.0: PME# supported from D0 D3hot D3cold
[    0.740737] pci 0000:7c:05.0: [1d0f:bec2] type 01 class 0x060400
[    0.740791] pci 0000:7c:05.0: Max Payload Size set to 256 (was 128, max 256)
[    0.741222] pci 0000:7c:05.0: PME# supported from D0 D3hot D3cold
[    0.741320] pci 0000:7c:06.0: [1d0f:bec2] type 01 class 0x060400
[    0.741373] pci 0000:7c:06.0: Max Payload Size set to 256 (was 128, max 256)
[    0.741804] pci 0000:7c:06.0: PME# supported from D0 D3hot D3cold
[    0.741902] pci 0000:7c:07.0: [1d0f:bec2] type 01 class 0x060400
[    0.741955] pci 0000:7c:07.0: Max Payload Size set to 256 (was 128, max 256)
[    0.742386] pci 0000:7c:07.0: PME# supported from D0 D3hot D3cold
[    0.742486] pci 0000:7c:08.0: [1d0f:bec2] type 01 class 0x060400
[    0.742539] pci 0000:7c:08.0: Max Payload Size set to 256 (was 128, max 256)
[    0.742970] pci 0000:7c:08.0: PME# supported from D0 D3hot D3cold
[    0.743070] pci 0000:7c:09.0: [1d0f:bec2] type 01 class 0x060400
[    0.743124] pci 0000:7c:09.0: Max Payload Size set to 256 (was 128, max 256)
[    0.743555] pci 0000:7c:09.0: PME# supported from D0 D3hot D3cold
[    0.743657] pci 0000:7c:0a.0: [1d0f:bec2] type 01 class 0x060400
[    0.743711] pci 0000:7c:0a.0: Max Payload Size set to 256 (was 128, max 256)
[    0.744065] pci 0000:7c:0a.0: PME# supported from D0 D3hot D3cold
[    0.744166] pci 0000:7c:0b.0: [1d0f:bec2] type 01 class 0x060400
[    0.744219] pci 0000:7c:0b.0: Max Payload Size set to 256 (was 128, max 256)
[    0.744650] pci 0000:7c:0b.0: PME# supported from D0 D3hot D3cold
[    0.744755] pci 0000:7c:0c.0: [1d0f:bec2] type 01 class 0x060400
[    0.744809] pci 0000:7c:0c.0: Max Payload Size set to 256 (was 128, max 256)
[    0.745241] pci 0000:7c:0c.0: PME# supported from D0 D3hot D3cold
[    0.745348] pci 0000:7c:0d.0: [1d0f:bec2] type 01 class 0x060400
[    0.745401] pci 0000:7c:0d.0: Max Payload Size set to 256 (was 128, max 256)
[    0.745831] pci 0000:7c:0d.0: PME# supported from D0 D3hot D3cold
[    0.745940] pci 0000:7c:0e.0: [1d0f:bec2] type 01 class 0x060400
[    0.745993] pci 0000:7c:0e.0: Max Payload Size set to 256 (was 128, max 256)
[    0.746425] pci 0000:7c:0e.0: PME# supported from D0 D3hot D3cold
[    0.746536] pci 0000:7c:0f.0: [1d0f:bec2] type 01 class 0x060400
[    0.746589] pci 0000:7c:0f.0: Max Payload Size set to 256 (was 128, max 256)
[    0.747020] pci 0000:7c:0f.0: PME# supported from D0 D3hot D3cold
[    0.747138] pci 0000:7b:00.0: PCI bridge to [bus 7c-8c]
[    0.747418] pci 0000:7b:00.0:   bridge window [io  0x0000-0x0fff]
[    0.747422] pci 0000:7b:00.0:   bridge window [mem 0xe9e00000-0xebdfffff]
[    0.747428] pci 0000:7b:00.0:   bridge window [mem 0x3bfff0000000-0x3bffffffffff 64bit pref]
[    0.747480] pci 0000:7d:00.0: [1d0f:ec20] type 00 class 0x020000
[    0.747510] pci 0000:7d:00.0: reg 0x10: [mem 0xebc20000-0xebc23fff]
[    0.747538] pci 0000:7d:00.0: reg 0x18: [mem 0x3bffff000000-0x3bffffffffff 64bit pref]
[    0.747570] pci 0000:7d:00.0: reg 0x30: [mem 0xebc00000-0xebc1ffff pref]
[    0.747643] pci 0000:7d:00.0: PME# supported from D0
[    0.747705] pci 0000:7c:00.0: PCI bridge to [bus 7d]
[    0.747973] pci 0000:7c:00.0:   bridge window [io  0x0000-0x0fff]
[    0.747976] pci 0000:7c:00.0:   bridge window [mem 0xebc00000-0xebdfffff]
[    0.747983] pci 0000:7c:00.0:   bridge window [mem 0x3bffff000000-0x3bffffffffff 64bit pref]
[    0.748023] pci 0000:7c:01.0: PCI bridge to [bus 7e]
[    0.748289] pci 0000:7c:01.0:   bridge window [io  0x0000-0x0fff]
[    0.748293] pci 0000:7c:01.0:   bridge window [mem 0xeba00000-0xebbfffff]
[    0.748299] pci 0000:7c:01.0:   bridge window [mem 0x3bfffe000000-0x3bfffeffffff 64bit pref]
[    0.748339] pci 0000:7c:02.0: PCI bridge to [bus 7f]
[    0.748605] pci 0000:7c:02.0:   bridge window [io  0x0000-0x0fff]
[    0.748608] pci 0000:7c:02.0:   bridge window [mem 0xeb800000-0xeb9fffff]
[    0.748614] pci 0000:7c:02.0:   bridge window [mem 0x3bfffd000000-0x3bfffdffffff 64bit pref]
[    0.748656] pci 0000:7c:03.0: PCI bridge to [bus 80]
[    0.748923] pci 0000:7c:03.0:   bridge window [io  0x0000-0x0fff]
[    0.748927] pci 0000:7c:03.0:   bridge window [mem 0xeb600000-0xeb7fffff]
[    0.748933] pci 0000:7c:03.0:   bridge window [mem 0x3bfffc000000-0x3bfffcffffff 64bit pref]
[    0.748974] pci 0000:7c:04.0: PCI bridge to [bus 81]
[    0.749241] pci 0000:7c:04.0:   bridge window [io  0x0000-0x0fff]
[    0.749245] pci 0000:7c:04.0:   bridge window [mem 0xeb400000-0xeb5fffff]
[    0.749251] pci 0000:7c:04.0:   bridge window [mem 0x3bfffb000000-0x3bfffbffffff 64bit pref]
[    0.749290] pci 0000:7c:05.0: PCI bridge to [bus 82]
[    0.749557] pci 0000:7c:05.0:   bridge window [io  0x0000-0x0fff]
[    0.749561] pci 0000:7c:05.0:   bridge window [mem 0xeb200000-0xeb3fffff]
[    0.749567] pci 0000:7c:05.0:   bridge window [mem 0x3bfffa000000-0x3bfffaffffff 64bit pref]
[    0.749609] pci 0000:7c:06.0: PCI bridge to [bus 83]
[    0.749876] pci 0000:7c:06.0:   bridge window [io  0x0000-0x0fff]
[    0.749879] pci 0000:7c:06.0:   bridge window [mem 0xeb000000-0xeb1fffff]
[    0.749885] pci 0000:7c:06.0:   bridge window [mem 0x3bfff9000000-0x3bfff9ffffff 64bit pref]
[    0.749924] pci 0000:7c:07.0: PCI bridge to [bus 84]
[    0.750191] pci 0000:7c:07.0:   bridge window [io  0x0000-0x0fff]
[    0.750194] pci 0000:7c:07.0:   bridge window [mem 0xeae00000-0xeaffffff]
[    0.750200] pci 0000:7c:07.0:   bridge window [mem 0x3bfff8000000-0x3bfff8ffffff 64bit pref]
[    0.750240] pci 0000:7c:08.0: PCI bridge to [bus 85]
[    0.750506] pci 0000:7c:08.0:   bridge window [io  0x0000-0x0fff]
[    0.750510] pci 0000:7c:08.0:   bridge window [mem 0xeac00000-0xeadfffff]
[    0.750516] pci 0000:7c:08.0:   bridge window [mem 0x3bfff7000000-0x3bfff7ffffff 64bit pref]
[    0.750558] pci 0000:7c:09.0: PCI bridge to [bus 86]
[    0.750825] pci 0000:7c:09.0:   bridge window [io  0x0000-0x0fff]
[    0.750828] pci 0000:7c:09.0:   bridge window [mem 0xeaa00000-0xeabfffff]
[    0.750834] pci 0000:7c:09.0:   bridge window [mem 0x3bfff6000000-0x3bfff6ffffff 64bit pref]
[    0.750873] pci 0000:7c:0a.0: PCI bridge to [bus 87]
[    0.751142] pci 0000:7c:0a.0:   bridge window [io  0x0000-0x0fff]
[    0.751145] pci 0000:7c:0a.0:   bridge window [mem 0xea800000-0xea9fffff]
[    0.751151] pci 0000:7c:0a.0:   bridge window [mem 0x3bfff5000000-0x3bfff5ffffff 64bit pref]
[    0.751193] pci 0000:7c:0b.0: PCI bridge to [bus 88]
[    0.751460] pci 0000:7c:0b.0:   bridge window [io  0x0000-0x0fff]
[    0.751464] pci 0000:7c:0b.0:   bridge window [mem 0xea600000-0xea7fffff]
[    0.751470] pci 0000:7c:0b.0:   bridge window [mem 0x3bfff4000000-0x3bfff4ffffff 64bit pref]
[    0.751511] pci 0000:7c:0c.0: PCI bridge to [bus 89]
[    0.751778] pci 0000:7c:0c.0:   bridge window [io  0x0000-0x0fff]
[    0.751782] pci 0000:7c:0c.0:   bridge window [mem 0xea400000-0xea5fffff]
[    0.751788] pci 0000:7c:0c.0:   bridge window [mem 0x3bfff3000000-0x3bfff3ffffff 64bit pref]
[    0.751828] pci 0000:7c:0d.0: PCI bridge to [bus 8a]
[    0.752004] pci 0000:7c:0d.0:   bridge window [io  0x0000-0x0fff]
[    0.752007] pci 0000:7c:0d.0:   bridge window [mem 0xea200000-0xea3fffff]
[    0.752013] pci 0000:7c:0d.0:   bridge window [mem 0x3bfff2000000-0x3bfff2ffffff 64bit pref]
[    0.752053] pci 0000:7c:0e.0: PCI bridge to [bus 8b]
[    0.752319] pci 0000:7c:0e.0:   bridge window [io  0x0000-0x0fff]
[    0.752323] pci 0000:7c:0e.0:   bridge window [mem 0xea000000-0xea1fffff]
[    0.752329] pci 0000:7c:0e.0:   bridge window [mem 0x3bfff1000000-0x3bfff1ffffff 64bit pref]
[    0.752370] pci 0000:7c:0f.0: PCI bridge to [bus 8c]
[    0.752636] pci 0000:7c:0f.0:   bridge window [io  0x0000-0x0fff]
[    0.752640] pci 0000:7c:0f.0:   bridge window [mem 0xe9e00000-0xe9ffffff]
[    0.752646] pci 0000:7c:0f.0:   bridge window [mem 0x3bfff0000000-0x3bfff0ffffff 64bit pref]
[    0.752853] pci 0000:8d:00.0: [1d0f:bec2] type 01 class 0x060400
[    0.752957] pci 0000:8d:00.0: PME# supported from D0 D3hot D3cold
[    0.753013] pci 0000:7a:02.0: PCI bridge to [bus 8d-ae]
[    0.753292] pci 0000:7a:02.0:   bridge window [mem 0xe5e00000-0xe9dfffff]
[    0.753296] pci 0000:7a:02.0:   bridge window [mem 0x3bffd0000000-0x3bffefffffff 64bit pref]
[    0.753532] pci 0000:8e:00.0: [1d0f:bec2] type 01 class 0x060400
[    0.753645] pci 0000:8e:00.0: PME# supported from D0 D3hot D3cold
[    0.753741] pci 0000:8e:01.0: [1d0f:bec2] type 01 class 0x060400
[    0.753853] pci 0000:8e:01.0: PME# supported from D0 D3hot D3cold
[    0.753944] pci 0000:8e:02.0: [1d0f:bec2] type 01 class 0x060400
[    0.753997] pci 0000:8e:02.0: Max Payload Size set to 256 (was 128, max 256)
[    0.754432] pci 0000:8e:02.0: PME# supported from D0 D3hot D3cold
[    0.754524] pci 0000:8e:03.0: [1d0f:bec2] type 01 class 0x060400
[    0.754578] pci 0000:8e:03.0: Max Payload Size set to 256 (was 128, max 256)
[    0.755010] pci 0000:8e:03.0: PME# supported from D0 D3hot D3cold
[    0.755103] pci 0000:8e:04.0: [1d0f:bec2] type 01 class 0x060400
[    0.755156] pci 0000:8e:04.0: Max Payload Size set to 256 (was 128, max 256)
[    0.755590] pci 0000:8e:04.0: PME# supported from D0 D3hot D3cold
[    0.755682] pci 0000:8e:05.0: [1d0f:bec2] type 01 class 0x060400
[    0.755735] pci 0000:8e:05.0: Max Payload Size set to 256 (was 128, max 256)
[    0.756066] pci 0000:8e:05.0: PME# supported from D0 D3hot D3cold
[    0.756161] pci 0000:8e:06.0: [1d0f:bec2] type 01 class 0x060400
[    0.756214] pci 0000:8e:06.0: Max Payload Size set to 256 (was 128, max 256)
[    0.756648] pci 0000:8e:06.0: PME# supported from D0 D3hot D3cold
[    0.756745] pci 0000:8e:07.0: [1d0f:bec2] type 01 class 0x060400
[    0.756798] pci 0000:8e:07.0: Max Payload Size set to 256 (was 128, max 256)
[    0.757232] pci 0000:8e:07.0: PME# supported from D0 D3hot D3cold
[    0.757332] pci 0000:8e:08.0: [1d0f:bec2] type 01 class 0x060400
[    0.757386] pci 0000:8e:08.0: Max Payload Size set to 256 (was 128, max 256)
[    0.757818] pci 0000:8e:08.0: PME# supported from D0 D3hot D3cold
[    0.757918] pci 0000:8e:09.0: [1d0f:bec2] type 01 class 0x060400
[    0.757972] pci 0000:8e:09.0: Max Payload Size set to 256 (was 128, max 256)
[    0.758406] pci 0000:8e:09.0: PME# supported from D0 D3hot D3cold
[    0.758519] pci 0000:8e:0a.0: [1d0f:bec2] type 01 class 0x060400
[    0.758572] pci 0000:8e:0a.0: Max Payload Size set to 256 (was 128, max 256)
[    0.759003] pci 0000:8e:0a.0: PME# supported from D0 D3hot D3cold
[    0.759111] pci 0000:8e:0b.0: [1d0f:bec2] type 01 class 0x060400
[    0.759164] pci 0000:8e:0b.0: Max Payload Size set to 256 (was 128, max 256)
[    0.759597] pci 0000:8e:0b.0: PME# supported from D0 D3hot D3cold
[    0.759703] pci 0000:8e:0c.0: [1d0f:bec2] type 01 class 0x060400
[    0.759756] pci 0000:8e:0c.0: Max Payload Size set to 256 (was 128, max 256)
[    0.760066] pci 0000:8e:0c.0: PME# supported from D0 D3hot D3cold
[    0.760172] pci 0000:8e:0d.0: [1d0f:bec2] type 01 class 0x060400
[    0.760225] pci 0000:8e:0d.0: Max Payload Size set to 256 (was 128, max 256)
[    0.760657] pci 0000:8e:0d.0: PME# supported from D0 D3hot D3cold
[    0.760764] pci 0000:8e:0e.0: [1d0f:bec2] type 01 class 0x060400
[    0.760817] pci 0000:8e:0e.0: Max Payload Size set to 256 (was 128, max 256)
[    0.761250] pci 0000:8e:0e.0: PME# supported from D0 D3hot D3cold
[    0.761360] pci 0000:8e:0f.0: [1d0f:bec2] type 01 class 0x060400
[    0.761413] pci 0000:8e:0f.0: Max Payload Size set to 256 (was 128, max 256)
[    0.761846] pci 0000:8e:0f.0: PME# supported from D0 D3hot D3cold
[    0.761957] pci 0000:8e:10.0: [1d0f:bec2] type 01 class 0x060400
[    0.762009] pci 0000:8e:10.0: Max Payload Size set to 256 (was 128, max 256)
[    0.762442] pci 0000:8e:10.0: PME# supported from D0 D3hot D3cold
[    0.762555] pci 0000:8e:11.0: [1d0f:bec2] type 01 class 0x060400
[    0.762608] pci 0000:8e:11.0: Max Payload Size set to 256 (was 128, max 256)
[    0.763042] pci 0000:8e:11.0: PME# supported from D0 D3hot D3cold
[    0.763156] pci 0000:8e:12.0: [1d0f:bec2] type 01 class 0x060400
[    0.763209] pci 0000:8e:12.0: Max Payload Size set to 256 (was 128, max 256)
[    0.763640] pci 0000:8e:12.0: PME# supported from D0 D3hot D3cold
[    0.763756] pci 0000:8e:13.0: [1d0f:bec2] type 01 class 0x060400
[    0.763809] pci 0000:8e:13.0: Max Payload Size set to 256 (was 128, max 256)
[    0.764067] pci 0000:8e:13.0: PME# supported from D0 D3hot D3cold
[    0.764182] pci 0000:8e:14.0: [1d0f:bec2] type 01 class 0x060400
[    0.764235] pci 0000:8e:14.0: Max Payload Size set to 256 (was 128, max 256)
[    0.764669] pci 0000:8e:14.0: PME# supported from D0 D3hot D3cold
[    0.764787] pci 0000:8e:15.0: [1d0f:bec2] type 01 class 0x060400
[    0.764840] pci 0000:8e:15.0: Max Payload Size set to 256 (was 128, max 256)
[    0.765275] pci 0000:8e:15.0: PME# supported from D0 D3hot D3cold
[    0.765394] pci 0000:8e:16.0: [1d0f:bec2] type 01 class 0x060400
[    0.765447] pci 0000:8e:16.0: Max Payload Size set to 256 (was 128, max 256)
[    0.765881] pci 0000:8e:16.0: PME# supported from D0 D3hot D3cold
[    0.766002] pci 0000:8e:17.0: [1d0f:bec2] type 01 class 0x060400
[    0.766055] pci 0000:8e:17.0: Max Payload Size set to 256 (was 128, max 256)
[    0.766489] pci 0000:8e:17.0: PME# supported from D0 D3hot D3cold
[    0.766612] pci 0000:8e:18.0: [1d0f:bec2] type 01 class 0x060400
[    0.766665] pci 0000:8e:18.0: Max Payload Size set to 256 (was 128, max 256)
[    0.767099] pci 0000:8e:18.0: PME# supported from D0 D3hot D3cold
[    0.767223] pci 0000:8e:19.0: [1d0f:bec2] type 01 class 0x060400
[    0.767276] pci 0000:8e:19.0: Max Payload Size set to 256 (was 128, max 256)
[    0.767707] pci 0000:8e:19.0: PME# supported from D0 D3hot D3cold
[    0.767831] pci 0000:8e:1a.0: [1d0f:bec2] type 01 class 0x060400
[    0.767884] pci 0000:8e:1a.0: Max Payload Size set to 256 (was 128, max 256)
[    0.768066] pci 0000:8e:1a.0: PME# supported from D0 D3hot D3cold
[    0.768192] pci 0000:8e:1b.0: [1d0f:bec2] type 01 class 0x060400
[    0.768246] pci 0000:8e:1b.0: Max Payload Size set to 256 (was 128, max 256)
[    0.768679] pci 0000:8e:1b.0: PME# supported from D0 D3hot D3cold
[    0.768806] pci 0000:8e:1c.0: [1d0f:bec2] type 01 class 0x060400
[    0.768859] pci 0000:8e:1c.0: Max Payload Size set to 256 (was 128, max 256)
[    0.769292] pci 0000:8e:1c.0: PME# supported from D0 D3hot D3cold
[    0.769421] pci 0000:8e:1d.0: [1d0f:bec2] type 01 class 0x060400
[    0.769474] pci 0000:8e:1d.0: Max Payload Size set to 256 (was 128, max 256)
[    0.769906] pci 0000:8e:1d.0: PME# supported from D0 D3hot D3cold
[    0.770037] pci 0000:8e:1e.0: [1d0f:bec2] type 01 class 0x060400
[    0.770090] pci 0000:8e:1e.0: Max Payload Size set to 256 (was 128, max 256)
[    0.770523] pci 0000:8e:1e.0: PME# supported from D0 D3hot D3cold
[    0.770655] pci 0000:8e:1f.0: [1d0f:bec2] type 01 class 0x060400
[    0.770709] pci 0000:8e:1f.0: Max Payload Size set to 256 (was 128, max 256)
[    0.771141] pci 0000:8e:1f.0: PME# supported from D0 D3hot D3cold
[    0.771261] pci 0000:8d:00.0: PCI bridge to [bus 8e-ae]
[    0.771545] pci 0000:8d:00.0:   bridge window [io  0x0000-0x0fff]
[    0.771548] pci 0000:8d:00.0:   bridge window [mem 0xe5e00000-0xe9dfffff]
[    0.771555] pci 0000:8d:00.0:   bridge window [mem 0x3bffd0000000-0x3bffefffffff 64bit pref]
[    0.771610] pci 0000:8f:00.0: [1d0f:8250] type 00 class 0x070003
[    0.771641] pci 0000:8f:00.0: reg 0x10: [mem 0xe9c00000-0xe9c03fff]
[    0.771774] pci 0000:8f:00.0: PME# supported from D0
[    0.771832] pci 0000:8e:00.0: PCI bridge to [bus 8f]
[    0.772008] pci 0000:8e:00.0:   bridge window [io  0x0000-0x0fff]
[    0.772012] pci 0000:8e:00.0:   bridge window [mem 0xe9c00000-0xe9dfffff]
[    0.772018] pci 0000:8e:00.0:   bridge window [mem 0x3bffef000000-0x3bffefffffff 64bit pref]
[    0.772077] pci 0000:90:00.0: [1d0f:0061] type 00 class 0x010802
[    0.772110] pci 0000:90:00.0: reg 0x10: [mem 0xe9a00000-0xe9bfffff 64bit]
[    0.772231] pci 0000:90:00.0: PME# supported from D0
[    0.772296] pci 0000:8e:01.0: PCI bridge to [bus 90]
[    0.772566] pci 0000:8e:01.0:   bridge window [io  0x0000-0x0fff]
[    0.772570] pci 0000:8e:01.0:   bridge window [mem 0xe9a00000-0xe9bfffff]
[    0.772576] pci 0000:8e:01.0:   bridge window [mem 0x3bffee000000-0x3bffeeffffff 64bit pref]
[    0.772618] pci 0000:8e:02.0: PCI bridge to [bus 91]
[    0.772887] pci 0000:8e:02.0:   bridge window [io  0x0000-0x0fff]
[    0.772890] pci 0000:8e:02.0:   bridge window [mem 0xe9800000-0xe99fffff]
[    0.772896] pci 0000:8e:02.0:   bridge window [mem 0x3bffed000000-0x3bffedffffff 64bit pref]
[    0.772940] pci 0000:8e:03.0: PCI bridge to [bus 92]
[    0.773209] pci 0000:8e:03.0:   bridge window [io  0x0000-0x0fff]
[    0.773212] pci 0000:8e:03.0:   bridge window [mem 0xe9600000-0xe97fffff]
[    0.773218] pci 0000:8e:03.0:   bridge window [mem 0x3bffec000000-0x3bffecffffff 64bit pref]
[    0.773258] pci 0000:8e:04.0: PCI bridge to [bus 93]
[    0.773528] pci 0000:8e:04.0:   bridge window [io  0x0000-0x0fff]
[    0.773532] pci 0000:8e:04.0:   bridge window [mem 0xe9400000-0xe95fffff]
[    0.773538] pci 0000:8e:04.0:   bridge window [mem 0x3bffeb000000-0x3bffebffffff 64bit pref]
[    0.773578] pci 0000:8e:05.0: PCI bridge to [bus 94]
[    0.773848] pci 0000:8e:05.0:   bridge window [io  0x0000-0x0fff]
[    0.773852] pci 0000:8e:05.0:   bridge window [mem 0xe9200000-0xe93fffff]
[    0.773858] pci 0000:8e:05.0:   bridge window [mem 0x3bffea000000-0x3bffeaffffff 64bit pref]
[    0.773900] pci 0000:8e:06.0: PCI bridge to [bus 95]
[    0.774171] pci 0000:8e:06.0:   bridge window [io  0x0000-0x0fff]
[    0.774174] pci 0000:8e:06.0:   bridge window [mem 0xe9000000-0xe91fffff]
[    0.774181] pci 0000:8e:06.0:   bridge window [mem 0x3bffe9000000-0x3bffe9ffffff 64bit pref]
[    0.774220] pci 0000:8e:07.0: PCI bridge to [bus 96]
[    0.774489] pci 0000:8e:07.0:   bridge window [io  0x0000-0x0fff]
[    0.774493] pci 0000:8e:07.0:   bridge window [mem 0xe8e00000-0xe8ffffff]
[    0.774499] pci 0000:8e:07.0:   bridge window [mem 0x3bffe8000000-0x3bffe8ffffff 64bit pref]
[    0.774539] pci 0000:8e:08.0: PCI bridge to [bus 97]
[    0.774809] pci 0000:8e:08.0:   bridge window [io  0x0000-0x0fff]
[    0.774813] pci 0000:8e:08.0:   bridge window [mem 0xe8c00000-0xe8dfffff]
[    0.774819] pci 0000:8e:08.0:   bridge window [mem 0x3bffe7000000-0x3bffe7ffffff 64bit pref]
[    0.774862] pci 0000:8e:09.0: PCI bridge to [bus 98]
[    0.775133] pci 0000:8e:09.0:   bridge window [io  0x0000-0x0fff]
[    0.775136] pci 0000:8e:09.0:   bridge window [mem 0xe8a00000-0xe8bfffff]
[    0.775142] pci 0000:8e:09.0:   bridge window [mem 0x3bffe6000000-0x3bffe6ffffff 64bit pref]
[    0.775182] pci 0000:8e:0a.0: PCI bridge to [bus 99]
[    0.775453] pci 0000:8e:0a.0:   bridge window [io  0x0000-0x0fff]
[    0.775456] pci 0000:8e:0a.0:   bridge window [mem 0xe8800000-0xe89fffff]
[    0.775462] pci 0000:8e:0a.0:   bridge window [mem 0x3bffe5000000-0x3bffe5ffffff 64bit pref]
[    0.775504] pci 0000:8e:0b.0: PCI bridge to [bus 9a]
[    0.775775] pci 0000:8e:0b.0:   bridge window [io  0x0000-0x0fff]
[    0.775779] pci 0000:8e:0b.0:   bridge window [mem 0xe8600000-0xe87fffff]
[    0.775785] pci 0000:8e:0b.0:   bridge window [mem 0x3bffe4000000-0x3bffe4ffffff 64bit pref]
[    0.775828] pci 0000:8e:0c.0: PCI bridge to [bus 9b]
[    0.776008] pci 0000:8e:0c.0:   bridge window [io  0x0000-0x0fff]
[    0.776011] pci 0000:8e:0c.0:   bridge window [mem 0xe8400000-0xe85fffff]
[    0.776017] pci 0000:8e:0c.0:   bridge window [mem 0x3bffe3000000-0x3bffe3ffffff 64bit pref]
[    0.776058] pci 0000:8e:0d.0: PCI bridge to [bus 9c]
[    0.776327] pci 0000:8e:0d.0:   bridge window [io  0x0000-0x0fff]
[    0.776331] pci 0000:8e:0d.0:   bridge window [mem 0xe8200000-0xe83fffff]
[    0.776337] pci 0000:8e:0d.0:   bridge window [mem 0x3bffe2000000-0x3bffe2ffffff 64bit pref]
[    0.776377] pci 0000:8e:0e.0: PCI bridge to [bus 9d]
[    0.776647] pci 0000:8e:0e.0:   bridge window [io  0x0000-0x0fff]
[    0.776650] pci 0000:8e:0e.0:   bridge window [mem 0xe8000000-0xe81fffff]
[    0.776656] pci 0000:8e:0e.0:   bridge window [mem 0x3bffe1000000-0x3bffe1ffffff 64bit pref]
[    0.776699] pci 0000:8e:0f.0: PCI bridge to [bus 9e]
[    0.776969] pci 0000:8e:0f.0:   bridge window [io  0x0000-0x0fff]
[    0.776973] pci 0000:8e:0f.0:   bridge window [mem 0xe7e00000-0xe7ffffff]
[    0.776979] pci 0000:8e:0f.0:   bridge window [mem 0x3bffe0000000-0x3bffe0ffffff 64bit pref]
[    0.777020] pci 0000:8e:10.0: PCI bridge to [bus 9f]
[    0.777291] pci 0000:8e:10.0:   bridge window [io  0x0000-0x0fff]
[    0.777294] pci 0000:8e:10.0:   bridge window [mem 0xe7c00000-0xe7dfffff]
[    0.777300] pci 0000:8e:10.0:   bridge window [mem 0x3bffdf000000-0x3bffdfffffff 64bit pref]
[    0.777341] pci 0000:8e:11.0: PCI bridge to [bus a0]
[    0.777611] pci 0000:8e:11.0:   bridge window [io  0x0000-0x0fff]
[    0.777614] pci 0000:8e:11.0:   bridge window [mem 0xe7a00000-0xe7bfffff]
[    0.777620] pci 0000:8e:11.0:   bridge window [mem 0x3bffde000000-0x3bffdeffffff 64bit pref]
[    0.777663] pci 0000:8e:12.0: PCI bridge to [bus a1]
[    0.777933] pci 0000:8e:12.0:   bridge window [io  0x0000-0x0fff]
[    0.777937] pci 0000:8e:12.0:   bridge window [mem 0xe7800000-0xe79fffff]
[    0.777943] pci 0000:8e:12.0:   bridge window [mem 0x3bffdd000000-0x3bffddffffff 64bit pref]
[    0.777986] pci 0000:8e:13.0: PCI bridge to [bus a2]
[    0.778256] pci 0000:8e:13.0:   bridge window [io  0x0000-0x0fff]
[    0.778259] pci 0000:8e:13.0:   bridge window [mem 0xe7600000-0xe77fffff]
[    0.778265] pci 0000:8e:13.0:   bridge window [mem 0x3bffdc000000-0x3bffdcffffff 64bit pref]
[    0.778307] pci 0000:8e:14.0: PCI bridge to [bus a3]
[    0.778577] pci 0000:8e:14.0:   bridge window [io  0x0000-0x0fff]
[    0.778581] pci 0000:8e:14.0:   bridge window [mem 0xe7400000-0xe75fffff]
[    0.778587] pci 0000:8e:14.0:   bridge window [mem 0x3bffdb000000-0x3bffdbffffff 64bit pref]
[    0.778627] pci 0000:8e:15.0: PCI bridge to [bus a4]
[    0.778898] pci 0000:8e:15.0:   bridge window [io  0x0000-0x0fff]
[    0.778902] pci 0000:8e:15.0:   bridge window [mem 0xe7200000-0xe73fffff]
[    0.778908] pci 0000:8e:15.0:   bridge window [mem 0x3bffda000000-0x3bffdaffffff 64bit pref]
[    0.778951] pci 0000:8e:16.0: PCI bridge to [bus a5]
[    0.779221] pci 0000:8e:16.0:   bridge window [io  0x0000-0x0fff]
[    0.779224] pci 0000:8e:16.0:   bridge window [mem 0xe7000000-0xe71fffff]
[    0.779231] pci 0000:8e:16.0:   bridge window [mem 0x3bffd9000000-0x3bffd9ffffff 64bit pref]
[    0.779274] pci 0000:8e:17.0: PCI bridge to [bus a6]
[    0.779543] pci 0000:8e:17.0:   bridge window [io  0x0000-0x0fff]
[    0.779547] pci 0000:8e:17.0:   bridge window [mem 0xe6e00000-0xe6ffffff]
[    0.779553] pci 0000:8e:17.0:   bridge window [mem 0x3bffd8000000-0x3bffd8ffffff 64bit pref]
[    0.779594] pci 0000:8e:18.0: PCI bridge to [bus a7]
[    0.779864] pci 0000:8e:18.0:   bridge window [io  0x0000-0x0fff]
[    0.779867] pci 0000:8e:18.0:   bridge window [mem 0xe6c00000-0xe6dfffff]
[    0.779873] pci 0000:8e:18.0:   bridge window [mem 0x3bffd7000000-0x3bffd7ffffff 64bit pref]
[    0.779916] pci 0000:8e:19.0: PCI bridge to [bus a8]
[    0.780007] pci 0000:8e:19.0:   bridge window [io  0x0000-0x0fff]
[    0.780010] pci 0000:8e:19.0:   bridge window [mem 0xe6a00000-0xe6bfffff]
[    0.780016] pci 0000:8e:19.0:   bridge window [mem 0x3bffd6000000-0x3bffd6ffffff 64bit pref]
[    0.780057] pci 0000:8e:1a.0: PCI bridge to [bus a9]
[    0.780327] pci 0000:8e:1a.0:   bridge window [io  0x0000-0x0fff]
[    0.780331] pci 0000:8e:1a.0:   bridge window [mem 0xe6800000-0xe69fffff]
[    0.780337] pci 0000:8e:1a.0:   bridge window [mem 0x3bffd5000000-0x3bffd5ffffff 64bit pref]
[    0.780379] pci 0000:8e:1b.0: PCI bridge to [bus aa]
[    0.780650] pci 0000:8e:1b.0:   bridge window [io  0x0000-0x0fff]
[    0.780654] pci 0000:8e:1b.0:   bridge window [mem 0xe6600000-0xe67fffff]
[    0.780660] pci 0000:8e:1b.0:   bridge window [mem 0x3bffd4000000-0x3bffd4ffffff 64bit pref]
[    0.780702] pci 0000:8e:1c.0: PCI bridge to [bus ab]
[    0.780973] pci 0000:8e:1c.0:   bridge window [io  0x0000-0x0fff]
[    0.780977] pci 0000:8e:1c.0:   bridge window [mem 0xe6400000-0xe65fffff]
[    0.780983] pci 0000:8e:1c.0:   bridge window [mem 0x3bffd3000000-0x3bffd3ffffff 64bit pref]
[    0.781023] pci 0000:8e:1d.0: PCI bridge to [bus ac]
[    0.781293] pci 0000:8e:1d.0:   bridge window [io  0x0000-0x0fff]
[    0.781296] pci 0000:8e:1d.0:   bridge window [mem 0xe6200000-0xe63fffff]
[    0.781302] pci 0000:8e:1d.0:   bridge window [mem 0x3bffd2000000-0x3bffd2ffffff 64bit pref]
[    0.781342] pci 0000:8e:1e.0: PCI bridge to [bus ad]
[    0.781612] pci 0000:8e:1e.0:   bridge window [io  0x0000-0x0fff]
[    0.781615] pci 0000:8e:1e.0:   bridge window [mem 0xe6000000-0xe61fffff]
[    0.781621] pci 0000:8e:1e.0:   bridge window [mem 0x3bffd1000000-0x3bffd1ffffff 64bit pref]
[    0.781663] pci 0000:8e:1f.0: PCI bridge to [bus ae]
[    0.781933] pci 0000:8e:1f.0:   bridge window [io  0x0000-0x0fff]
[    0.781937] pci 0000:8e:1f.0:   bridge window [mem 0xe5e00000-0xe5ffffff]
[    0.781943] pci 0000:8e:1f.0:   bridge window [mem 0x3bffd0000000-0x3bffd0ffffff 64bit pref]
[    0.782133] pci_bus 0000:7a: on NUMA node 0
[    0.782411] ACPI: PCI Root Bridge [PC06] (domain 0000 [bus c0-c1])
[    0.782738] acpi PNP0A08:06: _OSC: OS supports [ExtendedConfig ASPM ClockPM Segments MSI]
[    0.783385] acpi PNP0A08:06: _OSC: platform does not support [AER]
[    0.783874] acpi PNP0A08:06: _OSC: OS now controls [PCIeHotplug PME PCIeCapability]
[    0.784132] acpiphp: Slot [8191-10] registered
[    0.784407] PCI host bridge to bus 0000:c0
[    0.784628] pci_bus 0000:c0: root bus resource [io  0xa000-0xbfff window]
[    0.784980] pci_bus 0000:c0: root bus resource [mem 0xec000000-0xecffbfff window]
[    0.785368] pci_bus 0000:c0: root bus resource [mem 0x3c0000000000-0x3cffffffffff window]
[    0.785792] pci_bus 0000:c0: root bus resource [bus c0-c1]
[    0.786088] pci 0000:c0:04.0: [8086:2021] type 00 class 0x088000
[    0.786101] pci 0000:c0:04.0: reg 0x10: [mem 0x3cfffff1c000-0x3cfffff1ffff 64bit]
[    0.786191] pci 0000:c0:04.1: [8086:2021] type 00 class 0x088000
[    0.786203] pci 0000:c0:04.1: reg 0x10: [mem 0x3cfffff18000-0x3cfffff1bfff 64bit]
[    0.786288] pci 0000:c0:04.2: [8086:2021] type 00 class 0x088000
[    0.786300] pci 0000:c0:04.2: reg 0x10: [mem 0x3cfffff14000-0x3cfffff17fff 64bit]
[    0.786381] pci 0000:c0:04.3: [8086:2021] type 00 class 0x088000
[    0.786393] pci 0000:c0:04.3: reg 0x10: [mem 0x3cfffff10000-0x3cfffff13fff 64bit]
[    0.786478] pci 0000:c0:04.4: [8086:2021] type 00 class 0x088000
[    0.786490] pci 0000:c0:04.4: reg 0x10: [mem 0x3cfffff0c000-0x3cfffff0ffff 64bit]
[    0.786574] pci 0000:c0:04.5: [8086:2021] type 00 class 0x088000
[    0.786586] pci 0000:c0:04.5: reg 0x10: [mem 0x3cfffff08000-0x3cfffff0bfff 64bit]
[    0.786669] pci 0000:c0:04.6: [8086:2021] type 00 class 0x088000
[    0.786680] pci 0000:c0:04.6: reg 0x10: [mem 0x3cfffff04000-0x3cfffff07fff 64bit]
[    0.786762] pci 0000:c0:04.7: [8086:2021] type 00 class 0x088000
[    0.786774] pci 0000:c0:04.7: reg 0x10: [mem 0x3cfffff00000-0x3cfffff03fff 64bit]
[    0.786855] pci 0000:c0:05.0: [8086:2024] type 00 class 0x088000
[    0.786929] pci 0000:c0:05.2: [8086:2025] type 00 class 0x088000
[    0.787006] pci 0000:c0:05.4: [8086:2026] type 00 class 0x080020
[    0.787015] pci 0000:c0:05.4: reg 0x10: [mem 0xecf00000-0xecf00fff]
[    0.787095] pci 0000:c0:08.0: [8086:2014] type 00 class 0x088000
[    0.787159] pci 0000:c0:08.1: [8086:2015] type 00 class 0x110100
[    0.787214] pci 0000:c0:08.2: [8086:2016] type 00 class 0x088000
[    0.787289] pci_bus 0000:c0: on NUMA node 1
[    0.787379] ACPI: PCI Root Bridge [PC07] (domain 0000 [bus c2-e5])
[    0.787706] acpi PNP0A08:07: _OSC: OS supports [ExtendedConfig ASPM ClockPM Segments MSI]
[    0.788471] acpi PNP0A08:07: _OSC: platform does not support [AER]
[    0.788998] acpi PNP0A08:07: _OSC: OS now controls [PCIeHotplug PME PCIeCapability]
[    0.789576] acpiphp: Slot [8191-14] registered
[    0.789834] acpiphp: Slot [8191-9] registered
[    0.790088] acpiphp: Slot [8191-11] registered
[    0.790347] acpiphp: Slot [8191-12] registered
[    0.790632] PCI host bridge to bus 0000:c2
[    0.790854] pci_bus 0000:c2: root bus resource [io  0xc000-0xdfff window]
[    0.791204] pci_bus 0000:c2: root bus resource [mem 0xed000000-0xf5ffbfff window]
[    0.791591] pci_bus 0000:c2: root bus resource [mem 0x3d0000000000-0x3dffffffffff window]
[    0.792002] pci_bus 0000:c2: root bus resource [bus c2-e5]
[    0.792301] pci 0000:c2:05.0: [8086:2034] type 00 class 0x088000
[    0.792386] pci 0000:c2:05.2: [8086:2035] type 00 class 0x088000
[    0.792469] pci 0000:c2:05.4: [8086:2036] type 00 class 0x080020
[    0.792479] pci 0000:c2:05.4: reg 0x10: [mem 0xf5f00000-0xf5f00fff]
[    0.792564] pci 0000:c2:08.0: [8086:208d] type 00 class 0x088000
[    0.792627] pci 0000:c2:08.1: [8086:208d] type 00 class 0x088000
[    0.792689] pci 0000:c2:08.2: [8086:208d] type 00 class 0x088000
[    0.792749] pci 0000:c2:08.3: [8086:208d] type 00 class 0x088000
[    0.792807] pci 0000:c2:08.4: [8086:208d] type 00 class 0x088000
[    0.792868] pci 0000:c2:08.5: [8086:208d] type 00 class 0x088000
[    0.792927] pci 0000:c2:08.6: [8086:208d] type 00 class 0x088000
[    0.792987] pci 0000:c2:08.7: [8086:208d] type 00 class 0x088000
[    0.793045] pci 0000:c2:09.0: [8086:208d] type 00 class 0x088000
[    0.793109] pci 0000:c2:09.1: [8086:208d] type 00 class 0x088000
[    0.793169] pci 0000:c2:09.2: [8086:208d] type 00 class 0x088000
[    0.793227] pci 0000:c2:09.3: [8086:208d] type 00 class 0x088000
[    0.793288] pci 0000:c2:09.4: [8086:208d] type 00 class 0x088000
[    0.793347] pci 0000:c2:09.5: [8086:208d] type 00 class 0x088000
[    0.793407] pci 0000:c2:09.6: [8086:208d] type 00 class 0x088000
[    0.793468] pci 0000:c2:09.7: [8086:208d] type 00 class 0x088000
[    0.793527] pci 0000:c2:0a.0: [8086:208d] type 00 class 0x088000
[    0.793593] pci 0000:c2:0a.1: [8086:208d] type 00 class 0x088000
[    0.793651] pci 0000:c2:0a.2: [8086:208d] type 00 class 0x088000
[    0.793712] pci 0000:c2:0a.3: [8086:208d] type 00 class 0x088000
[    0.793773] pci 0000:c2:0a.4: [8086:208d] type 00 class 0x088000
[    0.793833] pci 0000:c2:0a.5: [8086:208d] type 00 class 0x088000
[    0.793894] pci 0000:c2:0a.6: [8086:208d] type 00 class 0x088000
[    0.793954] pci 0000:c2:0a.7: [8086:208d] type 00 class 0x088000
[    0.794028] pci 0000:c2:0b.0: [8086:208d] type 00 class 0x088000
[    0.794091] pci 0000:c2:0b.1: [8086:208d] type 00 class 0x088000
[    0.794153] pci 0000:c2:0b.2: [8086:208d] type 00 class 0x088000
[    0.794215] pci 0000:c2:0b.3: [8086:208d] type 00 class 0x088000
[    0.794278] pci 0000:c2:0e.0: [8086:208e] type 00 class 0x088000
[    0.794345] pci 0000:c2:0e.1: [8086:208e] type 00 class 0x088000
[    0.794405] pci 0000:c2:0e.2: [8086:208e] type 00 class 0x088000
[    0.794466] pci 0000:c2:0e.3: [8086:208e] type 00 class 0x088000
[    0.794527] pci 0000:c2:0e.4: [8086:208e] type 00 class 0x088000
[    0.794586] pci 0000:c2:0e.5: [8086:208e] type 00 class 0x088000
[    0.794648] pci 0000:c2:0e.6: [8086:208e] type 00 class 0x088000
[    0.794707] pci 0000:c2:0e.7: [8086:208e] type 00 class 0x088000
[    0.794768] pci 0000:c2:0f.0: [8086:208e] type 00 class 0x088000
[    0.794834] pci 0000:c2:0f.1: [8086:208e] type 00 class 0x088000
[    0.794893] pci 0000:c2:0f.2: [8086:208e] type 00 class 0x088000
[    0.794954] pci 0000:c2:0f.3: [8086:208e] type 00 class 0x088000
[    0.795013] pci 0000:c2:0f.4: [8086:208e] type 00 class 0x088000
[    0.795074] pci 0000:c2:0f.5: [8086:208e] type 00 class 0x088000
[    0.795134] pci 0000:c2:0f.6: [8086:208e] type 00 class 0x088000
[    0.795195] pci 0000:c2:0f.7: [8086:208e] type 00 class 0x088000
[    0.795258] pci 0000:c2:10.0: [8086:208e] type 00 class 0x088000
[    0.795323] pci 0000:c2:10.1: [8086:208e] type 00 class 0x088000
[    0.795385] pci 0000:c2:10.2: [8086:208e] type 00 class 0x088000
[    0.795444] pci 0000:c2:10.3: [8086:208e] type 00 class 0x088000
[    0.795506] pci 0000:c2:10.4: [8086:208e] type 00 class 0x088000
[    0.795568] pci 0000:c2:10.5: [8086:208e] type 00 class 0x088000
[    0.795628] pci 0000:c2:10.6: [8086:208e] type 00 class 0x088000
[    0.795691] pci 0000:c2:10.7: [8086:208e] type 00 class 0x088000
[    0.795751] pci 0000:c2:11.0: [8086:208e] type 00 class 0x088000
[    0.795821] pci 0000:c2:11.1: [8086:208e] type 00 class 0x088000
[    0.795885] pci 0000:c2:11.2: [8086:208e] type 00 class 0x088000
[    0.795945] pci 0000:c2:11.3: [8086:208e] type 00 class 0x088000
[    0.796019] pci 0000:c2:1d.0: [8086:2054] type 00 class 0x088000
[    0.796084] pci 0000:c2:1d.1: [8086:2055] type 00 class 0x088000
[    0.796146] pci 0000:c2:1d.2: [8086:2056] type 00 class 0x088000
[    0.796206] pci 0000:c2:1d.3: [8086:2057] type 00 class 0x088000
[    0.796271] pci 0000:c2:1e.0: [8086:2080] type 00 class 0x088000
[    0.796337] pci 0000:c2:1e.1: [8086:2081] type 00 class 0x088000
[    0.796396] pci 0000:c2:1e.2: [8086:2082] type 00 class 0x088000
[    0.796456] pci 0000:c2:1e.3: [8086:2083] type 00 class 0x088000
[    0.796517] pci 0000:c2:1e.4: [8086:2084] type 00 class 0x088000
[    0.796578] pci 0000:c2:1e.5: [8086:2085] type 00 class 0x088000
[    0.796639] pci 0000:c2:1e.6: [8086:2086] type 00 class 0x088000
[    0.796699] pci_bus 0000:c2: on NUMA node 1
[    0.796860] ACPI: PCI Root Bridge [PC08] (domain 0000 [bus e6-f2])
[    0.797188] acpi PNP0A08:08: _OSC: OS supports [ExtendedConfig ASPM ClockPM Segments MSI]
[    0.798012] acpi PNP0A08:08: _OSC: platform does not support [AER]
[    0.798540] acpi PNP0A08:08: _OSC: OS now controls [PCIeHotplug PME PCIeCapability]
[    0.799106] acpiphp: Slot [9] registered
[    0.799341] acpiphp: Slot [8191-17] registered
[    0.799600] acpiphp: Slot [8191-13] registered
[    0.799861] acpiphp: Slot [8191-15] registered
[    0.800031] PCI host bridge to bus 0000:e6
[    0.800252] pci_bus 0000:e6: root bus resource [io  0xe000-0xefff window]
[    0.800605] pci_bus 0000:e6: root bus resource [mem 0xf6000000-0xf8ffbfff window]
[    0.800991] pci_bus 0000:e6: root bus resource [mem 0x3e0000000000-0x3effffffffff window]
[    0.801414] pci_bus 0000:e6: root bus resource [bus e6-f2]
[    0.801707] pci 0000:e6:00.0: [8086:2030] type 01 class 0x060400
[    0.801733] pci 0000:e6:00.0: enabling Extended Tags
[    0.802027] pci 0000:e6:00.0: PME# supported from D0 D3hot D3cold
[    0.802110] pci 0000:e6:05.0: [8086:2034] type 00 class 0x088000
[    0.802190] pci 0000:e6:05.2: [8086:2035] type 00 class 0x088000
[    0.802264] pci 0000:e6:05.4: [8086:2036] type 00 class 0x080020
[    0.802273] pci 0000:e6:05.4: reg 0x10: [mem 0xf8f00000-0xf8f00fff]
[    0.802354] pci 0000:e6:08.0: [8086:2066] type 00 class 0x088000
[    0.802427] pci 0000:e6:09.0: [8086:2066] type 00 class 0x088000
[    0.802498] pci 0000:e6:0a.0: [8086:2040] type 00 class 0x088000
[    0.802568] pci 0000:e6:0a.1: [8086:2041] type 00 class 0x088000
[    0.802636] pci 0000:e6:0a.2: [8086:2042] type 00 class 0x088000
[    0.802701] pci 0000:e6:0a.3: [8086:2043] type 00 class 0x088000
[    0.802769] pci 0000:e6:0a.4: [8086:2044] type 00 class 0x088000
[    0.802836] pci 0000:e6:0a.5: [8086:2045] type 00 class 0x088000
[    0.802901] pci 0000:e6:0a.6: [8086:2046] type 00 class 0x088000
[    0.802969] pci 0000:e6:0a.7: [8086:2047] type 00 class 0x088000
[    0.803035] pci 0000:e6:0b.0: [8086:2048] type 00 class 0x088000
[    0.803103] pci 0000:e6:0b.1: [8086:2049] type 00 class 0x088000
[    0.803170] pci 0000:e6:0b.2: [8086:204a] type 00 class 0x088000
[    0.803237] pci 0000:e6:0b.3: [8086:204b] type 00 class 0x088000
[    0.803305] pci 0000:e6:0c.0: [8086:2040] type 00 class 0x088000
[    0.803378] pci 0000:e6:0c.1: [8086:2041] type 00 class 0x088000
[    0.803446] pci 0000:e6:0c.2: [8086:2042] type 00 class 0x088000
[    0.803512] pci 0000:e6:0c.3: [8086:2043] type 00 class 0x088000
[    0.803581] pci 0000:e6:0c.4: [8086:2044] type 00 class 0x088000
[    0.803649] pci 0000:e6:0c.5: [8086:2045] type 00 class 0x088000
[    0.803715] pci 0000:e6:0c.6: [8086:2046] type 00 class 0x088000
[    0.803785] pci 0000:e6:0c.7: [8086:2047] type 00 class 0x088000
[    0.803855] pci 0000:e6:0d.0: [8086:2048] type 00 class 0x088000
[    0.803925] pci 0000:e6:0d.1: [8086:2049] type 00 class 0x088000
[    0.803993] pci 0000:e6:0d.2: [8086:204a] type 00 class 0x088000
[    0.804062] pci 0000:e6:0d.3: [8086:204b] type 00 class 0x088000
[    0.804192] pci 0000:e7:00.0: [1d0f:cd00] type 00 class 0x010802
[    0.804233] pci 0000:e7:00.0: reg 0x10: [mem 0xf8e04000-0xf8e07fff 64bit]
[    0.804357] pci 0000:e7:00.0: PME# supported from D0
[    0.804432] pci 0000:e7:00.1: [1d0f:cd00] type 00 class 0x010802
[    0.804469] pci 0000:e7:00.1: reg 0x10: [mem 0xf8e00000-0xf8e03fff 64bit]
[    0.804588] pci 0000:e7:00.1: PME# supported from D0
[    0.804661] pci 0000:e6:00.0: PCI bridge to [bus e7]
[    0.804927] pci 0000:e6:00.0:   bridge window [mem 0xf8e00000-0xf8efffff]
[    0.804936] pci_bus 0000:e6: on NUMA node 1
[    0.805048] ACPI: PCI Root Bridge [PC09] (domain 0000 [bus f3-ff])
[    0.805375] acpi PNP0A08:09: _OSC: OS supports [ExtendedConfig ASPM ClockPM Segments MSI]
[    0.806192] acpi PNP0A08:09: _OSC: platform does not support [AER]
[    0.806718] acpi PNP0A08:09: _OSC: OS now controls [PCIeHotplug PME PCIeCapability]
[    0.807292] acpiphp: Slot [8191-21] registered
[    0.807551] acpiphp: Slot [8191-16] registered
[    0.807812] acpiphp: Slot [8191-18] registered
[    0.808025] acpiphp: Slot [8191-19] registered
[    0.808285] PCI host bridge to bus 0000:f3
[    0.808506] pci_bus 0000:f3: root bus resource [io  0xf000-0xffff window]
[    0.808858] pci_bus 0000:f3: root bus resource [mem 0xf9000000-0xfbffbfff window]
[    0.809245] pci_bus 0000:f3: root bus resource [mem 0x3f0000000000-0x3fffffffffff window]
[    0.809668] pci_bus 0000:f3: root bus resource [bus f3-ff]
[    0.809962] pci 0000:f3:05.0: [8086:2034] type 00 class 0x088000
[    0.810045] pci 0000:f3:05.2: [8086:2035] type 00 class 0x088000
[    0.810125] pci 0000:f3:05.4: [8086:2036] type 00 class 0x080020
[    0.810136] pci 0000:f3:05.4: reg 0x10: [mem 0xfbf00000-0xfbf00fff]
[    0.810218] pci 0000:f3:0e.0: [8086:2058] type 00 class 0x110100
[    0.810290] pci 0000:f3:0e.1: [8086:2059] type 00 class 0x088000
[    0.810358] pci 0000:f3:0f.0: [8086:2058] type 00 class 0x110100
[    0.810425] pci 0000:f3:0f.1: [8086:2059] type 00 class 0x088000
[    0.810493] pci 0000:f3:10.0: [8086:2058] type 00 class 0x110100
[    0.810562] pci 0000:f3:10.1: [8086:2059] type 00 class 0x088000
[    0.810630] pci 0000:f3:12.0: [8086:204c] type 00 class 0x110100
[    0.810697] pci 0000:f3:12.1: [8086:204d] type 00 class 0x110100
[    0.810751] pci 0000:f3:12.2: [8086:204e] type 00 class 0x088000
[    0.810804] pci 0000:f3:12.4: [8086:204c] type 00 class 0x110100
[    0.810869] pci 0000:f3:12.5: [8086:204d] type 00 class 0x110100
[    0.810923] pci 0000:f3:15.0: [8086:2018] type 00 class 0x088000
[    0.810989] pci 0000:f3:16.0: [8086:2018] type 00 class 0x088000
