[    0.000000] Linux version 4.15.0-1057-aws (buildd@lgw01-amd64-030) (gcc version 7.4.0 (Ubuntu 7.4.0-1ubuntu1~18.04.1)) #59-Ubuntu SMP Wed Dec 4 10:02:00 UTC 2019 (Ubuntu 4.15.0-1057.59-aws 4.15.18)
[    0.000000] Command line: BOOT_IMAGE=/boot/vmlinuz-4.15.0-1057-aws root=UUID=8abb4f2d-c7e0-4daf-80b5-24e1c814cf55 ro console=tty1 console=ttyS0 nvme_core.io_timeout=4294967295
[    0.000000] KERNEL supported cpus:
[    0.000000]   Intel GenuineIntel
[    0.000000]   AMD AuthenticAMD
[    0.000000]   Centaur CentaurHauls
[    0.000000] x86/fpu: Supporting XSAVE feature 0x001: 'x87 floating point registers'
[    0.000000] x86/fpu: Supporting XSAVE feature 0x002: 'SSE registers'
[    0.000000] x86/fpu: Supporting XSAVE feature 0x004: 'AVX registers'
[    0.000000] x86/fpu: Supporting XSAVE feature 0x008: 'MPX bounds registers'
[    0.000000] x86/fpu: Supporting XSAVE feature 0x010: 'MPX CSR'
[    0.000000] x86/fpu: Supporting XSAVE feature 0x020: 'AVX-512 opmask'
[    0.000000] x86/fpu: Supporting XSAVE feature 0x040: 'AVX-512 Hi256'
[    0.000000] x86/fpu: Supporting XSAVE feature 0x080: 'AVX-512 ZMM_Hi256'
[    0.000000] x86/fpu: Supporting XSAVE feature 0x200: 'Protection Keys User registers'
[    0.000000] x86/fpu: xstate_offset[2]:  576, xstate_sizes[2]:  256
[    0.000000] x86/fpu: xstate_offset[3]:  832, xstate_sizes[3]:   64
[    0.000000] x86/fpu: xstate_offset[4]:  896, xstate_sizes[4]:   64
[    0.000000] x86/fpu: xstate_offset[5]:  960, xstate_sizes[5]:   64
[    0.000000] x86/fpu: xstate_offset[6]: 1024, xstate_sizes[6]:  512
[    0.000000] x86/fpu: xstate_offset[7]: 1536, xstate_sizes[7]: 1024
[    0.000000] x86/fpu: xstate_offset[9]: 2560, xstate_sizes[9]:    8
[    0.000000] x86/fpu: Enabled xstate features 0x2ff, context size is 2568 bytes, using 'compacted' format.
[    0.000000] e820: BIOS-provided physical RAM map:
[    0.000000] BIOS-e820: [mem 0x0000000000000000-0x000000000009ebff] usable
[    0.000000] BIOS-e820: [mem 0x000000000009ec00-0x000000000009ffff] reserved
[    0.000000] BIOS-e820: [mem 0x00000000000e0000-0x00000000000fffff] reserved
[    0.000000] BIOS-e820: [mem 0x0000000000100000-0x000000009f783fff] usable
[    0.000000] BIOS-e820: [mem 0x000000009f784000-0x00000000a01bffff] ACPI NVS
[    0.000000] BIOS-e820: [mem 0x00000000a01c0000-0x00000000a05f8fff] usable
[    0.000000] BIOS-e820: [mem 0x00000000a05f9000-0x00000000a067efff] reserved
[    0.000000] BIOS-e820: [mem 0x00000000a067f000-0x00000000a07d1fff] usable
[    0.000000] BIOS-e820: [mem 0x00000000a07d2000-0x00000000a0983fff] reserved
[    0.000000] BIOS-e820: [mem 0x00000000a0984000-0x00000000a8383fff] usable
[    0.000000] BIOS-e820: [mem 0x00000000a8384000-0x00000000aa483fff] reserved
[    0.000000] BIOS-e820: [mem 0x00000000aa484000-0x00000000aa7bdfff] usable
[    0.000000] BIOS-e820: [mem 0x00000000aa7be000-0x00000000aaed3fff] ACPI NVS
[    0.000000] BIOS-e820: [mem 0x00000000aaed4000-0x00000000ac8f3fff] reserved
[    0.000000] BIOS-e820: [mem 0x00000000ac8f4000-0x00000000af7fffff] usable
[    0.000000] BIOS-e820: [mem 0x00000000af800000-0x00000000cfffffff] reserved
[    0.000000] BIOS-e820: [mem 0x00000000fd000000-0x00000000fe7fffff] reserved
[    0.000000] BIOS-e820: [mem 0x00000000fed20000-0x00000000fed44fff] reserved
[    0.000000] BIOS-e820: [mem 0x00000000ff000000-0x00000000ffffffff] reserved
[    0.000000] BIOS-e820: [mem 0x0000000100000000-0x000000603fffffff] usable
[    0.000000] NX (Execute Disable) protection: active
[    0.000000] SMBIOS 3.2.1 present.
[    0.000000] DMI: Amazon EC2 m5d.metal/Not Specified, BIOS 1.0 10/16/2017
[    0.000000] e820: update [mem 0x00000000-0x00000fff] usable ==> reserved
[    0.000000] e820: remove [mem 0x000a0000-0x000fffff] usable
[    0.000000] e820: last_pfn = 0x6040000 max_arch_pfn = 0x400000000
[    0.000000] MTRR default type: uncachable
[    0.000000] MTRR fixed ranges enabled:
[    0.000000]   00000-9FFFF write-back
[    0.000000]   A0000-FFFFF uncachable
[    0.000000] MTRR variable ranges enabled:
[    0.000000]   0 base 000000000000 mask 3FC000000000 write-back
[    0.000000]   1 base 004000000000 mask 3FE000000000 write-back
[    0.000000]   2 base 006000000000 mask 3FFFC0000000 write-back
[    0.000000]   3 base 0000C0000000 mask 3FFFC0000000 uncachable
[    0.000000]   4 base 0000BF000000 mask 3FFFFF000000 uncachable
[    0.000000]   5 disabled
[    0.000000]   6 disabled
[    0.000000]   7 disabled
[    0.000000]   8 disabled
[    0.000000]   9 disabled
[    0.000000] x86/PAT: Configuration [0-7]: WB  WC  UC- UC  WB  WP  UC- WT  
[    0.000000] total RAM covered: 393200M
[    0.000000]  gran_size: 64K 	chunk_size: 64K 	num_reg: 10  	lose cover RAM: 353G
[    0.000000]  gran_size: 64K 	chunk_size: 128K 	num_reg: 10  	lose cover RAM: 353G
[    0.000000]  gran_size: 64K 	chunk_size: 256K 	num_reg: 10  	lose cover RAM: 353G
[    0.000000]  gran_size: 64K 	chunk_size: 512K 	num_reg: 10  	lose cover RAM: 353G
[    0.000000]  gran_size: 64K 	chunk_size: 1M 	num_reg: 10  	lose cover RAM: 353G
[    0.000000]  gran_size: 64K 	chunk_size: 2M 	num_reg: 10  	lose cover RAM: 353G
[    0.000000]  gran_size: 64K 	chunk_size: 4M 	num_reg: 10  	lose cover RAM: 353G
[    0.000000]  gran_size: 64K 	chunk_size: 8M 	num_reg: 10  	lose cover RAM: 353G
[    0.000000]  gran_size: 64K 	chunk_size: 16M 	num_reg: 10  	lose cover RAM: 353G
[    0.000000]  gran_size: 64K 	chunk_size: 32M 	num_reg: 10  	lose cover RAM: 1G
[    0.000000]  gran_size: 64K 	chunk_size: 64M 	num_reg: 10  	lose cover RAM: 1G
[    0.000000]  gran_size: 64K 	chunk_size: 128M 	num_reg: 10  	lose cover RAM: 1G
[    0.000000]  gran_size: 64K 	chunk_size: 256M 	num_reg: 10  	lose cover RAM: 1G
[    0.000000]  gran_size: 64K 	chunk_size: 512M 	num_reg: 10  	lose cover RAM: 1G
[    0.000000]  gran_size: 64K 	chunk_size: 1G 	num_reg: 10  	lose cover RAM: 1G
[    0.000000]  gran_size: 64K 	chunk_size: 2G 	num_reg: 10  	lose cover RAM: 1G
[    0.000000]  gran_size: 128K 	chunk_size: 128K 	num_reg: 10  	lose cover RAM: 353G
[    0.000000]  gran_size: 128K 	chunk_size: 256K 	num_reg: 10  	lose cover RAM: 353G
[    0.000000]  gran_size: 128K 	chunk_size: 512K 	num_reg: 10  	lose cover RAM: 353G
[    0.000000]  gran_size: 128K 	chunk_size: 1M 	num_reg: 10  	lose cover RAM: 353G
[    0.000000]  gran_size: 128K 	chunk_size: 2M 	num_reg: 10  	lose cover RAM: 353G
[    0.000000]  gran_size: 128K 	chunk_size: 4M 	num_reg: 10  	lose cover RAM: 353G
[    0.000000]  gran_size: 128K 	chunk_size: 8M 	num_reg: 10  	lose cover RAM: 353G
[    0.000000]  gran_size: 128K 	chunk_size: 16M 	num_reg: 10  	lose cover RAM: 353G
[    0.000000]  gran_size: 128K 	chunk_size: 32M 	num_reg: 10  	lose cover RAM: 1G
[    0.000000]  gran_size: 128K 	chunk_size: 64M 	num_reg: 10  	lose cover RAM: 1G
[    0.000000]  gran_size: 128K 	chunk_size: 128M 	num_reg: 10  	lose cover RAM: 1G
[    0.000000]  gran_size: 128K 	chunk_size: 256M 	num_reg: 10  	lose cover RAM: 1G
[    0.000000]  gran_size: 128K 	chunk_size: 512M 	num_reg: 10  	lose cover RAM: 1G
[    0.000000]  gran_size: 128K 	chunk_size: 1G 	num_reg: 10  	lose cover RAM: 1G
[    0.000000]  gran_size: 128K 	chunk_size: 2G 	num_reg: 10  	lose cover RAM: 1G
[    0.000000]  gran_size: 256K 	chunk_size: 256K 	num_reg: 10  	lose cover RAM: 353G
[    0.000000]  gran_size: 256K 	chunk_size: 512K 	num_reg: 10  	lose cover RAM: 353G
[    0.000000]  gran_size: 256K 	chunk_size: 1M 	num_reg: 10  	lose cover RAM: 353G
[    0.000000]  gran_size: 256K 	chunk_size: 2M 	num_reg: 10  	lose cover RAM: 353G
[    0.000000]  gran_size: 256K 	chunk_size: 4M 	num_reg: 10  	lose cover RAM: 353G
[    0.000000]  gran_size: 256K 	chunk_size: 8M 	num_reg: 10  	lose cover RAM: 353G
[    0.000000]  gran_size: 256K 	chunk_size: 16M 	num_reg: 10  	lose cover RAM: 353G
[    0.000000]  gran_size: 256K 	chunk_size: 32M 	num_reg: 10  	lose cover RAM: 1G
[    0.000000]  gran_size: 256K 	chunk_size: 64M 	num_reg: 10  	lose cover RAM: 1G
[    0.000000]  gran_size: 256K 	chunk_size: 128M 	num_reg: 10  	lose cover RAM: 1G
[    0.000000]  gran_size: 256K 	chunk_size: 256M 	num_reg: 10  	lose cover RAM: 1G
[    0.000000]  gran_size: 256K 	chunk_size: 512M 	num_reg: 10  	lose cover RAM: 1G
[    0.000000]  gran_size: 256K 	chunk_size: 1G 	num_reg: 10  	lose cover RAM: 1G
[    0.000000]  gran_size: 256K 	chunk_size: 2G 	num_reg: 10  	lose cover RAM: 1G
[    0.000000]  gran_size: 512K 	chunk_size: 512K 	num_reg: 10  	lose cover RAM: 353G
[    0.000000]  gran_size: 512K 	chunk_size: 1M 	num_reg: 10  	lose cover RAM: 353G
[    0.000000]  gran_size: 512K 	chunk_size: 2M 	num_reg: 10  	lose cover RAM: 353G
[    0.000000]  gran_size: 512K 	chunk_size: 4M 	num_reg: 10  	lose cover RAM: 353G
[    0.000000]  gran_size: 512K 	chunk_size: 8M 	num_reg: 10  	lose cover RAM: 353G
[    0.000000]  gran_size: 512K 	chunk_size: 16M 	num_reg: 10  	lose cover RAM: 353G
[    0.000000]  gran_size: 512K 	chunk_size: 32M 	num_reg: 10  	lose cover RAM: 1G
[    0.000000]  gran_size: 512K 	chunk_size: 64M 	num_reg: 10  	lose cover RAM: 1G
[    0.000000]  gran_size: 512K 	chunk_size: 128M 	num_reg: 10  	lose cover RAM: 1G
[    0.000000]  gran_size: 512K 	chunk_size: 256M 	num_reg: 10  	lose cover RAM: 1G
[    0.000000]  gran_size: 512K 	chunk_size: 512M 	num_reg: 10  	lose cover RAM: 1G
[    0.000000]  gran_size: 512K 	chunk_size: 1G 	num_reg: 10  	lose cover RAM: 1G
[    0.000000]  gran_size: 512K 	chunk_size: 2G 	num_reg: 10  	lose cover RAM: 1G
[    0.000000]  gran_size: 1M 	chunk_size: 1M 	num_reg: 10  	lose cover RAM: 353G
[    0.000000]  gran_size: 1M 	chunk_size: 2M 	num_reg: 10  	lose cover RAM: 353G
[    0.000000]  gran_size: 1M 	chunk_size: 4M 	num_reg: 10  	lose cover RAM: 353G
[    0.000000]  gran_size: 1M 	chunk_size: 8M 	num_reg: 10  	lose cover RAM: 353G
[    0.000000]  gran_size: 1M 	chunk_size: 16M 	num_reg: 10  	lose cover RAM: 353G
[    0.000000]  gran_size: 1M 	chunk_size: 32M 	num_reg: 10  	lose cover RAM: 1G
[    0.000000]  gran_size: 1M 	chunk_size: 64M 	num_reg: 10  	lose cover RAM: 1G
[    0.000000]  gran_size: 1M 	chunk_size: 128M 	num_reg: 10  	lose cover RAM: 1G
[    0.000000]  gran_size: 1M 	chunk_size: 256M 	num_reg: 10  	lose cover RAM: 1G
[    0.000000]  gran_size: 1M 	chunk_size: 512M 	num_reg: 10  	lose cover RAM: 1G
[    0.000000]  gran_size: 1M 	chunk_size: 1G 	num_reg: 10  	lose cover RAM: 1G
[    0.000000]  gran_size: 1M 	chunk_size: 2G 	num_reg: 10  	lose cover RAM: 1G
[    0.000000]  gran_size: 2M 	chunk_size: 2M 	num_reg: 10  	lose cover RAM: 353G
[    0.000000]  gran_size: 2M 	chunk_size: 4M 	num_reg: 10  	lose cover RAM: 353G
[    0.000000]  gran_size: 2M 	chunk_size: 8M 	num_reg: 10  	lose cover RAM: 353G
[    0.000000]  gran_size: 2M 	chunk_size: 16M 	num_reg: 10  	lose cover RAM: 353G
[    0.000000]  gran_size: 2M 	chunk_size: 32M 	num_reg: 10  	lose cover RAM: 1G
[    0.000000]  gran_size: 2M 	chunk_size: 64M 	num_reg: 10  	lose cover RAM: 1G
[    0.000000]  gran_size: 2M 	chunk_size: 128M 	num_reg: 10  	lose cover RAM: 1G
[    0.000000]  gran_size: 2M 	chunk_size: 256M 	num_reg: 10  	lose cover RAM: 1G
[    0.000000]  gran_size: 2M 	chunk_size: 512M 	num_reg: 10  	lose cover RAM: 1G
[    0.000000]  gran_size: 2M 	chunk_size: 1G 	num_reg: 10  	lose cover RAM: 1G
[    0.000000]  gran_size: 2M 	chunk_size: 2G 	num_reg: 10  	lose cover RAM: 1G
[    0.000000]  gran_size: 4M 	chunk_size: 4M 	num_reg: 10  	lose cover RAM: 353G
[    0.000000]  gran_size: 4M 	chunk_size: 8M 	num_reg: 10  	lose cover RAM: 353G
[    0.000000]  gran_size: 4M 	chunk_size: 16M 	num_reg: 10  	lose cover RAM: 353G
[    0.000000]  gran_size: 4M 	chunk_size: 32M 	num_reg: 10  	lose cover RAM: 1G
[    0.000000]  gran_size: 4M 	chunk_size: 64M 	num_reg: 10  	lose cover RAM: 1G
[    0.000000]  gran_size: 4M 	chunk_size: 128M 	num_reg: 10  	lose cover RAM: 1G
[    0.000000]  gran_size: 4M 	chunk_size: 256M 	num_reg: 10  	lose cover RAM: 1G
[    0.000000]  gran_size: 4M 	chunk_size: 512M 	num_reg: 10  	lose cover RAM: 1G
[    0.000000]  gran_size: 4M 	chunk_size: 1G 	num_reg: 10  	lose cover RAM: 1G
[    0.000000]  gran_size: 4M 	chunk_size: 2G 	num_reg: 10  	lose cover RAM: 1G
[    0.000000]  gran_size: 8M 	chunk_size: 8M 	num_reg: 10  	lose cover RAM: 353G
[    0.000000]  gran_size: 8M 	chunk_size: 16M 	num_reg: 10  	lose cover RAM: 353G
[    0.000000]  gran_size: 8M 	chunk_size: 32M 	num_reg: 10  	lose cover RAM: 1G
[    0.000000]  gran_size: 8M 	chunk_size: 64M 	num_reg: 10  	lose cover RAM: 1G
[    0.000000]  gran_size: 8M 	chunk_size: 128M 	num_reg: 10  	lose cover RAM: 1G
[    0.000000]  gran_size: 8M 	chunk_size: 256M 	num_reg: 10  	lose cover RAM: 1G
[    0.000000]  gran_size: 8M 	chunk_size: 512M 	num_reg: 10  	lose cover RAM: 1G
[    0.000000]  gran_size: 8M 	chunk_size: 1G 	num_reg: 10  	lose cover RAM: 1G
[    0.000000]  gran_size: 8M 	chunk_size: 2G 	num_reg: 10  	lose cover RAM: 1G
[    0.000000]  gran_size: 16M 	chunk_size: 16M 	num_reg: 10  	lose cover RAM: 353G
[    0.000000]  gran_size: 16M 	chunk_size: 32M 	num_reg: 10  	lose cover RAM: 1G
[    0.000000]  gran_size: 16M 	chunk_size: 64M 	num_reg: 10  	lose cover RAM: 1G
[    0.000000]  gran_size: 16M 	chunk_size: 128M 	num_reg: 10  	lose cover RAM: 1G
[    0.000000]  gran_size: 16M 	chunk_size: 256M 	num_reg: 10  	lose cover RAM: 1G
[    0.000000]  gran_size: 16M 	chunk_size: 512M 	num_reg: 10  	lose cover RAM: 1G
[    0.000000]  gran_size: 16M 	chunk_size: 1G 	num_reg: 10  	lose cover RAM: 1G
[    0.000000]  gran_size: 16M 	chunk_size: 2G 	num_reg: 10  	lose cover RAM: 1G
[    0.000000]  gran_size: 32M 	chunk_size: 32M 	num_reg: 10  	lose cover RAM: 328720M
[    0.000000]  gran_size: 32M 	chunk_size: 64M 	num_reg: 10  	lose cover RAM: 1040M
[    0.000000]  gran_size: 32M 	chunk_size: 128M 	num_reg: 10  	lose cover RAM: 1040M
[    0.000000]  gran_size: 32M 	chunk_size: 256M 	num_reg: 10  	lose cover RAM: 1040M
[    0.000000]  gran_size: 32M 	chunk_size: 512M 	num_reg: 10  	lose cover RAM: 1040M
[    0.000000]  gran_size: 32M 	chunk_size: 1G 	num_reg: 10  	lose cover RAM: 1040M
[    0.000000]  gran_size: 32M 	chunk_size: 2G 	num_reg: 10  	lose cover RAM: 1040M
[    0.000000]  gran_size: 64M 	chunk_size: 64M 	num_reg: 10  	lose cover RAM: 263216M
[    0.000000]  gran_size: 64M 	chunk_size: 128M 	num_reg: 10  	lose cover RAM: 1072M
[    0.000000]  gran_size: 64M 	chunk_size: 256M 	num_reg: 10  	lose cover RAM: 1072M
[    0.000000]  gran_size: 64M 	chunk_size: 512M 	num_reg: 10  	lose cover RAM: 1072M
[    0.000000]  gran_size: 64M 	chunk_size: 1G 	num_reg: 10  	lose cover RAM: 1072M
[    0.000000]  gran_size: 64M 	chunk_size: 2G 	num_reg: 10  	lose cover RAM: 1072M
[    0.000000]  gran_size: 128M 	chunk_size: 128M 	num_reg: 10  	lose cover RAM: 132208M
[    0.000000]  gran_size: 128M 	chunk_size: 256M 	num_reg: 10  	lose cover RAM: 1136M
[    0.000000]  gran_size: 128M 	chunk_size: 512M 	num_reg: 10  	lose cover RAM: 1136M
[    0.000000]  gran_size: 128M 	chunk_size: 1G 	num_reg: 10  	lose cover RAM: 1136M
[    0.000000]  gran_size: 128M 	chunk_size: 2G 	num_reg: 10  	lose cover RAM: 1136M
[    0.000000]  gran_size: 256M 	chunk_size: 256M 	num_reg: 10  	lose cover RAM: 1264M
[    0.000000]  gran_size: 256M 	chunk_size: 512M 	num_reg: 10  	lose cover RAM: 1264M
[    0.000000]  gran_size: 256M 	chunk_size: 1G 	num_reg: 10  	lose cover RAM: 1264M
[    0.000000]  gran_size: 256M 	chunk_size: 2G 	num_reg: 10  	lose cover RAM: 1264M
[    0.000000]  gran_size: 512M 	chunk_size: 512M 	num_reg: 10  	lose cover RAM: 496M
[    0.000000]  gran_size: 512M 	chunk_size: 1G 	num_reg: 10  	lose cover RAM: 1520M
[    0.000000]  gran_size: 512M 	chunk_size: 2G 	num_reg: 10  	lose cover RAM: 1520M
[    0.000000]  gran_size: 1G 	chunk_size: 1G 	num_reg: 9  	lose cover RAM: 1008M
[    0.000000]  gran_size: 1G 	chunk_size: 2G 	num_reg: 10  	lose cover RAM: 1008M
[    0.000000]  gran_size: 2G 	chunk_size: 2G 	num_reg: 8  	lose cover RAM: 2032M
[    0.000000] mtrr_cleanup: can not find optimal value
[    0.000000] please specify mtrr_gran_size/mtrr_chunk_size
[    0.000000] e820: update [mem 0xbf000000-0xffffffff] usable ==> reserved
[    0.000000] x2apic: enabled by BIOS, switching to x2apic ops
[    0.000000] e820: last_pfn = 0xaf800 max_arch_pfn = 0x400000000
[    0.000000] Scanning 1 areas for low memory corruption
[    0.000000] Using GB pages for direct mapping
[    0.000000] BRK [0x6039f6a000, 0x6039f6afff] PGTABLE
[    0.000000] BRK [0x6039f6b000, 0x6039f6bfff] PGTABLE
[    0.000000] BRK [0x6039f6c000, 0x6039f6cfff] PGTABLE
[    0.000000] BRK [0x6039f6d000, 0x6039f6dfff] PGTABLE
[    0.000000] BRK [0x6039f6e000, 0x6039f6efff] PGTABLE
[    0.000000] BRK [0x6039f6f000, 0x6039f6ffff] PGTABLE
[    0.000000] BRK [0x6039f70000, 0x6039f70fff] PGTABLE
[    0.000000] BRK [0x6039f71000, 0x6039f71fff] PGTABLE
[    0.000000] BRK [0x6039f72000, 0x6039f72fff] PGTABLE
[    0.000000] BRK [0x6039f73000, 0x6039f73fff] PGTABLE
[    0.000000] BRK [0x6039f74000, 0x6039f74fff] PGTABLE
[    0.000000] BRK [0x6039f75000, 0x6039f75fff] PGTABLE
[    0.000000] RAMDISK: [mem 0x35985000-0x36cb9fff]
[    0.000000] ACPI: Early table checksum verification disabled
[    0.000000] ACPI: RSDP 0x00000000000F05B0 000024 (v02 ALASKA)
[    0.000000] ACPI: XSDT 0x000000009F7840C8 000114 (v01 ALASKA A M I    01072009 AMI  00010013)
[    0.000000] ACPI: FACP 0x000000009FA88AC0 000114 (v06 ALASKA A M I    01072009 INTL 20091013)
[    0.000000] ACPI: DSDT 0x000000009F784278 304843 (v02 ALASKA A M I    01072009 INTL 20091013)
[    0.000000] ACPI: FACS 0x00000000AAE90080 000040
[    0.000000] ACPI: FPDT 0x000000009FA88BD8 000044 (v01 ALASKA A M I    01072009 AMI  00010013)
[    0.000000] ACPI: FIDT 0x000000009FA88C20 00009C (v01 ALASKA A M I    01072009 AMI  00010013)
[    0.000000] ACPI: SPMI 0x000000009FA88CC0 000041 (v05 ALASKA A M I    00000000 AMI. 00000000)
[    0.000000] ACPI: SSDT 0x000000009FA88D08 00046C (v02 INTEL  ADDRXLAT 00000001 INTL 20140828)
[    0.000000] ACPI: MCFG 0x000000009FA89178 00003C (v01 ALASKA A M I    01072009 MSFT 00000097)
[    0.000000] ACPI: HPET 0x000000009FA891B8 000038 (v01 ALASKA A M I    00000001 INTL 20091013)
[    0.000000] ACPI: APIC 0x000000009FA891F0 0016DE (v03 ALASKA A M I    00000000 INTL 20091013)
[    0.000000] ACPI: MIGT 0x000000009FA8A8D0 000040 (v01 ALASKA A M I    00000000 INTL 20091013)
[    0.000000] ACPI: MSCT 0x000000009FA8A910 000090 (v01 ALASKA A M I    00000001 INTL 20091013)
[    0.000000] ACPI: PCAT 0x000000009FA8A9A0 000088 (v02 ALASKA A M I    00000002 INTL 20091013)
[    0.000000] ACPI: PCCT 0x000000009FA8AA28 00006E (v01 ALASKA A M I    00000002 INTL 20091013)
[    0.000000] ACPI: RASF 0x000000009FA8AA98 000030 (v01 ALASKA A M I    00000001 INTL 20091013)
[    0.000000] ACPI: SLIT 0x000000009FA8AAC8 00042C (v01 ALASKA A M I    00000001 INTL 20091013)
[    0.000000] ACPI: SRAT 0x000000009FA8AEF8 002D30 (v03 ALASKA A M I    00000002 INTL 20091013)
[    0.000000] ACPI: SVOS 0x000000009FA8DC28 000032 (v01 ALASKA A M I    00000000 INTL 20091013)
[    0.000000] ACPI: WDDT 0x000000009FA8DC60 000040 (v01 ALASKA A M I    00000000 INTL 20091013)
[    0.000000] ACPI: OEM4 0x000000009FA8DCA0 0A27C4 (v02 INTEL  CPU  CST 00003000 INTL 20140828)
[    0.000000] ACPI: OEM1 0x000000009FB30468 02A2C4 (v02 INTEL  CPU EIST 00003000 INTL 20140828)
[    0.000000] ACPI: OEM2 0x000000009FB5A730 02DC84 (v02 INTEL  CPU  HWP 00003000 INTL 20140828)
[    0.000000] ACPI: SSDT 0x000000009FB883B8 033990 (v02 INTEL  SSDT  PM 00004000 INTL 20140828)
[    0.000000] ACPI: SSDT 0x000000009FBBBD48 00065B (v02 ALASKA A M I    00000000 INTL 20091013)
[    0.000000] ACPI: SPCR 0x000000009FBBC3A8 000050 (v02 A M I  APTIO V  01072009 AMI. 0005000E)
[    0.000000] ACPI: SSDT 0x000000009FBBC3F8 002B10 (v02 INTEL  SpsNm    00000002 INTL 20140828)
[    0.000000] ACPI: DMAR 0x000000009FBBEF08 000250 (v01 ALASKA A M I    00000001 INTL 20091013)
[    0.000000] ACPI: HEST 0x000000009FBBF158 0000A8 (v01 ALASKA A M I    00000001 INTL 00000001)
[    0.000000] ACPI: BERT 0x000000009FBBF200 000030 (v01 ALASKA A M I    00000001 INTL 00000001)
[    0.000000] ACPI: ERST 0x000000009FBBF230 000230 (v01 ALASKA A M I    00000001 INTL 00000001)
[    0.000000] ACPI: EINJ 0x000000009FBBF460 000150 (v01 ALASKA A M I    00000001 INTL 00000001)
[    0.000000] ACPI: WSMT 0x000000009FBBF5B0 000028 (v01 ALASKA A M I    01072009 AMI  00010013)
[    0.000000] ACPI: Local APIC address 0xfee00000
[    0.000000] Setting APIC routing to cluster x2apic.
[    0.000000] SRAT: PXM 0 -> APIC 0x0000 -> Node 0
[    0.000000] SRAT: PXM 0 -> APIC 0x0002 -> Node 0
[    0.000000] SRAT: PXM 0 -> APIC 0x0004 -> Node 0
[    0.000000] SRAT: PXM 0 -> APIC 0x0006 -> Node 0
[    0.000000] SRAT: PXM 0 -> APIC 0x0008 -> Node 0
[    0.000000] SRAT: PXM 0 -> APIC 0x000a -> Node 0
[    0.000000] SRAT: PXM 0 -> APIC 0x0010 -> Node 0
[    0.000000] SRAT: PXM 0 -> APIC 0x0012 -> Node 0
[    0.000000] SRAT: PXM 0 -> APIC 0x0014 -> Node 0
[    0.000000] SRAT: PXM 0 -> APIC 0x0016 -> Node 0
[    0.000000] SRAT: PXM 0 -> APIC 0x0018 -> Node 0
[    0.000000] SRAT: PXM 0 -> APIC 0x001a -> Node 0
[    0.000000] SRAT: PXM 0 -> APIC 0x0020 -> Node 0
[    0.000000] SRAT: PXM 0 -> APIC 0x0022 -> Node 0
[    0.000000] SRAT: PXM 0 -> APIC 0x0024 -> Node 0
[    0.000000] SRAT: PXM 0 -> APIC 0x0026 -> Node 0
[    0.000000] SRAT: PXM 0 -> APIC 0x0028 -> Node 0
[    0.000000] SRAT: PXM 0 -> APIC 0x002a -> Node 0
[    0.000000] SRAT: PXM 0 -> APIC 0x0030 -> Node 0
[    0.000000] SRAT: PXM 0 -> APIC 0x0032 -> Node 0
[    0.000000] SRAT: PXM 0 -> APIC 0x0034 -> Node 0
[    0.000000] SRAT: PXM 0 -> APIC 0x0036 -> Node 0
[    0.000000] SRAT: PXM 0 -> APIC 0x0038 -> Node 0
[    0.000000] SRAT: PXM 0 -> APIC 0x003a -> Node 0
[    0.000000] SRAT: PXM 1 -> APIC 0x0040 -> Node 1
[    0.000000] SRAT: PXM 1 -> APIC 0x0042 -> Node 1
[    0.000000] SRAT: PXM 1 -> APIC 0x0044 -> Node 1
[    0.000000] SRAT: PXM 1 -> APIC 0x0046 -> Node 1
[    0.000000] SRAT: PXM 1 -> APIC 0x0048 -> Node 1
[    0.000000] SRAT: PXM 1 -> APIC 0x004a -> Node 1
[    0.000000] SRAT: PXM 1 -> APIC 0x0050 -> Node 1
[    0.000000] SRAT: PXM 1 -> APIC 0x0052 -> Node 1
[    0.000000] SRAT: PXM 1 -> APIC 0x0054 -> Node 1
[    0.000000] SRAT: PXM 1 -> APIC 0x0056 -> Node 1
[    0.000000] SRAT: PXM 1 -> APIC 0x0058 -> Node 1
[    0.000000] SRAT: PXM 1 -> APIC 0x005a -> Node 1
[    0.000000] SRAT: PXM 1 -> APIC 0x0060 -> Node 1
[    0.000000] SRAT: PXM 1 -> APIC 0x0062 -> Node 1
[    0.000000] SRAT: PXM 1 -> APIC 0x0064 -> Node 1
[    0.000000] SRAT: PXM 1 -> APIC 0x0066 -> Node 1
[    0.000000] SRAT: PXM 1 -> APIC 0x0068 -> Node 1
[    0.000000] SRAT: PXM 1 -> APIC 0x006a -> Node 1
[    0.000000] SRAT: PXM 1 -> APIC 0x0070 -> Node 1
[    0.000000] SRAT: PXM 1 -> APIC 0x0072 -> Node 1
[    0.000000] SRAT: PXM 1 -> APIC 0x0074 -> Node 1
[    0.000000] SRAT: PXM 1 -> APIC 0x0076 -> Node 1
[    0.000000] SRAT: PXM 1 -> APIC 0x0078 -> Node 1
[    0.000000] SRAT: PXM 1 -> APIC 0x007a -> Node 1
[    0.000000] SRAT: PXM 0 -> APIC 0x0001 -> Node 0
[    0.000000] SRAT: PXM 0 -> APIC 0x0003 -> Node 0
[    0.000000] SRAT: PXM 0 -> APIC 0x0005 -> Node 0
[    0.000000] SRAT: PXM 0 -> APIC 0x0007 -> Node 0
[    0.000000] SRAT: PXM 0 -> APIC 0x0009 -> Node 0
[    0.000000] SRAT: PXM 0 -> APIC 0x000b -> Node 0
[    0.000000] SRAT: PXM 0 -> APIC 0x0011 -> Node 0
[    0.000000] SRAT: PXM 0 -> APIC 0x0013 -> Node 0
[    0.000000] SRAT: PXM 0 -> APIC 0x0015 -> Node 0
[    0.000000] SRAT: PXM 0 -> APIC 0x0017 -> Node 0
[    0.000000] SRAT: PXM 0 -> APIC 0x0019 -> Node 0
[    0.000000] SRAT: PXM 0 -> APIC 0x001b -> Node 0
[    0.000000] SRAT: PXM 0 -> APIC 0x0021 -> Node 0
[    0.000000] SRAT: PXM 0 -> APIC 0x0023 -> Node 0
[    0.000000] SRAT: PXM 0 -> APIC 0x0025 -> Node 0
[    0.000000] SRAT: PXM 0 -> APIC 0x0027 -> Node 0
[    0.000000] SRAT: PXM 0 -> APIC 0x0029 -> Node 0
[    0.000000] SRAT: PXM 0 -> APIC 0x002b -> Node 0
[    0.000000] SRAT: PXM 0 -> APIC 0x0031 -> Node 0
[    0.000000] SRAT: PXM 0 -> APIC 0x0033 -> Node 0
[    0.000000] SRAT: PXM 0 -> APIC 0x0035 -> Node 0
[    0.000000] SRAT: PXM 0 -> APIC 0x0037 -> Node 0
[    0.000000] SRAT: PXM 0 -> APIC 0x0039 -> Node 0
[    0.000000] SRAT: PXM 0 -> APIC 0x003b -> Node 0
[    0.000000] SRAT: PXM 1 -> APIC 0x0041 -> Node 1
[    0.000000] SRAT: PXM 1 -> APIC 0x0043 -> Node 1
[    0.000000] SRAT: PXM 1 -> APIC 0x0045 -> Node 1
[    0.000000] SRAT: PXM 1 -> APIC 0x0047 -> Node 1
[    0.000000] SRAT: PXM 1 -> APIC 0x0049 -> Node 1
[    0.000000] SRAT: PXM 1 -> APIC 0x004b -> Node 1
[    0.000000] SRAT: PXM 1 -> APIC 0x0051 -> Node 1
[    0.000000] SRAT: PXM 1 -> APIC 0x0053 -> Node 1
[    0.000000] SRAT: PXM 1 -> APIC 0x0055 -> Node 1
[    0.000000] SRAT: PXM 1 -> APIC 0x0057 -> Node 1
[    0.000000] SRAT: PXM 1 -> APIC 0x0059 -> Node 1
[    0.000000] SRAT: PXM 1 -> APIC 0x005b -> Node 1
[    0.000000] SRAT: PXM 1 -> APIC 0x0061 -> Node 1
[    0.000000] SRAT: PXM 1 -> APIC 0x0063 -> Node 1
[    0.000000] SRAT: PXM 1 -> APIC 0x0065 -> Node 1
[    0.000000] SRAT: PXM 1 -> APIC 0x0067 -> Node 1
[    0.000000] SRAT: PXM 1 -> APIC 0x0069 -> Node 1
[    0.000000] SRAT: PXM 1 -> APIC 0x006b -> Node 1
[    0.000000] SRAT: PXM 1 -> APIC 0x0071 -> Node 1
[    0.000000] SRAT: PXM 1 -> APIC 0x0073 -> Node 1
[    0.000000] SRAT: PXM 1 -> APIC 0x0075 -> Node 1
[    0.000000] SRAT: PXM 1 -> APIC 0x0077 -> Node 1
[    0.000000] SRAT: PXM 1 -> APIC 0x0079 -> Node 1
[    0.000000] SRAT: PXM 1 -> APIC 0x007b -> Node 1
[    0.000000] ACPI: SRAT: Node 0 PXM 0 [mem 0x00000000-0xbfffffff]
[    0.000000] ACPI: SRAT: Node 0 PXM 0 [mem 0x100000000-0x303fffffff]
[    0.000000] ACPI: SRAT: Node 1 PXM 1 [mem 0x3040000000-0x603fffffff]
[    0.000000] NUMA: Initialized distance table, cnt=2
[    0.000000] NUMA: Node 0 [mem 0x00000000-0xbfffffff] + [mem 0x100000000-0x303fffffff] -> [mem 0x00000000-0x303fffffff]
[    0.000000] NODE_DATA(0) allocated [mem 0x303ffd5000-0x303fffffff]
[    0.000000] NODE_DATA(1) allocated [mem 0x603ffd1000-0x603fffbfff]
[    0.000000] Zone ranges:
[    0.000000]   DMA      [mem 0x0000000000001000-0x0000000000ffffff]
[    0.000000]   DMA32    [mem 0x0000000001000000-0x00000000ffffffff]
[    0.000000]   Normal   [mem 0x0000000100000000-0x000000603fffffff]
[    0.000000]   Device   empty
[    0.000000] Movable zone start for each node
[    0.000000] Early memory node ranges
[    0.000000]   node   0: [mem 0x0000000000001000-0x000000000009dfff]
[    0.000000]   node   0: [mem 0x0000000000100000-0x000000009f783fff]
[    0.000000]   node   0: [mem 0x00000000a01c0000-0x00000000a05f8fff]
[    0.000000]   node   0: [mem 0x00000000a067f000-0x00000000a07d1fff]
[    0.000000]   node   0: [mem 0x00000000a0984000-0x00000000a8383fff]
[    0.000000]   node   0: [mem 0x00000000aa484000-0x00000000aa7bdfff]
[    0.000000]   node   0: [mem 0x00000000ac8f4000-0x00000000af7fffff]
[    0.000000]   node   0: [mem 0x0000000100000000-0x000000303fffffff]
[    0.000000]   node   1: [mem 0x0000003040000000-0x000000603fffffff]
[    0.000000] Reserved but unavailable: 99 pages
[    0.000000] Initmem setup node 0 [mem 0x0000000000001000-0x000000303fffffff]
[    0.000000] On node 0 totalpages: 50243827
[    0.000000]   DMA zone: 64 pages used for memmap
[    0.000000]   DMA zone: 21 pages reserved
[    0.000000]   DMA zone: 3997 pages, LIFO batch:0
[    0.000000]   DMA32 zone: 10854 pages used for memmap
[    0.000000]   DMA32 zone: 694614 pages, LIFO batch:31
[    0.000000]   Normal zone: 774144 pages used for memmap
[    0.000000]   Normal zone: 49545216 pages, LIFO batch:31
[    0.000000] Initmem setup node 1 [mem 0x0000003040000000-0x000000603fffffff]
[    0.000000] On node 1 totalpages: 50331648
[    0.000000]   Normal zone: 786432 pages used for memmap
[    0.000000]   Normal zone: 50331648 pages, LIFO batch:31
[    0.000000] ACPI: PM-Timer IO Port: 0x508
[    0.000000] ACPI: Local APIC address 0xfee00000
[    0.000000] ACPI: X2APIC_NMI (uid[0xffffffff] high level lint[0x1])
[    0.000000] ACPI: LAPIC_NMI (acpi_id[0xff] dfl edge lint[0x1])
[    0.000000] IOAPIC[0]: apic_id 8, version 32, address 0xfec00000, GSI 0-23
[    0.000000] IOAPIC[1]: apic_id 9, version 32, address 0xfec01000, GSI 24-31
[    0.000000] IOAPIC[2]: apic_id 10, version 32, address 0xfec08000, GSI 32-39
[    0.000000] IOAPIC[3]: apic_id 11, version 32, address 0xfec10000, GSI 40-47
[    0.000000] IOAPIC[4]: apic_id 12, version 32, address 0xfec18000, GSI 48-55
[    0.000000] IOAPIC[5]: apic_id 15, version 32, address 0xfec20000, GSI 72-79
[    0.000000] IOAPIC[6]: apic_id 16, version 32, address 0xfec28000, GSI 80-87
[    0.000000] IOAPIC[7]: apic_id 17, version 32, address 0xfec30000, GSI 88-95
[    0.000000] IOAPIC[8]: apic_id 18, version 32, address 0xfec38000, GSI 96-103
[    0.000000] ACPI: INT_SRC_OVR (bus 0 bus_irq 0 global_irq 2 dfl dfl)
[    0.000000] ACPI: INT_SRC_OVR (bus 0 bus_irq 9 global_irq 9 high level)
[    0.000000] ACPI: IRQ0 used by override.
[    0.000000] ACPI: IRQ9 used by override.
[    0.000000] Using ACPI (MADT) for SMP configuration information
[    0.000000] ACPI: HPET id: 0x8086a701 base: 0xfed00000
[    0.000000] smpboot: Allowing 96 CPUs, 0 hotplug CPUs
[    0.000000] PM: Registered nosave memory: [mem 0x00000000-0x00000fff]
[    0.000000] PM: Registered nosave memory: [mem 0x0009e000-0x0009efff]
[    0.000000] PM: Registered nosave memory: [mem 0x0009f000-0x0009ffff]
[    0.000000] PM: Registered nosave memory: [mem 0x000a0000-0x000dffff]
[    0.000000] PM: Registered nosave memory: [mem 0x000e0000-0x000fffff]
[    0.000000] PM: Registered nosave memory: [mem 0x9f784000-0xa01bffff]
[    0.000000] PM: Registered nosave memory: [mem 0xa05f9000-0xa067efff]
[    0.000000] PM: Registered nosave memory: [mem 0xa07d2000-0xa0983fff]
[    0.000000] PM: Registered nosave memory: [mem 0xa8384000-0xaa483fff]
[    0.000000] PM: Registered nosave memory: [mem 0xaa7be000-0xaaed3fff]
[    0.000000] PM: Registered nosave memory: [mem 0xaaed4000-0xac8f3fff]
[    0.000000] PM: Registered nosave memory: [mem 0xaf800000-0xcfffffff]
[    0.000000] PM: Registered nosave memory: [mem 0xd0000000-0xfcffffff]
[    0.000000] PM: Registered nosave memory: [mem 0xfd000000-0xfe7fffff]
[    0.000000] PM: Registered nosave memory: [mem 0xfe800000-0xfed1ffff]
[    0.000000] PM: Registered nosave memory: [mem 0xfed20000-0xfed44fff]
[    0.000000] PM: Registered nosave memory: [mem 0xfed45000-0xfeffffff]
[    0.000000] PM: Registered nosave memory: [mem 0xff000000-0xffffffff]
[    0.000000] e820: [mem 0xd0000000-0xfcffffff] available for PCI devices
[    0.000000] Booting paravirtualized kernel on bare hardware
[    0.000000] clocksource: refined-jiffies: mask: 0xffffffff max_cycles: 0xffffffff, max_idle_ns: 7645519600211568 ns
[    0.000000] random: get_random_bytes called from start_kernel+0x99/0x4fd with crng_init=0
[    0.000000] setup_percpu: NR_CPUS:8192 nr_cpumask_bits:96 nr_cpu_ids:96 nr_node_ids:2
[    0.000000] percpu: Embedded 45 pages/cpu s147456 r8192 d28672 u262144
[    0.000000] pcpu-alloc: s147456 r8192 d28672 u262144 alloc=1*2097152
[    0.000000] pcpu-alloc: [0] 00 01 02 03 04 05 06 07 [0] 08 09 10 11 12 13 14 15 
[    0.000000] pcpu-alloc: [0] 16 17 18 19 20 21 22 23 [0] 48 49 50 51 52 53 54 55 
[    0.000000] pcpu-alloc: [0] 56 57 58 59 60 61 62 63 [0] 64 65 66 67 68 69 70 71 
[    0.000000] pcpu-alloc: [1] 24 25 26 27 28 29 30 31 [1] 32 33 34 35 36 37 38 39 
[    0.000000] pcpu-alloc: [1] 40 41 42 43 44 45 46 47 [1] 72 73 74 75 76 77 78 79 
[    0.000000] pcpu-alloc: [1] 80 81 82 83 84 85 86 87 [1] 88 89 90 91 92 93 94 95 
[    0.000000] Built 2 zonelists, mobility grouping on.  Total pages: 99003960
[    0.000000] Policy zone: Normal
[    0.000000] Kernel command line: BOOT_IMAGE=/boot/vmlinuz-4.15.0-1057-aws root=UUID=8abb4f2d-c7e0-4daf-80b5-24e1c814cf55 ro console=tty1 console=ttyS0 nvme_core.io_timeout=4294967295
[    0.000000] log_buf_len individual max cpu contribution: 4096 bytes
[    0.000000] log_buf_len total cpu_extra contributions: 389120 bytes
[    0.000000] log_buf_len min size: 262144 bytes
[    0.000000] log_buf_len: 1048576 bytes
[    0.000000] early log buf free: 229532(87%)
[    0.000000] Calgary: detecting Calgary via BIOS EBDA area
[    0.000000] Calgary: Unable to locate Rio Grande table in EBDA - bailing!
[    0.000000] Memory: 395883840K/402301900K available (12300K kernel code, 2402K rwdata, 3912K rodata, 2400K init, 2664K bss, 6418060K reserved, 0K cma-reserved)
[    0.000000] SLUB: HWalign=64, Order=0-3, MinObjects=0, CPUs=96, Nodes=2
[    0.000000] Kernel/User page tables isolation: enabled
[    0.000000] ftrace: allocating 37676 entries in 148 pages
[    0.000000] Hierarchical RCU implementation.
[    0.000000] 	RCU restricting CPUs from NR_CPUS=8192 to nr_cpu_ids=96.
[    0.000000] 	Tasks RCU enabled.
[    0.000000] RCU: Adjusting geometry for rcu_fanout_leaf=16, nr_cpu_ids=96
[    0.000000] NR_IRQS: 524544, nr_irqs: 2552, preallocated irqs: 16
[    0.000000] Console: colour dummy device 80x25
[    0.000000] console [tty1] enabled
[    0.000000] console [ttyS0] enabled
[    0.000000] mempolicy: Enabling automatic NUMA balancing. Configure with numa_balancing= or the kernel.numa_balancing sysctl
[    0.000000] ACPI: Core revision 20170831
[    0.000000] ACPI: 5 ACPI AML tables successfully acquired and loaded
[    0.000000] clocksource: hpet: mask: 0xffffffff max_cycles: 0xffffffff, max_idle_ns: 79635855245 ns
[    0.000000] hpet clockevent registered
[    0.004000] APIC: Switch to symmetric I/O mode setup
[    0.004000] DMAR: Host address width 46
[    0.004000] DMAR: DRHD base: 0x000000ecffc000 flags: 0x0
[    0.004000] DMAR: dmar0: reg_base_addr ecffc000 ver 1:0 cap 8d2078c106f0466 ecap f020df
[    0.004000] DMAR: DRHD base: 0x000000f5ffc000 flags: 0x0
[    0.004000] DMAR: dmar1: reg_base_addr f5ffc000 ver 1:0 cap 8d2078c106f0466 ecap f020df
[    0.004000] DMAR: DRHD base: 0x000000f8ffc000 flags: 0x0
[    0.004000] DMAR: dmar2: reg_base_addr f8ffc000 ver 1:0 cap 8d2078c106f0466 ecap f020df
[    0.004000] DMAR: DRHD base: 0x000000fbffc000 flags: 0x0
[    0.004000] DMAR: dmar3: reg_base_addr fbffc000 ver 1:0 cap 8d2078c106f0466 ecap f020df
[    0.004000] DMAR: DRHD base: 0x000000d9ffc000 flags: 0x0
[    0.004000] DMAR: dmar4: reg_base_addr d9ffc000 ver 1:0 cap 8d2078c106f0466 ecap f020df
[    0.004000] DMAR: DRHD base: 0x000000e2ffc000 flags: 0x0
[    0.008000] DMAR: dmar5: reg_base_addr e2ffc000 ver 1:0 cap 8d2078c106f0466 ecap f020df
[    0.008000] DMAR: DRHD base: 0x000000ebffc000 flags: 0x0
[    0.008000] DMAR: dmar6: reg_base_addr ebffc000 ver 1:0 cap 8d2078c106f0466 ecap f020df
[    0.008000] DMAR: DRHD base: 0x000000d6ffc000 flags: 0x1
[    0.008000] DMAR: dmar7: reg_base_addr d6ffc000 ver 1:0 cap 8d2078c106f0466 ecap f020df
[    0.008000] DMAR: RMRR base: 0x000000ac49e000 end: 0x000000ac4aefff
[    0.008000] DMAR: ATSR flags: 0x0
[    0.008000] DMAR: ATSR flags: 0x0
[    0.008000] DMAR: RHSA base: 0x000000d6ffc000 proximity domain: 0x0
[    0.008000] DMAR: RHSA base: 0x000000d9ffc000 proximity domain: 0x0
[    0.008000] DMAR: RHSA base: 0x000000e2ffc000 proximity domain: 0x0
[    0.008000] DMAR: RHSA base: 0x000000ebffc000 proximity domain: 0x0
[    0.008000] DMAR: RHSA base: 0x000000ecffc000 proximity domain: 0x1
[    0.012000] DMAR: RHSA base: 0x000000f5ffc000 proximity domain: 0x1
[    0.012000] DMAR: RHSA base: 0x000000f8ffc000 proximity domain: 0x1
[    0.012000] DMAR: RHSA base: 0x000000fbffc000 proximity domain: 0x1
[    0.012000] DMAR-IR: IOAPIC id 12 under DRHD base  0xebffc000 IOMMU 6
[    0.012000] DMAR-IR: IOAPIC id 11 under DRHD base  0xe2ffc000 IOMMU 5
[    0.012000] DMAR-IR: IOAPIC id 10 under DRHD base  0xd9ffc000 IOMMU 4
[    0.012000] DMAR-IR: IOAPIC id 18 under DRHD base  0xfbffc000 IOMMU 3
[    0.012000] DMAR-IR: IOAPIC id 17 under DRHD base  0xf8ffc000 IOMMU 2
[    0.012000] DMAR-IR: IOAPIC id 16 under DRHD base  0xf5ffc000 IOMMU 1
[    0.012000] DMAR-IR: IOAPIC id 15 under DRHD base  0xecffc000 IOMMU 0
[    0.012000] DMAR-IR: IOAPIC id 8 under DRHD base  0xd6ffc000 IOMMU 7
[    0.012000] DMAR-IR: IOAPIC id 9 under DRHD base  0xd6ffc000 IOMMU 7
[    0.016000] DMAR-IR: HPET id 0 under DRHD base 0xd6ffc000
[    0.016000] DMAR-IR: Queued invalidation will be enabled to support x2apic and Intr-remapping.
[    0.016000] DMAR-IR: Enabled IRQ remapping in x2apic mode
[    0.016000] ..TIMER: vector=0x30 apic1=0 pin1=2 apic2=-1 pin2=-1
[    0.016000] tsc: Detected 2500.000 MHz processor
[    0.016000] Calibrating delay loop (skipped), value calculated using timer frequency.. 5000.00 BogoMIPS (lpj=10000000)
[    0.016000] pid_max: default: 98304 minimum: 768
[    0.016000] Security Framework initialized
[    0.016000] Yama: becoming mindful.
[    0.016000] AppArmor: AppArmor initialized
[    0.040009] Dentry cache hash table entries: 16777216 (order: 15, 134217728 bytes)
[    0.051033] Inode-cache hash table entries: 8388608 (order: 14, 67108864 bytes)
[    0.051830] Mount-cache hash table entries: 262144 (order: 9, 2097152 bytes)
[    0.052335] Mountpoint-cache hash table entries: 262144 (order: 9, 2097152 bytes)
[    0.053307] ENERGY_PERF_BIAS: Set to 'normal', was 'performance'
[    0.053621] ENERGY_PERF_BIAS: View and update with x86_energy_perf_policy(8)
[    0.054009] CPU0: Thermal monitoring enabled (TM1)
[    0.054310] process: using mwait in idle threads
[    0.054555] Last level iTLB entries: 4KB 64, 2MB 8, 4MB 8
[    0.054834] Last level dTLB entries: 4KB 64, 2MB 0, 4MB 0, 1GB 4
[    0.055144] Spectre V1 : Mitigation: usercopy/swapgs barriers and __user pointer sanitization
[    0.055579] Spectre V2 : Mitigation: Full generic retpoline
[    0.056001] Spectre V2 : Spectre v2 / SpectreRSB mitigation: Filling RSB on context switch
[    0.056427] Spectre V2 : Enabling Restricted Speculation for firmware calls
[    0.056788] Spectre V2 : mitigation: Enabling conditional Indirect Branch Prediction Barrier
[    0.057222] Spectre V2 : User space: Mitigation: STIBP via seccomp and prctl
[    0.057584] Speculative Store Bypass: Mitigation: Speculative Store Bypass disabled via prctl and seccomp
[    0.058095] MDS: Mitigation: Clear CPU buffers
[    0.058330] TAA: Mitigation: Clear CPU buffers
[    0.067052] Freeing SMP alternatives memory: 36K
[    0.070928] TSC deadline timer enabled
[    0.070940] smpboot: CPU0: Intel(R) Xeon(R) Platinum 8175M CPU @ 2.50GHz (family: 0x6, model: 0x55, stepping: 0x4)
[    0.071688] Performance Events: PEBS fmt3+, Skylake events, 32-deep LBR, full-width counters, Intel PMU driver.
[    0.072000] ... version:                4
[    0.072000] ... bit width:              48
[    0.072000] ... generic registers:      4
[    0.072000] ... value mask:             0000ffffffffffff
[    0.072000] ... max period:             00007fffffffffff
[    0.072000] ... fixed-purpose events:   3
[    0.072000] ... event mask:             000000070000000f
[    0.072000] Hierarchical SRCU implementation.
[    0.082549] NMI watchdog: Enabled. Permanently consumes one hw-PMU counter.
[    0.082929] smp: Bringing up secondary CPUs ...
[    0.083277] x86: Booting SMP configuration:
[    0.083503] .... node  #0, CPUs:        #1  #2  #3  #4  #5  #6  #7  #8  #9 #10 #11 #12 #13 #14 #15 #16 #17 #18 #19 #20 #21 #22 #23
[    0.149421] .... node  #1, CPUs:   #24 #25 #26 #27 #28 #29 #30 #31 #32 #33 #34 #35 #36 #37 #38 #39 #40 #41 #42 #43 #44 #45 #46 #47
[    0.220946] .... node  #0, CPUs:   #48
[    0.224581] MDS CPU bug present and SMT on, data leak possible. See https://www.kernel.org/doc/html/latest/admin-guide/hw-vuln/mds.html for more details.
[    0.225419] TAA CPU bug present and SMT on, data leak possible. See https://www.kernel.org/doc/html/latest/admin-guide/hw-vuln/tsx_async_abort.html for more details.
[    0.226314]  #49 #50 #51 #52 #53 #54 #55 #56 #57 #58 #59 #60 #61 #62 #63 #64 #65 #66 #67 #68 #69 #70 #71
[    0.293732] .... node  #1, CPUs:   #72 #73 #74 #75 #76 #77 #78 #79 #80 #81 #82 #83 #84 #85 #86 #87 #88 #89 #90 #91 #92 #93 #94 #95
[    0.366330] smp: Brought up 2 nodes, 96 CPUs
[    0.366330] smpboot: Max logical packages: 2
[    0.366330] smpboot: Total of 96 processors activated (480000.00 BogoMIPS)
[    0.384358] devtmpfs: initialized
[    0.384358] x86/mm: Memory block size: 2048MB
[    0.386234] evm: security.selinux
[    0.386415] evm: security.SMACK64
[    0.386591] evm: security.SMACK64EXEC
[    0.386785] evm: security.SMACK64TRANSMUTE
[    0.387000] evm: security.SMACK64MMAP
[    0.387194] evm: security.apparmor
[    0.387374] evm: security.ima
[    0.388002] evm: security.capability
[    0.388251] PM: Registering ACPI NVS region [mem 0x9f784000-0xa01bffff] (10731520 bytes)
[    0.388597] PM: Registering ACPI NVS region [mem 0xaa7be000-0xaaed3fff] (7430144 bytes)
[    0.389378] clocksource: jiffies: mask: 0xffffffff max_cycles: 0xffffffff, max_idle_ns: 7645041785100000 ns
[    0.389378] futex hash table entries: 32768 (order: 9, 2097152 bytes)
[    0.389874] RTC time: 23:00:38, date: 01/23/20
[    0.393917] NET: Registered protocol family 16
[    0.394269] audit: initializing netlink subsys (disabled)
[    0.394559] audit: type=2000 audit(1579820436.392:1): state=initialized audit_enabled=0 res=1
[    0.394559] cpuidle: using governor ladder
[    0.394559] cpuidle: using governor menu
[    0.394559] Detected 1 PCC Subspaces
[    0.394559] Registering PCC driver as Mailbox controller
[    0.396316] ACPI: bus type PCI registered
[    0.396532] acpiphp: ACPI Hot Plug PCI Controller Driver version: 0.5
[    0.396971] PCI: MMCONFIG for domain 0000 [bus 00-ff] at [mem 0xc0000000-0xcfffffff] (base 0xc0000000)
[    0.397451] PCI: MMCONFIG at [mem 0xc0000000-0xcfffffff] reserved in E820
[    0.397809] pmd_set_huge: Cannot satisfy [mem 0xc0000000-0xc0200000] with a huge-page mapping due to MTRR override.
[    0.398735] PCI: Using configuration type 1 for base access
[    0.404549] HugeTLB registered 1.00 GiB page size, pre-allocated 0 pages
[    0.404549] HugeTLB registered 2.00 MiB page size, pre-allocated 0 pages
[    0.404740] ACPI: Added _OSI(Module Device)
[    0.404740] ACPI: Added _OSI(Processor Device)
[    0.404804] ACPI: Added _OSI(3.0 _SCP Extensions)
[    0.405051] ACPI: Added _OSI(Processor Aggregator Device)
[    0.405332] ACPI: Added _OSI(Linux-Dell-Video)
[    0.408002] ACPI: Added _OSI(Linux-Lenovo-NV-HDMI-Audio)
[    0.408283] ACPI: Added _OSI(Linux-HPI-Hybrid-Graphics)
[    0.461316] ACPI: [Firmware Bug]: BIOS _OSI(Linux) query ignored
[    0.488365] ACPI: Dynamic OEM Table Load:
[    0.500591] ACPI: Dynamic OEM Table Load:
[    0.508257] ACPI: Dynamic OEM Table Load:
[    0.628879] ACPI: Interpreter enabled
[    0.629091] ACPI: (supports S0 S5)
[    0.629277] ACPI: Using IOAPIC for interrupt routing
[    0.629573] PCI: Using host bridge windows from ACPI; if necessary, use "pci=nocrs" and report a bug
[    0.631337] ACPI: Enabled 6 GPEs in block 00 to 7F
[    0.699011] ACPI: PCI Root Bridge [PC00] (domain 0000 [bus 00-16])
[    0.699342] acpi PNP0A08:00: _OSC: OS supports [ExtendedConfig ASPM ClockPM Segments MSI]
[    0.699905] acpi PNP0A08:00: _OSC: platform does not support [AER]
[    0.704129] acpi PNP0A08:00: _OSC: OS now controls [PCIeHotplug PME PCIeCapability]
[    0.705017] PCI host bridge to bus 0000:00
[    0.705235] pci_bus 0000:00: root bus resource [io  0x0000-0x03af window]
[    0.705587] pci_bus 0000:00: root bus resource [io  0x03e0-0x0cf7 window]
[    0.705939] pci_bus 0000:00: root bus resource [io  0x03b0-0x03bb window]
[    0.706290] pci_bus 0000:00: root bus resource [io  0x03c0-0x03df window]
[    0.706642] pci_bus 0000:00: root bus resource [io  0x1000-0x3fff window]
[    0.706994] pci_bus 0000:00: root bus resource [mem 0x000a0000-0x000bffff window]
[    0.707381] pci_bus 0000:00: root bus resource [mem 0x000c4000-0x000c7fff window]
[    0.707767] pci_bus 0000:00: root bus resource [mem 0xfe010000-0xfe010fff window]
[    0.708001] pci_bus 0000:00: root bus resource [mem 0xd0000000-0xd6ffffff window]
[    0.708392] pci_bus 0000:00: root bus resource [mem 0x380000000000-0x38ffffffffff window]
[    0.708814] pci_bus 0000:00: root bus resource [bus 00-16]
[    0.709108] pci 0000:00:00.0: [8086:2020] type 00 class 0x060000
[    0.709267] pci 0000:00:04.0: [8086:2021] type 00 class 0x088000
[    0.709279] pci 0000:00:04.0: reg 0x10: [mem 0x38fffff2c000-0x38fffff2ffff 64bit]
[    0.709409] pci 0000:00:04.1: [8086:2021] type 00 class 0x088000
[    0.709419] pci 0000:00:04.1: reg 0x10: [mem 0x38fffff28000-0x38fffff2bfff 64bit]
[    0.709547] pci 0000:00:04.2: [8086:2021] type 00 class 0x088000
[    0.709557] pci 0000:00:04.2: reg 0x10: [mem 0x38fffff24000-0x38fffff27fff 64bit]
[    0.709680] pci 0000:00:04.3: [8086:2021] type 00 class 0x088000
[    0.709690] pci 0000:00:04.3: reg 0x10: [mem 0x38fffff20000-0x38fffff23fff 64bit]
[    0.709819] pci 0000:00:04.4: [8086:2021] type 00 class 0x088000
[    0.709830] pci 0000:00:04.4: reg 0x10: [mem 0x38fffff1c000-0x38fffff1ffff 64bit]
[    0.709955] pci 0000:00:04.5: [8086:2021] type 00 class 0x088000
[    0.709965] pci 0000:00:04.5: reg 0x10: [mem 0x38fffff18000-0x38fffff1bfff 64bit]
[    0.710087] pci 0000:00:04.6: [8086:2021] type 00 class 0x088000
[    0.710097] pci 0000:00:04.6: reg 0x10: [mem 0x38fffff14000-0x38fffff17fff 64bit]
[    0.710223] pci 0000:00:04.7: [8086:2021] type 00 class 0x088000
[    0.710233] pci 0000:00:04.7: reg 0x10: [mem 0x38fffff10000-0x38fffff13fff 64bit]
[    0.710357] pci 0000:00:05.0: [8086:2024] type 00 class 0x088000
[    0.710476] pci 0000:00:05.2: [8086:2025] type 00 class 0x088000
[    0.710596] pci 0000:00:05.4: [8086:2026] type 00 class 0x080020
[    0.710605] pci 0000:00:05.4: reg 0x10: [mem 0xd6f0a000-0xd6f0afff]
[    0.710727] pci 0000:00:08.0: [8086:2014] type 00 class 0x088000
[    0.710835] pci 0000:00:08.1: [8086:2015] type 00 class 0x110100
[    0.710936] pci 0000:00:08.2: [8086:2016] type 00 class 0x088000
[    0.711061] pci 0000:00:11.0: [8086:a1ec] type 00 class 0xff0000
[    0.711241] pci 0000:00:11.1: [8086:a1ed] type 00 class 0xff0000
[    0.711429] pci 0000:00:11.5: [8086:a1d2] type 00 class 0x010601
[    0.711445] pci 0000:00:11.5: reg 0x10: [mem 0xd6f06000-0xd6f07fff]
[    0.711452] pci 0000:00:11.5: reg 0x14: [mem 0xd6f09000-0xd6f090ff]
[    0.711459] pci 0000:00:11.5: reg 0x18: [io  0x3070-0x3077]
[    0.711466] pci 0000:00:11.5: reg 0x1c: [io  0x3060-0x3063]
[    0.711473] pci 0000:00:11.5: reg 0x20: [io  0x3020-0x303f]
[    0.711480] pci 0000:00:11.5: reg 0x24: [mem 0xd6e80000-0xd6efffff]
[    0.711517] pci 0000:00:11.5: PME# supported from D3hot
[    0.711673] pci 0000:00:14.0: [8086:a1af] type 00 class 0x0c0330
[    0.711694] pci 0000:00:14.0: reg 0x10: [mem 0x38fffff00000-0x38fffff0ffff 64bit]
[    0.711755] pci 0000:00:14.0: PME# supported from D3hot D3cold
[    0.711887] pci 0000:00:14.2: [8086:a1b1] type 00 class 0x118000
[    0.711907] pci 0000:00:14.2: reg 0x10: [mem 0x38fffff32000-0x38fffff32fff 64bit]
[    0.712073] pci 0000:00:16.0: [8086:a1ba] type 00 class 0x078000
[    0.712101] pci 0000:00:16.0: reg 0x10: [mem 0x38fffff31000-0x38fffff31fff 64bit]
[    0.712182] pci 0000:00:16.0: PME# supported from D3hot
[    0.712291] pci 0000:00:16.4: [8086:a1be] type 00 class 0x078000
[    0.712318] pci 0000:00:16.4: reg 0x10: [mem 0x38fffff30000-0x38fffff30fff 64bit]
[    0.712400] pci 0000:00:16.4: PME# supported from D3hot
[    0.712504] pci 0000:00:17.0: [8086:a182] type 00 class 0x010601
[    0.712520] pci 0000:00:17.0: reg 0x10: [mem 0xd6f04000-0xd6f05fff]
[    0.712527] pci 0000:00:17.0: reg 0x14: [mem 0xd6f08000-0xd6f080ff]
[    0.712534] pci 0000:00:17.0: reg 0x18: [io  0x3050-0x3057]
[    0.712541] pci 0000:00:17.0: reg 0x1c: [io  0x3040-0x3043]
[    0.712547] pci 0000:00:17.0: reg 0x20: [io  0x3000-0x301f]
[    0.712554] pci 0000:00:17.0: reg 0x24: [mem 0xd6e00000-0xd6e7ffff]
[    0.712591] pci 0000:00:17.0: PME# supported from D3hot
[    0.712738] pci 0000:00:1f.0: [8086:a1c1] type 00 class 0x060100
[    0.712967] pci 0000:00:1f.2: [8086:a1a1] type 00 class 0x058000
[    0.712982] pci 0000:00:1f.2: reg 0x10: [mem 0xd6f00000-0xd6f03fff]
[    0.713157] pci 0000:00:1f.4: [8086:a1a3] type 00 class 0x0c0500
[    0.713176] pci 0000:00:1f.4: reg 0x10: [mem 0x00000000-0x000000ff 64bit]
[    0.713198] pci 0000:00:1f.4: reg 0x20: [io  0x0780-0x079f]
[    0.713320] pci 0000:00:1f.5: [8086:a1a4] type 00 class 0x0c8000
[    0.713336] pci 0000:00:1f.5: reg 0x10: [mem 0xfe010000-0xfe010fff]
[    0.713485] pci_bus 0000:00: on NUMA node 0
[    0.714088] ACPI: PCI Root Bridge [PC01] (domain 0000 [bus 17-33])
[    0.714417] acpi PNP0A08:01: _OSC: OS supports [ExtendedConfig ASPM ClockPM Segments MSI]
[    0.715356] acpi PNP0A08:01: _OSC: platform does not support [AER]
[    0.715997] acpi PNP0A08:01: _OSC: OS now controls [PCIeHotplug PME PCIeCapability]
[    0.716177] PCI host bridge to bus 0000:17
[    0.716398] pci_bus 0000:17: root bus resource [io  0x4000-0x5fff window]
[    0.716749] pci_bus 0000:17: root bus resource [mem 0xd7000000-0xd9ffffff window]
[    0.717136] pci_bus 0000:17: root bus resource [mem 0x390000000000-0x39ffffffffff window]
[    0.717558] pci_bus 0000:17: root bus resource [bus 17-33]
[    0.717851] pci 0000:17:00.0: [8086:2030] type 01 class 0x060400
[    0.717875] pci 0000:17:00.0: enabling Extended Tags
[    0.718166] pci 0000:17:00.0: PME# supported from D0 D3hot D3cold
[    0.718253] pci 0000:17:05.0: [8086:2034] type 00 class 0x088000
[    0.718331] pci 0000:17:05.2: [8086:2035] type 00 class 0x088000
[    0.718410] pci 0000:17:05.4: [8086:2036] type 00 class 0x080020
[    0.718418] pci 0000:17:05.4: reg 0x10: [mem 0xd9f00000-0xd9f00fff]
[    0.718498] pci 0000:17:08.0: [8086:208d] type 00 class 0x088000
[    0.718569] pci 0000:17:08.1: [8086:208d] type 00 class 0x088000
[    0.718626] pci 0000:17:08.2: [8086:208d] type 00 class 0x088000
[    0.718680] pci 0000:17:08.3: [8086:208d] type 00 class 0x088000
[    0.718737] pci 0000:17:08.4: [8086:208d] type 00 class 0x088000
[    0.718790] pci 0000:17:08.5: [8086:208d] type 00 class 0x088000
[    0.718845] pci 0000:17:08.6: [8086:208d] type 00 class 0x088000
[    0.718902] pci 0000:17:08.7: [8086:208d] type 00 class 0x088000
[    0.718955] pci 0000:17:09.0: [8086:208d] type 00 class 0x088000
[    0.719016] pci 0000:17:09.1: [8086:208d] type 00 class 0x088000
[    0.719070] pci 0000:17:09.2: [8086:208d] type 00 class 0x088000
[    0.719125] pci 0000:17:09.3: [8086:208d] type 00 class 0x088000
[    0.719180] pci 0000:17:09.4: [8086:208d] type 00 class 0x088000
[    0.719234] pci 0000:17:09.5: [8086:208d] type 00 class 0x088000
[    0.719289] pci 0000:17:09.6: [8086:208d] type 00 class 0x088000
[    0.719343] pci 0000:17:09.7: [8086:208d] type 00 class 0x088000
[    0.719398] pci 0000:17:0a.0: [8086:208d] type 00 class 0x088000
[    0.719458] pci 0000:17:0a.1: [8086:208d] type 00 class 0x088000
[    0.719512] pci 0000:17:0a.2: [8086:208d] type 00 class 0x088000
[    0.719568] pci 0000:17:0a.3: [8086:208d] type 00 class 0x088000
[    0.719621] pci 0000:17:0a.4: [8086:208d] type 00 class 0x088000
[    0.719677] pci 0000:17:0a.5: [8086:208d] type 00 class 0x088000
[    0.719731] pci 0000:17:0a.6: [8086:208d] type 00 class 0x088000
[    0.719788] pci 0000:17:0a.7: [8086:208d] type 00 class 0x088000
[    0.719844] pci 0000:17:0b.0: [8086:208d] type 00 class 0x088000
[    0.719901] pci 0000:17:0b.1: [8086:208d] type 00 class 0x088000
[    0.719956] pci 0000:17:0b.2: [8086:208d] type 00 class 0x088000
[    0.720011] pci 0000:17:0b.3: [8086:208d] type 00 class 0x088000
[    0.720073] pci 0000:17:0e.0: [8086:208e] type 00 class 0x088000
[    0.720133] pci 0000:17:0e.1: [8086:208e] type 00 class 0x088000
[    0.720186] pci 0000:17:0e.2: [8086:208e] type 00 class 0x088000
[    0.720241] pci 0000:17:0e.3: [8086:208e] type 00 class 0x088000
[    0.720295] pci 0000:17:0e.4: [8086:208e] type 00 class 0x088000
[    0.720351] pci 0000:17:0e.5: [8086:208e] type 00 class 0x088000
[    0.720405] pci 0000:17:0e.6: [8086:208e] type 00 class 0x088000
[    0.720459] pci 0000:17:0e.7: [8086:208e] type 00 class 0x088000
[    0.720515] pci 0000:17:0f.0: [8086:208e] type 00 class 0x088000
[    0.720571] pci 0000:17:0f.1: [8086:208e] type 00 class 0x088000
[    0.720626] pci 0000:17:0f.2: [8086:208e] type 00 class 0x088000
[    0.720680] pci 0000:17:0f.3: [8086:208e] type 00 class 0x088000
[    0.720735] pci 0000:17:0f.4: [8086:208e] type 00 class 0x088000
[    0.720791] pci 0000:17:0f.5: [8086:208e] type 00 class 0x088000
[    0.720845] pci 0000:17:0f.6: [8086:208e] type 00 class 0x088000
[    0.720900] pci 0000:17:0f.7: [8086:208e] type 00 class 0x088000
[    0.720954] pci 0000:17:10.0: [8086:208e] type 00 class 0x088000
[    0.721013] pci 0000:17:10.1: [8086:208e] type 00 class 0x088000
[    0.721069] pci 0000:17:10.2: [8086:208e] type 00 class 0x088000
[    0.721123] pci 0000:17:10.3: [8086:208e] type 00 class 0x088000
[    0.721179] pci 0000:17:10.4: [8086:208e] type 00 class 0x088000
[    0.721233] pci 0000:17:10.5: [8086:208e] type 00 class 0x088000
[    0.721290] pci 0000:17:10.6: [8086:208e] type 00 class 0x088000
[    0.721347] pci 0000:17:10.7: [8086:208e] type 00 class 0x088000
[    0.721401] pci 0000:17:11.0: [8086:208e] type 00 class 0x088000
[    0.721461] pci 0000:17:11.1: [8086:208e] type 00 class 0x088000
[    0.721514] pci 0000:17:11.2: [8086:208e] type 00 class 0x088000
[    0.721571] pci 0000:17:11.3: [8086:208e] type 00 class 0x088000
[    0.721637] pci 0000:17:1d.0: [8086:2054] type 00 class 0x088000
[    0.721700] pci 0000:17:1d.1: [8086:2055] type 00 class 0x088000
[    0.721759] pci 0000:17:1d.2: [8086:2056] type 00 class 0x088000
[    0.721815] pci 0000:17:1d.3: [8086:2057] type 00 class 0x088000
[    0.721875] pci 0000:17:1e.0: [8086:2080] type 00 class 0x088000
[    0.721932] pci 0000:17:1e.1: [8086:2081] type 00 class 0x088000
[    0.721990] pci 0000:17:1e.2: [8086:2082] type 00 class 0x088000
[    0.722047] pci 0000:17:1e.3: [8086:2083] type 00 class 0x088000
[    0.722182] pci 0000:17:1e.4: [8086:2084] type 00 class 0x088000
[    0.722242] pci 0000:17:1e.5: [8086:2085] type 00 class 0x088000
[    0.722300] pci 0000:17:1e.6: [8086:2086] type 00 class 0x088000
[    0.722415] pci 0000:18:00.0: [1d0f:cd00] type 00 class 0x010802
[    0.722454] pci 0000:18:00.0: reg 0x10: [mem 0xd9e04000-0xd9e07fff 64bit]
[    0.722574] pci 0000:18:00.0: PME# supported from D0
[    0.722654] pci 0000:18:00.1: [1d0f:cd00] type 00 class 0x010802
[    0.722689] pci 0000:18:00.1: reg 0x10: [mem 0xd9e00000-0xd9e03fff 64bit]
[    0.722803] pci 0000:18:00.1: PME# supported from D0
[    0.722876] pci 0000:17:00.0: PCI bridge to [bus 18]
[    0.723143] pci 0000:17:00.0:   bridge window [mem 0xd9e00000-0xd9efffff]
[    0.723152] pci_bus 0000:17: on NUMA node 0
[    0.723272] ACPI: PCI Root Bridge [PC02] (domain 0000 [bus 34-79])
[    0.723600] acpi PNP0A08:02: _OSC: OS supports [ExtendedConfig ASPM ClockPM Segments MSI]
[    0.724618] acpi PNP0A08:02: _OSC: platform does not support [AER]
[    0.725221] acpi PNP0A08:02: _OSC: OS now controls [PCIeHotplug PME PCIeCapability]
[    0.725769] PCI host bridge to bus 0000:34
[    0.725990] pci_bus 0000:34: root bus resource [io  0x6000-0x7fff window]
[    0.726342] pci_bus 0000:34: root bus resource [mem 0xda000000-0xe2ffffff window]
[    0.726729] pci_bus 0000:34: root bus resource [mem 0x3a0000000000-0x3affffffffff window]
[    0.727150] pci_bus 0000:34: root bus resource [bus 34-79]
[    0.727444] pci 0000:34:05.0: [8086:2034] type 00 class 0x088000
[    0.727517] pci 0000:34:05.2: [8086:2035] type 00 class 0x088000
[    0.727591] pci 0000:34:05.4: [8086:2036] type 00 class 0x080020
[    0.727599] pci 0000:34:05.4: reg 0x10: [mem 0xe2f00000-0xe2f00fff]
[    0.727674] pci 0000:34:08.0: [8086:2066] type 00 class 0x088000
[    0.727740] pci 0000:34:09.0: [8086:2066] type 00 class 0x088000
[    0.727808] pci 0000:34:0a.0: [8086:2040] type 00 class 0x088000
[    0.727871] pci 0000:34:0a.1: [8086:2041] type 00 class 0x088000
[    0.727931] pci 0000:34:0a.2: [8086:2042] type 00 class 0x088000
[    0.727993] pci 0000:34:0a.3: [8086:2043] type 00 class 0x088000
[    0.728056] pci 0000:34:0a.4: [8086:2044] type 00 class 0x088000
[    0.728114] pci 0000:34:0a.5: [8086:2045] type 00 class 0x088000
[    0.728177] pci 0000:34:0a.6: [8086:2046] type 00 class 0x088000
[    0.728238] pci 0000:34:0a.7: [8086:2047] type 00 class 0x088000
[    0.728297] pci 0000:34:0b.0: [8086:2048] type 00 class 0x088000
[    0.728362] pci 0000:34:0b.1: [8086:2049] type 00 class 0x088000
[    0.728423] pci 0000:34:0b.2: [8086:204a] type 00 class 0x088000
[    0.728482] pci 0000:34:0b.3: [8086:204b] type 00 class 0x088000
[    0.728546] pci 0000:34:0c.0: [8086:2040] type 00 class 0x088000
[    0.728612] pci 0000:34:0c.1: [8086:2041] type 00 class 0x088000
[    0.728672] pci 0000:34:0c.2: [8086:2042] type 00 class 0x088000
[    0.728736] pci 0000:34:0c.3: [8086:2043] type 00 class 0x088000
[    0.728799] pci 0000:34:0c.4: [8086:2044] type 00 class 0x088000
[    0.728859] pci 0000:34:0c.5: [8086:2045] type 00 class 0x088000
[    0.728923] pci 0000:34:0c.6: [8086:2046] type 00 class 0x088000
[    0.728984] pci 0000:34:0c.7: [8086:2047] type 00 class 0x088000
[    0.729047] pci 0000:34:0d.0: [8086:2048] type 00 class 0x088000
[    0.729127] pci 0000:34:0d.1: [8086:2049] type 00 class 0x088000
[    0.729188] pci 0000:34:0d.2: [8086:204a] type 00 class 0x088000
[    0.729252] pci 0000:34:0d.3: [8086:204b] type 00 class 0x088000
[    0.729327] pci_bus 0000:34: on NUMA node 0
[    0.729479] ACPI: PCI Root Bridge [PC03] (domain 0000 [bus 7a-bf])
[    0.729806] acpi PNP0A08:03: _OSC: OS supports [ExtendedConfig ASPM ClockPM Segments MSI]
[    0.730879] acpi PNP0A08:03: _OSC: platform does not support [AER]
[    0.731485] acpi PNP0A08:03: _OSC: OS now controls [PCIeHotplug PME PCIeCapability]
[    0.732056] PCI host bridge to bus 0000:7a
[    0.732277] pci_bus 0000:7a: root bus resource [io  0x8000-0x9fff window]
[    0.732629] pci_bus 0000:7a: root bus resource [mem 0xe3000000-0xebffffff window]
[    0.733015] pci_bus 0000:7a: root bus resource [mem 0x3b0000000000-0x3bffffffffff window]
[    0.733437] pci_bus 0000:7a: root bus resource [bus 7a-bf]
[    0.733730] pci 0000:7a:00.0: [8086:2030] type 01 class 0x060400
[    0.733755] pci 0000:7a:00.0: enabling Extended Tags
[    0.734049] pci 0000:7a:00.0: PME# supported from D0 D3hot D3cold
[    0.734123] pci 0000:7a:02.0: [8086:2032] type 01 class 0x060400
[    0.734148] pci 0000:7a:02.0: enabling Extended Tags
[    0.734441] pci 0000:7a:02.0: PME# supported from D0 D3hot D3cold
[    0.734514] pci 0000:7a:05.0: [8086:2034] type 00 class 0x088000
[    0.734590] pci 0000:7a:05.2: [8086:2035] type 00 class 0x088000
[    0.734664] pci 0000:7a:05.4: [8086:2036] type 00 class 0x080020
[    0.734673] pci 0000:7a:05.4: reg 0x10: [mem 0xebe00000-0xebe00fff]
[    0.734748] pci 0000:7a:0e.0: [8086:2058] type 00 class 0x110100
[    0.734812] pci 0000:7a:0e.1: [8086:2059] type 00 class 0x088000
[    0.734875] pci 0000:7a:0f.0: [8086:2058] type 00 class 0x110100
[    0.734935] pci 0000:7a:0f.1: [8086:2059] type 00 class 0x088000
[    0.734999] pci 0000:7a:10.0: [8086:2058] type 00 class 0x110100
[    0.735063] pci 0000:7a:10.1: [8086:2059] type 00 class 0x088000
[    0.735125] pci 0000:7a:12.0: [8086:204c] type 00 class 0x110100
[    0.735188] pci 0000:7a:12.1: [8086:204d] type 00 class 0x110100
[    0.735242] pci 0000:7a:12.2: [8086:204e] type 00 class 0x088000
[    0.735292] pci 0000:7a:12.4: [8086:204c] type 00 class 0x110100
[    0.735354] pci 0000:7a:12.5: [8086:204d] type 00 class 0x110100
[    0.735404] pci 0000:7a:15.0: [8086:2018] type 00 class 0x088000
[    0.735460] pci 0000:7a:16.0: [8086:2018] type 00 class 0x088000
[    0.735514] pci 0000:7a:16.4: [8086:2018] type 00 class 0x088000
[    0.735563] pci 0000:7a:17.0: [8086:2018] type 00 class 0x088000
[    0.735727] pci 0000:7b:00.0: [1d0f:bec2] type 01 class 0x060400
[    0.735839] pci 0000:7b:00.0: PME# supported from D0 D3hot D3cold
[    0.735898] pci 0000:7a:00.0: PCI bridge to [bus 7b-8c]
[    0.736004] pci 0000:7a:00.0:   bridge window [mem 0xe9e00000-0xebdfffff]
[    0.736007] pci 0000:7a:00.0:   bridge window [mem 0x3bfff0000000-0x3bffffffffff 64bit pref]
[    0.736242] pci 0000:7c:00.0: [1d0f:bec2] type 01 class 0x060400
[    0.736356] pci 0000:7c:00.0: PME# supported from D0 D3hot D3cold
[    0.736449] pci 0000:7c:01.0: [1d0f:bec2] type 01 class 0x060400
[    0.736502] pci 0000:7c:01.0: Max Payload Size set to 256 (was 128, max 256)
[    0.736935] pci 0000:7c:01.0: PME# supported from D0 D3hot D3cold
[    0.737026] pci 0000:7c:02.0: [1d0f:bec2] type 01 class 0x060400
[    0.737079] pci 0000:7c:02.0: Max Payload Size set to 256 (was 128, max 256)
[    0.737511] pci 0000:7c:02.0: PME# supported from D0 D3hot D3cold
[    0.737601] pci 0000:7c:03.0: [1d0f:bec2] type 01 class 0x060400
[    0.737654] pci 0000:7c:03.0: Max Payload Size set to 256 (was 128, max 256)
[    0.738085] pci 0000:7c:03.0: PME# supported from D0 D3hot D3cold
[    0.738177] pci 0000:7c:04.0: [1d0f:bec2] type 01 class 0x060400
[    0.738230] pci 0000:7c:04.0: Max Payload Size set to 256 (was 128, max 256)
[    0.738662] pci 0000:7c:04.0: PME# supported from D0 D3hot D3cold
[    0.738754] pci 0000:7c:05.0: [1d0f:bec2] type 01 class 0x060400
[    0.738807] pci 0000:7c:05.0: Max Payload Size set to 256 (was 128, max 256)
[    0.739239] pci 0000:7c:05.0: PME# supported from D0 D3hot D3cold
[    0.739333] pci 0000:7c:06.0: [1d0f:bec2] type 01 class 0x060400
[    0.739386] pci 0000:7c:06.0: Max Payload Size set to 256 (was 128, max 256)
[    0.739817] pci 0000:7c:06.0: PME# supported from D0 D3hot D3cold
[    0.739908] pci 0000:7c:07.0: [1d0f:bec2] type 01 class 0x060400
[    0.739962] pci 0000:7c:07.0: Max Payload Size set to 256 (was 128, max 256)
[    0.740065] pci 0000:7c:07.0: PME# supported from D0 D3hot D3cold
[    0.740163] pci 0000:7c:08.0: [1d0f:bec2] type 01 class 0x060400
[    0.740216] pci 0000:7c:08.0: Max Payload Size set to 256 (was 128, max 256)
[    0.740647] pci 0000:7c:08.0: PME# supported from D0 D3hot D3cold
[    0.740746] pci 0000:7c:09.0: [1d0f:bec2] type 01 class 0x060400
[    0.740799] pci 0000:7c:09.0: Max Payload Size set to 256 (was 128, max 256)
[    0.741229] pci 0000:7c:09.0: PME# supported from D0 D3hot D3cold
[    0.741329] pci 0000:7c:0a.0: [1d0f:bec2] type 01 class 0x060400
[    0.741382] pci 0000:7c:0a.0: Max Payload Size set to 256 (was 128, max 256)
[    0.741814] pci 0000:7c:0a.0: PME# supported from D0 D3hot D3cold
[    0.741917] pci 0000:7c:0b.0: [1d0f:bec2] type 01 class 0x060400
[    0.741970] pci 0000:7c:0b.0: Max Payload Size set to 256 (was 128, max 256)
[    0.742402] pci 0000:7c:0b.0: PME# supported from D0 D3hot D3cold
[    0.742506] pci 0000:7c:0c.0: [1d0f:bec2] type 01 class 0x060400
[    0.742559] pci 0000:7c:0c.0: Max Payload Size set to 256 (was 128, max 256)
[    0.742990] pci 0000:7c:0c.0: PME# supported from D0 D3hot D3cold
[    0.743093] pci 0000:7c:0d.0: [1d0f:bec2] type 01 class 0x060400
[    0.743146] pci 0000:7c:0d.0: Max Payload Size set to 256 (was 128, max 256)
[    0.743577] pci 0000:7c:0d.0: PME# supported from D0 D3hot D3cold
[    0.743681] pci 0000:7c:0e.0: [1d0f:bec2] type 01 class 0x060400
[    0.743734] pci 0000:7c:0e.0: Max Payload Size set to 256 (was 128, max 256)
[    0.744063] pci 0000:7c:0e.0: PME# supported from D0 D3hot D3cold
[    0.744169] pci 0000:7c:0f.0: [1d0f:bec2] type 01 class 0x060400
[    0.744223] pci 0000:7c:0f.0: Max Payload Size set to 256 (was 128, max 256)
[    0.744654] pci 0000:7c:0f.0: PME# supported from D0 D3hot D3cold
[    0.744768] pci 0000:7b:00.0: PCI bridge to [bus 7c-8c]
[    0.745048] pci 0000:7b:00.0:   bridge window [io  0x0000-0x0fff]
[    0.745051] pci 0000:7b:00.0:   bridge window [mem 0xe9e00000-0xebdfffff]
[    0.745057] pci 0000:7b:00.0:   bridge window [mem 0x3bfff0000000-0x3bffffffffff 64bit pref]
[    0.745113] pci 0000:7d:00.0: [1d0f:ec20] type 00 class 0x020000
[    0.745142] pci 0000:7d:00.0: reg 0x10: [mem 0xebc20000-0xebc23fff]
[    0.745170] pci 0000:7d:00.0: reg 0x18: [mem 0x3bffff000000-0x3bffffffffff 64bit pref]
[    0.745202] pci 0000:7d:00.0: reg 0x30: [mem 0xebc00000-0xebc1ffff pref]
[    0.745274] pci 0000:7d:00.0: PME# supported from D0
[    0.745334] pci 0000:7c:00.0: PCI bridge to [bus 7d]
[    0.745601] pci 0000:7c:00.0:   bridge window [io  0x0000-0x0fff]
[    0.745604] pci 0000:7c:00.0:   bridge window [mem 0xebc00000-0xebdfffff]
[    0.745610] pci 0000:7c:00.0:   bridge window [mem 0x3bffff000000-0x3bffffffffff 64bit pref]
[    0.745652] pci 0000:7c:01.0: PCI bridge to [bus 7e]
[    0.745920] pci 0000:7c:01.0:   bridge window [io  0x0000-0x0fff]
[    0.745923] pci 0000:7c:01.0:   bridge window [mem 0xeba00000-0xebbfffff]
[    0.745929] pci 0000:7c:01.0:   bridge window [mem 0x3bfffe000000-0x3bfffeffffff 64bit pref]
[    0.745968] pci 0000:7c:02.0: PCI bridge to [bus 7f]
[    0.746234] pci 0000:7c:02.0:   bridge window [io  0x0000-0x0fff]
[    0.746238] pci 0000:7c:02.0:   bridge window [mem 0xeb800000-0xeb9fffff]
[    0.746244] pci 0000:7c:02.0:   bridge window [mem 0x3bfffd000000-0x3bfffdffffff 64bit pref]
[    0.746282] pci 0000:7c:03.0: PCI bridge to [bus 80]
[    0.746549] pci 0000:7c:03.0:   bridge window [io  0x0000-0x0fff]
[    0.746553] pci 0000:7c:03.0:   bridge window [mem 0xeb600000-0xeb7fffff]
[    0.746558] pci 0000:7c:03.0:   bridge window [mem 0x3bfffc000000-0x3bfffcffffff 64bit pref]
[    0.746600] pci 0000:7c:04.0: PCI bridge to [bus 81]
[    0.746867] pci 0000:7c:04.0:   bridge window [io  0x0000-0x0fff]
[    0.746870] pci 0000:7c:04.0:   bridge window [mem 0xeb400000-0xeb5fffff]
[    0.746876] pci 0000:7c:04.0:   bridge window [mem 0x3bfffb000000-0x3bfffbffffff 64bit pref]
[    0.746915] pci 0000:7c:05.0: PCI bridge to [bus 82]
[    0.747182] pci 0000:7c:05.0:   bridge window [io  0x0000-0x0fff]
[    0.747185] pci 0000:7c:05.0:   bridge window [mem 0xeb200000-0xeb3fffff]
[    0.747191] pci 0000:7c:05.0:   bridge window [mem 0x3bfffa000000-0x3bfffaffffff 64bit pref]
[    0.747232] pci 0000:7c:06.0: PCI bridge to [bus 83]
[    0.747499] pci 0000:7c:06.0:   bridge window [io  0x0000-0x0fff]
[    0.747502] pci 0000:7c:06.0:   bridge window [mem 0xeb000000-0xeb1fffff]
[    0.747508] pci 0000:7c:06.0:   bridge window [mem 0x3bfff9000000-0x3bfff9ffffff 64bit pref]
[    0.747550] pci 0000:7c:07.0: PCI bridge to [bus 84]
[    0.747817] pci 0000:7c:07.0:   bridge window [io  0x0000-0x0fff]
[    0.747820] pci 0000:7c:07.0:   bridge window [mem 0xeae00000-0xeaffffff]
[    0.747826] pci 0000:7c:07.0:   bridge window [mem 0x3bfff8000000-0x3bfff8ffffff 64bit pref]
[    0.747865] pci 0000:7c:08.0: PCI bridge to [bus 85]
[    0.748004] pci 0000:7c:08.0:   bridge window [io  0x0000-0x0fff]
[    0.748007] pci 0000:7c:08.0:   bridge window [mem 0xeac00000-0xeadfffff]
[    0.748013] pci 0000:7c:08.0:   bridge window [mem 0x3bfff7000000-0x3bfff7ffffff 64bit pref]
[    0.748051] pci 0000:7c:09.0: PCI bridge to [bus 86]
[    0.748318] pci 0000:7c:09.0:   bridge window [io  0x0000-0x0fff]
[    0.748321] pci 0000:7c:09.0:   bridge window [mem 0xeaa00000-0xeabfffff]
[    0.748327] pci 0000:7c:09.0:   bridge window [mem 0x3bfff6000000-0x3bfff6ffffff 64bit pref]
[    0.748365] pci 0000:7c:0a.0: PCI bridge to [bus 87]
[    0.748632] pci 0000:7c:0a.0:   bridge window [io  0x0000-0x0fff]
[    0.748635] pci 0000:7c:0a.0:   bridge window [mem 0xea800000-0xea9fffff]
[    0.748641] pci 0000:7c:0a.0:   bridge window [mem 0x3bfff5000000-0x3bfff5ffffff 64bit pref]
[    0.748682] pci 0000:7c:0b.0: PCI bridge to [bus 88]
[    0.748948] pci 0000:7c:0b.0:   bridge window [io  0x0000-0x0fff]
[    0.748951] pci 0000:7c:0b.0:   bridge window [mem 0xea600000-0xea7fffff]
[    0.748957] pci 0000:7c:0b.0:   bridge window [mem 0x3bfff4000000-0x3bfff4ffffff 64bit pref]
[    0.749000] pci 0000:7c:0c.0: PCI bridge to [bus 89]
[    0.749267] pci 0000:7c:0c.0:   bridge window [io  0x0000-0x0fff]
[    0.749270] pci 0000:7c:0c.0:   bridge window [mem 0xea400000-0xea5fffff]
[    0.749276] pci 0000:7c:0c.0:   bridge window [mem 0x3bfff3000000-0x3bfff3ffffff 64bit pref]
[    0.749314] pci 0000:7c:0d.0: PCI bridge to [bus 8a]
[    0.749581] pci 0000:7c:0d.0:   bridge window [io  0x0000-0x0fff]
[    0.749585] pci 0000:7c:0d.0:   bridge window [mem 0xea200000-0xea3fffff]
[    0.749590] pci 0000:7c:0d.0:   bridge window [mem 0x3bfff2000000-0x3bfff2ffffff 64bit pref]
[    0.749632] pci 0000:7c:0e.0: PCI bridge to [bus 8b]
[    0.749899] pci 0000:7c:0e.0:   bridge window [io  0x0000-0x0fff]
[    0.749902] pci 0000:7c:0e.0:   bridge window [mem 0xea000000-0xea1fffff]
[    0.749908] pci 0000:7c:0e.0:   bridge window [mem 0x3bfff1000000-0x3bfff1ffffff 64bit pref]
[    0.749947] pci 0000:7c:0f.0: PCI bridge to [bus 8c]
[    0.750214] pci 0000:7c:0f.0:   bridge window [io  0x0000-0x0fff]
[    0.750217] pci 0000:7c:0f.0:   bridge window [mem 0xe9e00000-0xe9ffffff]
[    0.750223] pci 0000:7c:0f.0:   bridge window [mem 0x3bfff0000000-0x3bfff0ffffff 64bit pref]
[    0.750426] pci 0000:8d:00.0: [1d0f:bec2] type 01 class 0x060400
[    0.750530] pci 0000:8d:00.0: PME# supported from D0 D3hot D3cold
[    0.750584] pci 0000:7a:02.0: PCI bridge to [bus 8d-ae]
[    0.750864] pci 0000:7a:02.0:   bridge window [mem 0xe5e00000-0xe9dfffff]
[    0.750867] pci 0000:7a:02.0:   bridge window [mem 0x3bffd0000000-0x3bffefffffff 64bit pref]
[    0.751101] pci 0000:8e:00.0: [1d0f:bec2] type 01 class 0x060400
[    0.751213] pci 0000:8e:00.0: PME# supported from D0 D3hot D3cold
[    0.751303] pci 0000:8e:01.0: [1d0f:bec2] type 01 class 0x060400
[    0.751414] pci 0000:8e:01.0: PME# supported from D0 D3hot D3cold
[    0.751499] pci 0000:8e:02.0: [1d0f:bec2] type 01 class 0x060400
[    0.751551] pci 0000:8e:02.0: Max Payload Size set to 256 (was 128, max 256)
[    0.751982] pci 0000:8e:02.0: PME# supported from D0 D3hot D3cold
[    0.752073] pci 0000:8e:03.0: [1d0f:bec2] type 01 class 0x060400
[    0.752125] pci 0000:8e:03.0: Max Payload Size set to 256 (was 128, max 256)
[    0.752556] pci 0000:8e:03.0: PME# supported from D0 D3hot D3cold
[    0.752646] pci 0000:8e:04.0: [1d0f:bec2] type 01 class 0x060400
[    0.752699] pci 0000:8e:04.0: Max Payload Size set to 256 (was 128, max 256)
[    0.753130] pci 0000:8e:04.0: PME# supported from D0 D3hot D3cold
[    0.753220] pci 0000:8e:05.0: [1d0f:bec2] type 01 class 0x060400
[    0.753272] pci 0000:8e:05.0: Max Payload Size set to 256 (was 128, max 256)
[    0.753703] pci 0000:8e:05.0: PME# supported from D0 D3hot D3cold
[    0.753796] pci 0000:8e:06.0: [1d0f:bec2] type 01 class 0x060400
[    0.753848] pci 0000:8e:06.0: Max Payload Size set to 256 (was 128, max 256)
[    0.754278] pci 0000:8e:06.0: PME# supported from D0 D3hot D3cold
[    0.754373] pci 0000:8e:07.0: [1d0f:bec2] type 01 class 0x060400
[    0.754425] pci 0000:8e:07.0: Max Payload Size set to 256 (was 128, max 256)
[    0.754856] pci 0000:8e:07.0: PME# supported from D0 D3hot D3cold
[    0.754953] pci 0000:8e:08.0: [1d0f:bec2] type 01 class 0x060400
[    0.755005] pci 0000:8e:08.0: Max Payload Size set to 256 (was 128, max 256)
[    0.755436] pci 0000:8e:08.0: PME# supported from D0 D3hot D3cold
[    0.755530] pci 0000:8e:09.0: [1d0f:bec2] type 01 class 0x060400
[    0.755582] pci 0000:8e:09.0: Max Payload Size set to 256 (was 128, max 256)
[    0.756013] pci 0000:8e:09.0: PME# supported from D0 D3hot D3cold
[    0.756113] pci 0000:8e:0a.0: [1d0f:bec2] type 01 class 0x060400
[    0.756165] pci 0000:8e:0a.0: Max Payload Size set to 256 (was 128, max 256)
[    0.756595] pci 0000:8e:0a.0: PME# supported from D0 D3hot D3cold
[    0.756696] pci 0000:8e:0b.0: [1d0f:bec2] type 01 class 0x060400
[    0.756748] pci 0000:8e:0b.0: Max Payload Size set to 256 (was 128, max 256)
[    0.757178] pci 0000:8e:0b.0: PME# supported from D0 D3hot D3cold
[    0.757280] pci 0000:8e:0c.0: [1d0f:bec2] type 01 class 0x060400
[    0.757332] pci 0000:8e:0c.0: Max Payload Size set to 256 (was 128, max 256)
[    0.757762] pci 0000:8e:0c.0: PME# supported from D0 D3hot D3cold
[    0.757864] pci 0000:8e:0d.0: [1d0f:bec2] type 01 class 0x060400
[    0.757917] pci 0000:8e:0d.0: Max Payload Size set to 256 (was 128, max 256)
[    0.758348] pci 0000:8e:0d.0: PME# supported from D0 D3hot D3cold
[    0.758453] pci 0000:8e:0e.0: [1d0f:bec2] type 01 class 0x060400
[    0.758506] pci 0000:8e:0e.0: Max Payload Size set to 256 (was 128, max 256)
[    0.758935] pci 0000:8e:0e.0: PME# supported from D0 D3hot D3cold
[    0.759039] pci 0000:8e:0f.0: [1d0f:bec2] type 01 class 0x060400
[    0.759091] pci 0000:8e:0f.0: Max Payload Size set to 256 (was 128, max 256)
[    0.759521] pci 0000:8e:0f.0: PME# supported from D0 D3hot D3cold
[    0.759627] pci 0000:8e:10.0: [1d0f:bec2] type 01 class 0x060400
[    0.759679] pci 0000:8e:10.0: Max Payload Size set to 256 (was 128, max 256)
[    0.760062] pci 0000:8e:10.0: PME# supported from D0 D3hot D3cold
[    0.760166] pci 0000:8e:11.0: [1d0f:bec2] type 01 class 0x060400
[    0.760218] pci 0000:8e:11.0: Max Payload Size set to 256 (was 128, max 256)
[    0.760649] pci 0000:8e:11.0: PME# supported from D0 D3hot D3cold
[    0.760756] pci 0000:8e:12.0: [1d0f:bec2] type 01 class 0x060400
[    0.760808] pci 0000:8e:12.0: Max Payload Size set to 256 (was 128, max 256)
[    0.761238] pci 0000:8e:12.0: PME# supported from D0 D3hot D3cold
[    0.761347] pci 0000:8e:13.0: [1d0f:bec2] type 01 class 0x060400
[    0.761399] pci 0000:8e:13.0: Max Payload Size set to 256 (was 128, max 256)
[    0.761829] pci 0000:8e:13.0: PME# supported from D0 D3hot D3cold
[    0.761940] pci 0000:8e:14.0: [1d0f:bec2] type 01 class 0x060400
[    0.761991] pci 0000:8e:14.0: Max Payload Size set to 256 (was 128, max 256)
[    0.762421] pci 0000:8e:14.0: PME# supported from D0 D3hot D3cold
[    0.762533] pci 0000:8e:15.0: [1d0f:bec2] type 01 class 0x060400
[    0.762585] pci 0000:8e:15.0: Max Payload Size set to 256 (was 128, max 256)
[    0.763016] pci 0000:8e:15.0: PME# supported from D0 D3hot D3cold
[    0.763128] pci 0000:8e:16.0: [1d0f:bec2] type 01 class 0x060400
[    0.763180] pci 0000:8e:16.0: Max Payload Size set to 256 (was 128, max 256)
[    0.763611] pci 0000:8e:16.0: PME# supported from D0 D3hot D3cold
[    0.763725] pci 0000:8e:17.0: [1d0f:bec2] type 01 class 0x060400
[    0.763777] pci 0000:8e:17.0: Max Payload Size set to 256 (was 128, max 256)
[    0.764062] pci 0000:8e:17.0: PME# supported from D0 D3hot D3cold
[    0.764185] pci 0000:8e:18.0: [1d0f:bec2] type 01 class 0x060400
[    0.764237] pci 0000:8e:18.0: Max Payload Size set to 256 (was 128, max 256)
[    0.764668] pci 0000:8e:18.0: PME# supported from D0 D3hot D3cold
[    0.764787] pci 0000:8e:19.0: [1d0f:bec2] type 01 class 0x060400
[    0.764839] pci 0000:8e:19.0: Max Payload Size set to 256 (was 128, max 256)
[    0.765270] pci 0000:8e:19.0: PME# supported from D0 D3hot D3cold
[    0.765390] pci 0000:8e:1a.0: [1d0f:bec2] type 01 class 0x060400
[    0.765442] pci 0000:8e:1a.0: Max Payload Size set to 256 (was 128, max 256)
[    0.765873] pci 0000:8e:1a.0: PME# supported from D0 D3hot D3cold
[    0.765993] pci 0000:8e:1b.0: [1d0f:bec2] type 01 class 0x060400
[    0.766045] pci 0000:8e:1b.0: Max Payload Size set to 256 (was 128, max 256)
[    0.766476] pci 0000:8e:1b.0: PME# supported from D0 D3hot D3cold
[    0.766597] pci 0000:8e:1c.0: [1d0f:bec2] type 01 class 0x060400
[    0.766649] pci 0000:8e:1c.0: Max Payload Size set to 256 (was 128, max 256)
[    0.767079] pci 0000:8e:1c.0: PME# supported from D0 D3hot D3cold
[    0.767202] pci 0000:8e:1d.0: [1d0f:bec2] type 01 class 0x060400
[    0.767254] pci 0000:8e:1d.0: Max Payload Size set to 256 (was 128, max 256)
[    0.767684] pci 0000:8e:1d.0: PME# supported from D0 D3hot D3cold
[    0.767808] pci 0000:8e:1e.0: [1d0f:bec2] type 01 class 0x060400
[    0.767860] pci 0000:8e:1e.0: Max Payload Size set to 256 (was 128, max 256)
[    0.768062] pci 0000:8e:1e.0: PME# supported from D0 D3hot D3cold
[    0.768188] pci 0000:8e:1f.0: [1d0f:bec2] type 01 class 0x060400
[    0.768240] pci 0000:8e:1f.0: Max Payload Size set to 256 (was 128, max 256)
[    0.768670] pci 0000:8e:1f.0: PME# supported from D0 D3hot D3cold
[    0.768784] pci 0000:8d:00.0: PCI bridge to [bus 8e-ae]
[    0.769066] pci 0000:8d:00.0:   bridge window [io  0x0000-0x0fff]
[    0.769069] pci 0000:8d:00.0:   bridge window [mem 0xe5e00000-0xe9dfffff]
[    0.769075] pci 0000:8d:00.0:   bridge window [mem 0x3bffd0000000-0x3bffefffffff 64bit pref]
[    0.769131] pci 0000:8f:00.0: [1d0f:8250] type 00 class 0x070003
[    0.769162] pci 0000:8f:00.0: reg 0x10: [mem 0xe9c00000-0xe9c03fff]
[    0.769293] pci 0000:8f:00.0: PME# supported from D0
[    0.769345] pci 0000:8e:00.0: PCI bridge to [bus 8f]
[    0.769615] pci 0000:8e:00.0:   bridge window [io  0x0000-0x0fff]
[    0.769618] pci 0000:8e:00.0:   bridge window [mem 0xe9c00000-0xe9dfffff]
[    0.769624] pci 0000:8e:00.0:   bridge window [mem 0x3bffef000000-0x3bffefffffff 64bit pref]
[    0.769679] pci 0000:90:00.0: [1d0f:0061] type 00 class 0x010802
[    0.769711] pci 0000:90:00.0: reg 0x10: [mem 0xe9a00000-0xe9bfffff 64bit]
[    0.769832] pci 0000:90:00.0: PME# supported from D0
[    0.769893] pci 0000:8e:01.0: PCI bridge to [bus 90]
[    0.770163] pci 0000:8e:01.0:   bridge window [io  0x0000-0x0fff]
[    0.770167] pci 0000:8e:01.0:   bridge window [mem 0xe9a00000-0xe9bfffff]
[    0.770172] pci 0000:8e:01.0:   bridge window [mem 0x3bffee000000-0x3bffeeffffff 64bit pref]
[    0.770212] pci 0000:8e:02.0: PCI bridge to [bus 91]
[    0.770481] pci 0000:8e:02.0:   bridge window [io  0x0000-0x0fff]
[    0.770484] pci 0000:8e:02.0:   bridge window [mem 0xe9800000-0xe99fffff]
[    0.770490] pci 0000:8e:02.0:   bridge window [mem 0x3bffed000000-0x3bffedffffff 64bit pref]
[    0.770528] pci 0000:8e:03.0: PCI bridge to [bus 92]
[    0.770798] pci 0000:8e:03.0:   bridge window [io  0x0000-0x0fff]
[    0.770801] pci 0000:8e:03.0:   bridge window [mem 0xe9600000-0xe97fffff]
[    0.770807] pci 0000:8e:03.0:   bridge window [mem 0x3bffec000000-0x3bffecffffff 64bit pref]
[    0.770847] pci 0000:8e:04.0: PCI bridge to [bus 93]
[    0.771116] pci 0000:8e:04.0:   bridge window [io  0x0000-0x0fff]
[    0.771120] pci 0000:8e:04.0:   bridge window [mem 0xe9400000-0xe95fffff]
[    0.771125] pci 0000:8e:04.0:   bridge window [mem 0x3bffeb000000-0x3bffebffffff 64bit pref]
[    0.771164] pci 0000:8e:05.0: PCI bridge to [bus 94]
[    0.771432] pci 0000:8e:05.0:   bridge window [io  0x0000-0x0fff]
[    0.771435] pci 0000:8e:05.0:   bridge window [mem 0xe9200000-0xe93fffff]
[    0.771441] pci 0000:8e:05.0:   bridge window [mem 0x3bffea000000-0x3bffeaffffff 64bit pref]
[    0.771480] pci 0000:8e:06.0: PCI bridge to [bus 95]
[    0.771748] pci 0000:8e:06.0:   bridge window [io  0x0000-0x0fff]
[    0.771751] pci 0000:8e:06.0:   bridge window [mem 0xe9000000-0xe91fffff]
[    0.771757] pci 0000:8e:06.0:   bridge window [mem 0x3bffe9000000-0x3bffe9ffffff 64bit pref]
[    0.771797] pci 0000:8e:07.0: PCI bridge to [bus 96]
[    0.772006] pci 0000:8e:07.0:   bridge window [io  0x0000-0x0fff]
[    0.772009] pci 0000:8e:07.0:   bridge window [mem 0xe8e00000-0xe8ffffff]
[    0.772015] pci 0000:8e:07.0:   bridge window [mem 0x3bffe8000000-0x3bffe8ffffff 64bit pref]
[    0.772054] pci 0000:8e:08.0: PCI bridge to [bus 97]
[    0.772324] pci 0000:8e:08.0:   bridge window [io  0x0000-0x0fff]
[    0.772327] pci 0000:8e:08.0:   bridge window [mem 0xe8c00000-0xe8dfffff]
[    0.772332] pci 0000:8e:08.0:   bridge window [mem 0x3bffe7000000-0x3bffe7ffffff 64bit pref]
[    0.772371] pci 0000:8e:09.0: PCI bridge to [bus 98]
[    0.772640] pci 0000:8e:09.0:   bridge window [io  0x0000-0x0fff]
[    0.772643] pci 0000:8e:09.0:   bridge window [mem 0xe8a00000-0xe8bfffff]
[    0.772649] pci 0000:8e:09.0:   bridge window [mem 0x3bffe6000000-0x3bffe6ffffff 64bit pref]
[    0.772688] pci 0000:8e:0a.0: PCI bridge to [bus 99]
[    0.772957] pci 0000:8e:0a.0:   bridge window [io  0x0000-0x0fff]
[    0.772961] pci 0000:8e:0a.0:   bridge window [mem 0xe8800000-0xe89fffff]
[    0.772966] pci 0000:8e:0a.0:   bridge window [mem 0x3bffe5000000-0x3bffe5ffffff 64bit pref]
[    0.773007] pci 0000:8e:0b.0: PCI bridge to [bus 9a]
[    0.773276] pci 0000:8e:0b.0:   bridge window [io  0x0000-0x0fff]
[    0.773279] pci 0000:8e:0b.0:   bridge window [mem 0xe8600000-0xe87fffff]
[    0.773284] pci 0000:8e:0b.0:   bridge window [mem 0x3bffe4000000-0x3bffe4ffffff 64bit pref]
[    0.773323] pci 0000:8e:0c.0: PCI bridge to [bus 9b]
[    0.773592] pci 0000:8e:0c.0:   bridge window [io  0x0000-0x0fff]
[    0.773595] pci 0000:8e:0c.0:   bridge window [mem 0xe8400000-0xe85fffff]
[    0.773601] pci 0000:8e:0c.0:   bridge window [mem 0x3bffe3000000-0x3bffe3ffffff 64bit pref]
[    0.773639] pci 0000:8e:0d.0: PCI bridge to [bus 9c]
[    0.773909] pci 0000:8e:0d.0:   bridge window [io  0x0000-0x0fff]
[    0.773912] pci 0000:8e:0d.0:   bridge window [mem 0xe8200000-0xe83fffff]
[    0.773917] pci 0000:8e:0d.0:   bridge window [mem 0x3bffe2000000-0x3bffe2ffffff 64bit pref]
[    0.773957] pci 0000:8e:0e.0: PCI bridge to [bus 9d]
[    0.774227] pci 0000:8e:0e.0:   bridge window [io  0x0000-0x0fff]
[    0.774230] pci 0000:8e:0e.0:   bridge window [mem 0xe8000000-0xe81fffff]
[    0.774235] pci 0000:8e:0e.0:   bridge window [mem 0x3bffe1000000-0x3bffe1ffffff 64bit pref]
[    0.774274] pci 0000:8e:0f.0: PCI bridge to [bus 9e]
[    0.774543] pci 0000:8e:0f.0:   bridge window [io  0x0000-0x0fff]
[    0.774546] pci 0000:8e:0f.0:   bridge window [mem 0xe7e00000-0xe7ffffff]
[    0.774552] pci 0000:8e:0f.0:   bridge window [mem 0x3bffe0000000-0x3bffe0ffffff 64bit pref]
[    0.774590] pci 0000:8e:10.0: PCI bridge to [bus 9f]
[    0.774859] pci 0000:8e:10.0:   bridge window [io  0x0000-0x0fff]
[    0.774862] pci 0000:8e:10.0:   bridge window [mem 0xe7c00000-0xe7dfffff]
[    0.774868] pci 0000:8e:10.0:   bridge window [mem 0x3bffdf000000-0x3bffdfffffff 64bit pref]
[    0.774909] pci 0000:8e:11.0: PCI bridge to [bus a0]
[    0.775179] pci 0000:8e:11.0:   bridge window [io  0x0000-0x0fff]
[    0.775182] pci 0000:8e:11.0:   bridge window [mem 0xe7a00000-0xe7bfffff]
[    0.775187] pci 0000:8e:11.0:   bridge window [mem 0x3bffde000000-0x3bffdeffffff 64bit pref]
[    0.775226] pci 0000:8e:12.0: PCI bridge to [bus a1]
[    0.775495] pci 0000:8e:12.0:   bridge window [io  0x0000-0x0fff]
[    0.775498] pci 0000:8e:12.0:   bridge window [mem 0xe7800000-0xe79fffff]
[    0.775504] pci 0000:8e:12.0:   bridge window [mem 0x3bffdd000000-0x3bffddffffff 64bit pref]
[    0.775544] pci 0000:8e:13.0: PCI bridge to [bus a2]
[    0.775812] pci 0000:8e:13.0:   bridge window [io  0x0000-0x0fff]
[    0.775816] pci 0000:8e:13.0:   bridge window [mem 0xe7600000-0xe77fffff]
[    0.775821] pci 0000:8e:13.0:   bridge window [mem 0x3bffdc000000-0x3bffdcffffff 64bit pref]
[    0.775861] pci 0000:8e:14.0: PCI bridge to [bus a3]
[    0.776006] pci 0000:8e:14.0:   bridge window [io  0x0000-0x0fff]
[    0.776009] pci 0000:8e:14.0:   bridge window [mem 0xe7400000-0xe75fffff]
[    0.776015] pci 0000:8e:14.0:   bridge window [mem 0x3bffdb000000-0x3bffdbffffff 64bit pref]
[    0.776054] pci 0000:8e:15.0: PCI bridge to [bus a4]
[    0.776322] pci 0000:8e:15.0:   bridge window [io  0x0000-0x0fff]
[    0.776326] pci 0000:8e:15.0:   bridge window [mem 0xe7200000-0xe73fffff]
[    0.776331] pci 0000:8e:15.0:   bridge window [mem 0x3bffda000000-0x3bffdaffffff 64bit pref]
[    0.776370] pci 0000:8e:16.0: PCI bridge to [bus a5]
[    0.776639] pci 0000:8e:16.0:   bridge window [io  0x0000-0x0fff]
[    0.776642] pci 0000:8e:16.0:   bridge window [mem 0xe7000000-0xe71fffff]
[    0.776648] pci 0000:8e:16.0:   bridge window [mem 0x3bffd9000000-0x3bffd9ffffff 64bit pref]
[    0.776688] pci 0000:8e:17.0: PCI bridge to [bus a6]
[    0.776957] pci 0000:8e:17.0:   bridge window [io  0x0000-0x0fff]
[    0.776960] pci 0000:8e:17.0:   bridge window [mem 0xe6e00000-0xe6ffffff]
[    0.776966] pci 0000:8e:17.0:   bridge window [mem 0x3bffd8000000-0x3bffd8ffffff 64bit pref]
[    0.777004] pci 0000:8e:18.0: PCI bridge to [bus a7]
[    0.777274] pci 0000:8e:18.0:   bridge window [io  0x0000-0x0fff]
[    0.777277] pci 0000:8e:18.0:   bridge window [mem 0xe6c00000-0xe6dfffff]
[    0.777283] pci 0000:8e:18.0:   bridge window [mem 0x3bffd7000000-0x3bffd7ffffff 64bit pref]
[    0.777322] pci 0000:8e:19.0: PCI bridge to [bus a8]
[    0.777591] pci 0000:8e:19.0:   bridge window [io  0x0000-0x0fff]
[    0.777594] pci 0000:8e:19.0:   bridge window [mem 0xe6a00000-0xe6bfffff]
[    0.777600] pci 0000:8e:19.0:   bridge window [mem 0x3bffd6000000-0x3bffd6ffffff 64bit pref]
[    0.777641] pci 0000:8e:1a.0: PCI bridge to [bus a9]
[    0.777910] pci 0000:8e:1a.0:   bridge window [io  0x0000-0x0fff]
[    0.777913] pci 0000:8e:1a.0:   bridge window [mem 0xe6800000-0xe69fffff]
[    0.777919] pci 0000:8e:1a.0:   bridge window [mem 0x3bffd5000000-0x3bffd5ffffff 64bit pref]
[    0.777958] pci 0000:8e:1b.0: PCI bridge to [bus aa]
[    0.778227] pci 0000:8e:1b.0:   bridge window [io  0x0000-0x0fff]
[    0.778230] pci 0000:8e:1b.0:   bridge window [mem 0xe6600000-0xe67fffff]
[    0.778236] pci 0000:8e:1b.0:   bridge window [mem 0x3bffd4000000-0x3bffd4ffffff 64bit pref]
[    0.778274] pci 0000:8e:1c.0: PCI bridge to [bus ab]
[    0.778544] pci 0000:8e:1c.0:   bridge window [io  0x0000-0x0fff]
[    0.778547] pci 0000:8e:1c.0:   bridge window [mem 0xe6400000-0xe65fffff]
[    0.778552] pci 0000:8e:1c.0:   bridge window [mem 0x3bffd3000000-0x3bffd3ffffff 64bit pref]
[    0.778591] pci 0000:8e:1d.0: PCI bridge to [bus ac]
[    0.778860] pci 0000:8e:1d.0:   bridge window [io  0x0000-0x0fff]
[    0.778863] pci 0000:8e:1d.0:   bridge window [mem 0xe6200000-0xe63fffff]
[    0.778869] pci 0000:8e:1d.0:   bridge window [mem 0x3bffd2000000-0x3bffd2ffffff 64bit pref]
[    0.778910] pci 0000:8e:1e.0: PCI bridge to [bus ad]
[    0.779179] pci 0000:8e:1e.0:   bridge window [io  0x0000-0x0fff]
[    0.779182] pci 0000:8e:1e.0:   bridge window [mem 0xe6000000-0xe61fffff]
[    0.779188] pci 0000:8e:1e.0:   bridge window [mem 0x3bffd1000000-0x3bffd1ffffff 64bit pref]
[    0.779227] pci 0000:8e:1f.0: PCI bridge to [bus ae]
[    0.779496] pci 0000:8e:1f.0:   bridge window [io  0x0000-0x0fff]
[    0.779499] pci 0000:8e:1f.0:   bridge window [mem 0xe5e00000-0xe5ffffff]
[    0.779505] pci 0000:8e:1f.0:   bridge window [mem 0x3bffd0000000-0x3bffd0ffffff 64bit pref]
[    0.779693] pci_bus 0000:7a: on NUMA node 0
[    0.779969] ACPI: PCI Root Bridge [PC06] (domain 0000 [bus c0-c1])
[    0.780003] acpi PNP0A08:06: _OSC: OS supports [ExtendedConfig ASPM ClockPM Segments MSI]
[    0.780725] acpi PNP0A08:06: _OSC: platform does not support [AER]
[    0.781283] acpi PNP0A08:06: _OSC: OS now controls [PCIeHotplug PME PCIeCapability]
[    0.781820] acpiphp: Slot [8191-10] registered
[    0.782094] PCI host bridge to bus 0000:c0
[    0.782314] pci_bus 0000:c0: root bus resource [io  0xa000-0xbfff window]
[    0.782666] pci_bus 0000:c0: root bus resource [mem 0xec000000-0xecffffff window]
[    0.783053] pci_bus 0000:c0: root bus resource [mem 0x3c0000000000-0x3cffffffffff window]
[    0.783476] pci_bus 0000:c0: root bus resource [bus c0-c1]
[    0.783770] pci 0000:c0:04.0: [8086:2021] type 00 class 0x088000
[    0.783783] pci 0000:c0:04.0: reg 0x10: [mem 0x3cfffff1c000-0x3cfffff1ffff 64bit]
[    0.783866] pci 0000:c0:04.1: [8086:2021] type 00 class 0x088000
[    0.783878] pci 0000:c0:04.1: reg 0x10: [mem 0x3cfffff18000-0x3cfffff1bfff 64bit]
[    0.783958] pci 0000:c0:04.2: [8086:2021] type 00 class 0x088000
[    0.783970] pci 0000:c0:04.2: reg 0x10: [mem 0x3cfffff14000-0x3cfffff17fff 64bit]
[    0.784051] pci 0000:c0:04.3: [8086:2021] type 00 class 0x088000
[    0.784063] pci 0000:c0:04.3: reg 0x10: [mem 0x3cfffff10000-0x3cfffff13fff 64bit]
[    0.784142] pci 0000:c0:04.4: [8086:2021] type 00 class 0x088000
[    0.784154] pci 0000:c0:04.4: reg 0x10: [mem 0x3cfffff0c000-0x3cfffff0ffff 64bit]
[    0.784233] pci 0000:c0:04.5: [8086:2021] type 00 class 0x088000
[    0.784245] pci 0000:c0:04.5: reg 0x10: [mem 0x3cfffff08000-0x3cfffff0bfff 64bit]
[    0.784327] pci 0000:c0:04.6: [8086:2021] type 00 class 0x088000
[    0.784338] pci 0000:c0:04.6: reg 0x10: [mem 0x3cfffff04000-0x3cfffff07fff 64bit]
[    0.784418] pci 0000:c0:04.7: [8086:2021] type 00 class 0x088000
[    0.784429] pci 0000:c0:04.7: reg 0x10: [mem 0x3cfffff00000-0x3cfffff03fff 64bit]
[    0.784506] pci 0000:c0:05.0: [8086:2024] type 00 class 0x088000
[    0.784581] pci 0000:c0:05.2: [8086:2025] type 00 class 0x088000
[    0.784654] pci 0000:c0:05.4: [8086:2026] type 00 class 0x080020
[    0.784663] pci 0000:c0:05.4: reg 0x10: [mem 0xecf00000-0xecf00fff]
[    0.784740] pci 0000:c0:08.0: [8086:2014] type 00 class 0x088000
[    0.784804] pci 0000:c0:08.1: [8086:2015] type 00 class 0x110100
[    0.784855] pci 0000:c0:08.2: [8086:2016] type 00 class 0x088000
[    0.784929] pci_bus 0000:c0: on NUMA node 1
[    0.785017] ACPI: PCI Root Bridge [PC07] (domain 0000 [bus c2-e5])
[    0.785344] acpi PNP0A08:07: _OSC: OS supports [ExtendedConfig ASPM ClockPM Segments MSI]
[    0.786334] acpi PNP0A08:07: _OSC: platform does not support [AER]
[    0.786941] acpi PNP0A08:07: _OSC: OS now controls [PCIeHotplug PME PCIeCapability]
[    0.787511] acpiphp: Slot [8191-14] registered
[    0.787768] acpiphp: Slot [8191-9] registered
[    0.788021] acpiphp: Slot [8191-11] registered
[    0.788278] acpiphp: Slot [8191-12] registered
[    0.788563] PCI host bridge to bus 0000:c2
[    0.788784] pci_bus 0000:c2: root bus resource [io  0xc000-0xdfff window]
[    0.789135] pci_bus 0000:c2: root bus resource [mem 0xed000000-0xf5ffffff window]
[    0.789522] pci_bus 0000:c2: root bus resource [mem 0x3d0000000000-0x3dffffffffff window]
[    0.789945] pci_bus 0000:c2: root bus resource [bus c2-e5]
[    0.790239] pci 0000:c2:05.0: [8086:2034] type 00 class 0x088000
[    0.790324] pci 0000:c2:05.2: [8086:2035] type 00 class 0x088000
[    0.790406] pci 0000:c2:05.4: [8086:2036] type 00 class 0x080020
[    0.790415] pci 0000:c2:05.4: reg 0x10: [mem 0xf5f00000-0xf5f00fff]
[    0.790497] pci 0000:c2:08.0: [8086:208d] type 00 class 0x088000
[    0.790560] pci 0000:c2:08.1: [8086:208d] type 00 class 0x088000
[    0.790616] pci 0000:c2:08.2: [8086:208d] type 00 class 0x088000
[    0.790674] pci 0000:c2:08.3: [8086:208d] type 00 class 0x088000
[    0.790732] pci 0000:c2:08.4: [8086:208d] type 00 class 0x088000
[    0.790789] pci 0000:c2:08.5: [8086:208d] type 00 class 0x088000
[    0.790847] pci 0000:c2:08.6: [8086:208d] type 00 class 0x088000
[    0.790904] pci 0000:c2:08.7: [8086:208d] type 00 class 0x088000
[    0.790961] pci 0000:c2:09.0: [8086:208d] type 00 class 0x088000
[    0.791022] pci 0000:c2:09.1: [8086:208d] type 00 class 0x088000
[    0.791078] pci 0000:c2:09.2: [8086:208d] type 00 class 0x088000
[    0.791136] pci 0000:c2:09.3: [8086:208d] type 00 class 0x088000
[    0.791193] pci 0000:c2:09.4: [8086:208d] type 00 class 0x088000
[    0.791252] pci 0000:c2:09.5: [8086:208d] type 00 class 0x088000
[    0.791308] pci 0000:c2:09.6: [8086:208d] type 00 class 0x088000
[    0.791367] pci 0000:c2:09.7: [8086:208d] type 00 class 0x088000
[    0.791426] pci 0000:c2:0a.0: [8086:208d] type 00 class 0x088000
[    0.791485] pci 0000:c2:0a.1: [8086:208d] type 00 class 0x088000
[    0.791544] pci 0000:c2:0a.2: [8086:208d] type 00 class 0x088000
[    0.791603] pci 0000:c2:0a.3: [8086:208d] type 00 class 0x088000
[    0.791661] pci 0000:c2:0a.4: [8086:208d] type 00 class 0x088000
[    0.791721] pci 0000:c2:0a.5: [8086:208d] type 00 class 0x088000
[    0.791778] pci 0000:c2:0a.6: [8086:208d] type 00 class 0x088000
[    0.791837] pci 0000:c2:0a.7: [8086:208d] type 00 class 0x088000
[    0.791894] pci 0000:c2:0b.0: [8086:208d] type 00 class 0x088000
[    0.791955] pci 0000:c2:0b.1: [8086:208d] type 00 class 0x088000
[    0.792013] pci 0000:c2:0b.2: [8086:208d] type 00 class 0x088000
[    0.792070] pci 0000:c2:0b.3: [8086:208d] type 00 class 0x088000
[    0.792133] pci 0000:c2:0e.0: [8086:208e] type 00 class 0x088000
[    0.792193] pci 0000:c2:0e.1: [8086:208e] type 00 class 0x088000
[    0.792252] pci 0000:c2:0e.2: [8086:208e] type 00 class 0x088000
[    0.792308] pci 0000:c2:0e.3: [8086:208e] type 00 class 0x088000
[    0.792367] pci 0000:c2:0e.4: [8086:208e] type 00 class 0x088000
[    0.792425] pci 0000:c2:0e.5: [8086:208e] type 00 class 0x088000
[    0.792481] pci 0000:c2:0e.6: [8086:208e] type 00 class 0x088000
[    0.792539] pci 0000:c2:0e.7: [8086:208e] type 00 class 0x088000
[    0.792596] pci 0000:c2:0f.0: [8086:208e] type 00 class 0x088000
[    0.792657] pci 0000:c2:0f.1: [8086:208e] type 00 class 0x088000
[    0.792716] pci 0000:c2:0f.2: [8086:208e] type 00 class 0x088000
[    0.792772] pci 0000:c2:0f.3: [8086:208e] type 00 class 0x088000
[    0.792831] pci 0000:c2:0f.4: [8086:208e] type 00 class 0x088000
[    0.792888] pci 0000:c2:0f.5: [8086:208e] type 00 class 0x088000
[    0.792946] pci 0000:c2:0f.6: [8086:208e] type 00 class 0x088000
[    0.793005] pci 0000:c2:0f.7: [8086:208e] type 00 class 0x088000
[    0.793062] pci 0000:c2:10.0: [8086:208e] type 00 class 0x088000
[    0.793123] pci 0000:c2:10.1: [8086:208e] type 00 class 0x088000
[    0.793188] pci 0000:c2:10.2: [8086:208e] type 00 class 0x088000
[    0.793247] pci 0000:c2:10.3: [8086:208e] type 00 class 0x088000
[    0.793304] pci 0000:c2:10.4: [8086:208e] type 00 class 0x088000
[    0.793364] pci 0000:c2:10.5: [8086:208e] type 00 class 0x088000
[    0.793422] pci 0000:c2:10.6: [8086:208e] type 00 class 0x088000
[    0.793479] pci 0000:c2:10.7: [8086:208e] type 00 class 0x088000
[    0.793538] pci 0000:c2:11.0: [8086:208e] type 00 class 0x088000
[    0.793598] pci 0000:c2:11.1: [8086:208e] type 00 class 0x088000
[    0.793657] pci 0000:c2:11.2: [8086:208e] type 00 class 0x088000
[    0.793715] pci 0000:c2:11.3: [8086:208e] type 00 class 0x088000
[    0.793787] pci 0000:c2:1d.0: [8086:2054] type 00 class 0x088000
[    0.793849] pci 0000:c2:1d.1: [8086:2055] type 00 class 0x088000
[    0.793907] pci 0000:c2:1d.2: [8086:2056] type 00 class 0x088000
[    0.793966] pci 0000:c2:1d.3: [8086:2057] type 00 class 0x088000
[    0.794029] pci 0000:c2:1e.0: [8086:2080] type 00 class 0x088000
[    0.794090] pci 0000:c2:1e.1: [8086:2081] type 00 class 0x088000
[    0.794148] pci 0000:c2:1e.2: [8086:2082] type 00 class 0x088000
[    0.794205] pci 0000:c2:1e.3: [8086:2083] type 00 class 0x088000
[    0.794265] pci 0000:c2:1e.4: [8086:2084] type 00 class 0x088000
[    0.794322] pci 0000:c2:1e.5: [8086:2085] type 00 class 0x088000
[    0.794381] pci 0000:c2:1e.6: [8086:2086] type 00 class 0x088000
[    0.794441] pci_bus 0000:c2: on NUMA node 1
[    0.794600] ACPI: PCI Root Bridge [PC08] (domain 0000 [bus e6-f2])
[    0.794928] acpi PNP0A08:08: _OSC: OS supports [ExtendedConfig ASPM ClockPM Segments MSI]
[    0.795841] acpi PNP0A08:08: _OSC: platform does not support [AER]
[    0.796282] acpi PNP0A08:08: _OSC: OS now controls [PCIeHotplug PME PCIeCapability]
[    0.796843] acpiphp: Slot [9] registered
[    0.797078] acpiphp: Slot [8191-17] registered
[    0.797338] acpiphp: Slot [8191-13] registered
[    0.797597] acpiphp: Slot [8191-15] registered
[    0.797864] PCI host bridge to bus 0000:e6
[    0.798085] pci_bus 0000:e6: root bus resource [io  0xe000-0xefff window]
[    0.798437] pci_bus 0000:e6: root bus resource [mem 0xf6000000-0xf8ffffff window]
[    0.798824] pci_bus 0000:e6: root bus resource [mem 0x3e0000000000-0x3effffffffff window]
[    0.799246] pci_bus 0000:e6: root bus resource [bus e6-f2]
[    0.799539] pci 0000:e6:00.0: [8086:2030] type 01 class 0x060400
[    0.799565] pci 0000:e6:00.0: enabling Extended Tags
[    0.799860] pci 0000:e6:00.0: PME# supported from D0 D3hot D3cold
[    0.799939] pci 0000:e6:05.0: [8086:2034] type 00 class 0x088000
[    0.800017] pci 0000:e6:05.2: [8086:2035] type 00 class 0x088000
[    0.800092] pci 0000:e6:05.4: [8086:2036] type 00 class 0x080020
[    0.800102] pci 0000:e6:05.4: reg 0x10: [mem 0xf8f00000-0xf8f00fff]
[    0.800180] pci 0000:e6:08.0: [8086:2066] type 00 class 0x088000
[    0.800249] pci 0000:e6:09.0: [8086:2066] type 00 class 0x088000
[    0.800321] pci 0000:e6:0a.0: [8086:2040] type 00 class 0x088000
[    0.800388] pci 0000:e6:0a.1: [8086:2041] type 00 class 0x088000
[    0.800451] pci 0000:e6:0a.2: [8086:2042] type 00 class 0x088000
[    0.800516] pci 0000:e6:0a.3: [8086:2043] type 00 class 0x088000
[    0.800583] pci 0000:e6:0a.4: [8086:2044] type 00 class 0x088000
[    0.800645] pci 0000:e6:0a.5: [8086:2045] type 00 class 0x088000
[    0.800709] pci 0000:e6:0a.6: [8086:2046] type 00 class 0x088000
[    0.800774] pci 0000:e6:0a.7: [8086:2047] type 00 class 0x088000
[    0.800837] pci 0000:e6:0b.0: [8086:2048] type 00 class 0x088000
[    0.800905] pci 0000:e6:0b.1: [8086:2049] type 00 class 0x088000
[    0.800970] pci 0000:e6:0b.2: [8086:204a] type 00 class 0x088000
[    0.801032] pci 0000:e6:0b.3: [8086:204b] type 00 class 0x088000
[    0.801100] pci 0000:e6:0c.0: [8086:2040] type 00 class 0x088000
[    0.801171] pci 0000:e6:0c.1: [8086:2041] type 00 class 0x088000
[    0.801235] pci 0000:e6:0c.2: [8086:2042] type 00 class 0x088000
[    0.801301] pci 0000:e6:0c.3: [8086:2043] type 00 class 0x088000
[    0.801365] pci 0000:e6:0c.4: [8086:2044] type 00 class 0x088000
[    0.801432] pci 0000:e6:0c.5: [8086:2045] type 00 class 0x088000
[    0.801499] pci 0000:e6:0c.6: [8086:2046] type 00 class 0x088000
[    0.801563] pci 0000:e6:0c.7: [8086:2047] type 00 class 0x088000
[    0.801630] pci 0000:e6:0d.0: [8086:2048] type 00 class 0x088000
[    0.801700] pci 0000:e6:0d.1: [8086:2049] type 00 class 0x088000
[    0.801764] pci 0000:e6:0d.2: [8086:204a] type 00 class 0x088000
[    0.801831] pci 0000:e6:0d.3: [8086:204b] type 00 class 0x088000
[    0.801959] pci 0000:e7:00.0: [1d0f:cd00] type 00 class 0x010802
[    0.801999] pci 0000:e7:00.0: reg 0x10: [mem 0xf8e04000-0xf8e07fff 64bit]
[    0.802122] pci 0000:e7:00.0: PME# supported from D0
[    0.802197] pci 0000:e7:00.1: [1d0f:cd00] type 00 class 0x010802
[    0.802233] pci 0000:e7:00.1: reg 0x10: [mem 0xf8e00000-0xf8e03fff 64bit]
[    0.802351] pci 0000:e7:00.1: PME# supported from D0
[    0.802421] pci 0000:e6:00.0: PCI bridge to [bus e7]
[    0.802688] pci 0000:e6:00.0:   bridge window [mem 0xf8e00000-0xf8efffff]
[    0.802696] pci_bus 0000:e6: on NUMA node 1
[    0.802810] ACPI: PCI Root Bridge [PC09] (domain 0000 [bus f3-ff])
[    0.803137] acpi PNP0A08:09: _OSC: OS supports [ExtendedConfig ASPM ClockPM Segments MSI]
[    0.804048] acpi PNP0A08:09: _OSC: platform does not support [AER]
[    0.804653] acpi PNP0A08:09: _OSC: OS now controls [PCIeHotplug PME PCIeCapability]
[    0.805220] acpiphp: Slot [8191-21] registered
[    0.805481] acpiphp: Slot [8191-16] registered
[    0.805739] acpiphp: Slot [8191-18] registered
[    0.805998] acpiphp: Slot [8191-19] registered
[    0.806259] PCI host bridge to bus 0000:f3
[    0.806480] pci_bus 0000:f3: root bus resource [io  0xf000-0xffff window]
[    0.806831] pci_bus 0000:f3: root bus resource [mem 0xf9000000-0xfbffffff window]
[    0.807218] pci_bus 0000:f3: root bus resource [mem 0x3f0000000000-0x3fffffffffff window]
[    0.807640] pci_bus 0000:f3: root bus resource [bus f3-ff]
[    0.807935] pci 0000:f3:05.0: [8086:2034] type 00 class 0x088000
[    0.808015] pci 0000:f3:05.2: [8086:2035] type 00 class 0x088000
[    0.808094] pci 0000:f3:05.4: [8086:2036] type 00 class 0x080020
[    0.808104] pci 0000:f3:05.4: reg 0x10: [mem 0xfbf00000-0xfbf00fff]
[    0.808188] pci 0000:f3:0e.0: [8086:2058] type 00 class 0x110100
[    0.808256] pci 0000:f3:0e.1: [8086:2059] type 00 class 0x088000
[    0.808323] pci 0000:f3:0f.0: [8086:2058] type 00 class 0x110100
[    0.808391] pci 0000:f3:0f.1: [8086:2059] type 00 class 0x088000
