[    0.000000] Linux version 4.15.0-1035-aws (buildd@lcy01-amd64-005) (gcc version 7.3.0 (Ubuntu 7.3.0-16ubuntu3)) #37-Ubuntu SMP Mon Mar 18 16:15:14 UTC 2019 (Ubuntu 4.15.0-1035.37-aws 4.15.18)
[    0.000000] Command line: BOOT_IMAGE=/boot/vmlinuz-4.15.0-1035-aws root=UUID=cff99495-4abf-46b6-af32-df1478a88ffe ro console=tty1 console=ttyS0 nvme_core.io_timeout=4294967295
[    0.000000] KERNEL supported cpus:
[    0.000000]   Intel GenuineIntel
[    0.000000]   AMD AuthenticAMD
[    0.000000]   Centaur CentaurHauls
[    0.000000] x86/fpu: Supporting XSAVE feature 0x001: 'x87 floating point registers'
[    0.000000] x86/fpu: Supporting XSAVE feature 0x002: 'SSE registers'
[    0.000000] x86/fpu: Supporting XSAVE feature 0x004: 'AVX registers'
[    0.000000] x86/fpu: Supporting XSAVE feature 0x008: 'MPX bounds registers'
[    0.000000] x86/fpu: Supporting XSAVE feature 0x010: 'MPX CSR'
[    0.000000] x86/fpu: Supporting XSAVE feature 0x020: 'AVX-512 opmask'
[    0.000000] x86/fpu: Supporting XSAVE feature 0x040: 'AVX-512 Hi256'
[    0.000000] x86/fpu: Supporting XSAVE feature 0x080: 'AVX-512 ZMM_Hi256'
[    0.000000] x86/fpu: Supporting XSAVE feature 0x200: 'Protection Keys User registers'
[    0.000000] x86/fpu: xstate_offset[2]:  576, xstate_sizes[2]:  256
[    0.000000] x86/fpu: xstate_offset[3]:  832, xstate_sizes[3]:   64
[    0.000000] x86/fpu: xstate_offset[4]:  896, xstate_sizes[4]:   64
[    0.000000] x86/fpu: xstate_offset[5]:  960, xstate_sizes[5]:   64
[    0.000000] x86/fpu: xstate_offset[6]: 1024, xstate_sizes[6]:  512
[    0.000000] x86/fpu: xstate_offset[7]: 1536, xstate_sizes[7]: 1024
[    0.000000] x86/fpu: xstate_offset[9]: 2560, xstate_sizes[9]:    8
[    0.000000] x86/fpu: Enabled xstate features 0x2ff, context size is 2568 bytes, using 'compacted' format.
[    0.000000] e820: BIOS-provided physical RAM map:
[    0.000000] BIOS-e820: [mem 0x0000000000000000-0x000000000009ebff] usable
[    0.000000] BIOS-e820: [mem 0x000000000009ec00-0x000000000009ffff] reserved
[    0.000000] BIOS-e820: [mem 0x00000000000e0000-0x00000000000fffff] reserved
[    0.000000] BIOS-e820: [mem 0x0000000000100000-0x00000000a2deefff] usable
[    0.000000] BIOS-e820: [mem 0x00000000a2def000-0x00000000a32eefff] ACPI NVS
[    0.000000] BIOS-e820: [mem 0x00000000a32ef000-0x00000000a3397fff] reserved
[    0.000000] BIOS-e820: [mem 0x00000000a3398000-0x00000000aad97fff] usable
[    0.000000] BIOS-e820: [mem 0x00000000aad98000-0x00000000ace97fff] reserved
[    0.000000] BIOS-e820: [mem 0x00000000ace98000-0x00000000ad32cfff] usable
[    0.000000] BIOS-e820: [mem 0x00000000ad32d000-0x00000000ad8e7fff] ACPI NVS
[    0.000000] BIOS-e820: [mem 0x00000000ad8e8000-0x00000000af307fff] reserved
[    0.000000] BIOS-e820: [mem 0x00000000af308000-0x00000000af7fffff] usable
[    0.000000] BIOS-e820: [mem 0x00000000af800000-0x00000000cfffffff] reserved
[    0.000000] BIOS-e820: [mem 0x00000000fd000000-0x00000000fe7fffff] reserved
[    0.000000] BIOS-e820: [mem 0x00000000fed20000-0x00000000fed44fff] reserved
[    0.000000] BIOS-e820: [mem 0x00000000ff000000-0x00000000ffffffff] reserved
[    0.000000] BIOS-e820: [mem 0x0000000100000000-0x000000603fffffff] usable
[    0.000000] NX (Execute Disable) protection: active
[    0.000000] SMBIOS 3.0.0 present.
[    0.000000] DMI: Amazon EC2 m5d.metal/Not Specified, BIOS 1.0 10/16/2017
[    0.000000] e820: update [mem 0x00000000-0x00000fff] usable ==> reserved
[    0.000000] e820: remove [mem 0x000a0000-0x000fffff] usable
[    0.000000] e820: last_pfn = 0x6040000 max_arch_pfn = 0x400000000
[    0.000000] MTRR default type: uncachable
[    0.000000] MTRR fixed ranges enabled:
[    0.000000]   00000-9FFFF write-back
[    0.000000]   A0000-BFFFF uncachable
[    0.000000]   C0000-FFFFF write-protect
[    0.000000] MTRR variable ranges enabled:
[    0.000000]   0 base 000000000000 mask 3FC000000000 write-back
[    0.000000]   1 base 004000000000 mask 3FE000000000 write-back
[    0.000000]   2 base 006000000000 mask 3FFFC0000000 write-back
[    0.000000]   3 base 0000C0000000 mask 3FFFC0000000 uncachable
[    0.000000]   4 base 0000BF000000 mask 3FFFFF000000 uncachable
[    0.000000]   5 disabled
[    0.000000]   6 disabled
[    0.000000]   7 disabled
[    0.000000]   8 disabled
[    0.000000]   9 disabled
[    0.000000] x86/PAT: Configuration [0-7]: WB  WC  UC- UC  WB  WP  UC- WT  
[    0.000000] total RAM covered: 393200M
[    0.000000]  gran_size: 64K 	chunk_size: 64K 	num_reg: 10  	lose cover RAM: 353G
[    0.000000]  gran_size: 64K 	chunk_size: 128K 	num_reg: 10  	lose cover RAM: 353G
[    0.000000]  gran_size: 64K 	chunk_size: 256K 	num_reg: 10  	lose cover RAM: 353G
[    0.000000]  gran_size: 64K 	chunk_size: 512K 	num_reg: 10  	lose cover RAM: 353G
[    0.000000]  gran_size: 64K 	chunk_size: 1M 	num_reg: 10  	lose cover RAM: 353G
[    0.000000]  gran_size: 64K 	chunk_size: 2M 	num_reg: 10  	lose cover RAM: 353G
[    0.000000]  gran_size: 64K 	chunk_size: 4M 	num_reg: 10  	lose cover RAM: 353G
[    0.000000]  gran_size: 64K 	chunk_size: 8M 	num_reg: 10  	lose cover RAM: 353G
[    0.000000]  gran_size: 64K 	chunk_size: 16M 	num_reg: 10  	lose cover RAM: 353G
[    0.000000]  gran_size: 64K 	chunk_size: 32M 	num_reg: 10  	lose cover RAM: 1G
[    0.000000]  gran_size: 64K 	chunk_size: 64M 	num_reg: 10  	lose cover RAM: 1G
[    0.000000]  gran_size: 64K 	chunk_size: 128M 	num_reg: 10  	lose cover RAM: 1G
[    0.000000]  gran_size: 64K 	chunk_size: 256M 	num_reg: 10  	lose cover RAM: 1G
[    0.000000]  gran_size: 64K 	chunk_size: 512M 	num_reg: 10  	lose cover RAM: 1G
[    0.000000]  gran_size: 64K 	chunk_size: 1G 	num_reg: 10  	lose cover RAM: 1G
[    0.000000]  gran_size: 64K 	chunk_size: 2G 	num_reg: 10  	lose cover RAM: 1G
[    0.000000]  gran_size: 128K 	chunk_size: 128K 	num_reg: 10  	lose cover RAM: 353G
[    0.000000]  gran_size: 128K 	chunk_size: 256K 	num_reg: 10  	lose cover RAM: 353G
[    0.000000]  gran_size: 128K 	chunk_size: 512K 	num_reg: 10  	lose cover RAM: 353G
[    0.000000]  gran_size: 128K 	chunk_size: 1M 	num_reg: 10  	lose cover RAM: 353G
[    0.000000]  gran_size: 128K 	chunk_size: 2M 	num_reg: 10  	lose cover RAM: 353G
[    0.000000]  gran_size: 128K 	chunk_size: 4M 	num_reg: 10  	lose cover RAM: 353G
[    0.000000]  gran_size: 128K 	chunk_size: 8M 	num_reg: 10  	lose cover RAM: 353G
[    0.000000]  gran_size: 128K 	chunk_size: 16M 	num_reg: 10  	lose cover RAM: 353G
[    0.000000]  gran_size: 128K 	chunk_size: 32M 	num_reg: 10  	lose cover RAM: 1G
[    0.000000]  gran_size: 128K 	chunk_size: 64M 	num_reg: 10  	lose cover RAM: 1G
[    0.000000]  gran_size: 128K 	chunk_size: 128M 	num_reg: 10  	lose cover RAM: 1G
[    0.000000]  gran_size: 128K 	chunk_size: 256M 	num_reg: 10  	lose cover RAM: 1G
[    0.000000]  gran_size: 128K 	chunk_size: 512M 	num_reg: 10  	lose cover RAM: 1G
[    0.000000]  gran_size: 128K 	chunk_size: 1G 	num_reg: 10  	lose cover RAM: 1G
[    0.000000]  gran_size: 128K 	chunk_size: 2G 	num_reg: 10  	lose cover RAM: 1G
[    0.000000]  gran_size: 256K 	chunk_size: 256K 	num_reg: 10  	lose cover RAM: 353G
[    0.000000]  gran_size: 256K 	chunk_size: 512K 	num_reg: 10  	lose cover RAM: 353G
[    0.000000]  gran_size: 256K 	chunk_size: 1M 	num_reg: 10  	lose cover RAM: 353G
[    0.000000]  gran_size: 256K 	chunk_size: 2M 	num_reg: 10  	lose cover RAM: 353G
[    0.000000]  gran_size: 256K 	chunk_size: 4M 	num_reg: 10  	lose cover RAM: 353G
[    0.000000]  gran_size: 256K 	chunk_size: 8M 	num_reg: 10  	lose cover RAM: 353G
[    0.000000]  gran_size: 256K 	chunk_size: 16M 	num_reg: 10  	lose cover RAM: 353G
[    0.000000]  gran_size: 256K 	chunk_size: 32M 	num_reg: 10  	lose cover RAM: 1G
[    0.000000]  gran_size: 256K 	chunk_size: 64M 	num_reg: 10  	lose cover RAM: 1G
[    0.000000]  gran_size: 256K 	chunk_size: 128M 	num_reg: 10  	lose cover RAM: 1G
[    0.000000]  gran_size: 256K 	chunk_size: 256M 	num_reg: 10  	lose cover RAM: 1G
[    0.000000]  gran_size: 256K 	chunk_size: 512M 	num_reg: 10  	lose cover RAM: 1G
[    0.000000]  gran_size: 256K 	chunk_size: 1G 	num_reg: 10  	lose cover RAM: 1G
[    0.000000]  gran_size: 256K 	chunk_size: 2G 	num_reg: 10  	lose cover RAM: 1G
[    0.000000]  gran_size: 512K 	chunk_size: 512K 	num_reg: 10  	lose cover RAM: 353G
[    0.000000]  gran_size: 512K 	chunk_size: 1M 	num_reg: 10  	lose cover RAM: 353G
[    0.000000]  gran_size: 512K 	chunk_size: 2M 	num_reg: 10  	lose cover RAM: 353G
[    0.000000]  gran_size: 512K 	chunk_size: 4M 	num_reg: 10  	lose cover RAM: 353G
[    0.000000]  gran_size: 512K 	chunk_size: 8M 	num_reg: 10  	lose cover RAM: 353G
[    0.000000]  gran_size: 512K 	chunk_size: 16M 	num_reg: 10  	lose cover RAM: 353G
[    0.000000]  gran_size: 512K 	chunk_size: 32M 	num_reg: 10  	lose cover RAM: 1G
[    0.000000]  gran_size: 512K 	chunk_size: 64M 	num_reg: 10  	lose cover RAM: 1G
[    0.000000]  gran_size: 512K 	chunk_size: 128M 	num_reg: 10  	lose cover RAM: 1G
[    0.000000]  gran_size: 512K 	chunk_size: 256M 	num_reg: 10  	lose cover RAM: 1G
[    0.000000]  gran_size: 512K 	chunk_size: 512M 	num_reg: 10  	lose cover RAM: 1G
[    0.000000]  gran_size: 512K 	chunk_size: 1G 	num_reg: 10  	lose cover RAM: 1G
[    0.000000]  gran_size: 512K 	chunk_size: 2G 	num_reg: 10  	lose cover RAM: 1G
[    0.000000]  gran_size: 1M 	chunk_size: 1M 	num_reg: 10  	lose cover RAM: 353G
[    0.000000]  gran_size: 1M 	chunk_size: 2M 	num_reg: 10  	lose cover RAM: 353G
[    0.000000]  gran_size: 1M 	chunk_size: 4M 	num_reg: 10  	lose cover RAM: 353G
[    0.000000]  gran_size: 1M 	chunk_size: 8M 	num_reg: 10  	lose cover RAM: 353G
[    0.000000]  gran_size: 1M 	chunk_size: 16M 	num_reg: 10  	lose cover RAM: 353G
[    0.000000]  gran_size: 1M 	chunk_size: 32M 	num_reg: 10  	lose cover RAM: 1G
[    0.000000]  gran_size: 1M 	chunk_size: 64M 	num_reg: 10  	lose cover RAM: 1G
[    0.000000]  gran_size: 1M 	chunk_size: 128M 	num_reg: 10  	lose cover RAM: 1G
[    0.000000]  gran_size: 1M 	chunk_size: 256M 	num_reg: 10  	lose cover RAM: 1G
[    0.000000]  gran_size: 1M 	chunk_size: 512M 	num_reg: 10  	lose cover RAM: 1G
[    0.000000]  gran_size: 1M 	chunk_size: 1G 	num_reg: 10  	lose cover RAM: 1G
[    0.000000]  gran_size: 1M 	chunk_size: 2G 	num_reg: 10  	lose cover RAM: 1G
[    0.000000]  gran_size: 2M 	chunk_size: 2M 	num_reg: 10  	lose cover RAM: 353G
[    0.000000]  gran_size: 2M 	chunk_size: 4M 	num_reg: 10  	lose cover RAM: 353G
[    0.000000]  gran_size: 2M 	chunk_size: 8M 	num_reg: 10  	lose cover RAM: 353G
[    0.000000]  gran_size: 2M 	chunk_size: 16M 	num_reg: 10  	lose cover RAM: 353G
[    0.000000]  gran_size: 2M 	chunk_size: 32M 	num_reg: 10  	lose cover RAM: 1G
[    0.000000]  gran_size: 2M 	chunk_size: 64M 	num_reg: 10  	lose cover RAM: 1G
[    0.000000]  gran_size: 2M 	chunk_size: 128M 	num_reg: 10  	lose cover RAM: 1G
[    0.000000]  gran_size: 2M 	chunk_size: 256M 	num_reg: 10  	lose cover RAM: 1G
[    0.000000]  gran_size: 2M 	chunk_size: 512M 	num_reg: 10  	lose cover RAM: 1G
[    0.000000]  gran_size: 2M 	chunk_size: 1G 	num_reg: 10  	lose cover RAM: 1G
[    0.000000]  gran_size: 2M 	chunk_size: 2G 	num_reg: 10  	lose cover RAM: 1G
[    0.000000]  gran_size: 4M 	chunk_size: 4M 	num_reg: 10  	lose cover RAM: 353G
[    0.000000]  gran_size: 4M 	chunk_size: 8M 	num_reg: 10  	lose cover RAM: 353G
[    0.000000]  gran_size: 4M 	chunk_size: 16M 	num_reg: 10  	lose cover RAM: 353G
[    0.000000]  gran_size: 4M 	chunk_size: 32M 	num_reg: 10  	lose cover RAM: 1G
[    0.000000]  gran_size: 4M 	chunk_size: 64M 	num_reg: 10  	lose cover RAM: 1G
[    0.000000]  gran_size: 4M 	chunk_size: 128M 	num_reg: 10  	lose cover RAM: 1G
[    0.000000]  gran_size: 4M 	chunk_size: 256M 	num_reg: 10  	lose cover RAM: 1G
[    0.000000]  gran_size: 4M 	chunk_size: 512M 	num_reg: 10  	lose cover RAM: 1G
[    0.000000]  gran_size: 4M 	chunk_size: 1G 	num_reg: 10  	lose cover RAM: 1G
[    0.000000]  gran_size: 4M 	chunk_size: 2G 	num_reg: 10  	lose cover RAM: 1G
[    0.000000]  gran_size: 8M 	chunk_size: 8M 	num_reg: 10  	lose cover RAM: 353G
[    0.000000]  gran_size: 8M 	chunk_size: 16M 	num_reg: 10  	lose cover RAM: 353G
[    0.000000]  gran_size: 8M 	chunk_size: 32M 	num_reg: 10  	lose cover RAM: 1G
[    0.000000]  gran_size: 8M 	chunk_size: 64M 	num_reg: 10  	lose cover RAM: 1G
[    0.000000]  gran_size: 8M 	chunk_size: 128M 	num_reg: 10  	lose cover RAM: 1G
[    0.000000]  gran_size: 8M 	chunk_size: 256M 	num_reg: 10  	lose cover RAM: 1G
[    0.000000]  gran_size: 8M 	chunk_size: 512M 	num_reg: 10  	lose cover RAM: 1G
[    0.000000]  gran_size: 8M 	chunk_size: 1G 	num_reg: 10  	lose cover RAM: 1G
[    0.000000]  gran_size: 8M 	chunk_size: 2G 	num_reg: 10  	lose cover RAM: 1G
[    0.000000]  gran_size: 16M 	chunk_size: 16M 	num_reg: 10  	lose cover RAM: 353G
[    0.000000]  gran_size: 16M 	chunk_size: 32M 	num_reg: 10  	lose cover RAM: 1G
[    0.000000]  gran_size: 16M 	chunk_size: 64M 	num_reg: 10  	lose cover RAM: 1G
[    0.000000]  gran_size: 16M 	chunk_size: 128M 	num_reg: 10  	lose cover RAM: 1G
[    0.000000]  gran_size: 16M 	chunk_size: 256M 	num_reg: 10  	lose cover RAM: 1G
[    0.000000]  gran_size: 16M 	chunk_size: 512M 	num_reg: 10  	lose cover RAM: 1G
[    0.000000]  gran_size: 16M 	chunk_size: 1G 	num_reg: 10  	lose cover RAM: 1G
[    0.000000]  gran_size: 16M 	chunk_size: 2G 	num_reg: 10  	lose cover RAM: 1G
[    0.000000]  gran_size: 32M 	chunk_size: 32M 	num_reg: 10  	lose cover RAM: 328720M
[    0.000000]  gran_size: 32M 	chunk_size: 64M 	num_reg: 10  	lose cover RAM: 1040M
[    0.000000]  gran_size: 32M 	chunk_size: 128M 	num_reg: 10  	lose cover RAM: 1040M
[    0.000000]  gran_size: 32M 	chunk_size: 256M 	num_reg: 10  	lose cover RAM: 1040M
[    0.000000]  gran_size: 32M 	chunk_size: 512M 	num_reg: 10  	lose cover RAM: 1040M
[    0.000000]  gran_size: 32M 	chunk_size: 1G 	num_reg: 10  	lose cover RAM: 1040M
[    0.000000]  gran_size: 32M 	chunk_size: 2G 	num_reg: 10  	lose cover RAM: 1040M
[    0.000000]  gran_size: 64M 	chunk_size: 64M 	num_reg: 10  	lose cover RAM: 263216M
[    0.000000]  gran_size: 64M 	chunk_size: 128M 	num_reg: 10  	lose cover RAM: 1072M
[    0.000000]  gran_size: 64M 	chunk_size: 256M 	num_reg: 10  	lose cover RAM: 1072M
[    0.000000]  gran_size: 64M 	chunk_size: 512M 	num_reg: 10  	lose cover RAM: 1072M
[    0.000000]  gran_size: 64M 	chunk_size: 1G 	num_reg: 10  	lose cover RAM: 1072M
[    0.000000]  gran_size: 64M 	chunk_size: 2G 	num_reg: 10  	lose cover RAM: 1072M
[    0.000000]  gran_size: 128M 	chunk_size: 128M 	num_reg: 10  	lose cover RAM: 132208M
[    0.000000]  gran_size: 128M 	chunk_size: 256M 	num_reg: 10  	lose cover RAM: 1136M
[    0.000000]  gran_size: 128M 	chunk_size: 512M 	num_reg: 10  	lose cover RAM: 1136M
[    0.000000]  gran_size: 128M 	chunk_size: 1G 	num_reg: 10  	lose cover RAM: 1136M
[    0.000000]  gran_size: 128M 	chunk_size: 2G 	num_reg: 10  	lose cover RAM: 1136M
[    0.000000]  gran_size: 256M 	chunk_size: 256M 	num_reg: 10  	lose cover RAM: 1264M
[    0.000000]  gran_size: 256M 	chunk_size: 512M 	num_reg: 10  	lose cover RAM: 1264M
[    0.000000]  gran_size: 256M 	chunk_size: 1G 	num_reg: 10  	lose cover RAM: 1264M
[    0.000000]  gran_size: 256M 	chunk_size: 2G 	num_reg: 10  	lose cover RAM: 1264M
[    0.000000]  gran_size: 512M 	chunk_size: 512M 	num_reg: 10  	lose cover RAM: 496M
[    0.000000]  gran_size: 512M 	chunk_size: 1G 	num_reg: 10  	lose cover RAM: 1520M
[    0.000000]  gran_size: 512M 	chunk_size: 2G 	num_reg: 10  	lose cover RAM: 1520M
[    0.000000]  gran_size: 1G 	chunk_size: 1G 	num_reg: 9  	lose cover RAM: 1008M
[    0.000000]  gran_size: 1G 	chunk_size: 2G 	num_reg: 10  	lose cover RAM: 1008M
[    0.000000]  gran_size: 2G 	chunk_size: 2G 	num_reg: 8  	lose cover RAM: 2032M
[    0.000000] mtrr_cleanup: can not find optimal value
[    0.000000] please specify mtrr_gran_size/mtrr_chunk_size
[    0.000000] e820: update [mem 0xbf000000-0xffffffff] usable ==> reserved
[    0.000000] x2apic: enabled by BIOS, switching to x2apic ops
[    0.000000] e820: last_pfn = 0xaf800 max_arch_pfn = 0x400000000
[    0.000000] Scanning 1 areas for low memory corruption
[    0.000000] Base memory trampoline at [        (ptrval)] 98000 size 24576
[    0.000000] Using GB pages for direct mapping
[    0.000000] BRK [0x2bf1d18000, 0x2bf1d18fff] PGTABLE
[    0.000000] BRK [0x2bf1d19000, 0x2bf1d19fff] PGTABLE
[    0.000000] BRK [0x2bf1d1a000, 0x2bf1d1afff] PGTABLE
[    0.000000] BRK [0x2bf1d1b000, 0x2bf1d1bfff] PGTABLE
[    0.000000] BRK [0x2bf1d1c000, 0x2bf1d1cfff] PGTABLE
[    0.000000] BRK [0x2bf1d1d000, 0x2bf1d1dfff] PGTABLE
[    0.000000] BRK [0x2bf1d1e000, 0x2bf1d1efff] PGTABLE
[    0.000000] BRK [0x2bf1d1f000, 0x2bf1d1ffff] PGTABLE
[    0.000000] BRK [0x2bf1d20000, 0x2bf1d20fff] PGTABLE
[    0.000000] BRK [0x2bf1d21000, 0x2bf1d21fff] PGTABLE
[    0.000000] BRK [0x2bf1d22000, 0x2bf1d22fff] PGTABLE
[    0.000000] BRK [0x2bf1d23000, 0x2bf1d23fff] PGTABLE
[    0.000000] RAMDISK: [mem 0x359db000-0x36ce4fff]
[    0.000000] ACPI: Early table checksum verification disabled
[    0.000000] ACPI: RSDP 0x00000000000F05B0 000024 (v02 ALASKA)
[    0.000000] ACPI: XSDT 0x00000000AD32D0D0 00011C (v01 ALASKA A M I    01072009 AMI  00010013)
[    0.000000] ACPI: FACP 0x00000000AD386CD8 000114 (v06 ALASKA A M I    01072009 INTL 20091013)
[    0.000000] ACPI: DSDT 0x00000000AD32D280 059A55 (v02 ALASKA A M I    01072009 INTL 20091013)
[    0.000000] ACPI: FACS 0x00000000AD8E6080 000040
[    0.000000] ACPI: FPDT 0x00000000AD386DF0 000044 (v01 ALASKA A M I    01072009 AMI  00010013)
[    0.000000] ACPI: FIDT 0x00000000AD386E38 00009C (v01 ALASKA A M I    01072009 AMI  00010013)
[    0.000000] ACPI: SPMI 0x00000000AD386ED8 000041 (v05 ALASKA A M I    00000000 AMI. 00000000)
[    0.000000] ACPI: UEFI 0x00000000AD386F20 00005C (v01 INTEL  RstUefiV 00000000      00000000)
[    0.000000] ACPI: UEFI 0x00000000AD386F80 000042 (v01 ALASKA A M I    01072009      01000013)
[    0.000000] ACPI: MCFG 0x00000000AD386FC8 00003C (v01 ALASKA A M I    01072009 MSFT 00000097)
[    0.000000] ACPI: HPET 0x00000000AD387008 000038 (v01 ALASKA A M I    00000001 INTL 20091013)
[    0.000000] ACPI: APIC 0x00000000AD387040 0016DE (v03 ALASKA A M I    00000000 INTL 20091013)
[    0.000000] ACPI: MIGT 0x00000000AD388720 000040 (v01 ALASKA A M I    00000000 INTL 20091013)
[    0.000000] ACPI: MSCT 0x00000000AD388760 000090 (v01 ALASKA A M I    00000001 INTL 20091013)
[    0.000000] ACPI: NFIT 0x00000000AD3887F0 018028 (v01                 00000000      00000000)
[    0.000000] ACPI: PCAT 0x00000000AD3A0818 000048 (v01 ALASKA A M I    00000002 INTL 20091013)
[    0.000000] ACPI: PCCT 0x00000000AD3A0860 00006E (v01 ALASKA A M I    00000002 INTL 20091013)
[    0.000000] ACPI: RASF 0x00000000AD3A08D0 000030 (v01 ALASKA A M I    00000001 INTL 20091013)
[    0.000000] ACPI: SLIT 0x00000000AD3A0900 000030 (v01 ALASKA A M I    00000001 INTL 20091013)
[    0.000000] ACPI: SRAT 0x00000000AD3A0930 002830 (v03 ALASKA A M I    00000002 INTL 20091013)
[    0.000000] ACPI: SVOS 0x00000000AD3A3160 000032 (v01 ALASKA A M I    00000000 INTL 20091013)
[    0.000000] ACPI: WDDT 0x00000000AD3A3198 000040 (v01 ALASKA A M I    00000000 INTL 20091013)
[    0.000000] ACPI: OEM4 0x00000000AD3A31D8 0A27C4 (v02 INTEL  CPU  CST 00003000 INTL 20140828)
[    0.000000] ACPI: OEM1 0x00000000AD4459A0 02A2C4 (v02 INTEL  CPU EIST 00003000 INTL 20140828)
[    0.000000] ACPI: OEM2 0x00000000AD46FC68 019464 (v02 INTEL  CPU  HWP 00003000 INTL 20140828)
[    0.000000] ACPI: SSDT 0x00000000AD4890D0 033990 (v02 INTEL  SSDT  PM 00004000 INTL 20140828)
[    0.000000] ACPI: SSDT 0x00000000AD4BCA60 00065B (v02 ALASKA A M I    00000000 INTL 20091013)
[    0.000000] ACPI: SPCR 0x00000000AD4BD0C0 000050 (v02 A M I  APTIO V  01072009 AMI. 0005000C)
[    0.000000] ACPI: SSDT 0x00000000AD4BD110 002AF6 (v02 INTEL  SpsNm    00000002 INTL 20140828)
[    0.000000] ACPI: DMAR 0x00000000AD4BFC08 000250 (v01 ALASKA A M I    00000001 INTL 20091013)
[    0.000000] ACPI: HEST 0x00000000AD4BFE58 0000A8 (v01 ALASKA A M I    00000001 INTL 00000001)
[    0.000000] ACPI: BERT 0x00000000AD4BFF00 000030 (v01 ALASKA A M I    00000001 INTL 00000001)
[    0.000000] ACPI: ERST 0x00000000AD4BFF30 000230 (v01 ALASKA A M I    00000001 INTL 00000001)
[    0.000000] ACPI: EINJ 0x00000000AD4C0160 000150 (v01 ALASKA A M I    00000001 INTL 00000001)
[    0.000000] ACPI: Local APIC address 0xfee00000
[    0.000000] Setting APIC routing to cluster x2apic.
[    0.000000] SRAT: PXM 0 -> APIC 0x0000 -> Node 0
[    0.000000] SRAT: PXM 0 -> APIC 0x0002 -> Node 0
[    0.000000] SRAT: PXM 0 -> APIC 0x0004 -> Node 0
[    0.000000] SRAT: PXM 0 -> APIC 0x0006 -> Node 0
[    0.000000] SRAT: PXM 0 -> APIC 0x0008 -> Node 0
[    0.000000] SRAT: PXM 0 -> APIC 0x000a -> Node 0
[    0.000000] SRAT: PXM 0 -> APIC 0x0010 -> Node 0
[    0.000000] SRAT: PXM 0 -> APIC 0x0012 -> Node 0
[    0.000000] SRAT: PXM 0 -> APIC 0x0014 -> Node 0
[    0.000000] SRAT: PXM 0 -> APIC 0x0016 -> Node 0
[    0.000000] SRAT: PXM 0 -> APIC 0x0018 -> Node 0
[    0.000000] SRAT: PXM 0 -> APIC 0x001a -> Node 0
[    0.000000] SRAT: PXM 0 -> APIC 0x0020 -> Node 0
[    0.000000] SRAT: PXM 0 -> APIC 0x0022 -> Node 0
[    0.000000] SRAT: PXM 0 -> APIC 0x0024 -> Node 0
[    0.000000] SRAT: PXM 0 -> APIC 0x0026 -> Node 0
[    0.000000] SRAT: PXM 0 -> APIC 0x0028 -> Node 0
[    0.000000] SRAT: PXM 0 -> APIC 0x002a -> Node 0
[    0.000000] SRAT: PXM 0 -> APIC 0x0030 -> Node 0
[    0.000000] SRAT: PXM 0 -> APIC 0x0032 -> Node 0
[    0.000000] SRAT: PXM 0 -> APIC 0x0034 -> Node 0
[    0.000000] SRAT: PXM 0 -> APIC 0x0036 -> Node 0
[    0.000000] SRAT: PXM 0 -> APIC 0x0038 -> Node 0
[    0.000000] SRAT: PXM 0 -> APIC 0x003a -> Node 0
[    0.000000] SRAT: PXM 1 -> APIC 0x0040 -> Node 1
[    0.000000] SRAT: PXM 1 -> APIC 0x0042 -> Node 1
[    0.000000] SRAT: PXM 1 -> APIC 0x0044 -> Node 1
[    0.000000] SRAT: PXM 1 -> APIC 0x0046 -> Node 1
[    0.000000] SRAT: PXM 1 -> APIC 0x0048 -> Node 1
[    0.000000] SRAT: PXM 1 -> APIC 0x004a -> Node 1
[    0.000000] SRAT: PXM 1 -> APIC 0x0050 -> Node 1
[    0.000000] SRAT: PXM 1 -> APIC 0x0052 -> Node 1
[    0.000000] SRAT: PXM 1 -> APIC 0x0054 -> Node 1
[    0.000000] SRAT: PXM 1 -> APIC 0x0056 -> Node 1
[    0.000000] SRAT: PXM 1 -> APIC 0x0058 -> Node 1
[    0.000000] SRAT: PXM 1 -> APIC 0x005a -> Node 1
[    0.000000] SRAT: PXM 1 -> APIC 0x0060 -> Node 1
[    0.000000] SRAT: PXM 1 -> APIC 0x0062 -> Node 1
[    0.000000] SRAT: PXM 1 -> APIC 0x0064 -> Node 1
[    0.000000] SRAT: PXM 1 -> APIC 0x0066 -> Node 1
[    0.000000] SRAT: PXM 1 -> APIC 0x0068 -> Node 1
[    0.000000] SRAT: PXM 1 -> APIC 0x006a -> Node 1
[    0.000000] SRAT: PXM 1 -> APIC 0x0070 -> Node 1
[    0.000000] SRAT: PXM 1 -> APIC 0x0072 -> Node 1
[    0.000000] SRAT: PXM 1 -> APIC 0x0074 -> Node 1
[    0.000000] SRAT: PXM 1 -> APIC 0x0076 -> Node 1
[    0.000000] SRAT: PXM 1 -> APIC 0x0078 -> Node 1
[    0.000000] SRAT: PXM 1 -> APIC 0x007a -> Node 1
[    0.000000] SRAT: PXM 0 -> APIC 0x0001 -> Node 0
[    0.000000] SRAT: PXM 0 -> APIC 0x0003 -> Node 0
[    0.000000] SRAT: PXM 0 -> APIC 0x0005 -> Node 0
[    0.000000] SRAT: PXM 0 -> APIC 0x0007 -> Node 0
[    0.000000] SRAT: PXM 0 -> APIC 0x0009 -> Node 0
[    0.000000] SRAT: PXM 0 -> APIC 0x000b -> Node 0
[    0.000000] SRAT: PXM 0 -> APIC 0x0011 -> Node 0
[    0.000000] SRAT: PXM 0 -> APIC 0x0013 -> Node 0
[    0.000000] SRAT: PXM 0 -> APIC 0x0015 -> Node 0
[    0.000000] SRAT: PXM 0 -> APIC 0x0017 -> Node 0
[    0.000000] SRAT: PXM 0 -> APIC 0x0019 -> Node 0
[    0.000000] SRAT: PXM 0 -> APIC 0x001b -> Node 0
[    0.000000] SRAT: PXM 0 -> APIC 0x0021 -> Node 0
[    0.000000] SRAT: PXM 0 -> APIC 0x0023 -> Node 0
[    0.000000] SRAT: PXM 0 -> APIC 0x0025 -> Node 0
[    0.000000] SRAT: PXM 0 -> APIC 0x0027 -> Node 0
[    0.000000] SRAT: PXM 0 -> APIC 0x0029 -> Node 0
[    0.000000] SRAT: PXM 0 -> APIC 0x002b -> Node 0
[    0.000000] SRAT: PXM 0 -> APIC 0x0031 -> Node 0
[    0.000000] SRAT: PXM 0 -> APIC 0x0033 -> Node 0
[    0.000000] SRAT: PXM 0 -> APIC 0x0035 -> Node 0
[    0.000000] SRAT: PXM 0 -> APIC 0x0037 -> Node 0
[    0.000000] SRAT: PXM 0 -> APIC 0x0039 -> Node 0
[    0.000000] SRAT: PXM 0 -> APIC 0x003b -> Node 0
[    0.000000] SRAT: PXM 1 -> APIC 0x0041 -> Node 1
[    0.000000] SRAT: PXM 1 -> APIC 0x0043 -> Node 1
[    0.000000] SRAT: PXM 1 -> APIC 0x0045 -> Node 1
[    0.000000] SRAT: PXM 1 -> APIC 0x0047 -> Node 1
[    0.000000] SRAT: PXM 1 -> APIC 0x0049 -> Node 1
[    0.000000] SRAT: PXM 1 -> APIC 0x004b -> Node 1
[    0.000000] SRAT: PXM 1 -> APIC 0x0051 -> Node 1
[    0.000000] SRAT: PXM 1 -> APIC 0x0053 -> Node 1
[    0.000000] SRAT: PXM 1 -> APIC 0x0055 -> Node 1
[    0.000000] SRAT: PXM 1 -> APIC 0x0057 -> Node 1
[    0.000000] SRAT: PXM 1 -> APIC 0x0059 -> Node 1
[    0.000000] SRAT: PXM 1 -> APIC 0x005b -> Node 1
[    0.000000] SRAT: PXM 1 -> APIC 0x0061 -> Node 1
[    0.000000] SRAT: PXM 1 -> APIC 0x0063 -> Node 1
[    0.000000] SRAT: PXM 1 -> APIC 0x0065 -> Node 1
[    0.000000] SRAT: PXM 1 -> APIC 0x0067 -> Node 1
[    0.000000] SRAT: PXM 1 -> APIC 0x0069 -> Node 1
[    0.000000] SRAT: PXM 1 -> APIC 0x006b -> Node 1
[    0.000000] SRAT: PXM 1 -> APIC 0x0071 -> Node 1
[    0.000000] SRAT: PXM 1 -> APIC 0x0073 -> Node 1
[    0.000000] SRAT: PXM 1 -> APIC 0x0075 -> Node 1
[    0.000000] SRAT: PXM 1 -> APIC 0x0077 -> Node 1
[    0.000000] SRAT: PXM 1 -> APIC 0x0079 -> Node 1
[    0.000000] SRAT: PXM 1 -> APIC 0x007b -> Node 1
[    0.000000] ACPI: SRAT: Node 0 PXM 0 [mem 0x00000000-0xbfffffff]
[    0.000000] ACPI: SRAT: Node 0 PXM 0 [mem 0x100000000-0x303fffffff]
[    0.000000] ACPI: SRAT: Node 1 PXM 1 [mem 0x3040000000-0x603fffffff]
[    0.000000] NUMA: Initialized distance table, cnt=2
[    0.000000] NUMA: Node 0 [mem 0x00000000-0xbfffffff] + [mem 0x100000000-0x303fffffff] -> [mem 0x00000000-0x303fffffff]
[    0.000000] NODE_DATA(0) allocated [mem 0x303ffd5000-0x303fffffff]
[    0.000000] NODE_DATA(1) allocated [mem 0x603ffd4000-0x603fffefff]
[    0.000000] Zone ranges:
[    0.000000]   DMA      [mem 0x0000000000001000-0x0000000000ffffff]
[    0.000000]   DMA32    [mem 0x0000000001000000-0x00000000ffffffff]
[    0.000000]   Normal   [mem 0x0000000100000000-0x000000603fffffff]
[    0.000000]   Device   empty
[    0.000000] Movable zone start for each node
[    0.000000] Early memory node ranges
[    0.000000]   node   0: [mem 0x0000000000001000-0x000000000009dfff]
[    0.000000]   node   0: [mem 0x0000000000100000-0x00000000a2deefff]
[    0.000000]   node   0: [mem 0x00000000a3398000-0x00000000aad97fff]
[    0.000000]   node   0: [mem 0x00000000ace98000-0x00000000ad32cfff]
[    0.000000]   node   0: [mem 0x00000000af308000-0x00000000af7fffff]
[    0.000000]   node   0: [mem 0x0000000100000000-0x000000303fffffff]
[    0.000000]   node   1: [mem 0x0000003040000000-0x000000603fffffff]
[    0.000000] Reserved but unavailable: 20199 pages
[    0.000000] Initmem setup node 0 [mem 0x0000000000001000-0x000000303fffffff]
[    0.000000] On node 0 totalpages: 50245913
[    0.000000]   DMA zone: 64 pages used for memmap
[    0.000000]   DMA zone: 21 pages reserved
[    0.000000]   DMA zone: 3997 pages, LIFO batch:0
[    0.000000]   DMA32 zone: 10886 pages used for memmap
[    0.000000]   DMA32 zone: 696700 pages, LIFO batch:31
[    0.000000]   Normal zone: 774144 pages used for memmap
[    0.000000]   Normal zone: 49545216 pages, LIFO batch:31
[    0.000000] Initmem setup node 1 [mem 0x0000003040000000-0x000000603fffffff]
[    0.000000] On node 1 totalpages: 50331648
[    0.000000]   Normal zone: 786432 pages used for memmap
[    0.000000]   Normal zone: 50331648 pages, LIFO batch:31
[    0.000000] ACPI: PM-Timer IO Port: 0x508
[    0.000000] ACPI: Local APIC address 0xfee00000
[    0.000000] ACPI: X2APIC_NMI (uid[0xffffffff] high level lint[0x1])
[    0.000000] ACPI: LAPIC_NMI (acpi_id[0xff] high level lint[0x1])
[    0.000000] IOAPIC[0]: apic_id 8, version 32, address 0xfec00000, GSI 0-23
[    0.000000] IOAPIC[1]: apic_id 9, version 32, address 0xfec01000, GSI 24-31
[    0.000000] IOAPIC[2]: apic_id 10, version 32, address 0xfec08000, GSI 32-39
[    0.000000] IOAPIC[3]: apic_id 11, version 32, address 0xfec10000, GSI 40-47
[    0.000000] IOAPIC[4]: apic_id 12, version 32, address 0xfec18000, GSI 48-55
[    0.000000] IOAPIC[5]: apic_id 15, version 32, address 0xfec20000, GSI 72-79
[    0.000000] IOAPIC[6]: apic_id 16, version 32, address 0xfec28000, GSI 80-87
[    0.000000] IOAPIC[7]: apic_id 17, version 32, address 0xfec30000, GSI 88-95
[    0.000000] IOAPIC[8]: apic_id 18, version 32, address 0xfec38000, GSI 96-103
[    0.000000] ACPI: INT_SRC_OVR (bus 0 bus_irq 0 global_irq 2 dfl dfl)
[    0.000000] ACPI: INT_SRC_OVR (bus 0 bus_irq 9 global_irq 9 high level)
[    0.000000] ACPI: IRQ0 used by override.
[    0.000000] ACPI: IRQ9 used by override.
[    0.000000] Using ACPI (MADT) for SMP configuration information
[    0.000000] ACPI: HPET id: 0x8086a701 base: 0xfed00000
[    0.000000] smpboot: Allowing 96 CPUs, 0 hotplug CPUs
[    0.000000] PM: Registered nosave memory: [mem 0x00000000-0x00000fff]
[    0.000000] PM: Registered nosave memory: [mem 0x0009e000-0x0009efff]
[    0.000000] PM: Registered nosave memory: [mem 0x0009f000-0x0009ffff]
[    0.000000] PM: Registered nosave memory: [mem 0x000a0000-0x000dffff]
[    0.000000] PM: Registered nosave memory: [mem 0x000e0000-0x000fffff]
[    0.000000] PM: Registered nosave memory: [mem 0xa2def000-0xa32eefff]
[    0.000000] PM: Registered nosave memory: [mem 0xa32ef000-0xa3397fff]
[    0.000000] PM: Registered nosave memory: [mem 0xaad98000-0xace97fff]
[    0.000000] PM: Registered nosave memory: [mem 0xad32d000-0xad8e7fff]
[    0.000000] PM: Registered nosave memory: [mem 0xad8e8000-0xaf307fff]
[    0.000000] PM: Registered nosave memory: [mem 0xaf800000-0xcfffffff]
[    0.000000] PM: Registered nosave memory: [mem 0xd0000000-0xfcffffff]
[    0.000000] PM: Registered nosave memory: [mem 0xfd000000-0xfe7fffff]
[    0.000000] PM: Registered nosave memory: [mem 0xfe800000-0xfed1ffff]
[    0.000000] PM: Registered nosave memory: [mem 0xfed20000-0xfed44fff]
[    0.000000] PM: Registered nosave memory: [mem 0xfed45000-0xfeffffff]
[    0.000000] PM: Registered nosave memory: [mem 0xff000000-0xffffffff]
[    0.000000] e820: [mem 0xd0000000-0xfcffffff] available for PCI devices
[    0.000000] Booting paravirtualized kernel on bare hardware
[    0.000000] clocksource: refined-jiffies: mask: 0xffffffff max_cycles: 0xffffffff, max_idle_ns: 7645519600211568 ns
[    0.000000] random: get_random_bytes called from start_kernel+0x99/0x4fd with crng_init=0
[    0.000000] setup_percpu: NR_CPUS:8192 nr_cpumask_bits:96 nr_cpu_ids:96 nr_node_ids:2
[    0.000000] percpu: Embedded 46 pages/cpu @        (ptrval) s151552 r8192 d28672 u262144
[    0.000000] pcpu-alloc: s151552 r8192 d28672 u262144 alloc=1*2097152
[    0.000000] pcpu-alloc: [0] 00 01 02 03 04 05 06 07 [0] 08 09 10 11 12 13 14 15 
[    0.000000] pcpu-alloc: [0] 16 17 18 19 20 21 22 23 [0] 48 49 50 51 52 53 54 55 
[    0.000000] pcpu-alloc: [0] 56 57 58 59 60 61 62 63 [0] 64 65 66 67 68 69 70 71 
[    0.000000] pcpu-alloc: [1] 24 25 26 27 28 29 30 31 [1] 32 33 34 35 36 37 38 39 
[    0.000000] pcpu-alloc: [1] 40 41 42 43 44 45 46 47 [1] 72 73 74 75 76 77 78 79 
[    0.000000] pcpu-alloc: [1] 80 81 82 83 84 85 86 87 [1] 88 89 90 91 92 93 94 95 
[    0.000000] Built 2 zonelists, mobility grouping on.  Total pages: 99006014
[    0.000000] Policy zone: Normal
[    0.000000] Kernel command line: BOOT_IMAGE=/boot/vmlinuz-4.15.0-1035-aws root=UUID=cff99495-4abf-46b6-af32-df1478a88ffe ro console=tty1 console=ttyS0 nvme_core.io_timeout=4294967295
[    0.000000] log_buf_len individual max cpu contribution: 4096 bytes
[    0.000000] log_buf_len total cpu_extra contributions: 389120 bytes
[    0.000000] log_buf_len min size: 262144 bytes
[    0.000000] log_buf_len: 1048576 bytes
[    0.000000] early log buf free: 229756(87%)
[    0.000000] Calgary: detecting Calgary via BIOS EBDA area
[    0.000000] Calgary: Unable to locate Rio Grande table in EBDA - bailing!
[    0.000000] Memory: 395892308K/402310244K available (12300K kernel code, 2393K rwdata, 3920K rodata, 2372K init, 2376K bss, 6417936K reserved, 0K cma-reserved)
[    0.000000] SLUB: HWalign=64, Order=0-3, MinObjects=0, CPUs=96, Nodes=2
[    0.000000] Kernel/User page tables isolation: enabled
[    0.000000] ftrace: allocating 37532 entries in 147 pages
[    0.000000] Hierarchical RCU implementation.
[    0.000000] 	RCU restricting CPUs from NR_CPUS=8192 to nr_cpu_ids=96.
[    0.000000] 	Tasks RCU enabled.
[    0.000000] RCU: Adjusting geometry for rcu_fanout_leaf=16, nr_cpu_ids=96
[    0.000000] NR_IRQS: 524544, nr_irqs: 2552, preallocated irqs: 16
[    0.000000] Console: colour dummy device 80x25
[    0.000000] console [tty1] enabled
[    0.000000] console [ttyS0] enabled
[    0.000000] mempolicy: Enabling automatic NUMA balancing. Configure with numa_balancing= or the kernel.numa_balancing sysctl
[    0.000000] ACPI: Core revision 20170831
[    0.000000] ACPI: 4 ACPI AML tables successfully acquired and loaded
[    0.000000] clocksource: hpet: mask: 0xffffffff max_cycles: 0xffffffff, max_idle_ns: 79635855245 ns
[    0.000000] hpet clockevent registered
[    0.004000] APIC: Switch to symmetric I/O mode setup
[    0.004000] DMAR: Host address width 46
[    0.004000] DMAR: DRHD base: 0x000000ecffc000 flags: 0x0
[    0.004000] DMAR: dmar0: reg_base_addr ecffc000 ver 1:0 cap 8d2078c106f0466 ecap f020df
[    0.004000] DMAR: DRHD base: 0x000000f5ffc000 flags: 0x0
[    0.004000] DMAR: dmar1: reg_base_addr f5ffc000 ver 1:0 cap 8d2078c106f0466 ecap f020df
[    0.004000] DMAR: DRHD base: 0x000000f8ffc000 flags: 0x0
[    0.004000] DMAR: dmar2: reg_base_addr f8ffc000 ver 1:0 cap 8d2078c106f0466 ecap f020df
[    0.004000] DMAR: DRHD base: 0x000000fbffc000 flags: 0x0
[    0.004000] DMAR: dmar3: reg_base_addr fbffc000 ver 1:0 cap 8d2078c106f0466 ecap f020df
[    0.004000] DMAR: DRHD base: 0x000000d9ffc000 flags: 0x0
[    0.004000] DMAR: dmar4: reg_base_addr d9ffc000 ver 1:0 cap 8d2078c106f0466 ecap f020df
[    0.004000] DMAR: DRHD base: 0x000000e2ffc000 flags: 0x0
[    0.008000] DMAR: dmar5: reg_base_addr e2ffc000 ver 1:0 cap 8d2078c106f0466 ecap f020df
[    0.008000] DMAR: DRHD base: 0x000000ebffc000 flags: 0x0
[    0.008000] DMAR: dmar6: reg_base_addr ebffc000 ver 1:0 cap 8d2078c106f0466 ecap f020df
[    0.008000] DMAR: DRHD base: 0x000000d6ffc000 flags: 0x1
[    0.008000] DMAR: dmar7: reg_base_addr d6ffc000 ver 1:0 cap 8d2078c106f0466 ecap f020df
[    0.008000] DMAR: RMRR base: 0x000000af0c0000 end: 0x000000af0d0fff
[    0.008000] DMAR: ATSR flags: 0x0
[    0.008000] DMAR: ATSR flags: 0x0
[    0.008000] DMAR: RHSA base: 0x000000d6ffc000 proximity domain: 0x0
[    0.008000] DMAR: RHSA base: 0x000000d9ffc000 proximity domain: 0x0
[    0.008000] DMAR: RHSA base: 0x000000e2ffc000 proximity domain: 0x0
[    0.008000] DMAR: RHSA base: 0x000000ebffc000 proximity domain: 0x0
[    0.008000] DMAR: RHSA base: 0x000000ecffc000 proximity domain: 0x1
[    0.012000] DMAR: RHSA base: 0x000000f5ffc000 proximity domain: 0x1
[    0.012000] DMAR: RHSA base: 0x000000f8ffc000 proximity domain: 0x1
[    0.012000] DMAR: RHSA base: 0x000000fbffc000 proximity domain: 0x1
[    0.012000] DMAR-IR: IOAPIC id 12 under DRHD base  0xebffc000 IOMMU 6
[    0.012000] DMAR-IR: IOAPIC id 11 under DRHD base  0xe2ffc000 IOMMU 5
[    0.012000] DMAR-IR: IOAPIC id 10 under DRHD base  0xd9ffc000 IOMMU 4
[    0.012000] DMAR-IR: IOAPIC id 18 under DRHD base  0xfbffc000 IOMMU 3
[    0.012000] DMAR-IR: IOAPIC id 17 under DRHD base  0xf8ffc000 IOMMU 2
[    0.012000] DMAR-IR: IOAPIC id 16 under DRHD base  0xf5ffc000 IOMMU 1
[    0.012000] DMAR-IR: IOAPIC id 15 under DRHD base  0xecffc000 IOMMU 0
[    0.012000] DMAR-IR: IOAPIC id 8 under DRHD base  0xd6ffc000 IOMMU 7
[    0.012000] DMAR-IR: IOAPIC id 9 under DRHD base  0xd6ffc000 IOMMU 7
[    0.016000] DMAR-IR: HPET id 0 under DRHD base 0xd6ffc000
[    0.016000] DMAR-IR: Queued invalidation will be enabled to support x2apic and Intr-remapping.
[    0.016000] DMAR-IR: Enabled IRQ remapping in x2apic mode
[    0.020000] ..TIMER: vector=0x30 apic1=0 pin1=2 apic2=-1 pin2=-1
[    0.020000] tsc: Detected 2500.000 MHz processor
[    0.020000] Calibrating delay loop (skipped), value calculated using timer frequency.. 5000.00 BogoMIPS (lpj=10000000)
[    0.020000] pid_max: default: 98304 minimum: 768
[    0.020000] Security Framework initialized
[    0.020000] Yama: becoming mindful.
[    0.020000] AppArmor: AppArmor initialized
[    0.044291] Dentry cache hash table entries: 16777216 (order: 15, 134217728 bytes)
[    0.055395] Inode-cache hash table entries: 8388608 (order: 14, 67108864 bytes)
[    0.056185] Mount-cache hash table entries: 262144 (order: 9, 2097152 bytes)
[    0.056887] Mountpoint-cache hash table entries: 262144 (order: 9, 2097152 bytes)
[    0.057889] ENERGY_PERF_BIAS: Set to 'normal', was 'performance'
[    0.058205] ENERGY_PERF_BIAS: View and update with x86_energy_perf_policy(8)
[    0.058577] mce: CPU supports 20 MCE banks
[    0.058808] CPU0: Thermal monitoring enabled (TM1)
[    0.059109] process: using mwait in idle threads
[    0.059353] Last level iTLB entries: 4KB 64, 2MB 8, 4MB 8
[    0.059632] Last level dTLB entries: 4KB 64, 2MB 0, 4MB 0, 1GB 4
[    0.059941] Spectre V2 : Mitigation: Full generic retpoline
[    0.060001] Spectre V2 : Spectre v2 / SpectreRSB mitigation: Filling RSB on context switch
[    0.060423] Spectre V2 : Spectre v2 mitigation: Enabling Indirect Branch Prediction Barrier
[    0.060849] Spectre V2 : Enabling Restricted Speculation for firmware calls
[    0.061206] Speculative Store Bypass: Vulnerable
[    0.068410] Freeing SMP alternatives memory: 36K
[    0.070621] TSC deadline timer enabled
[    0.070634] smpboot: CPU0: Intel(R) Xeon(R) Platinum 8175M CPU @ 2.50GHz (family: 0x6, model: 0x55, stepping: 0x4)
[    0.071359] Performance Events: PEBS fmt3+, Skylake events, 32-deep LBR, full-width counters, Intel PMU driver.
[    0.071913] ... version:                4
[    0.072000] ... bit width:              48
[    0.072000] ... generic registers:      4
[    0.072000] ... value mask:             0000ffffffffffff
[    0.072000] ... max period:             00007fffffffffff
[    0.072000] ... fixed-purpose events:   3
[    0.072000] ... event mask:             000000070000000f
[    0.072000] Hierarchical SRCU implementation.
[    0.083141] NMI watchdog: Enabled. Permanently consumes one hw-PMU counter.
[    0.083521] smp: Bringing up secondary CPUs ...
[    0.083846] x86: Booting SMP configuration:
[    0.084003] .... node  #0, CPUs:        #1  #2  #3  #4  #5  #6  #7  #8  #9 #10 #11 #12 #13 #14 #15 #16 #17 #18 #19 #20 #21 #22 #23
[    0.150400] .... node  #1, CPUs:   #24 #25 #26 #27 #28 #29 #30 #31 #32 #33 #34 #35 #36 #37 #38 #39 #40 #41 #42 #43 #44 #45 #46 #47
[    0.221584] .... node  #0, CPUs:   #48 #49 #50 #51 #52 #53 #54 #55 #56 #57 #58 #59 #60 #61 #62 #63 #64 #65 #66 #67 #68 #69 #70 #71
[    0.292795] .... node  #1, CPUs:   #72 #73 #74 #75 #76 #77 #78 #79 #80 #81 #82 #83 #84 #85 #86 #87 #88 #89 #90 #91 #92 #93 #94 #95
[    0.362874] smp: Brought up 2 nodes, 96 CPUs
[    0.364230] smpboot: Max logical packages: 2
[    0.364457] smpboot: Total of 96 processors activated (480000.00 BogoMIPS)
[    0.380383] devtmpfs: initialized
[    0.380383] x86/mm: Memory block size: 2048MB
[    0.382242] evm: security.selinux
[    0.382423] evm: security.SMACK64
[    0.382599] evm: security.SMACK64EXEC
[    0.382792] evm: security.SMACK64TRANSMUTE
[    0.383007] evm: security.SMACK64MMAP
[    0.383200] evm: security.apparmor
[    0.383381] evm: security.ima
[    0.384003] evm: security.capability
[    0.384240] PM: Registering ACPI NVS region [mem 0xa2def000-0xa32eefff] (5242880 bytes)
[    0.384509] PM: Registering ACPI NVS region [mem 0xad32d000-0xad8e7fff] (6008832 bytes)
[    0.385283] clocksource: jiffies: mask: 0xffffffff max_cycles: 0xffffffff, max_idle_ns: 7645041785100000 ns
[    0.385283] futex hash table entries: 32768 (order: 9, 2097152 bytes)
[    0.385860] RTC time:  9:40:10, date: 04/22/19
[    0.389528] NET: Registered protocol family 16
[    0.389874] audit: initializing netlink subsys (disabled)
[    0.390164] audit: type=2000 audit(1555926009.388:1): state=initialized audit_enabled=0 res=1
[    0.390164] cpuidle: using governor ladder
[    0.390164] cpuidle: using governor menu
[    0.390164] Detected 1 PCC Subspaces
[    0.390164] Registering PCC driver as Mailbox controller
[    0.390164] ACPI: bus type PCI registered
[    0.390164] acpiphp: ACPI Hot Plug PCI Controller Driver version: 0.5
[    0.390164] PCI: MMCONFIG for domain 0000 [bus 00-ff] at [mem 0xc0000000-0xcfffffff] (base 0xc0000000)
[    0.390164] PCI: MMCONFIG at [mem 0xc0000000-0xcfffffff] reserved in E820
[    0.390164] pmd_set_huge: Cannot satisfy [mem 0xc0000000-0xc0200000] with a huge-page mapping due to MTRR override.
[    0.390458] PCI: Using configuration type 1 for base access
[    0.400159] HugeTLB registered 1.00 GiB page size, pre-allocated 0 pages
[    0.400361] HugeTLB registered 2.00 MiB page size, pre-allocated 0 pages
[    0.400739] ACPI: Added _OSI(Module Device)
[    0.400739] ACPI: Added _OSI(Processor Device)
[    0.400812] ACPI: Added _OSI(3.0 _SCP Extensions)
[    0.404024] ACPI: Added _OSI(Processor Aggregator Device)
[    0.404290] ACPI: Added _OSI(Linux-Dell-Video)
[    0.404524] ACPI: Added _OSI(Linux-Lenovo-NV-HDMI-Audio)
[    0.404802] ACPI: Added _OSI(Linux-HPI-Hybrid-Graphics)
[    0.451998] ACPI: [Firmware Bug]: BIOS _OSI(Linux) query ignored
[    0.484348] ACPI: Dynamic OEM Table Load:
[    0.497046] ACPI: Dynamic OEM Table Load:
[    0.502617] ACPI: Dynamic OEM Table Load:
[    0.619558] ACPI: Interpreter enabled
[    0.619769] ACPI: (supports S0 S5)
[    0.619954] ACPI: Using IOAPIC for interrupt routing
[    0.624039] PCI: Using host bridge windows from ACPI; if necessary, use "pci=nocrs" and report a bug
[    0.625250] ACPI: Enabled 6 GPEs in block 00 to 7F
[    0.693135] ACPI: PCI Root Bridge [PC00] (domain 0000 [bus 00-16])
[    0.693465] acpi PNP0A08:00: _OSC: OS supports [ExtendedConfig ASPM ClockPM Segments MSI]
[    0.693996] acpi PNP0A08:00: _OSC: platform does not support [AER]
[    0.694421] acpi PNP0A08:00: _OSC: OS now controls [PCIeHotplug PME PCIeCapability]
[    0.695310] PCI host bridge to bus 0000:00
[    0.695533] pci_bus 0000:00: root bus resource [io  0x0000-0x03af window]
[    0.695886] pci_bus 0000:00: root bus resource [io  0x03e0-0x0cf7 window]
[    0.696002] pci_bus 0000:00: root bus resource [io  0x03b0-0x03bb window]
[    0.696359] pci_bus 0000:00: root bus resource [io  0x03c0-0x03df window]
[    0.696712] pci_bus 0000:00: root bus resource [io  0x1000-0x3fff window]
[    0.697063] pci_bus 0000:00: root bus resource [mem 0x000a0000-0x000bffff window]
[    0.697451] pci_bus 0000:00: root bus resource [mem 0x000c4000-0x000c7fff window]
[    0.697839] pci_bus 0000:00: root bus resource [mem 0xfe010000-0xfe010fff window]
[    0.698227] pci_bus 0000:00: root bus resource [mem 0xd0000000-0xd6ffbfff window]
[    0.698614] pci_bus 0000:00: root bus resource [mem 0x380000000000-0x38ffffffffff window]
[    0.699037] pci_bus 0000:00: root bus resource [bus 00-16]
[    0.699332] pci 0000:00:00.0: [8086:2020] type 00 class 0x060000
[    0.699489] pci 0000:00:04.0: [8086:2021] type 00 class 0x088000
[    0.699501] pci 0000:00:04.0: reg 0x10: [mem 0x38fffff2c000-0x38fffff2ffff 64bit]
[    0.699630] pci 0000:00:04.1: [8086:2021] type 00 class 0x088000
[    0.699641] pci 0000:00:04.1: reg 0x10: [mem 0x38fffff28000-0x38fffff2bfff 64bit]
[    0.699774] pci 0000:00:04.2: [8086:2021] type 00 class 0x088000
[    0.699785] pci 0000:00:04.2: reg 0x10: [mem 0x38fffff24000-0x38fffff27fff 64bit]
[    0.699912] pci 0000:00:04.3: [8086:2021] type 00 class 0x088000
[    0.699923] pci 0000:00:04.3: reg 0x10: [mem 0x38fffff20000-0x38fffff23fff 64bit]
[    0.700047] pci 0000:00:04.4: [8086:2021] type 00 class 0x088000
[    0.700058] pci 0000:00:04.4: reg 0x10: [mem 0x38fffff1c000-0x38fffff1ffff 64bit]
[    0.700185] pci 0000:00:04.5: [8086:2021] type 00 class 0x088000
[    0.700196] pci 0000:00:04.5: reg 0x10: [mem 0x38fffff18000-0x38fffff1bfff 64bit]
[    0.700322] pci 0000:00:04.6: [8086:2021] type 00 class 0x088000
[    0.700333] pci 0000:00:04.6: reg 0x10: [mem 0x38fffff14000-0x38fffff17fff 64bit]
[    0.700458] pci 0000:00:04.7: [8086:2021] type 00 class 0x088000
[    0.700468] pci 0000:00:04.7: reg 0x10: [mem 0x38fffff10000-0x38fffff13fff 64bit]
[    0.700595] pci 0000:00:05.0: [8086:2024] type 00 class 0x088000
[    0.700720] pci 0000:00:05.2: [8086:2025] type 00 class 0x088000
[    0.700839] pci 0000:00:05.4: [8086:2026] type 00 class 0x080020
[    0.700848] pci 0000:00:05.4: reg 0x10: [mem 0xd6f0a000-0xd6f0afff]
[    0.700973] pci 0000:00:08.0: [8086:2014] type 00 class 0x088000
[    0.701086] pci 0000:00:08.1: [8086:2015] type 00 class 0x110100
[    0.701187] pci 0000:00:08.2: [8086:2016] type 00 class 0x088000
[    0.701312] pci 0000:00:11.0: [8086:a1ec] type 00 class 0xff0000
[    0.701498] pci 0000:00:11.1: [8086:a1ed] type 00 class 0xff0000
[    0.701696] pci 0000:00:11.5: [8086:a1d2] type 00 class 0x010601
[    0.701713] pci 0000:00:11.5: reg 0x10: [mem 0xd6f06000-0xd6f07fff]
[    0.701720] pci 0000:00:11.5: reg 0x14: [mem 0xd6f09000-0xd6f090ff]
[    0.701728] pci 0000:00:11.5: reg 0x18: [io  0x3070-0x3077]
[    0.701735] pci 0000:00:11.5: reg 0x1c: [io  0x3060-0x3063]
[    0.701742] pci 0000:00:11.5: reg 0x20: [io  0x3020-0x303f]
[    0.701749] pci 0000:00:11.5: reg 0x24: [mem 0xd6e80000-0xd6efffff]
[    0.701786] pci 0000:00:11.5: PME# supported from D3hot
[    0.701936] pci 0000:00:14.0: [8086:a1af] type 00 class 0x0c0330
[    0.701957] pci 0000:00:14.0: reg 0x10: [mem 0x38fffff00000-0x38fffff0ffff 64bit]
[    0.702018] pci 0000:00:14.0: PME# supported from D3hot D3cold
[    0.702151] pci 0000:00:14.2: [8086:a1b1] type 00 class 0x118000
[    0.702172] pci 0000:00:14.2: reg 0x10: [mem 0x38fffff32000-0x38fffff32fff 64bit]
[    0.702335] pci 0000:00:16.0: [8086:a1ba] type 00 class 0x078000
[    0.702362] pci 0000:00:16.0: reg 0x10: [mem 0x38fffff31000-0x38fffff31fff 64bit]
[    0.702444] pci 0000:00:16.0: PME# supported from D3hot
[    0.702554] pci 0000:00:16.4: [8086:a1be] type 00 class 0x078000
[    0.702582] pci 0000:00:16.4: reg 0x10: [mem 0x38fffff30000-0x38fffff30fff 64bit]
[    0.702663] pci 0000:00:16.4: PME# supported from D3hot
[    0.702771] pci 0000:00:17.0: [8086:a182] type 00 class 0x010601
[    0.702787] pci 0000:00:17.0: reg 0x10: [mem 0xd6f04000-0xd6f05fff]
[    0.702794] pci 0000:00:17.0: reg 0x14: [mem 0xd6f08000-0xd6f080ff]
[    0.702802] pci 0000:00:17.0: reg 0x18: [io  0x3050-0x3057]
[    0.702809] pci 0000:00:17.0: reg 0x1c: [io  0x3040-0x3043]
[    0.702816] pci 0000:00:17.0: reg 0x20: [io  0x3000-0x301f]
[    0.702823] pci 0000:00:17.0: reg 0x24: [mem 0xd6e00000-0xd6e7ffff]
[    0.702860] pci 0000:00:17.0: PME# supported from D3hot
[    0.703005] pci 0000:00:1f.0: [8086:a1c1] type 00 class 0x060100
[    0.703228] pci 0000:00:1f.2: [8086:a1a1] type 00 class 0x058000
[    0.703243] pci 0000:00:1f.2: reg 0x10: [mem 0xd6f00000-0xd6f03fff]
[    0.703417] pci 0000:00:1f.4: [8086:a1a3] type 00 class 0x0c0500
[    0.703437] pci 0000:00:1f.4: reg 0x10: [mem 0x00000000-0x000000ff 64bit]
[    0.703459] pci 0000:00:1f.4: reg 0x20: [io  0x0780-0x079f]
[    0.703580] pci 0000:00:1f.5: [8086:a1a4] type 00 class 0x0c8000
[    0.703597] pci 0000:00:1f.5: reg 0x10: [mem 0xfe010000-0xfe010fff]
[    0.703747] pci_bus 0000:00: on NUMA node 0
[    0.704341] ACPI: PCI Root Bridge [PC01] (domain 0000 [bus 17-33])
[    0.704669] acpi PNP0A08:01: _OSC: OS supports [ExtendedConfig ASPM ClockPM Segments MSI]
[    0.705504] acpi PNP0A08:01: _OSC: platform does not support [AER]
[    0.706062] acpi PNP0A08:01: _OSC: OS now controls [PCIeHotplug PME PCIeCapability]
[    0.706635] PCI host bridge to bus 0000:17
[    0.706857] pci_bus 0000:17: root bus resource [io  0x4000-0x5fff window]
[    0.707209] pci_bus 0000:17: root bus resource [mem 0xd7000000-0xd9ffbfff window]
[    0.707596] pci_bus 0000:17: root bus resource [mem 0x390000000000-0x39ffffffffff window]
[    0.708002] pci_bus 0000:17: root bus resource [bus 17-33]
[    0.708299] pci 0000:17:00.0: [8086:2030] type 01 class 0x060400
[    0.708323] pci 0000:17:00.0: enabling Extended Tags
[    0.708615] pci 0000:17:00.0: PME# supported from D0 D3hot D3cold
[    0.708701] pci 0000:17:05.0: [8086:2034] type 00 class 0x088000
[    0.708784] pci 0000:17:05.2: [8086:2035] type 00 class 0x088000
[    0.708861] pci 0000:17:05.4: [8086:2036] type 00 class 0x080020
[    0.708870] pci 0000:17:05.4: reg 0x10: [mem 0xd9f00000-0xd9f00fff]
[    0.708952] pci 0000:17:08.0: [8086:208d] type 00 class 0x088000
[    0.709015] pci 0000:17:08.1: [8086:208d] type 00 class 0x088000
[    0.709072] pci 0000:17:08.2: [8086:208d] type 00 class 0x088000
[    0.709132] pci 0000:17:08.3: [8086:208d] type 00 class 0x088000
[    0.709187] pci 0000:17:08.4: [8086:208d] type 00 class 0x088000
[    0.709245] pci 0000:17:08.5: [8086:208d] type 00 class 0x088000
[    0.709303] pci 0000:17:08.6: [8086:208d] type 00 class 0x088000
[    0.709359] pci 0000:17:08.7: [8086:208d] type 00 class 0x088000
[    0.709418] pci 0000:17:09.0: [8086:208d] type 00 class 0x088000
[    0.709477] pci 0000:17:09.1: [8086:208d] type 00 class 0x088000
[    0.709536] pci 0000:17:09.2: [8086:208d] type 00 class 0x088000
[    0.709594] pci 0000:17:09.3: [8086:208d] type 00 class 0x088000
[    0.709649] pci 0000:17:09.4: [8086:208d] type 00 class 0x088000
[    0.709708] pci 0000:17:09.5: [8086:208d] type 00 class 0x088000
[    0.709764] pci 0000:17:09.6: [8086:208d] type 00 class 0x088000
[    0.709822] pci 0000:17:09.7: [8086:208d] type 00 class 0x088000
[    0.709878] pci 0000:17:0a.0: [8086:208d] type 00 class 0x088000
[    0.709941] pci 0000:17:0a.1: [8086:208d] type 00 class 0x088000
[    0.710000] pci 0000:17:0a.2: [8086:208d] type 00 class 0x088000
[    0.710057] pci 0000:17:0a.3: [8086:208d] type 00 class 0x088000
[    0.710116] pci 0000:17:0a.4: [8086:208d] type 00 class 0x088000
[    0.710172] pci 0000:17:0a.5: [8086:208d] type 00 class 0x088000
[    0.710231] pci 0000:17:0a.6: [8086:208d] type 00 class 0x088000
[    0.710290] pci 0000:17:0a.7: [8086:208d] type 00 class 0x088000
[    0.710349] pci 0000:17:0b.0: [8086:208d] type 00 class 0x088000
[    0.710412] pci 0000:17:0b.1: [8086:208d] type 00 class 0x088000
[    0.710467] pci 0000:17:0b.2: [8086:208d] type 00 class 0x088000
[    0.710524] pci 0000:17:0b.3: [8086:208d] type 00 class 0x088000
[    0.710584] pci 0000:17:0e.0: [8086:208e] type 00 class 0x088000
[    0.710643] pci 0000:17:0e.1: [8086:208e] type 00 class 0x088000
[    0.710701] pci 0000:17:0e.2: [8086:208e] type 00 class 0x088000
[    0.710757] pci 0000:17:0e.3: [8086:208e] type 00 class 0x088000
[    0.710814] pci 0000:17:0e.4: [8086:208e] type 00 class 0x088000
[    0.710869] pci 0000:17:0e.5: [8086:208e] type 00 class 0x088000
[    0.710927] pci 0000:17:0e.6: [8086:208e] type 00 class 0x088000
[    0.710983] pci 0000:17:0e.7: [8086:208e] type 00 class 0x088000
[    0.711038] pci 0000:17:0f.0: [8086:208e] type 00 class 0x088000
[    0.711098] pci 0000:17:0f.1: [8086:208e] type 00 class 0x088000
[    0.711153] pci 0000:17:0f.2: [8086:208e] type 00 class 0x088000
[    0.711210] pci 0000:17:0f.3: [8086:208e] type 00 class 0x088000
[    0.711268] pci 0000:17:0f.4: [8086:208e] type 00 class 0x088000
[    0.711324] pci 0000:17:0f.5: [8086:208e] type 00 class 0x088000
[    0.711381] pci 0000:17:0f.6: [8086:208e] type 00 class 0x088000
[    0.711437] pci 0000:17:0f.7: [8086:208e] type 00 class 0x088000
[    0.711495] pci 0000:17:10.0: [8086:208e] type 00 class 0x088000
[    0.711555] pci 0000:17:10.1: [8086:208e] type 00 class 0x088000
[    0.711612] pci 0000:17:10.2: [8086:208e] type 00 class 0x088000
[    0.711670] pci 0000:17:10.3: [8086:208e] type 00 class 0x088000
[    0.711726] pci 0000:17:10.4: [8086:208e] type 00 class 0x088000
[    0.711785] pci 0000:17:10.5: [8086:208e] type 00 class 0x088000
[    0.711841] pci 0000:17:10.6: [8086:208e] type 00 class 0x088000
[    0.711899] pci 0000:17:10.7: [8086:208e] type 00 class 0x088000
[    0.711958] pci 0000:17:11.0: [8086:208e] type 00 class 0x088000
[    0.712016] pci 0000:17:11.1: [8086:208e] type 00 class 0x088000
[    0.712073] pci 0000:17:11.2: [8086:208e] type 00 class 0x088000
[    0.712129] pci 0000:17:11.3: [8086:208e] type 00 class 0x088000
[    0.712198] pci 0000:17:1d.0: [8086:2054] type 00 class 0x088000
[    0.712261] pci 0000:17:1d.1: [8086:2055] type 00 class 0x088000
[    0.712317] pci 0000:17:1d.2: [8086:2056] type 00 class 0x088000
[    0.712376] pci 0000:17:1d.3: [8086:2057] type 00 class 0x088000
[    0.712436] pci 0000:17:1e.0: [8086:2080] type 00 class 0x088000
[    0.712499] pci 0000:17:1e.1: [8086:2081] type 00 class 0x088000
[    0.712557] pci 0000:17:1e.2: [8086:2082] type 00 class 0x088000
[    0.712613] pci 0000:17:1e.3: [8086:2083] type 00 class 0x088000
[    0.712736] pci 0000:17:1e.4: [8086:2084] type 00 class 0x088000
[    0.712793] pci 0000:17:1e.5: [8086:2085] type 00 class 0x088000
[    0.712852] pci 0000:17:1e.6: [8086:2086] type 00 class 0x088000
[    0.712965] pci 0000:18:00.0: [1d0f:cd00] type 00 class 0x010802
[    0.713003] pci 0000:18:00.0: reg 0x10: [mem 0xd9e04000-0xd9e07fff 64bit]
[    0.713120] pci 0000:18:00.0: PME# supported from D0
[    0.713196] pci 0000:18:00.1: [1d0f:cd00] type 00 class 0x010802
[    0.713230] pci 0000:18:00.1: reg 0x10: [mem 0xd9e00000-0xd9e03fff 64bit]
[    0.713342] pci 0000:18:00.1: PME# supported from D0
[    0.713407] pci 0000:17:00.0: PCI bridge to [bus 18]
[    0.713674] pci 0000:17:00.0:   bridge window [mem 0xd9e00000-0xd9efffff]
[    0.713683] pci_bus 0000:17: on NUMA node 0
[    0.713794] ACPI: PCI Root Bridge [PC02] (domain 0000 [bus 34-79])
[    0.714121] acpi PNP0A08:02: _OSC: OS supports [ExtendedConfig ASPM ClockPM Segments MSI]
[    0.715046] acpi PNP0A08:02: _OSC: platform does not support [AER]
[    0.715574] acpi PNP0A08:02: _OSC: OS now controls [PCIeHotplug PME PCIeCapability]
[    0.716122] PCI host bridge to bus 0000:34
[    0.716344] pci_bus 0000:34: root bus resource [io  0x6000-0x7fff window]
[    0.716696] pci_bus 0000:34: root bus resource [mem 0xda000000-0xe2ffbfff window]
[    0.717082] pci_bus 0000:34: root bus resource [mem 0x3a0000000000-0x3affffffffff window]
[    0.717503] pci_bus 0000:34: root bus resource [bus 34-79]
[    0.717798] pci 0000:34:05.0: [8086:2034] type 00 class 0x088000
[    0.717874] pci 0000:34:05.2: [8086:2035] type 00 class 0x088000
[    0.717946] pci 0000:34:05.4: [8086:2036] type 00 class 0x080020
[    0.717954] pci 0000:34:05.4: reg 0x10: [mem 0xe2f00000-0xe2f00fff]
[    0.718028] pci 0000:34:08.0: [8086:2066] type 00 class 0x088000
[    0.718098] pci 0000:34:09.0: [8086:2066] type 00 class 0x088000
[    0.718166] pci 0000:34:0a.0: [8086:2040] type 00 class 0x088000
[    0.718230] pci 0000:34:0a.1: [8086:2041] type 00 class 0x088000
[    0.718300] pci 0000:34:0a.2: [8086:2042] type 00 class 0x088000
[    0.718363] pci 0000:34:0a.3: [8086:2043] type 00 class 0x088000
[    0.718423] pci 0000:34:0a.4: [8086:2044] type 00 class 0x088000
[    0.718485] pci 0000:34:0a.5: [8086:2045] type 00 class 0x088000
[    0.718545] pci 0000:34:0a.6: [8086:2046] type 00 class 0x088000
[    0.718609] pci 0000:34:0a.7: [8086:2047] type 00 class 0x088000
[    0.718672] pci 0000:34:0b.0: [8086:2048] type 00 class 0x088000
[    0.718736] pci 0000:34:0b.1: [8086:2049] type 00 class 0x088000
[    0.718798] pci 0000:34:0b.2: [8086:204a] type 00 class 0x088000
[    0.718860] pci 0000:34:0b.3: [8086:204b] type 00 class 0x088000
[    0.718922] pci 0000:34:0c.0: [8086:2040] type 00 class 0x088000
[    0.718989] pci 0000:34:0c.1: [8086:2041] type 00 class 0x088000
[    0.719053] pci 0000:34:0c.2: [8086:2042] type 00 class 0x088000
[    0.719116] pci 0000:34:0c.3: [8086:2043] type 00 class 0x088000
[    0.719179] pci 0000:34:0c.4: [8086:2044] type 00 class 0x088000
[    0.719245] pci 0000:34:0c.5: [8086:2045] type 00 class 0x088000
[    0.719306] pci 0000:34:0c.6: [8086:2046] type 00 class 0x088000
[    0.719370] pci 0000:34:0c.7: [8086:2047] type 00 class 0x088000
[    0.719433] pci 0000:34:0d.0: [8086:2048] type 00 class 0x088000
[    0.719499] pci 0000:34:0d.1: [8086:2049] type 00 class 0x088000
[    0.719563] pci 0000:34:0d.2: [8086:204a] type 00 class 0x088000
[    0.719628] pci 0000:34:0d.3: [8086:204b] type 00 class 0x088000
[    0.719699] pci_bus 0000:34: on NUMA node 0
[    0.719853] ACPI: PCI Root Bridge [PC03] (domain 0000 [bus 7a-bf])
[    0.720003] acpi PNP0A08:03: _OSC: OS supports [ExtendedConfig ASPM ClockPM Segments MSI]
[    0.720979] acpi PNP0A08:03: _OSC: platform does not support [AER]
[    0.721507] acpi PNP0A08:03: _OSC: OS now controls [PCIeHotplug PME PCIeCapability]
[    0.722079] PCI host bridge to bus 0000:7a
[    0.722301] pci_bus 0000:7a: root bus resource [io  0x8000-0x9fff window]
[    0.722653] pci_bus 0000:7a: root bus resource [mem 0xe3000000-0xebffbfff window]
[    0.723041] pci_bus 0000:7a: root bus resource [mem 0x3b0000000000-0x3bffffffffff window]
[    0.723464] pci_bus 0000:7a: root bus resource [bus 7a-bf]
[    0.723757] pci 0000:7a:00.0: [8086:2030] type 01 class 0x060400
[    0.723782] pci 0000:7a:00.0: enabling Extended Tags
[    0.724031] pci 0000:7a:00.0: PME# supported from D0 D3hot D3cold
[    0.724112] pci 0000:7a:02.0: [8086:2032] type 01 class 0x060400
[    0.724137] pci 0000:7a:02.0: enabling Extended Tags
[    0.724431] pci 0000:7a:02.0: PME# supported from D0 D3hot D3cold
[    0.724506] pci 0000:7a:05.0: [8086:2034] type 00 class 0x088000
[    0.724579] pci 0000:7a:05.2: [8086:2035] type 00 class 0x088000
[    0.724654] pci 0000:7a:05.4: [8086:2036] type 00 class 0x080020
[    0.724663] pci 0000:7a:05.4: reg 0x10: [mem 0xebe00000-0xebe00fff]
[    0.724742] pci 0000:7a:0e.0: [8086:2058] type 00 class 0x110100
[    0.724804] pci 0000:7a:0e.1: [8086:2059] type 00 class 0x088000
[    0.724870] pci 0000:7a:0f.0: [8086:2058] type 00 class 0x110100
[    0.724935] pci 0000:7a:0f.1: [8086:2059] type 00 class 0x088000
[    0.724997] pci 0000:7a:10.0: [8086:2058] type 00 class 0x110100
[    0.725063] pci 0000:7a:10.1: [8086:2059] type 00 class 0x088000
[    0.725130] pci 0000:7a:12.0: [8086:204c] type 00 class 0x110100
[    0.725190] pci 0000:7a:12.1: [8086:204d] type 00 class 0x110100
[    0.725243] pci 0000:7a:12.2: [8086:204e] type 00 class 0x088000
[    0.725296] pci 0000:7a:12.4: [8086:204c] type 00 class 0x110100
[    0.725359] pci 0000:7a:12.5: [8086:204d] type 00 class 0x110100
[    0.725413] pci 0000:7a:15.0: [8086:2018] type 00 class 0x088000
[    0.725468] pci 0000:7a:16.0: [8086:2018] type 00 class 0x088000
[    0.725524] pci 0000:7a:16.4: [8086:2018] type 00 class 0x088000
[    0.725578] pci 0000:7a:17.0: [8086:2018] type 00 class 0x088000
[    0.725743] pci 0000:7b:00.0: [1d0f:bec2] type 01 class 0x060400
[    0.725864] pci 0000:7b:00.0: PME# supported from D0 D3hot D3cold
[    0.725926] pci 0000:7a:00.0: PCI bridge to [bus 7b-8c]
[    0.726206] pci 0000:7a:00.0:   bridge window [mem 0xe9e00000-0xebdfffff]
[    0.726210] pci 0000:7a:00.0:   bridge window [mem 0x3bfff0000000-0x3bffffffffff 64bit pref]
[    0.726455] pci 0000:7c:00.0: [1d0f:bec2] type 01 class 0x060400
[    0.726589] pci 0000:7c:00.0: PME# supported from D0 D3hot D3cold
[    0.726688] pci 0000:7c:01.0: [1d0f:bec2] type 01 class 0x060400
[    0.726751] pci 0000:7c:01.0: Max Payload Size set to 256 (was 128, max 256)
[    0.727194] pci 0000:7c:01.0: PME# supported from D0 D3hot D3cold
[    0.727292] pci 0000:7c:02.0: [1d0f:bec2] type 01 class 0x060400
[    0.727355] pci 0000:7c:02.0: Max Payload Size set to 256 (was 128, max 256)
[    0.727798] pci 0000:7c:02.0: PME# supported from D0 D3hot D3cold
[    0.727894] pci 0000:7c:03.0: [1d0f:bec2] type 01 class 0x060400
[    0.727955] pci 0000:7c:03.0: Max Payload Size set to 256 (was 128, max 256)
[    0.728075] pci 0000:7c:03.0: PME# supported from D0 D3hot D3cold
[    0.728176] pci 0000:7c:04.0: [1d0f:bec2] type 01 class 0x060400
[    0.728238] pci 0000:7c:04.0: Max Payload Size set to 256 (was 128, max 256)
[    0.728681] pci 0000:7c:04.0: PME# supported from D0 D3hot D3cold
[    0.728784] pci 0000:7c:05.0: [1d0f:bec2] type 01 class 0x060400
[    0.728846] pci 0000:7c:05.0: Max Payload Size set to 256 (was 128, max 256)
[    0.729289] pci 0000:7c:05.0: PME# supported from D0 D3hot D3cold
[    0.729393] pci 0000:7c:06.0: [1d0f:bec2] type 01 class 0x060400
[    0.729455] pci 0000:7c:06.0: Max Payload Size set to 256 (was 128, max 256)
[    0.729897] pci 0000:7c:06.0: PME# supported from D0 D3hot D3cold
[    0.730002] pci 0000:7c:07.0: [1d0f:bec2] type 01 class 0x060400
[    0.730064] pci 0000:7c:07.0: Max Payload Size set to 256 (was 128, max 256)
[    0.730506] pci 0000:7c:07.0: PME# supported from D0 D3hot D3cold
[    0.730613] pci 0000:7c:08.0: [1d0f:bec2] type 01 class 0x060400
[    0.730675] pci 0000:7c:08.0: Max Payload Size set to 256 (was 128, max 256)
[    0.731120] pci 0000:7c:08.0: PME# supported from D0 D3hot D3cold
[    0.731228] pci 0000:7c:09.0: [1d0f:bec2] type 01 class 0x060400
[    0.731290] pci 0000:7c:09.0: Max Payload Size set to 256 (was 128, max 256)
[    0.731733] pci 0000:7c:09.0: PME# supported from D0 D3hot D3cold
[    0.731842] pci 0000:7c:0a.0: [1d0f:bec2] type 01 class 0x060400
[    0.731904] pci 0000:7c:0a.0: Max Payload Size set to 256 (was 128, max 256)
[    0.732075] pci 0000:7c:0a.0: PME# supported from D0 D3hot D3cold
[    0.732183] pci 0000:7c:0b.0: [1d0f:bec2] type 01 class 0x060400
[    0.732245] pci 0000:7c:0b.0: Max Payload Size set to 256 (was 128, max 256)
[    0.732687] pci 0000:7c:0b.0: PME# supported from D0 D3hot D3cold
[    0.732797] pci 0000:7c:0c.0: [1d0f:bec2] type 01 class 0x060400
[    0.732859] pci 0000:7c:0c.0: Max Payload Size set to 256 (was 128, max 256)
[    0.733302] pci 0000:7c:0c.0: PME# supported from D0 D3hot D3cold
[    0.733416] pci 0000:7c:0d.0: [1d0f:bec2] type 01 class 0x060400
[    0.733478] pci 0000:7c:0d.0: Max Payload Size set to 256 (was 128, max 256)
[    0.733920] pci 0000:7c:0d.0: PME# supported from D0 D3hot D3cold
[    0.734036] pci 0000:7c:0e.0: [1d0f:bec2] type 01 class 0x060400
[    0.734098] pci 0000:7c:0e.0: Max Payload Size set to 256 (was 128, max 256)
[    0.734540] pci 0000:7c:0e.0: PME# supported from D0 D3hot D3cold
[    0.734658] pci 0000:7c:0f.0: [1d0f:bec2] type 01 class 0x060400
[    0.734720] pci 0000:7c:0f.0: Max Payload Size set to 256 (was 128, max 256)
[    0.735162] pci 0000:7c:0f.0: PME# supported from D0 D3hot D3cold
[    0.735287] pci 0000:7b:00.0: PCI bridge to [bus 7c-8c]
[    0.735569] pci 0000:7b:00.0:   bridge window [mem 0xe9e00000-0xebdfffff]
[    0.735575] pci 0000:7b:00.0:   bridge window [mem 0x3bfff0000000-0x3bffffffffff 64bit pref]
[    0.735636] pci 0000:7d:00.0: [1d0f:ec20] type 00 class 0x020000
[    0.735670] pci 0000:7d:00.0: reg 0x10: [mem 0xebc20000-0xebc23fff]
[    0.735702] pci 0000:7d:00.0: reg 0x18: [mem 0x3bffff000000-0x3bffffffffff 64bit pref]
[    0.735740] pci 0000:7d:00.0: reg 0x30: [mem 0xebc00000-0xebc1ffff pref]
[    0.735826] pci 0000:7d:00.0: PME# supported from D0
[    0.735896] pci 0000:7c:00.0: PCI bridge to [bus 7d]
[    0.736009] pci 0000:7c:00.0:   bridge window [mem 0xebc00000-0xebdfffff]
[    0.736016] pci 0000:7c:00.0:   bridge window [mem 0x3bffff000000-0x3bffffffffff 64bit pref]
[    0.736062] pci 0000:7c:01.0: PCI bridge to [bus 7e]
[    0.736332] pci 0000:7c:01.0:   bridge window [mem 0xeba00000-0xebbfffff]
[    0.736338] pci 0000:7c:01.0:   bridge window [mem 0x3bfffe000000-0x3bfffeffffff 64bit pref]
[    0.736383] pci 0000:7c:02.0: PCI bridge to [bus 7f]
[    0.736653] pci 0000:7c:02.0:   bridge window [mem 0xeb800000-0xeb9fffff]
[    0.736660] pci 0000:7c:02.0:   bridge window [mem 0x3bfffd000000-0x3bfffdffffff 64bit pref]
[    0.736708] pci 0000:7c:03.0: PCI bridge to [bus 80]
[    0.736978] pci 0000:7c:03.0:   bridge window [mem 0xeb600000-0xeb7fffff]
[    0.736985] pci 0000:7c:03.0:   bridge window [mem 0x3bfffc000000-0x3bfffcffffff 64bit pref]
[    0.737033] pci 0000:7c:04.0: PCI bridge to [bus 81]
[    0.737304] pci 0000:7c:04.0:   bridge window [mem 0xeb400000-0xeb5fffff]
[    0.737310] pci 0000:7c:04.0:   bridge window [mem 0x3bfffb000000-0x3bfffbffffff 64bit pref]
[    0.737355] pci 0000:7c:05.0: PCI bridge to [bus 82]
[    0.737625] pci 0000:7c:05.0:   bridge window [mem 0xeb200000-0xeb3fffff]
[    0.737632] pci 0000:7c:05.0:   bridge window [mem 0x3bfffa000000-0x3bfffaffffff 64bit pref]
[    0.737679] pci 0000:7c:06.0: PCI bridge to [bus 83]
[    0.737949] pci 0000:7c:06.0:   bridge window [mem 0xeb000000-0xeb1fffff]
[    0.737956] pci 0000:7c:06.0:   bridge window [mem 0x3bfff9000000-0x3bfff9ffffff 64bit pref]
[    0.738001] pci 0000:7c:07.0: PCI bridge to [bus 84]
[    0.738271] pci 0000:7c:07.0:   bridge window [mem 0xeae00000-0xeaffffff]
[    0.738277] pci 0000:7c:07.0:   bridge window [mem 0x3bfff8000000-0x3bfff8ffffff 64bit pref]
[    0.738323] pci 0000:7c:08.0: PCI bridge to [bus 85]
[    0.738593] pci 0000:7c:08.0:   bridge window [mem 0xeac00000-0xeadfffff]
[    0.738600] pci 0000:7c:08.0:   bridge window [mem 0x3bfff7000000-0x3bfff7ffffff 64bit pref]
[    0.738648] pci 0000:7c:09.0: PCI bridge to [bus 86]
[    0.738920] pci 0000:7c:09.0:   bridge window [mem 0xeaa00000-0xeabfffff]
[    0.738926] pci 0000:7c:09.0:   bridge window [mem 0x3bfff6000000-0x3bfff6ffffff 64bit pref]
[    0.738972] pci 0000:7c:0a.0: PCI bridge to [bus 87]
[    0.739242] pci 0000:7c:0a.0:   bridge window [mem 0xea800000-0xea9fffff]
[    0.739249] pci 0000:7c:0a.0:   bridge window [mem 0x3bfff5000000-0x3bfff5ffffff 64bit pref]
[    0.739294] pci 0000:7c:0b.0: PCI bridge to [bus 88]
[    0.739564] pci 0000:7c:0b.0:   bridge window [mem 0xea600000-0xea7fffff]
[    0.739571] pci 0000:7c:0b.0:   bridge window [mem 0x3bfff4000000-0x3bfff4ffffff 64bit pref]
[    0.739620] pci 0000:7c:0c.0: PCI bridge to [bus 89]
[    0.739890] pci 0000:7c:0c.0:   bridge window [mem 0xea400000-0xea5fffff]
[    0.739897] pci 0000:7c:0c.0:   bridge window [mem 0x3bfff3000000-0x3bfff3ffffff 64bit pref]
[    0.739944] pci 0000:7c:0d.0: PCI bridge to [bus 8a]
[    0.740007] pci 0000:7c:0d.0:   bridge window [mem 0xea200000-0xea3fffff]
[    0.740014] pci 0000:7c:0d.0:   bridge window [mem 0x3bfff2000000-0x3bfff2ffffff 64bit pref]
[    0.740059] pci 0000:7c:0e.0: PCI bridge to [bus 8b]
[    0.740329] pci 0000:7c:0e.0:   bridge window [mem 0xea000000-0xea1fffff]
[    0.740336] pci 0000:7c:0e.0:   bridge window [mem 0x3bfff1000000-0x3bfff1ffffff 64bit pref]
[    0.740384] pci 0000:7c:0f.0: PCI bridge to [bus 8c]
[    0.740653] pci 0000:7c:0f.0:   bridge window [mem 0xe9e00000-0xe9ffffff]
[    0.740660] pci 0000:7c:0f.0:   bridge window [mem 0x3bfff0000000-0x3bfff0ffffff 64bit pref]
[    0.740880] pci 0000:8d:00.0: [1d0f:bec2] type 01 class 0x060400
[    0.740995] pci 0000:8d:00.0: PME# supported from D0 D3hot D3cold
[    0.741052] pci 0000:7a:02.0: PCI bridge to [bus 8d-ae]
[    0.741332] pci 0000:7a:02.0:   bridge window [mem 0xe5e00000-0xe9dfffff]
[    0.741335] pci 0000:7a:02.0:   bridge window [mem 0x3bffd0000000-0x3bffefffffff 64bit pref]
[    0.741581] pci 0000:8e:00.0: [1d0f:bec2] type 01 class 0x060400
[    0.741712] pci 0000:8e:00.0: PME# supported from D0 D3hot D3cold
[    0.741811] pci 0000:8e:01.0: [1d0f:bec2] type 01 class 0x060400
[    0.741941] pci 0000:8e:01.0: PME# supported from D0 D3hot D3cold
[    0.742039] pci 0000:8e:02.0: [1d0f:bec2] type 01 class 0x060400
[    0.742101] pci 0000:8e:02.0: Max Payload Size set to 256 (was 128, max 256)
[    0.742545] pci 0000:8e:02.0: PME# supported from D0 D3hot D3cold
[    0.742644] pci 0000:8e:03.0: [1d0f:bec2] type 01 class 0x060400
[    0.742705] pci 0000:8e:03.0: Max Payload Size set to 256 (was 128, max 256)
[    0.743149] pci 0000:8e:03.0: PME# supported from D0 D3hot D3cold
[    0.743248] pci 0000:8e:04.0: [1d0f:bec2] type 01 class 0x060400
[    0.743310] pci 0000:8e:04.0: Max Payload Size set to 256 (was 128, max 256)
[    0.743753] pci 0000:8e:04.0: PME# supported from D0 D3hot D3cold
[    0.743850] pci 0000:8e:05.0: [1d0f:bec2] type 01 class 0x060400
[    0.743912] pci 0000:8e:05.0: Max Payload Size set to 256 (was 128, max 256)
[    0.744077] pci 0000:8e:05.0: PME# supported from D0 D3hot D3cold
[    0.744178] pci 0000:8e:06.0: [1d0f:bec2] type 01 class 0x060400
[    0.744239] pci 0000:8e:06.0: Max Payload Size set to 256 (was 128, max 256)
[    0.744681] pci 0000:8e:06.0: PME# supported from D0 D3hot D3cold
[    0.744784] pci 0000:8e:07.0: [1d0f:bec2] type 01 class 0x060400
[    0.744845] pci 0000:8e:07.0: Max Payload Size set to 256 (was 128, max 256)
[    0.745286] pci 0000:8e:07.0: PME# supported from D0 D3hot D3cold
[    0.745391] pci 0000:8e:08.0: [1d0f:bec2] type 01 class 0x060400
[    0.745452] pci 0000:8e:08.0: Max Payload Size set to 256 (was 128, max 256)
[    0.745893] pci 0000:8e:08.0: PME# supported from D0 D3hot D3cold
[    0.745999] pci 0000:8e:09.0: [1d0f:bec2] type 01 class 0x060400
[    0.746060] pci 0000:8e:09.0: Max Payload Size set to 256 (was 128, max 256)
[    0.746502] pci 0000:8e:09.0: PME# supported from D0 D3hot D3cold
[    0.746621] pci 0000:8e:0a.0: [1d0f:bec2] type 01 class 0x060400
[    0.746682] pci 0000:8e:0a.0: Max Payload Size set to 256 (was 128, max 256)
[    0.747124] pci 0000:8e:0a.0: PME# supported from D0 D3hot D3cold
[    0.747237] pci 0000:8e:0b.0: [1d0f:bec2] type 01 class 0x060400
[    0.747297] pci 0000:8e:0b.0: Max Payload Size set to 256 (was 128, max 256)
[    0.747740] pci 0000:8e:0b.0: PME# supported from D0 D3hot D3cold
[    0.747851] pci 0000:8e:0c.0: [1d0f:bec2] type 01 class 0x060400
[    0.747912] pci 0000:8e:0c.0: Max Payload Size set to 256 (was 128, max 256)
[    0.748073] pci 0000:8e:0c.0: PME# supported from D0 D3hot D3cold
[    0.748187] pci 0000:8e:0d.0: [1d0f:bec2] type 01 class 0x060400
[    0.748247] pci 0000:8e:0d.0: Max Payload Size set to 256 (was 128, max 256)
[    0.748688] pci 0000:8e:0d.0: PME# supported from D0 D3hot D3cold
[    0.748803] pci 0000:8e:0e.0: [1d0f:bec2] type 01 class 0x060400
[    0.748864] pci 0000:8e:0e.0: Max Payload Size set to 256 (was 128, max 256)
[    0.749305] pci 0000:8e:0e.0: PME# supported from D0 D3hot D3cold
[    0.749420] pci 0000:8e:0f.0: [1d0f:bec2] type 01 class 0x060400
[    0.749481] pci 0000:8e:0f.0: Max Payload Size set to 256 (was 128, max 256)
[    0.749922] pci 0000:8e:0f.0: PME# supported from D0 D3hot D3cold
[    0.750041] pci 0000:8e:10.0: [1d0f:bec2] type 01 class 0x060400
[    0.750102] pci 0000:8e:10.0: Max Payload Size set to 256 (was 128, max 256)
[    0.750542] pci 0000:8e:10.0: PME# supported from D0 D3hot D3cold
[    0.750662] pci 0000:8e:11.0: [1d0f:bec2] type 01 class 0x060400
[    0.750723] pci 0000:8e:11.0: Max Payload Size set to 256 (was 128, max 256)
[    0.751164] pci 0000:8e:11.0: PME# supported from D0 D3hot D3cold
[    0.751285] pci 0000:8e:12.0: [1d0f:bec2] type 01 class 0x060400
[    0.751346] pci 0000:8e:12.0: Max Payload Size set to 256 (was 128, max 256)
[    0.751786] pci 0000:8e:12.0: PME# supported from D0 D3hot D3cold
[    0.751908] pci 0000:8e:13.0: [1d0f:bec2] type 01 class 0x060400
[    0.751968] pci 0000:8e:13.0: Max Payload Size set to 256 (was 128, max 256)
[    0.752073] pci 0000:8e:13.0: PME# supported from D0 D3hot D3cold
[    0.752194] pci 0000:8e:14.0: [1d0f:bec2] type 01 class 0x060400
[    0.752255] pci 0000:8e:14.0: Max Payload Size set to 256 (was 128, max 256)
[    0.752696] pci 0000:8e:14.0: PME# supported from D0 D3hot D3cold
[    0.752823] pci 0000:8e:15.0: [1d0f:bec2] type 01 class 0x060400
[    0.752883] pci 0000:8e:15.0: Max Payload Size set to 256 (was 128, max 256)
[    0.753324] pci 0000:8e:15.0: PME# supported from D0 D3hot D3cold
[    0.753451] pci 0000:8e:16.0: [1d0f:bec2] type 01 class 0x060400
[    0.753512] pci 0000:8e:16.0: Max Payload Size set to 256 (was 128, max 256)
[    0.753953] pci 0000:8e:16.0: PME# supported from D0 D3hot D3cold
[    0.754080] pci 0000:8e:17.0: [1d0f:bec2] type 01 class 0x060400
[    0.754141] pci 0000:8e:17.0: Max Payload Size set to 256 (was 128, max 256)
[    0.754582] pci 0000:8e:17.0: PME# supported from D0 D3hot D3cold
[    0.754714] pci 0000:8e:18.0: [1d0f:bec2] type 01 class 0x060400
[    0.754775] pci 0000:8e:18.0: Max Payload Size set to 256 (was 128, max 256)
[    0.755216] pci 0000:8e:18.0: PME# supported from D0 D3hot D3cold
[    0.755347] pci 0000:8e:19.0: [1d0f:bec2] type 01 class 0x060400
[    0.755407] pci 0000:8e:19.0: Max Payload Size set to 256 (was 128, max 256)
[    0.755848] pci 0000:8e:19.0: PME# supported from D0 D3hot D3cold
[    0.755980] pci 0000:8e:1a.0: [1d0f:bec2] type 01 class 0x060400
[    0.756041] pci 0000:8e:1a.0: Max Payload Size set to 256 (was 128, max 256)
[    0.756482] pci 0000:8e:1a.0: PME# supported from D0 D3hot D3cold
[    0.756616] pci 0000:8e:1b.0: [1d0f:bec2] type 01 class 0x060400
[    0.756676] pci 0000:8e:1b.0: Max Payload Size set to 256 (was 128, max 256)
[    0.757117] pci 0000:8e:1b.0: PME# supported from D0 D3hot D3cold
[    0.757251] pci 0000:8e:1c.0: [1d0f:bec2] type 01 class 0x060400
[    0.757313] pci 0000:8e:1c.0: Max Payload Size set to 256 (was 128, max 256)
[    0.757755] pci 0000:8e:1c.0: PME# supported from D0 D3hot D3cold
[    0.757893] pci 0000:8e:1d.0: [1d0f:bec2] type 01 class 0x060400
[    0.757954] pci 0000:8e:1d.0: Max Payload Size set to 256 (was 128, max 256)
[    0.758395] pci 0000:8e:1d.0: PME# supported from D0 D3hot D3cold
[    0.758535] pci 0000:8e:1e.0: [1d0f:bec2] type 01 class 0x060400
[    0.758596] pci 0000:8e:1e.0: Max Payload Size set to 256 (was 128, max 256)
[    0.759037] pci 0000:8e:1e.0: PME# supported from D0 D3hot D3cold
[    0.759177] pci 0000:8e:1f.0: [1d0f:bec2] type 01 class 0x060400
[    0.759238] pci 0000:8e:1f.0: Max Payload Size set to 256 (was 128, max 256)
[    0.759678] pci 0000:8e:1f.0: PME# supported from D0 D3hot D3cold
[    0.759806] pci 0000:8d:00.0: PCI bridge to [bus 8e-ae]
[    0.760009] pci 0000:8d:00.0:   bridge window [mem 0xe5e00000-0xe9dfffff]
[    0.760015] pci 0000:8d:00.0:   bridge window [mem 0x3bffd0000000-0x3bffefffffff 64bit pref]
[    0.760077] pci 0000:8f:00.0: [1d0f:8250] type 00 class 0x070003
[    0.760112] pci 0000:8f:00.0: reg 0x10: [mem 0xe9c00000-0xe9c03fff]
[    0.760267] pci 0000:8f:00.0: PME# supported from D0
[    0.760330] pci 0000:8e:00.0: PCI bridge to [bus 8f]
[    0.760603] pci 0000:8e:00.0:   bridge window [mem 0xe9c00000-0xe9dfffff]
[    0.760610] pci 0000:8e:00.0:   bridge window [mem 0x3bffef000000-0x3bffefffffff 64bit pref]
[    0.760675] pci 0000:90:00.0: [1d0f:0061] type 00 class 0x010802
[    0.760711] pci 0000:90:00.0: reg 0x10: [mem 0xe9a00000-0xe9bfffff 64bit]
[    0.760852] pci 0000:90:00.0: PME# supported from D0
[    0.760924] pci 0000:8e:01.0: PCI bridge to [bus 90]
[    0.761198] pci 0000:8e:01.0:   bridge window [mem 0xe9a00000-0xe9bfffff]
[    0.761204] pci 0000:8e:01.0:   bridge window [mem 0x3bffee000000-0x3bffeeffffff 64bit pref]
[    0.761250] pci 0000:8e:02.0: PCI bridge to [bus 91]
[    0.761523] pci 0000:8e:02.0:   bridge window [mem 0xe9800000-0xe99fffff]
[    0.761530] pci 0000:8e:02.0:   bridge window [mem 0x3bffed000000-0x3bffedffffff 64bit pref]
[    0.761578] pci 0000:8e:03.0: PCI bridge to [bus 92]
[    0.761851] pci 0000:8e:03.0:   bridge window [mem 0xe9600000-0xe97fffff]
[    0.761858] pci 0000:8e:03.0:   bridge window [mem 0x3bffec000000-0x3bffecffffff 64bit pref]
[    0.761902] pci 0000:8e:04.0: PCI bridge to [bus 93]
[    0.762176] pci 0000:8e:04.0:   bridge window [mem 0xe9400000-0xe95fffff]
[    0.762183] pci 0000:8e:04.0:   bridge window [mem 0x3bffeb000000-0x3bffebffffff 64bit pref]
[    0.762228] pci 0000:8e:05.0: PCI bridge to [bus 94]
[    0.762501] pci 0000:8e:05.0:   bridge window [mem 0xe9200000-0xe93fffff]
[    0.762508] pci 0000:8e:05.0:   bridge window [mem 0x3bffea000000-0x3bffeaffffff 64bit pref]
[    0.762556] pci 0000:8e:06.0: PCI bridge to [bus 95]
[    0.762828] pci 0000:8e:06.0:   bridge window [mem 0xe9000000-0xe91fffff]
[    0.762835] pci 0000:8e:06.0:   bridge window [mem 0x3bffe9000000-0x3bffe9ffffff 64bit pref]
[    0.762880] pci 0000:8e:07.0: PCI bridge to [bus 96]
[    0.763153] pci 0000:8e:07.0:   bridge window [mem 0xe8e00000-0xe8ffffff]
[    0.763160] pci 0000:8e:07.0:   bridge window [mem 0x3bffe8000000-0x3bffe8ffffff 64bit pref]
[    0.763204] pci 0000:8e:08.0: PCI bridge to [bus 97]
[    0.763477] pci 0000:8e:08.0:   bridge window [mem 0xe8c00000-0xe8dfffff]
[    0.763484] pci 0000:8e:08.0:   bridge window [mem 0x3bffe7000000-0x3bffe7ffffff 64bit pref]
[    0.763531] pci 0000:8e:09.0: PCI bridge to [bus 98]
[    0.763805] pci 0000:8e:09.0:   bridge window [mem 0xe8a00000-0xe8bfffff]
[    0.763812] pci 0000:8e:09.0:   bridge window [mem 0x3bffe6000000-0x3bffe6ffffff 64bit pref]
[    0.763857] pci 0000:8e:0a.0: PCI bridge to [bus 99]
[    0.764010] pci 0000:8e:0a.0:   bridge window [mem 0xe8800000-0xe89fffff]
[    0.764017] pci 0000:8e:0a.0:   bridge window [mem 0x3bffe5000000-0x3bffe5ffffff 64bit pref]
[    0.764064] pci 0000:8e:0b.0: PCI bridge to [bus 9a]
[    0.764336] pci 0000:8e:0b.0:   bridge window [mem 0xe8600000-0xe87fffff]
[    0.764343] pci 0000:8e:0b.0:   bridge window [mem 0x3bffe4000000-0x3bffe4ffffff 64bit pref]
[    0.764390] pci 0000:8e:0c.0: PCI bridge to [bus 9b]
[    0.764663] pci 0000:8e:0c.0:   bridge window [mem 0xe8400000-0xe85fffff]
[    0.764669] pci 0000:8e:0c.0:   bridge window [mem 0x3bffe3000000-0x3bffe3ffffff 64bit pref]
[    0.764714] pci 0000:8e:0d.0: PCI bridge to [bus 9c]
[    0.764987] pci 0000:8e:0d.0:   bridge window [mem 0xe8200000-0xe83fffff]
[    0.764994] pci 0000:8e:0d.0:   bridge window [mem 0x3bffe2000000-0x3bffe2ffffff 64bit pref]
[    0.765039] pci 0000:8e:0e.0: PCI bridge to [bus 9d]
[    0.765312] pci 0000:8e:0e.0:   bridge window [mem 0xe8000000-0xe81fffff]
[    0.765318] pci 0000:8e:0e.0:   bridge window [mem 0x3bffe1000000-0x3bffe1ffffff 64bit pref]
[    0.765366] pci 0000:8e:0f.0: PCI bridge to [bus 9e]
[    0.765639] pci 0000:8e:0f.0:   bridge window [mem 0xe7e00000-0xe7ffffff]
[    0.765646] pci 0000:8e:0f.0:   bridge window [mem 0x3bffe0000000-0x3bffe0ffffff 64bit pref]
[    0.765691] pci 0000:8e:10.0: PCI bridge to [bus 9f]
[    0.765965] pci 0000:8e:10.0:   bridge window [mem 0xe7c00000-0xe7dfffff]
[    0.765971] pci 0000:8e:10.0:   bridge window [mem 0x3bffdf000000-0x3bffdfffffff 64bit pref]
[    0.766017] pci 0000:8e:11.0: PCI bridge to [bus a0]
[    0.766290] pci 0000:8e:11.0:   bridge window [mem 0xe7a00000-0xe7bfffff]
[    0.766297] pci 0000:8e:11.0:   bridge window [mem 0x3bffde000000-0x3bffdeffffff 64bit pref]
[    0.766342] pci 0000:8e:12.0: PCI bridge to [bus a1]
[    0.766614] pci 0000:8e:12.0:   bridge window [mem 0xe7800000-0xe79fffff]
[    0.766621] pci 0000:8e:12.0:   bridge window [mem 0x3bffdd000000-0x3bffddffffff 64bit pref]
[    0.766669] pci 0000:8e:13.0: PCI bridge to [bus a2]
[    0.766942] pci 0000:8e:13.0:   bridge window [mem 0xe7600000-0xe77fffff]
[    0.766949] pci 0000:8e:13.0:   bridge window [mem 0x3bffdc000000-0x3bffdcffffff 64bit pref]
[    0.766994] pci 0000:8e:14.0: PCI bridge to [bus a3]
[    0.767267] pci 0000:8e:14.0:   bridge window [mem 0xe7400000-0xe75fffff]
[    0.767274] pci 0000:8e:14.0:   bridge window [mem 0x3bffdb000000-0x3bffdbffffff 64bit pref]
[    0.767319] pci 0000:8e:15.0: PCI bridge to [bus a4]
[    0.767592] pci 0000:8e:15.0:   bridge window [mem 0xe7200000-0xe73fffff]
[    0.767599] pci 0000:8e:15.0:   bridge window [mem 0x3bffda000000-0x3bffdaffffff 64bit pref]
[    0.767645] pci 0000:8e:16.0: PCI bridge to [bus a5]
[    0.767918] pci 0000:8e:16.0:   bridge window [mem 0xe7000000-0xe71fffff]
[    0.767925] pci 0000:8e:16.0:   bridge window [mem 0x3bffd9000000-0x3bffd9ffffff 64bit pref]
[    0.767970] pci 0000:8e:17.0: PCI bridge to [bus a6]
[    0.768010] pci 0000:8e:17.0:   bridge window [mem 0xe6e00000-0xe6ffffff]
[    0.768017] pci 0000:8e:17.0:   bridge window [mem 0x3bffd8000000-0x3bffd8ffffff 64bit pref]
[    0.768062] pci 0000:8e:18.0: PCI bridge to [bus a7]
[    0.768335] pci 0000:8e:18.0:   bridge window [mem 0xe6c00000-0xe6dfffff]
[    0.768342] pci 0000:8e:18.0:   bridge window [mem 0x3bffd7000000-0x3bffd7ffffff 64bit pref]
[    0.768389] pci 0000:8e:19.0: PCI bridge to [bus a8]
[    0.768663] pci 0000:8e:19.0:   bridge window [mem 0xe6a00000-0xe6bfffff]
[    0.768670] pci 0000:8e:19.0:   bridge window [mem 0x3bffd6000000-0x3bffd6ffffff 64bit pref]
[    0.768715] pci 0000:8e:1a.0: PCI bridge to [bus a9]
[    0.768988] pci 0000:8e:1a.0:   bridge window [mem 0xe6800000-0xe69fffff]
[    0.768995] pci 0000:8e:1a.0:   bridge window [mem 0x3bffd5000000-0x3bffd5ffffff 64bit pref]
[    0.769040] pci 0000:8e:1b.0: PCI bridge to [bus aa]
[    0.769313] pci 0000:8e:1b.0:   bridge window [mem 0xe6600000-0xe67fffff]
[    0.769320] pci 0000:8e:1b.0:   bridge window [mem 0x3bffd4000000-0x3bffd4ffffff 64bit pref]
[    0.769367] pci 0000:8e:1c.0: PCI bridge to [bus ab]
[    0.769640] pci 0000:8e:1c.0:   bridge window [mem 0xe6400000-0xe65fffff]
[    0.769647] pci 0000:8e:1c.0:   bridge window [mem 0x3bffd3000000-0x3bffd3ffffff 64bit pref]
[    0.769692] pci 0000:8e:1d.0: PCI bridge to [bus ac]
[    0.769966] pci 0000:8e:1d.0:   bridge window [mem 0xe6200000-0xe63fffff]
[    0.769973] pci 0000:8e:1d.0:   bridge window [mem 0x3bffd2000000-0x3bffd2ffffff 64bit pref]
[    0.770018] pci 0000:8e:1e.0: PCI bridge to [bus ad]
[    0.770292] pci 0000:8e:1e.0:   bridge window [mem 0xe6000000-0xe61fffff]
[    0.770299] pci 0000:8e:1e.0:   bridge window [mem 0x3bffd1000000-0x3bffd1ffffff 64bit pref]
[    0.770347] pci 0000:8e:1f.0: PCI bridge to [bus ae]
[    0.770621] pci 0000:8e:1f.0:   bridge window [mem 0xe5e00000-0xe5ffffff]
[    0.770627] pci 0000:8e:1f.0:   bridge window [mem 0x3bffd0000000-0x3bffd0ffffff 64bit pref]
[    0.770843] pci_bus 0000:7a: on NUMA node 0
[    0.771116] ACPI: PCI Root Bridge [PC06] (domain 0000 [bus c0-c1])
[    0.771443] acpi PNP0A08:06: _OSC: OS supports [ExtendedConfig ASPM ClockPM Segments MSI]
[    0.772088] acpi PNP0A08:06: _OSC: platform does not support [AER]
[    0.772574] acpi PNP0A08:06: _OSC: OS now controls [PCIeHotplug PME PCIeCapability]
[    0.773106] acpiphp: Slot [8191-10] registered
[    0.773382] PCI host bridge to bus 0000:c0
[    0.773603] pci_bus 0000:c0: root bus resource [io  0xa000-0xbfff window]
[    0.773956] pci_bus 0000:c0: root bus resource [mem 0xec000000-0xecffbfff window]
[    0.774342] pci_bus 0000:c0: root bus resource [mem 0x3c0000000000-0x3cffffffffff window]
[    0.774765] pci_bus 0000:c0: root bus resource [bus c0-c1]
[    0.775059] pci 0000:c0:04.0: [8086:2021] type 00 class 0x088000
[    0.775072] pci 0000:c0:04.0: reg 0x10: [mem 0x3cfffff1c000-0x3cfffff1ffff 64bit]
[    0.775161] pci 0000:c0:04.1: [8086:2021] type 00 class 0x088000
[    0.775173] pci 0000:c0:04.1: reg 0x10: [mem 0x3cfffff18000-0x3cfffff1bfff 64bit]
[    0.775260] pci 0000:c0:04.2: [8086:2021] type 00 class 0x088000
[    0.775272] pci 0000:c0:04.2: reg 0x10: [mem 0x3cfffff14000-0x3cfffff17fff 64bit]
[    0.775353] pci 0000:c0:04.3: [8086:2021] type 00 class 0x088000
[    0.775365] pci 0000:c0:04.3: reg 0x10: [mem 0x3cfffff10000-0x3cfffff13fff 64bit]
[    0.775450] pci 0000:c0:04.4: [8086:2021] type 00 class 0x088000
[    0.775462] pci 0000:c0:04.4: reg 0x10: [mem 0x3cfffff0c000-0x3cfffff0ffff 64bit]
[    0.775546] pci 0000:c0:04.5: [8086:2021] type 00 class 0x088000
[    0.775558] pci 0000:c0:04.5: reg 0x10: [mem 0x3cfffff08000-0x3cfffff0bfff 64bit]
[    0.775643] pci 0000:c0:04.6: [8086:2021] type 00 class 0x088000
[    0.775655] pci 0000:c0:04.6: reg 0x10: [mem 0x3cfffff04000-0x3cfffff07fff 64bit]
[    0.775737] pci 0000:c0:04.7: [8086:2021] type 00 class 0x088000
[    0.775749] pci 0000:c0:04.7: reg 0x10: [mem 0x3cfffff00000-0x3cfffff03fff 64bit]
[    0.775831] pci 0000:c0:05.0: [8086:2024] type 00 class 0x088000
[    0.775906] pci 0000:c0:05.2: [8086:2025] type 00 class 0x088000
[    0.775985] pci 0000:c0:05.4: [8086:2026] type 00 class 0x080020
[    0.775994] pci 0000:c0:05.4: reg 0x10: [mem 0xecf00000-0xecf00fff]
[    0.776076] pci 0000:c0:08.0: [8086:2014] type 00 class 0x088000
[    0.776141] pci 0000:c0:08.1: [8086:2015] type 00 class 0x110100
[    0.776197] pci 0000:c0:08.2: [8086:2016] type 00 class 0x088000
[    0.776274] pci_bus 0000:c0: on NUMA node 1
[    0.776362] ACPI: PCI Root Bridge [PC07] (domain 0000 [bus c2-e5])
[    0.776689] acpi PNP0A08:07: _OSC: OS supports [ExtendedConfig ASPM ClockPM Segments MSI]
[    0.777578] acpi PNP0A08:07: _OSC: platform does not support [AER]
[    0.778105] acpi PNP0A08:07: _OSC: OS now controls [PCIeHotplug PME PCIeCapability]
[    0.778681] acpiphp: Slot [8191-14] registered
[    0.778940] acpiphp: Slot [8191-9] registered
[    0.779194] acpiphp: Slot [8191-11] registered
[    0.779453] acpiphp: Slot [8191-12] registered
[    0.779737] PCI host bridge to bus 0000:c2
[    0.779959] pci_bus 0000:c2: root bus resource [io  0xc000-0xdfff window]
[    0.780002] pci_bus 0000:c2: root bus resource [mem 0xed000000-0xf5ffbfff window]
[    0.780394] pci_bus 0000:c2: root bus resource [mem 0x3d0000000000-0x3dffffffffff window]
[    0.780816] pci_bus 0000:c2: root bus resource [bus c2-e5]
[    0.781111] pci 0000:c2:05.0: [8086:2034] type 00 class 0x088000
[    0.781197] pci 0000:c2:05.2: [8086:2035] type 00 class 0x088000
[    0.781283] pci 0000:c2:05.4: [8086:2036] type 00 class 0x080020
[    0.781293] pci 0000:c2:05.4: reg 0x10: [mem 0xf5f00000-0xf5f00fff]
[    0.781381] pci 0000:c2:08.0: [8086:208d] type 00 class 0x088000
[    0.781444] pci 0000:c2:08.1: [8086:208d] type 00 class 0x088000
[    0.781508] pci 0000:c2:08.2: [8086:208d] type 00 class 0x088000
[    0.781570] pci 0000:c2:08.3: [8086:208d] type 00 class 0x088000
[    0.781628] pci 0000:c2:08.4: [8086:208d] type 00 class 0x088000
[    0.781690] pci 0000:c2:08.5: [8086:208d] type 00 class 0x088000
[    0.781748] pci 0000:c2:08.6: [8086:208d] type 00 class 0x088000
[    0.781810] pci 0000:c2:08.7: [8086:208d] type 00 class 0x088000
[    0.781868] pci 0000:c2:09.0: [8086:208d] type 00 class 0x088000
[    0.781933] pci 0000:c2:09.1: [8086:208d] type 00 class 0x088000
[    0.781994] pci 0000:c2:09.2: [8086:208d] type 00 class 0x088000
[    0.782054] pci 0000:c2:09.3: [8086:208d] type 00 class 0x088000
[    0.782115] pci 0000:c2:09.4: [8086:208d] type 00 class 0x088000
[    0.782175] pci 0000:c2:09.5: [8086:208d] type 00 class 0x088000
[    0.782237] pci 0000:c2:09.6: [8086:208d] type 00 class 0x088000
[    0.782298] pci 0000:c2:09.7: [8086:208d] type 00 class 0x088000
[    0.782357] pci 0000:c2:0a.0: [8086:208d] type 00 class 0x088000
[    0.782425] pci 0000:c2:0a.1: [8086:208d] type 00 class 0x088000
[    0.782485] pci 0000:c2:0a.2: [8086:208d] type 00 class 0x088000
[    0.782548] pci 0000:c2:0a.3: [8086:208d] type 00 class 0x088000
[    0.782610] pci 0000:c2:0a.4: [8086:208d] type 00 class 0x088000
[    0.782671] pci 0000:c2:0a.5: [8086:208d] type 00 class 0x088000
[    0.782733] pci 0000:c2:0a.6: [8086:208d] type 00 class 0x088000
[    0.782793] pci 0000:c2:0a.7: [8086:208d] type 00 class 0x088000
[    0.782865] pci 0000:c2:0b.0: [8086:208d] type 00 class 0x088000
[    0.782927] pci 0000:c2:0b.1: [8086:208d] type 00 class 0x088000
[    0.782990] pci 0000:c2:0b.2: [8086:208d] type 00 class 0x088000
[    0.783052] pci 0000:c2:0b.3: [8086:208d] type 00 class 0x088000
[    0.783116] pci 0000:c2:0e.0: [8086:208e] type 00 class 0x088000
[    0.783185] pci 0000:c2:0e.1: [8086:208e] type 00 class 0x088000
[    0.783244] pci 0000:c2:0e.2: [8086:208e] type 00 class 0x088000
[    0.783305] pci 0000:c2:0e.3: [8086:208e] type 00 class 0x088000
[    0.783367] pci 0000:c2:0e.4: [8086:208e] type 00 class 0x088000
[    0.783426] pci 0000:c2:0e.5: [8086:208e] type 00 class 0x088000
[    0.783487] pci 0000:c2:0e.6: [8086:208e] type 00 class 0x088000
[    0.783546] pci 0000:c2:0e.7: [8086:208e] type 00 class 0x088000
[    0.783608] pci 0000:c2:0f.0: [8086:208e] type 00 class 0x088000
[    0.783673] pci 0000:c2:0f.1: [8086:208e] type 00 class 0x088000
[    0.783732] pci 0000:c2:0f.2: [8086:208e] type 00 class 0x088000
[    0.783793] pci 0000:c2:0f.3: [8086:208e] type 00 class 0x088000
[    0.783852] pci 0000:c2:0f.4: [8086:208e] type 00 class 0x088000
[    0.783914] pci 0000:c2:0f.5: [8086:208e] type 00 class 0x088000
[    0.783973] pci 0000:c2:0f.6: [8086:208e] type 00 class 0x088000
[    0.784036] pci 0000:c2:0f.7: [8086:208e] type 00 class 0x088000
[    0.784099] pci 0000:c2:10.0: [8086:208e] type 00 class 0x088000
[    0.784163] pci 0000:c2:10.1: [8086:208e] type 00 class 0x088000
[    0.784226] pci 0000:c2:10.2: [8086:208e] type 00 class 0x088000
[    0.784285] pci 0000:c2:10.3: [8086:208e] type 00 class 0x088000
[    0.784346] pci 0000:c2:10.4: [8086:208e] type 00 class 0x088000
[    0.784408] pci 0000:c2:10.5: [8086:208e] type 00 class 0x088000
[    0.784468] pci 0000:c2:10.6: [8086:208e] type 00 class 0x088000
[    0.784531] pci 0000:c2:10.7: [8086:208e] type 00 class 0x088000
[    0.784590] pci 0000:c2:11.0: [8086:208e] type 00 class 0x088000
[    0.784658] pci 0000:c2:11.1: [8086:208e] type 00 class 0x088000
[    0.784723] pci 0000:c2:11.2: [8086:208e] type 00 class 0x088000
[    0.784784] pci 0000:c2:11.3: [8086:208e] type 00 class 0x088000
[    0.784860] pci 0000:c2:1d.0: [8086:2054] type 00 class 0x088000
[    0.784923] pci 0000:c2:1d.1: [8086:2055] type 00 class 0x088000
[    0.784987] pci 0000:c2:1d.2: [8086:2056] type 00 class 0x088000
[    0.785047] pci 0000:c2:1d.3: [8086:2057] type 00 class 0x088000
[    0.785115] pci 0000:c2:1e.0: [8086:2080] type 00 class 0x088000
[    0.785183] pci 0000:c2:1e.1: [8086:2081] type 00 class 0x088000
[    0.785242] pci 0000:c2:1e.2: [8086:2082] type 00 class 0x088000
[    0.785305] pci 0000:c2:1e.3: [8086:2083] type 00 class 0x088000
[    0.785366] pci 0000:c2:1e.4: [8086:2084] type 00 class 0x088000
[    0.785428] pci 0000:c2:1e.5: [8086:2085] type 00 class 0x088000
[    0.785490] pci 0000:c2:1e.6: [8086:2086] type 00 class 0x088000
[    0.785551] pci_bus 0000:c2: on NUMA node 1
[    0.785716] ACPI: PCI Root Bridge [PC08] (domain 0000 [bus e6-f2])
[    0.786043] acpi PNP0A08:08: _OSC: OS supports [ExtendedConfig ASPM ClockPM Segments MSI]
[    0.786862] acpi PNP0A08:08: _OSC: platform does not support [AER]
[    0.787390] acpi PNP0A08:08: _OSC: OS now controls [PCIeHotplug PME PCIeCapability]
[    0.787959] acpiphp: Slot [9] registered
[    0.788026] acpiphp: Slot [8191-17] registered
[    0.788285] acpiphp: Slot [8191-13] registered
[    0.788546] acpiphp: Slot [8191-15] registered
[    0.788814] PCI host bridge to bus 0000:e6
[    0.789035] pci_bus 0000:e6: root bus resource [io  0xe000-0xefff window]
[    0.789387] pci_bus 0000:e6: root bus resource [mem 0xf6000000-0xf8ffbfff window]
[    0.789774] pci_bus 0000:e6: root bus resource [mem 0x3e0000000000-0x3effffffffff window]
[    0.790197] pci_bus 0000:e6: root bus resource [bus e6-f2]
[    0.790491] pci 0000:e6:00.0: [8086:2030] type 01 class 0x060400
[    0.790517] pci 0000:e6:00.0: enabling Extended Tags
[    0.790811] pci 0000:e6:00.0: PME# supported from D0 D3hot D3cold
[    0.790894] pci 0000:e6:05.0: [8086:2034] type 00 class 0x088000
[    0.790975] pci 0000:e6:05.2: [8086:2035] type 00 class 0x088000
[    0.791050] pci 0000:e6:05.4: [8086:2036] type 00 class 0x080020
[    0.791059] pci 0000:e6:05.4: reg 0x10: [mem 0xf8f00000-0xf8f00fff]
[    0.791140] pci 0000:e6:08.0: [8086:2066] type 00 class 0x088000
[    0.791215] pci 0000:e6:09.0: [8086:2066] type 00 class 0x088000
[    0.791287] pci 0000:e6:0a.0: [8086:2040] type 00 class 0x088000
[    0.791358] pci 0000:e6:0a.1: [8086:2041] type 00 class 0x088000
[    0.791427] pci 0000:e6:0a.2: [8086:2042] type 00 class 0x088000
[    0.791492] pci 0000:e6:0a.3: [8086:2043] type 00 class 0x088000
[    0.791562] pci 0000:e6:0a.4: [8086:2044] type 00 class 0x088000
[    0.791630] pci 0000:e6:0a.5: [8086:2045] type 00 class 0x088000
[    0.791695] pci 0000:e6:0a.6: [8086:2046] type 00 class 0x088000
[    0.791763] pci 0000:e6:0a.7: [8086:2047] type 00 class 0x088000
[    0.791831] pci 0000:e6:0b.0: [8086:2048] type 00 class 0x088000
[    0.791900] pci 0000:e6:0b.1: [8086:2049] type 00 class 0x088000
[    0.791969] pci 0000:e6:0b.2: [8086:204a] type 00 class 0x088000
[    0.792037] pci 0000:e6:0b.3: [8086:204b] type 00 class 0x088000
[    0.792106] pci 0000:e6:0c.0: [8086:2040] type 00 class 0x088000
[    0.792182] pci 0000:e6:0c.1: [8086:2041] type 00 class 0x088000
[    0.792251] pci 0000:e6:0c.2: [8086:2042] type 00 class 0x088000
[    0.792318] pci 0000:e6:0c.3: [8086:2043] type 00 class 0x088000
[    0.792388] pci 0000:e6:0c.4: [8086:2044] type 00 class 0x088000
[    0.792458] pci 0000:e6:0c.5: [8086:2045] type 00 class 0x088000
[    0.792525] pci 0000:e6:0c.6: [8086:2046] type 00 class 0x088000
[    0.792597] pci 0000:e6:0c.7: [8086:2047] type 00 class 0x088000
[    0.792667] pci 0000:e6:0d.0: [8086:2048] type 00 class 0x088000
[    0.792737] pci 0000:e6:0d.1: [8086:2049] type 00 class 0x088000
[    0.792807] pci 0000:e6:0d.2: [8086:204a] type 00 class 0x088000
[    0.792876] pci 0000:e6:0d.3: [8086:204b] type 00 class 0x088000
[    0.793007] pci 0000:e7:00.0: [1d0f:cd00] type 00 class 0x010802
[    0.793047] pci 0000:e7:00.0: reg 0x10: [mem 0xf8e04000-0xf8e07fff 64bit]
[    0.793168] pci 0000:e7:00.0: PME# supported from D0
[    0.793240] pci 0000:e7:00.1: [1d0f:cd00] type 00 class 0x010802
[    0.793275] pci 0000:e7:00.1: reg 0x10: [mem 0xf8e00000-0xf8e03fff 64bit]
[    0.793392] pci 0000:e7:00.1: PME# supported from D0
[    0.793461] pci 0000:e6:00.0: PCI bridge to [bus e7]
[    0.793729] pci 0000:e6:00.0:   bridge window [mem 0xf8e00000-0xf8efffff]
[    0.793737] pci_bus 0000:e6: on NUMA node 1
[    0.793847] ACPI: PCI Root Bridge [PC09] (domain 0000 [bus f3-ff])
[    0.794174] acpi PNP0A08:09: _OSC: OS supports [ExtendedConfig ASPM ClockPM Segments MSI]
[    0.794988] acpi PNP0A08:09: _OSC: platform does not support [AER]
[    0.795515] acpi PNP0A08:09: _OSC: OS now controls [PCIeHotplug PME PCIeCapability]
[    0.796091] acpiphp: Slot [8191-21] registered
[    0.796352] acpiphp: Slot [8191-16] registered
[    0.796613] acpiphp: Slot [8191-18] registered
[    0.796874] acpiphp: Slot [8191-19] registered
[    0.797134] PCI host bridge to bus 0000:f3
[    0.797355] pci_bus 0000:f3: root bus resource [io  0xf000-0xffff window]
[    0.797708] pci_bus 0000:f3: root bus resource [mem 0xf9000000-0xfbffbfff window]
[    0.798094] pci_bus 0000:f3: root bus resource [mem 0x3f0000000000-0x3fffffffffff window]
[    0.798517] pci_bus 0000:f3: root bus resource [bus f3-ff]
[    0.798812] pci 0000:f3:05.0: [8086:2034] type 00 class 0x088000
[    0.798896] pci 0000:f3:05.2: [8086:2035] type 00 class 0x088000
[    0.798977] pci 0000:f3:05.4: [8086:2036] type 00 class 0x080020
[    0.798988] pci 0000:f3:05.4: reg 0x10: [mem 0xfbf00000-0xfbf00fff]
[    0.799070] pci 0000:f3:0e.0: [8086:2058] type 00 class 0x110100
[    0.799144] pci 0000:f3:0e.1: [8086:2059] type 00 class 0x088000
[    0.799213] pci 0000:f3:0f.0: [8086:2058] type 00 class 0x110100
[    0.799280] pci 0000:f3:0f.1: [8086:2059] type 00 class 0x088000
[    0.799350] pci 0000:f3:10.0: [8086:2058] type 00 class 0x110100
[    0.799420] pci 0000:f3:10.1: [8086:2059] type 00 class 0x088000
[    0.799489] pci 0000:f3:12.0: [8086:204c] type 00 class 0x110100
[    0.799558] pci 0000:f3:12.1: [8086:204d] type 00 class 0x110100
[    0.799613] pci 0000:f3:12.2: [8086:204e] type 00 class 0x088000
[    0.799668] pci 0000:f3:12.4: [8086:204c] type 00 class 0x110100
[    0.799733] pci 0000:f3:12.5: [8086:204d] type 00 class 0x110100
[    0.799787] pci 0000:f3:15.0: [8086:2018] type 00 class 0x088000
[    0.799859] pci 0000:f3:16.0: [8086:2018] type 00 class 0x088000
[    0.799920] pci 0000:f3:16.4: [8086:2018] type 00 class 0x088000
[    0.799975] pci 0000:f3:17.0: [8086:2018] type 00 class 0x088000
[    0.800039] pci_bus 0000:f3: on NUMA node 1
[    0.800485] ACPI: PCI Interrupt Link [LNKA] (IRQs 3 4 5 6 7 10 *11 12 14 15)
[    0.800932] ACPI: PCI Interrupt Link [LNKB] (IRQs 3 4 5 6 7 *10 11 12 14 15)
[    0.801377] ACPI: PCI Interrupt Link [LNKC] (IRQs 3 4 5 6 10 *11 12 14 15)
[    0.801813] ACPI: PCI Interrupt Link [LNKD] (IRQs 3 4 5 6 10 *11 12 14 15)
[    0.802246] ACPI: PCI Interrupt Link [LNKE] (IRQs 3 4 5 6 7 10 *11 12 14 15)
[    0.802690] ACPI: PCI Interrupt Link [LNKF] (IRQs 3 4 5 6 7 10 *11 12 14 15)
[    0.803135] ACPI: PCI Interrupt Link [LNKG] (IRQs 3 4 5 6 7 10 *11 12 14 15)
[    0.803579] ACPI: PCI Interrupt Link [LNKH] (IRQs 3 4 5 6 7 10 *11 12 14 15)
[    0.804482] SCSI subsystem initialized
[    0.808064] libata version 3.00 loaded.
[    0.808080] vgaarb: loaded
[    0.808244] ACPI: bus type USB registered
[    0.808472] usbcore: registered new interface driver usbfs
[    0.808768] usbcore: registered new interface driver hub
[    0.809268] usbcore: registered new device driver usb
[    0.809706] EDAC MC: Ver: 3.0.0
[    0.809706] PCI: Using ACPI for IRQ routing
[    0.810969] PCI: pci_cache_line_size set to 64 bytes
[    0.811456] e820: reserve RAM buffer [mem 0x0009ec00-0x0009ffff]
[    0.811458] e820: reserve RAM buffer [mem 0xa2def000-0xa3ffffff]
[    0.811459] e820: reserve RAM buffer [mem 0xaad98000-0xabffffff]
[    0.811460] e820: reserve RAM buffer [mem 0xad32d000-0xafffffff]
[    0.811461] e820: reserve RAM buffer [mem 0xaf800000-0xafffffff]
[    0.811565] NetLabel: Initializing
[    0.811751] NetLabel:  domain hash size = 128
[    0.811979] NetLabel:  protocols = UNLABELED CIPSOv4 CALIPSO
[    0.812014] NetLabel:  unlabeled traffic allowed by default
[    0.816063] hpet0: at MMIO 0xfed00000, IRQs 2, 8, 0, 0, 0, 0, 0, 0
[    0.816392] hpet0: 8 comparators, 64-bit 24.000000 MHz counter
[    0.818921] clocksource: Switched to clocksource hpet
[    0.828545] VFS: Disk quotas dquot_6.6.0
[    0.828877] VFS: Dquot-cache hash table entries: 512 (order 0, 4096 bytes)
[    0.829414] AppArmor: AppArmor Filesystem Enabled
[    0.829680] pnp: PnP ACPI init
[    0.830365] pnp 00:00: Plug and Play ACPI device, IDs PNP0b00 (active)
[    0.830544] system 00:01: [io  0x0500-0x053f] has been reserved
[    0.830859] system 00:01: [io  0x0400-0x047f] has been reserved
[    0.831167] system 00:01: [io  0x0540-0x057f] has been reserved
[    0.831475] system 00:01: [io  0x0600-0x061f] has been reserved
[    0.831783] system 00:01: [io  0x0880-0x0883] has been reserved
[    0.832109] system 00:01: [io  0x0800-0x081f] has been reserved
[    0.832418] system 00:01: [mem 0xfed1c000-0xfed3ffff] could not be reserved
[    0.832783] system 00:01: [mem 0xfed45000-0xfed8bfff] has been reserved
[    0.833125] system 00:01: [mem 0xff000000-0xffffffff] has been reserved
[    0.833470] system 00:01: [mem 0xfee00000-0xfeefffff] has been reserved
[    0.833814] system 00:01: [mem 0xfed12000-0xfed1200f] has been reserved
[    0.834157] system 00:01: [mem 0xfed12010-0xfed1201f] has been reserved
[    0.834500] system 00:01: [mem 0xfed1b000-0xfed1bfff] has been reserved
[    0.834846] system 00:01: Plug and Play ACPI device, IDs PNP0c02 (active)
[    0.835297] system 00:02: [io  0x0a00-0x0a0f] has been reserved
[    0.835611] system 00:02: [io  0x0a10-0x0a1f] has been reserved
[    0.835919] system 00:02: [io  0x0a20-0x0a2f] has been reserved
[    0.836241] system 00:02: [io  0x0a30-0x0a3f] has been reserved
[    0.836550] system 00:02: [io  0x0a40-0x0a4f] has been reserved
[    0.836860] system 00:02: Plug and Play ACPI device, IDs PNP0c02 (active)
