[    0.000000] Linux version 4.15.0-1044-aws (buildd@lcy01-amd64-022) (gcc version 7.4.0 (Ubuntu 7.4.0-1ubuntu1~18.04.1)) #46-Ubuntu SMP Thu Jul 4 13:38:28 UTC 2019 (Ubuntu 4.15.0-1044.46-aws 4.15.18)
[    0.000000] Command line: BOOT_IMAGE=/boot/vmlinuz-4.15.0-1044-aws root=UUID=8abb4f2d-c7e0-4daf-80b5-24e1c814cf55 ro nosmt=force console=tty1 console=ttyS0 nvme_core.io_timeout=4294967295
[    0.000000] KERNEL supported cpus:
[    0.000000]   Intel GenuineIntel
[    0.000000]   AMD AuthenticAMD
[    0.000000]   Centaur CentaurHauls
[    0.000000] x86/fpu: Supporting XSAVE feature 0x001: 'x87 floating point registers'
[    0.000000] x86/fpu: Supporting XSAVE feature 0x002: 'SSE registers'
[    0.000000] x86/fpu: Supporting XSAVE feature 0x004: 'AVX registers'
[    0.000000] x86/fpu: Supporting XSAVE feature 0x008: 'MPX bounds registers'
[    0.000000] x86/fpu: Supporting XSAVE feature 0x010: 'MPX CSR'
[    0.000000] x86/fpu: Supporting XSAVE feature 0x020: 'AVX-512 opmask'
[    0.000000] x86/fpu: Supporting XSAVE feature 0x040: 'AVX-512 Hi256'
[    0.000000] x86/fpu: Supporting XSAVE feature 0x080: 'AVX-512 ZMM_Hi256'
[    0.000000] x86/fpu: Supporting XSAVE feature 0x200: 'Protection Keys User registers'
[    0.000000] x86/fpu: xstate_offset[2]:  576, xstate_sizes[2]:  256
[    0.000000] x86/fpu: xstate_offset[3]:  832, xstate_sizes[3]:   64
[    0.000000] x86/fpu: xstate_offset[4]:  896, xstate_sizes[4]:   64
[    0.000000] x86/fpu: xstate_offset[5]:  960, xstate_sizes[5]:   64
[    0.000000] x86/fpu: xstate_offset[6]: 1024, xstate_sizes[6]:  512
[    0.000000] x86/fpu: xstate_offset[7]: 1536, xstate_sizes[7]: 1024
[    0.000000] x86/fpu: xstate_offset[9]: 2560, xstate_sizes[9]:    8
[    0.000000] x86/fpu: Enabled xstate features 0x2ff, context size is 2568 bytes, using 'compacted' format.
[    0.000000] e820: BIOS-provided physical RAM map:
[    0.000000] BIOS-e820: [mem 0x0000000000000000-0x000000000009ebff] usable
[    0.000000] BIOS-e820: [mem 0x000000000009ec00-0x000000000009ffff] reserved
[    0.000000] BIOS-e820: [mem 0x00000000000e0000-0x00000000000fffff] reserved
[    0.000000] BIOS-e820: [mem 0x0000000000100000-0x00000000a2deefff] usable
[    0.000000] BIOS-e820: [mem 0x00000000a2def000-0x00000000a32eefff] ACPI NVS
[    0.000000] BIOS-e820: [mem 0x00000000a32ef000-0x00000000a3397fff] reserved
[    0.000000] BIOS-e820: [mem 0x00000000a3398000-0x00000000aad97fff] usable
[    0.000000] BIOS-e820: [mem 0x00000000aad98000-0x00000000ace97fff] reserved
[    0.000000] BIOS-e820: [mem 0x00000000ace98000-0x00000000ad32cfff] usable
[    0.000000] BIOS-e820: [mem 0x00000000ad32d000-0x00000000ad8e7fff] ACPI NVS
[    0.000000] BIOS-e820: [mem 0x00000000ad8e8000-0x00000000af307fff] reserved
[    0.000000] BIOS-e820: [mem 0x00000000af308000-0x00000000af7fffff] usable
[    0.000000] BIOS-e820: [mem 0x00000000af800000-0x00000000cfffffff] reserved
[    0.000000] BIOS-e820: [mem 0x00000000fd000000-0x00000000fe7fffff] reserved
[    0.000000] BIOS-e820: [mem 0x00000000fed20000-0x00000000fed44fff] reserved
[    0.000000] BIOS-e820: [mem 0x00000000ff000000-0x00000000ffffffff] reserved
[    0.000000] BIOS-e820: [mem 0x0000000100000000-0x000000603fffffff] usable
[    0.000000] SMT: Force disabled
[    0.000000] NX (Execute Disable) protection: active
[    0.000000] SMBIOS 3.0.0 present.
[    0.000000] DMI: Amazon EC2 m5d.metal/Not Specified, BIOS 1.0 10/16/2017
[    0.000000] e820: update [mem 0x00000000-0x00000fff] usable ==> reserved
[    0.000000] e820: remove [mem 0x000a0000-0x000fffff] usable
[    0.000000] e820: last_pfn = 0x6040000 max_arch_pfn = 0x400000000
[    0.000000] MTRR default type: uncachable
[    0.000000] MTRR fixed ranges enabled:
[    0.000000]   00000-9FFFF write-back
[    0.000000]   A0000-BFFFF uncachable
[    0.000000]   C0000-FFFFF write-protect
[    0.000000] MTRR variable ranges enabled:
[    0.000000]   0 base 000000000000 mask 3FC000000000 write-back
[    0.000000]   1 base 004000000000 mask 3FE000000000 write-back
[    0.000000]   2 base 006000000000 mask 3FFFC0000000 write-back
[    0.000000]   3 base 0000C0000000 mask 3FFFC0000000 uncachable
[    0.000000]   4 base 0000BF000000 mask 3FFFFF000000 uncachable
[    0.000000]   5 disabled
[    0.000000]   6 disabled
[    0.000000]   7 disabled
[    0.000000]   8 disabled
[    0.000000]   9 disabled
[    0.000000] x86/PAT: Configuration [0-7]: WB  WC  UC- UC  WB  WP  UC- WT  
[    0.000000] total RAM covered: 393200M
[    0.000000]  gran_size: 64K 	chunk_size: 64K 	num_reg: 10  	lose cover RAM: 353G
[    0.000000]  gran_size: 64K 	chunk_size: 128K 	num_reg: 10  	lose cover RAM: 353G
[    0.000000]  gran_size: 64K 	chunk_size: 256K 	num_reg: 10  	lose cover RAM: 353G
[    0.000000]  gran_size: 64K 	chunk_size: 512K 	num_reg: 10  	lose cover RAM: 353G
[    0.000000]  gran_size: 64K 	chunk_size: 1M 	num_reg: 10  	lose cover RAM: 353G
[    0.000000]  gran_size: 64K 	chunk_size: 2M 	num_reg: 10  	lose cover RAM: 353G
[    0.000000]  gran_size: 64K 	chunk_size: 4M 	num_reg: 10  	lose cover RAM: 353G
[    0.000000]  gran_size: 64K 	chunk_size: 8M 	num_reg: 10  	lose cover RAM: 353G
[    0.000000]  gran_size: 64K 	chunk_size: 16M 	num_reg: 10  	lose cover RAM: 353G
[    0.000000]  gran_size: 64K 	chunk_size: 32M 	num_reg: 10  	lose cover RAM: 1G
[    0.000000]  gran_size: 64K 	chunk_size: 64M 	num_reg: 10  	lose cover RAM: 1G
[    0.000000]  gran_size: 64K 	chunk_size: 128M 	num_reg: 10  	lose cover RAM: 1G
[    0.000000]  gran_size: 64K 	chunk_size: 256M 	num_reg: 10  	lose cover RAM: 1G
[    0.000000]  gran_size: 64K 	chunk_size: 512M 	num_reg: 10  	lose cover RAM: 1G
[    0.000000]  gran_size: 64K 	chunk_size: 1G 	num_reg: 10  	lose cover RAM: 1G
[    0.000000]  gran_size: 64K 	chunk_size: 2G 	num_reg: 10  	lose cover RAM: 1G
[    0.000000]  gran_size: 128K 	chunk_size: 128K 	num_reg: 10  	lose cover RAM: 353G
[    0.000000]  gran_size: 128K 	chunk_size: 256K 	num_reg: 10  	lose cover RAM: 353G
[    0.000000]  gran_size: 128K 	chunk_size: 512K 	num_reg: 10  	lose cover RAM: 353G
[    0.000000]  gran_size: 128K 	chunk_size: 1M 	num_reg: 10  	lose cover RAM: 353G
[    0.000000]  gran_size: 128K 	chunk_size: 2M 	num_reg: 10  	lose cover RAM: 353G
[    0.000000]  gran_size: 128K 	chunk_size: 4M 	num_reg: 10  	lose cover RAM: 353G
[    0.000000]  gran_size: 128K 	chunk_size: 8M 	num_reg: 10  	lose cover RAM: 353G
[    0.000000]  gran_size: 128K 	chunk_size: 16M 	num_reg: 10  	lose cover RAM: 353G
[    0.000000]  gran_size: 128K 	chunk_size: 32M 	num_reg: 10  	lose cover RAM: 1G
[    0.000000]  gran_size: 128K 	chunk_size: 64M 	num_reg: 10  	lose cover RAM: 1G
[    0.000000]  gran_size: 128K 	chunk_size: 128M 	num_reg: 10  	lose cover RAM: 1G
[    0.000000]  gran_size: 128K 	chunk_size: 256M 	num_reg: 10  	lose cover RAM: 1G
[    0.000000]  gran_size: 128K 	chunk_size: 512M 	num_reg: 10  	lose cover RAM: 1G
[    0.000000]  gran_size: 128K 	chunk_size: 1G 	num_reg: 10  	lose cover RAM: 1G
[    0.000000]  gran_size: 128K 	chunk_size: 2G 	num_reg: 10  	lose cover RAM: 1G
[    0.000000]  gran_size: 256K 	chunk_size: 256K 	num_reg: 10  	lose cover RAM: 353G
[    0.000000]  gran_size: 256K 	chunk_size: 512K 	num_reg: 10  	lose cover RAM: 353G
[    0.000000]  gran_size: 256K 	chunk_size: 1M 	num_reg: 10  	lose cover RAM: 353G
[    0.000000]  gran_size: 256K 	chunk_size: 2M 	num_reg: 10  	lose cover RAM: 353G
[    0.000000]  gran_size: 256K 	chunk_size: 4M 	num_reg: 10  	lose cover RAM: 353G
[    0.000000]  gran_size: 256K 	chunk_size: 8M 	num_reg: 10  	lose cover RAM: 353G
[    0.000000]  gran_size: 256K 	chunk_size: 16M 	num_reg: 10  	lose cover RAM: 353G
[    0.000000]  gran_size: 256K 	chunk_size: 32M 	num_reg: 10  	lose cover RAM: 1G
[    0.000000]  gran_size: 256K 	chunk_size: 64M 	num_reg: 10  	lose cover RAM: 1G
[    0.000000]  gran_size: 256K 	chunk_size: 128M 	num_reg: 10  	lose cover RAM: 1G
[    0.000000]  gran_size: 256K 	chunk_size: 256M 	num_reg: 10  	lose cover RAM: 1G
[    0.000000]  gran_size: 256K 	chunk_size: 512M 	num_reg: 10  	lose cover RAM: 1G
[    0.000000]  gran_size: 256K 	chunk_size: 1G 	num_reg: 10  	lose cover RAM: 1G
[    0.000000]  gran_size: 256K 	chunk_size: 2G 	num_reg: 10  	lose cover RAM: 1G
[    0.000000]  gran_size: 512K 	chunk_size: 512K 	num_reg: 10  	lose cover RAM: 353G
[    0.000000]  gran_size: 512K 	chunk_size: 1M 	num_reg: 10  	lose cover RAM: 353G
[    0.000000]  gran_size: 512K 	chunk_size: 2M 	num_reg: 10  	lose cover RAM: 353G
[    0.000000]  gran_size: 512K 	chunk_size: 4M 	num_reg: 10  	lose cover RAM: 353G
[    0.000000]  gran_size: 512K 	chunk_size: 8M 	num_reg: 10  	lose cover RAM: 353G
[    0.000000]  gran_size: 512K 	chunk_size: 16M 	num_reg: 10  	lose cover RAM: 353G
[    0.000000]  gran_size: 512K 	chunk_size: 32M 	num_reg: 10  	lose cover RAM: 1G
[    0.000000]  gran_size: 512K 	chunk_size: 64M 	num_reg: 10  	lose cover RAM: 1G
[    0.000000]  gran_size: 512K 	chunk_size: 128M 	num_reg: 10  	lose cover RAM: 1G
[    0.000000]  gran_size: 512K 	chunk_size: 256M 	num_reg: 10  	lose cover RAM: 1G
[    0.000000]  gran_size: 512K 	chunk_size: 512M 	num_reg: 10  	lose cover RAM: 1G
[    0.000000]  gran_size: 512K 	chunk_size: 1G 	num_reg: 10  	lose cover RAM: 1G
[    0.000000]  gran_size: 512K 	chunk_size: 2G 	num_reg: 10  	lose cover RAM: 1G
[    0.000000]  gran_size: 1M 	chunk_size: 1M 	num_reg: 10  	lose cover RAM: 353G
[    0.000000]  gran_size: 1M 	chunk_size: 2M 	num_reg: 10  	lose cover RAM: 353G
[    0.000000]  gran_size: 1M 	chunk_size: 4M 	num_reg: 10  	lose cover RAM: 353G
[    0.000000]  gran_size: 1M 	chunk_size: 8M 	num_reg: 10  	lose cover RAM: 353G
[    0.000000]  gran_size: 1M 	chunk_size: 16M 	num_reg: 10  	lose cover RAM: 353G
[    0.000000]  gran_size: 1M 	chunk_size: 32M 	num_reg: 10  	lose cover RAM: 1G
[    0.000000]  gran_size: 1M 	chunk_size: 64M 	num_reg: 10  	lose cover RAM: 1G
[    0.000000]  gran_size: 1M 	chunk_size: 128M 	num_reg: 10  	lose cover RAM: 1G
[    0.000000]  gran_size: 1M 	chunk_size: 256M 	num_reg: 10  	lose cover RAM: 1G
[    0.000000]  gran_size: 1M 	chunk_size: 512M 	num_reg: 10  	lose cover RAM: 1G
[    0.000000]  gran_size: 1M 	chunk_size: 1G 	num_reg: 10  	lose cover RAM: 1G
[    0.000000]  gran_size: 1M 	chunk_size: 2G 	num_reg: 10  	lose cover RAM: 1G
[    0.000000]  gran_size: 2M 	chunk_size: 2M 	num_reg: 10  	lose cover RAM: 353G
[    0.000000]  gran_size: 2M 	chunk_size: 4M 	num_reg: 10  	lose cover RAM: 353G
[    0.000000]  gran_size: 2M 	chunk_size: 8M 	num_reg: 10  	lose cover RAM: 353G
[    0.000000]  gran_size: 2M 	chunk_size: 16M 	num_reg: 10  	lose cover RAM: 353G
[    0.000000]  gran_size: 2M 	chunk_size: 32M 	num_reg: 10  	lose cover RAM: 1G
[    0.000000]  gran_size: 2M 	chunk_size: 64M 	num_reg: 10  	lose cover RAM: 1G
[    0.000000]  gran_size: 2M 	chunk_size: 128M 	num_reg: 10  	lose cover RAM: 1G
[    0.000000]  gran_size: 2M 	chunk_size: 256M 	num_reg: 10  	lose cover RAM: 1G
[    0.000000]  gran_size: 2M 	chunk_size: 512M 	num_reg: 10  	lose cover RAM: 1G
[    0.000000]  gran_size: 2M 	chunk_size: 1G 	num_reg: 10  	lose cover RAM: 1G
[    0.000000]  gran_size: 2M 	chunk_size: 2G 	num_reg: 10  	lose cover RAM: 1G
[    0.000000]  gran_size: 4M 	chunk_size: 4M 	num_reg: 10  	lose cover RAM: 353G
[    0.000000]  gran_size: 4M 	chunk_size: 8M 	num_reg: 10  	lose cover RAM: 353G
[    0.000000]  gran_size: 4M 	chunk_size: 16M 	num_reg: 10  	lose cover RAM: 353G
[    0.000000]  gran_size: 4M 	chunk_size: 32M 	num_reg: 10  	lose cover RAM: 1G
[    0.000000]  gran_size: 4M 	chunk_size: 64M 	num_reg: 10  	lose cover RAM: 1G
[    0.000000]  gran_size: 4M 	chunk_size: 128M 	num_reg: 10  	lose cover RAM: 1G
[    0.000000]  gran_size: 4M 	chunk_size: 256M 	num_reg: 10  	lose cover RAM: 1G
[    0.000000]  gran_size: 4M 	chunk_size: 512M 	num_reg: 10  	lose cover RAM: 1G
[    0.000000]  gran_size: 4M 	chunk_size: 1G 	num_reg: 10  	lose cover RAM: 1G
[    0.000000]  gran_size: 4M 	chunk_size: 2G 	num_reg: 10  	lose cover RAM: 1G
[    0.000000]  gran_size: 8M 	chunk_size: 8M 	num_reg: 10  	lose cover RAM: 353G
[    0.000000]  gran_size: 8M 	chunk_size: 16M 	num_reg: 10  	lose cover RAM: 353G
[    0.000000]  gran_size: 8M 	chunk_size: 32M 	num_reg: 10  	lose cover RAM: 1G
[    0.000000]  gran_size: 8M 	chunk_size: 64M 	num_reg: 10  	lose cover RAM: 1G
[    0.000000]  gran_size: 8M 	chunk_size: 128M 	num_reg: 10  	lose cover RAM: 1G
[    0.000000]  gran_size: 8M 	chunk_size: 256M 	num_reg: 10  	lose cover RAM: 1G
[    0.000000]  gran_size: 8M 	chunk_size: 512M 	num_reg: 10  	lose cover RAM: 1G
[    0.000000]  gran_size: 8M 	chunk_size: 1G 	num_reg: 10  	lose cover RAM: 1G
[    0.000000]  gran_size: 8M 	chunk_size: 2G 	num_reg: 10  	lose cover RAM: 1G
[    0.000000]  gran_size: 16M 	chunk_size: 16M 	num_reg: 10  	lose cover RAM: 353G
[    0.000000]  gran_size: 16M 	chunk_size: 32M 	num_reg: 10  	lose cover RAM: 1G
[    0.000000]  gran_size: 16M 	chunk_size: 64M 	num_reg: 10  	lose cover RAM: 1G
[    0.000000]  gran_size: 16M 	chunk_size: 128M 	num_reg: 10  	lose cover RAM: 1G
[    0.000000]  gran_size: 16M 	chunk_size: 256M 	num_reg: 10  	lose cover RAM: 1G
[    0.000000]  gran_size: 16M 	chunk_size: 512M 	num_reg: 10  	lose cover RAM: 1G
[    0.000000]  gran_size: 16M 	chunk_size: 1G 	num_reg: 10  	lose cover RAM: 1G
[    0.000000]  gran_size: 16M 	chunk_size: 2G 	num_reg: 10  	lose cover RAM: 1G
[    0.000000]  gran_size: 32M 	chunk_size: 32M 	num_reg: 10  	lose cover RAM: 328720M
[    0.000000]  gran_size: 32M 	chunk_size: 64M 	num_reg: 10  	lose cover RAM: 1040M
[    0.000000]  gran_size: 32M 	chunk_size: 128M 	num_reg: 10  	lose cover RAM: 1040M
[    0.000000]  gran_size: 32M 	chunk_size: 256M 	num_reg: 10  	lose cover RAM: 1040M
[    0.000000]  gran_size: 32M 	chunk_size: 512M 	num_reg: 10  	lose cover RAM: 1040M
[    0.000000]  gran_size: 32M 	chunk_size: 1G 	num_reg: 10  	lose cover RAM: 1040M
[    0.000000]  gran_size: 32M 	chunk_size: 2G 	num_reg: 10  	lose cover RAM: 1040M
[    0.000000]  gran_size: 64M 	chunk_size: 64M 	num_reg: 10  	lose cover RAM: 263216M
[    0.000000]  gran_size: 64M 	chunk_size: 128M 	num_reg: 10  	lose cover RAM: 1072M
[    0.000000]  gran_size: 64M 	chunk_size: 256M 	num_reg: 10  	lose cover RAM: 1072M
[    0.000000]  gran_size: 64M 	chunk_size: 512M 	num_reg: 10  	lose cover RAM: 1072M
[    0.000000]  gran_size: 64M 	chunk_size: 1G 	num_reg: 10  	lose cover RAM: 1072M
[    0.000000]  gran_size: 64M 	chunk_size: 2G 	num_reg: 10  	lose cover RAM: 1072M
[    0.000000]  gran_size: 128M 	chunk_size: 128M 	num_reg: 10  	lose cover RAM: 132208M
[    0.000000]  gran_size: 128M 	chunk_size: 256M 	num_reg: 10  	lose cover RAM: 1136M
[    0.000000]  gran_size: 128M 	chunk_size: 512M 	num_reg: 10  	lose cover RAM: 1136M
[    0.000000]  gran_size: 128M 	chunk_size: 1G 	num_reg: 10  	lose cover RAM: 1136M
[    0.000000]  gran_size: 128M 	chunk_size: 2G 	num_reg: 10  	lose cover RAM: 1136M
[    0.000000]  gran_size: 256M 	chunk_size: 256M 	num_reg: 10  	lose cover RAM: 1264M
[    0.000000]  gran_size: 256M 	chunk_size: 512M 	num_reg: 10  	lose cover RAM: 1264M
[    0.000000]  gran_size: 256M 	chunk_size: 1G 	num_reg: 10  	lose cover RAM: 1264M
[    0.000000]  gran_size: 256M 	chunk_size: 2G 	num_reg: 10  	lose cover RAM: 1264M
[    0.000000]  gran_size: 512M 	chunk_size: 512M 	num_reg: 10  	lose cover RAM: 496M
[    0.000000]  gran_size: 512M 	chunk_size: 1G 	num_reg: 10  	lose cover RAM: 1520M
[    0.000000]  gran_size: 512M 	chunk_size: 2G 	num_reg: 10  	lose cover RAM: 1520M
[    0.000000]  gran_size: 1G 	chunk_size: 1G 	num_reg: 9  	lose cover RAM: 1008M
[    0.000000]  gran_size: 1G 	chunk_size: 2G 	num_reg: 10  	lose cover RAM: 1008M
[    0.000000]  gran_size: 2G 	chunk_size: 2G 	num_reg: 8  	lose cover RAM: 2032M
[    0.000000] mtrr_cleanup: can not find optimal value
[    0.000000] please specify mtrr_gran_size/mtrr_chunk_size
[    0.000000] e820: update [mem 0xbf000000-0xffffffff] usable ==> reserved
[    0.000000] x2apic: enabled by BIOS, switching to x2apic ops
[    0.000000] e820: last_pfn = 0xaf800 max_arch_pfn = 0x400000000
[    0.000000] Scanning 1 areas for low memory corruption
[    0.000000] Base memory trampoline at [        (ptrval)] 98000 size 24576
[    0.000000] Using GB pages for direct mapping
[    0.000000] BRK [0x3b98b1b000, 0x3b98b1bfff] PGTABLE
[    0.000000] BRK [0x3b98b1c000, 0x3b98b1cfff] PGTABLE
[    0.000000] BRK [0x3b98b1d000, 0x3b98b1dfff] PGTABLE
[    0.000000] BRK [0x3b98b1e000, 0x3b98b1efff] PGTABLE
[    0.000000] BRK [0x3b98b1f000, 0x3b98b1ffff] PGTABLE
[    0.000000] BRK [0x3b98b20000, 0x3b98b20fff] PGTABLE
[    0.000000] BRK [0x3b98b21000, 0x3b98b21fff] PGTABLE
[    0.000000] BRK [0x3b98b22000, 0x3b98b22fff] PGTABLE
[    0.000000] BRK [0x3b98b23000, 0x3b98b23fff] PGTABLE
[    0.000000] BRK [0x3b98b24000, 0x3b98b24fff] PGTABLE
[    0.000000] BRK [0x3b98b25000, 0x3b98b25fff] PGTABLE
[    0.000000] BRK [0x3b98b26000, 0x3b98b26fff] PGTABLE
[    0.000000] RAMDISK: [mem 0x35993000-0x36cc0fff]
[    0.000000] ACPI: Early table checksum verification disabled
[    0.000000] ACPI: RSDP 0x00000000000F05B0 000024 (v02 ALASKA)
[    0.000000] ACPI: XSDT 0x00000000AD32D0D0 00011C (v01 ALASKA A M I    01072009 AMI  00010013)
[    0.000000] ACPI: FACP 0x00000000AD386CD8 000114 (v06 ALASKA A M I    01072009 INTL 20091013)
[    0.000000] ACPI: DSDT 0x00000000AD32D280 059A55 (v02 ALASKA A M I    01072009 INTL 20091013)
[    0.000000] ACPI: FACS 0x00000000AD8E6080 000040
[    0.000000] ACPI: FPDT 0x00000000AD386DF0 000044 (v01 ALASKA A M I    01072009 AMI  00010013)
[    0.000000] ACPI: FIDT 0x00000000AD386E38 00009C (v01 ALASKA A M I    01072009 AMI  00010013)
[    0.000000] ACPI: SPMI 0x00000000AD386ED8 000041 (v05 ALASKA A M I    00000000 AMI. 00000000)
[    0.000000] ACPI: UEFI 0x00000000AD386F20 00005C (v01 INTEL  RstUefiV 00000000      00000000)
[    0.000000] ACPI: UEFI 0x00000000AD386F80 000042 (v01 ALASKA A M I    01072009      01000013)
[    0.000000] ACPI: MCFG 0x00000000AD386FC8 00003C (v01 ALASKA A M I    01072009 MSFT 00000097)
[    0.000000] ACPI: HPET 0x00000000AD387008 000038 (v01 ALASKA A M I    00000001 INTL 20091013)
[    0.000000] ACPI: APIC 0x00000000AD387040 0016DE (v03 ALASKA A M I    00000000 INTL 20091013)
[    0.000000] ACPI: MIGT 0x00000000AD388720 000040 (v01 ALASKA A M I    00000000 INTL 20091013)
[    0.000000] ACPI: MSCT 0x00000000AD388760 000090 (v01 ALASKA A M I    00000001 INTL 20091013)
[    0.000000] ACPI: NFIT 0x00000000AD3887F0 018028 (v01                 00000000      00000000)
[    0.000000] ACPI: PCAT 0x00000000AD3A0818 000048 (v01 ALASKA A M I    00000002 INTL 20091013)
[    0.000000] ACPI: PCCT 0x00000000AD3A0860 00006E (v01 ALASKA A M I    00000002 INTL 20091013)
[    0.000000] ACPI: RASF 0x00000000AD3A08D0 000030 (v01 ALASKA A M I    00000001 INTL 20091013)
[    0.000000] ACPI: SLIT 0x00000000AD3A0900 000030 (v01 ALASKA A M I    00000001 INTL 20091013)
[    0.000000] ACPI: SRAT 0x00000000AD3A0930 002830 (v03 ALASKA A M I    00000002 INTL 20091013)
[    0.000000] ACPI: SVOS 0x00000000AD3A3160 000032 (v01 ALASKA A M I    00000000 INTL 20091013)
[    0.000000] ACPI: WDDT 0x00000000AD3A3198 000040 (v01 ALASKA A M I    00000000 INTL 20091013)
[    0.000000] ACPI: OEM4 0x00000000AD3A31D8 0A27C4 (v02 INTEL  CPU  CST 00003000 INTL 20140828)
[    0.000000] ACPI: OEM1 0x00000000AD4459A0 02A2C4 (v02 INTEL  CPU EIST 00003000 INTL 20140828)
[    0.000000] ACPI: OEM2 0x00000000AD46FC68 019464 (v02 INTEL  CPU  HWP 00003000 INTL 20140828)
[    0.000000] ACPI: SSDT 0x00000000AD4890D0 033990 (v02 INTEL  SSDT  PM 00004000 INTL 20140828)
[    0.000000] ACPI: SSDT 0x00000000AD4BCA60 00065B (v02 ALASKA A M I    00000000 INTL 20091013)
[    0.000000] ACPI: SPCR 0x00000000AD4BD0C0 000050 (v02 A M I  APTIO V  01072009 AMI. 0005000C)
[    0.000000] ACPI: SSDT 0x00000000AD4BD110 002AF6 (v02 INTEL  SpsNm    00000002 INTL 20140828)
[    0.000000] ACPI: DMAR 0x00000000AD4BFC08 000250 (v01 ALASKA A M I    00000001 INTL 20091013)
[    0.000000] ACPI: HEST 0x00000000AD4BFE58 0000A8 (v01 ALASKA A M I    00000001 INTL 00000001)
[    0.000000] ACPI: BERT 0x00000000AD4BFF00 000030 (v01 ALASKA A M I    00000001 INTL 00000001)
[    0.000000] ACPI: ERST 0x00000000AD4BFF30 000230 (v01 ALASKA A M I    00000001 INTL 00000001)
[    0.000000] ACPI: EINJ 0x00000000AD4C0160 000150 (v01 ALASKA A M I    00000001 INTL 00000001)
[    0.000000] ACPI: Local APIC address 0xfee00000
[    0.000000] Setting APIC routing to cluster x2apic.
[    0.000000] SRAT: PXM 0 -> APIC 0x0000 -> Node 0
[    0.000000] SRAT: PXM 0 -> APIC 0x0002 -> Node 0
[    0.000000] SRAT: PXM 0 -> APIC 0x0004 -> Node 0
[    0.000000] SRAT: PXM 0 -> APIC 0x0006 -> Node 0
[    0.000000] SRAT: PXM 0 -> APIC 0x0008 -> Node 0
[    0.000000] SRAT: PXM 0 -> APIC 0x000a -> Node 0
[    0.000000] SRAT: PXM 0 -> APIC 0x0010 -> Node 0
[    0.000000] SRAT: PXM 0 -> APIC 0x0012 -> Node 0
[    0.000000] SRAT: PXM 0 -> APIC 0x0014 -> Node 0
[    0.000000] SRAT: PXM 0 -> APIC 0x0016 -> Node 0
[    0.000000] SRAT: PXM 0 -> APIC 0x0018 -> Node 0
[    0.000000] SRAT: PXM 0 -> APIC 0x001a -> Node 0
[    0.000000] SRAT: PXM 0 -> APIC 0x0020 -> Node 0
[    0.000000] SRAT: PXM 0 -> APIC 0x0022 -> Node 0
[    0.000000] SRAT: PXM 0 -> APIC 0x0024 -> Node 0
[    0.000000] SRAT: PXM 0 -> APIC 0x0026 -> Node 0
[    0.000000] SRAT: PXM 0 -> APIC 0x0028 -> Node 0
[    0.000000] SRAT: PXM 0 -> APIC 0x002a -> Node 0
[    0.000000] SRAT: PXM 0 -> APIC 0x0030 -> Node 0
[    0.000000] SRAT: PXM 0 -> APIC 0x0032 -> Node 0
[    0.000000] SRAT: PXM 0 -> APIC 0x0034 -> Node 0
[    0.000000] SRAT: PXM 0 -> APIC 0x0036 -> Node 0
[    0.000000] SRAT: PXM 0 -> APIC 0x0038 -> Node 0
[    0.000000] SRAT: PXM 0 -> APIC 0x003a -> Node 0
[    0.000000] SRAT: PXM 1 -> APIC 0x0040 -> Node 1
[    0.000000] SRAT: PXM 1 -> APIC 0x0042 -> Node 1
[    0.000000] SRAT: PXM 1 -> APIC 0x0044 -> Node 1
[    0.000000] SRAT: PXM 1 -> APIC 0x0046 -> Node 1
[    0.000000] SRAT: PXM 1 -> APIC 0x0048 -> Node 1
[    0.000000] SRAT: PXM 1 -> APIC 0x004a -> Node 1
[    0.000000] SRAT: PXM 1 -> APIC 0x0050 -> Node 1
[    0.000000] SRAT: PXM 1 -> APIC 0x0052 -> Node 1
[    0.000000] SRAT: PXM 1 -> APIC 0x0054 -> Node 1
[    0.000000] SRAT: PXM 1 -> APIC 0x0056 -> Node 1
[    0.000000] SRAT: PXM 1 -> APIC 0x0058 -> Node 1
[    0.000000] SRAT: PXM 1 -> APIC 0x005a -> Node 1
[    0.000000] SRAT: PXM 1 -> APIC 0x0060 -> Node 1
[    0.000000] SRAT: PXM 1 -> APIC 0x0062 -> Node 1
[    0.000000] SRAT: PXM 1 -> APIC 0x0064 -> Node 1
[    0.000000] SRAT: PXM 1 -> APIC 0x0066 -> Node 1
[    0.000000] SRAT: PXM 1 -> APIC 0x0068 -> Node 1
[    0.000000] SRAT: PXM 1 -> APIC 0x006a -> Node 1
[    0.000000] SRAT: PXM 1 -> APIC 0x0070 -> Node 1
[    0.000000] SRAT: PXM 1 -> APIC 0x0072 -> Node 1
[    0.000000] SRAT: PXM 1 -> APIC 0x0074 -> Node 1
[    0.000000] SRAT: PXM 1 -> APIC 0x0076 -> Node 1
[    0.000000] SRAT: PXM 1 -> APIC 0x0078 -> Node 1
[    0.000000] SRAT: PXM 1 -> APIC 0x007a -> Node 1
[    0.000000] SRAT: PXM 0 -> APIC 0x0001 -> Node 0
[    0.000000] SRAT: PXM 0 -> APIC 0x0003 -> Node 0
[    0.000000] SRAT: PXM 0 -> APIC 0x0005 -> Node 0
[    0.000000] SRAT: PXM 0 -> APIC 0x0007 -> Node 0
[    0.000000] SRAT: PXM 0 -> APIC 0x0009 -> Node 0
[    0.000000] SRAT: PXM 0 -> APIC 0x000b -> Node 0
[    0.000000] SRAT: PXM 0 -> APIC 0x0011 -> Node 0
[    0.000000] SRAT: PXM 0 -> APIC 0x0013 -> Node 0
[    0.000000] SRAT: PXM 0 -> APIC 0x0015 -> Node 0
[    0.000000] SRAT: PXM 0 -> APIC 0x0017 -> Node 0
[    0.000000] SRAT: PXM 0 -> APIC 0x0019 -> Node 0
[    0.000000] SRAT: PXM 0 -> APIC 0x001b -> Node 0
[    0.000000] SRAT: PXM 0 -> APIC 0x0021 -> Node 0
[    0.000000] SRAT: PXM 0 -> APIC 0x0023 -> Node 0
[    0.000000] SRAT: PXM 0 -> APIC 0x0025 -> Node 0
[    0.000000] SRAT: PXM 0 -> APIC 0x0027 -> Node 0
[    0.000000] SRAT: PXM 0 -> APIC 0x0029 -> Node 0
[    0.000000] SRAT: PXM 0 -> APIC 0x002b -> Node 0
[    0.000000] SRAT: PXM 0 -> APIC 0x0031 -> Node 0
[    0.000000] SRAT: PXM 0 -> APIC 0x0033 -> Node 0
[    0.000000] SRAT: PXM 0 -> APIC 0x0035 -> Node 0
[    0.000000] SRAT: PXM 0 -> APIC 0x0037 -> Node 0
[    0.000000] SRAT: PXM 0 -> APIC 0x0039 -> Node 0
[    0.000000] SRAT: PXM 0 -> APIC 0x003b -> Node 0
[    0.000000] SRAT: PXM 1 -> APIC 0x0041 -> Node 1
[    0.000000] SRAT: PXM 1 -> APIC 0x0043 -> Node 1
[    0.000000] SRAT: PXM 1 -> APIC 0x0045 -> Node 1
[    0.000000] SRAT: PXM 1 -> APIC 0x0047 -> Node 1
[    0.000000] SRAT: PXM 1 -> APIC 0x0049 -> Node 1
[    0.000000] SRAT: PXM 1 -> APIC 0x004b -> Node 1
[    0.000000] SRAT: PXM 1 -> APIC 0x0051 -> Node 1
[    0.000000] SRAT: PXM 1 -> APIC 0x0053 -> Node 1
[    0.000000] SRAT: PXM 1 -> APIC 0x0055 -> Node 1
[    0.000000] SRAT: PXM 1 -> APIC 0x0057 -> Node 1
[    0.000000] SRAT: PXM 1 -> APIC 0x0059 -> Node 1
[    0.000000] SRAT: PXM 1 -> APIC 0x005b -> Node 1
[    0.000000] SRAT: PXM 1 -> APIC 0x0061 -> Node 1
[    0.000000] SRAT: PXM 1 -> APIC 0x0063 -> Node 1
[    0.000000] SRAT: PXM 1 -> APIC 0x0065 -> Node 1
[    0.000000] SRAT: PXM 1 -> APIC 0x0067 -> Node 1
[    0.000000] SRAT: PXM 1 -> APIC 0x0069 -> Node 1
[    0.000000] SRAT: PXM 1 -> APIC 0x006b -> Node 1
[    0.000000] SRAT: PXM 1 -> APIC 0x0071 -> Node 1
[    0.000000] SRAT: PXM 1 -> APIC 0x0073 -> Node 1
[    0.000000] SRAT: PXM 1 -> APIC 0x0075 -> Node 1
[    0.000000] SRAT: PXM 1 -> APIC 0x0077 -> Node 1
[    0.000000] SRAT: PXM 1 -> APIC 0x0079 -> Node 1
[    0.000000] SRAT: PXM 1 -> APIC 0x007b -> Node 1
[    0.000000] ACPI: SRAT: Node 0 PXM 0 [mem 0x00000000-0xbfffffff]
[    0.000000] ACPI: SRAT: Node 0 PXM 0 [mem 0x100000000-0x303fffffff]
[    0.000000] ACPI: SRAT: Node 1 PXM 1 [mem 0x3040000000-0x603fffffff]
[    0.000000] NUMA: Initialized distance table, cnt=2
[    0.000000] NUMA: Node 0 [mem 0x00000000-0xbfffffff] + [mem 0x100000000-0x303fffffff] -> [mem 0x00000000-0x303fffffff]
[    0.000000] NODE_DATA(0) allocated [mem 0x303ffd5000-0x303fffffff]
[    0.000000] NODE_DATA(1) allocated [mem 0x603ffd4000-0x603fffefff]
[    0.000000] Zone ranges:
[    0.000000]   DMA      [mem 0x0000000000001000-0x0000000000ffffff]
[    0.000000]   DMA32    [mem 0x0000000001000000-0x00000000ffffffff]
[    0.000000]   Normal   [mem 0x0000000100000000-0x000000603fffffff]
[    0.000000]   Device   empty
[    0.000000] Movable zone start for each node
[    0.000000] Early memory node ranges
[    0.000000]   node   0: [mem 0x0000000000001000-0x000000000009dfff]
[    0.000000]   node   0: [mem 0x0000000000100000-0x00000000a2deefff]
[    0.000000]   node   0: [mem 0x00000000a3398000-0x00000000aad97fff]
[    0.000000]   node   0: [mem 0x00000000ace98000-0x00000000ad32cfff]
[    0.000000]   node   0: [mem 0x00000000af308000-0x00000000af7fffff]
[    0.000000]   node   0: [mem 0x0000000100000000-0x000000303fffffff]
[    0.000000]   node   1: [mem 0x0000003040000000-0x000000603fffffff]
[    0.000000] Reserved but unavailable: 20199 pages
[    0.000000] Initmem setup node 0 [mem 0x0000000000001000-0x000000303fffffff]
[    0.000000] On node 0 totalpages: 50245913
[    0.000000]   DMA zone: 64 pages used for memmap
[    0.000000]   DMA zone: 21 pages reserved
[    0.000000]   DMA zone: 3997 pages, LIFO batch:0
[    0.000000]   DMA32 zone: 10886 pages used for memmap
[    0.000000]   DMA32 zone: 696700 pages, LIFO batch:31
[    0.000000]   Normal zone: 774144 pages used for memmap
[    0.000000]   Normal zone: 49545216 pages, LIFO batch:31
[    0.000000] Initmem setup node 1 [mem 0x0000003040000000-0x000000603fffffff]
[    0.000000] On node 1 totalpages: 50331648
[    0.000000]   Normal zone: 786432 pages used for memmap
[    0.000000]   Normal zone: 50331648 pages, LIFO batch:31
[    0.000000] ACPI: PM-Timer IO Port: 0x508
[    0.000000] ACPI: Local APIC address 0xfee00000
[    0.000000] ACPI: X2APIC_NMI (uid[0xffffffff] high level lint[0x1])
[    0.000000] ACPI: LAPIC_NMI (acpi_id[0xff] high level lint[0x1])
[    0.000000] IOAPIC[0]: apic_id 8, version 32, address 0xfec00000, GSI 0-23
[    0.000000] IOAPIC[1]: apic_id 9, version 32, address 0xfec01000, GSI 24-31
[    0.000000] IOAPIC[2]: apic_id 10, version 32, address 0xfec08000, GSI 32-39
[    0.000000] IOAPIC[3]: apic_id 11, version 32, address 0xfec10000, GSI 40-47
[    0.000000] IOAPIC[4]: apic_id 12, version 32, address 0xfec18000, GSI 48-55
[    0.000000] IOAPIC[5]: apic_id 15, version 32, address 0xfec20000, GSI 72-79
[    0.000000] IOAPIC[6]: apic_id 16, version 32, address 0xfec28000, GSI 80-87
[    0.000000] IOAPIC[7]: apic_id 17, version 32, address 0xfec30000, GSI 88-95
[    0.000000] IOAPIC[8]: apic_id 18, version 32, address 0xfec38000, GSI 96-103
[    0.000000] ACPI: INT_SRC_OVR (bus 0 bus_irq 0 global_irq 2 dfl dfl)
[    0.000000] ACPI: INT_SRC_OVR (bus 0 bus_irq 9 global_irq 9 high level)
[    0.000000] ACPI: IRQ0 used by override.
[    0.000000] ACPI: IRQ9 used by override.
[    0.000000] Using ACPI (MADT) for SMP configuration information
[    0.000000] ACPI: HPET id: 0x8086a701 base: 0xfed00000
[    0.000000] smpboot: Allowing 96 CPUs, 0 hotplug CPUs
[    0.000000] PM: Registered nosave memory: [mem 0x00000000-0x00000fff]
[    0.000000] PM: Registered nosave memory: [mem 0x0009e000-0x0009efff]
[    0.000000] PM: Registered nosave memory: [mem 0x0009f000-0x0009ffff]
[    0.000000] PM: Registered nosave memory: [mem 0x000a0000-0x000dffff]
[    0.000000] PM: Registered nosave memory: [mem 0x000e0000-0x000fffff]
[    0.000000] PM: Registered nosave memory: [mem 0xa2def000-0xa32eefff]
[    0.000000] PM: Registered nosave memory: [mem 0xa32ef000-0xa3397fff]
[    0.000000] PM: Registered nosave memory: [mem 0xaad98000-0xace97fff]
[    0.000000] PM: Registered nosave memory: [mem 0xad32d000-0xad8e7fff]
[    0.000000] PM: Registered nosave memory: [mem 0xad8e8000-0xaf307fff]
[    0.000000] PM: Registered nosave memory: [mem 0xaf800000-0xcfffffff]
[    0.000000] PM: Registered nosave memory: [mem 0xd0000000-0xfcffffff]
[    0.000000] PM: Registered nosave memory: [mem 0xfd000000-0xfe7fffff]
[    0.000000] PM: Registered nosave memory: [mem 0xfe800000-0xfed1ffff]
[    0.000000] PM: Registered nosave memory: [mem 0xfed20000-0xfed44fff]
[    0.000000] PM: Registered nosave memory: [mem 0xfed45000-0xfeffffff]
[    0.000000] PM: Registered nosave memory: [mem 0xff000000-0xffffffff]
[    0.000000] e820: [mem 0xd0000000-0xfcffffff] available for PCI devices
[    0.000000] Booting paravirtualized kernel on bare hardware
[    0.000000] clocksource: refined-jiffies: mask: 0xffffffff max_cycles: 0xffffffff, max_idle_ns: 7645519600211568 ns
[    0.000000] random: get_random_bytes called from start_kernel+0x99/0x4fd with crng_init=0
[    0.000000] setup_percpu: NR_CPUS:8192 nr_cpumask_bits:96 nr_cpu_ids:96 nr_node_ids:2
[    0.000000] percpu: Embedded 46 pages/cpu @        (ptrval) s151552 r8192 d28672 u262144
[    0.000000] pcpu-alloc: s151552 r8192 d28672 u262144 alloc=1*2097152
[    0.000000] pcpu-alloc: [0] 00 01 02 03 04 05 06 07 [0] 08 09 10 11 12 13 14 15 
[    0.000000] pcpu-alloc: [0] 16 17 18 19 20 21 22 23 [0] 48 49 50 51 52 53 54 55 
[    0.000000] pcpu-alloc: [0] 56 57 58 59 60 61 62 63 [0] 64 65 66 67 68 69 70 71 
[    0.000000] pcpu-alloc: [1] 24 25 26 27 28 29 30 31 [1] 32 33 34 35 36 37 38 39 
[    0.000000] pcpu-alloc: [1] 40 41 42 43 44 45 46 47 [1] 72 73 74 75 76 77 78 79 
[    0.000000] pcpu-alloc: [1] 80 81 82 83 84 85 86 87 [1] 88 89 90 91 92 93 94 95 
[    0.000000] Built 2 zonelists, mobility grouping on.  Total pages: 99006014
[    0.000000] Policy zone: Normal
[    0.000000] Kernel command line: BOOT_IMAGE=/boot/vmlinuz-4.15.0-1044-aws root=UUID=8abb4f2d-c7e0-4daf-80b5-24e1c814cf55 ro nosmt=force console=tty1 console=ttyS0 nvme_core.io_timeout=4294967295
[    0.000000] log_buf_len individual max cpu contribution: 4096 bytes
[    0.000000] log_buf_len total cpu_extra contributions: 389120 bytes
[    0.000000] log_buf_len min size: 262144 bytes
[    0.000000] log_buf_len: 1048576 bytes
[    0.000000] early log buf free: 229688(87%)
[    0.000000] Calgary: detecting Calgary via BIOS EBDA area
[    0.000000] Calgary: Unable to locate Rio Grande table in EBDA - bailing!
[    0.000000] Memory: 395892152K/402310244K available (12300K kernel code, 2394K rwdata, 3924K rodata, 2380K init, 2376K bss, 6418092K reserved, 0K cma-reserved)
[    0.000000] SLUB: HWalign=64, Order=0-3, MinObjects=0, CPUs=96, Nodes=2
[    0.000000] Kernel/User page tables isolation: enabled
[    0.000000] ftrace: allocating 37564 entries in 147 pages
[    0.000000] Hierarchical RCU implementation.
[    0.000000] 	RCU restricting CPUs from NR_CPUS=8192 to nr_cpu_ids=96.
[    0.000000] 	Tasks RCU enabled.
[    0.000000] RCU: Adjusting geometry for rcu_fanout_leaf=16, nr_cpu_ids=96
[    0.000000] NR_IRQS: 524544, nr_irqs: 2552, preallocated irqs: 16
[    0.000000] Console: colour dummy device 80x25
[    0.000000] console [tty1] enabled
[    0.000000] console [ttyS0] enabled
[    0.000000] mempolicy: Enabling automatic NUMA balancing. Configure with numa_balancing= or the kernel.numa_balancing sysctl
[    0.000000] ACPI: Core revision 20170831
[    0.000000] ACPI: 4 ACPI AML tables successfully acquired and loaded
[    0.000000] clocksource: hpet: mask: 0xffffffff max_cycles: 0xffffffff, max_idle_ns: 79635855245 ns
[    0.000000] hpet clockevent registered
[    0.004000] APIC: Switch to symmetric I/O mode setup
[    0.004000] DMAR: Host address width 46
[    0.004000] DMAR: DRHD base: 0x000000ecffc000 flags: 0x0
[    0.004000] DMAR: dmar0: reg_base_addr ecffc000 ver 1:0 cap 8d2078c106f0466 ecap f020df
[    0.004000] DMAR: DRHD base: 0x000000f5ffc000 flags: 0x0
[    0.004000] DMAR: dmar1: reg_base_addr f5ffc000 ver 1:0 cap 8d2078c106f0466 ecap f020df
[    0.004000] DMAR: DRHD base: 0x000000f8ffc000 flags: 0x0
[    0.004000] DMAR: dmar2: reg_base_addr f8ffc000 ver 1:0 cap 8d2078c106f0466 ecap f020df
[    0.004000] DMAR: DRHD base: 0x000000fbffc000 flags: 0x0
[    0.004000] DMAR: dmar3: reg_base_addr fbffc000 ver 1:0 cap 8d2078c106f0466 ecap f020df
[    0.004000] DMAR: DRHD base: 0x000000d9ffc000 flags: 0x0
[    0.004000] DMAR: dmar4: reg_base_addr d9ffc000 ver 1:0 cap 8d2078c106f0466 ecap f020df
[    0.004000] DMAR: DRHD base: 0x000000e2ffc000 flags: 0x0
[    0.008000] DMAR: dmar5: reg_base_addr e2ffc000 ver 1:0 cap 8d2078c106f0466 ecap f020df
[    0.008000] DMAR: DRHD base: 0x000000ebffc000 flags: 0x0
[    0.008000] DMAR: dmar6: reg_base_addr ebffc000 ver 1:0 cap 8d2078c106f0466 ecap f020df
[    0.008000] DMAR: DRHD base: 0x000000d6ffc000 flags: 0x1
[    0.008000] DMAR: dmar7: reg_base_addr d6ffc000 ver 1:0 cap 8d2078c106f0466 ecap f020df
[    0.008000] DMAR: RMRR base: 0x000000af0c0000 end: 0x000000af0d0fff
[    0.008000] DMAR: ATSR flags: 0x0
[    0.008000] DMAR: ATSR flags: 0x0
[    0.008000] DMAR: RHSA base: 0x000000d6ffc000 proximity domain: 0x0
[    0.008000] DMAR: RHSA base: 0x000000d9ffc000 proximity domain: 0x0
[    0.008000] DMAR: RHSA base: 0x000000e2ffc000 proximity domain: 0x0
[    0.008000] DMAR: RHSA base: 0x000000ebffc000 proximity domain: 0x0
[    0.008000] DMAR: RHSA base: 0x000000ecffc000 proximity domain: 0x1
[    0.012000] DMAR: RHSA base: 0x000000f5ffc000 proximity domain: 0x1
[    0.012000] DMAR: RHSA base: 0x000000f8ffc000 proximity domain: 0x1
[    0.012000] DMAR: RHSA base: 0x000000fbffc000 proximity domain: 0x1
[    0.012000] DMAR-IR: IOAPIC id 12 under DRHD base  0xebffc000 IOMMU 6
[    0.012000] DMAR-IR: IOAPIC id 11 under DRHD base  0xe2ffc000 IOMMU 5
[    0.012000] DMAR-IR: IOAPIC id 10 under DRHD base  0xd9ffc000 IOMMU 4
[    0.012000] DMAR-IR: IOAPIC id 18 under DRHD base  0xfbffc000 IOMMU 3
[    0.012000] DMAR-IR: IOAPIC id 17 under DRHD base  0xf8ffc000 IOMMU 2
[    0.012000] DMAR-IR: IOAPIC id 16 under DRHD base  0xf5ffc000 IOMMU 1
[    0.012000] DMAR-IR: IOAPIC id 15 under DRHD base  0xecffc000 IOMMU 0
[    0.012000] DMAR-IR: IOAPIC id 8 under DRHD base  0xd6ffc000 IOMMU 7
[    0.012000] DMAR-IR: IOAPIC id 9 under DRHD base  0xd6ffc000 IOMMU 7
[    0.016000] DMAR-IR: HPET id 0 under DRHD base 0xd6ffc000
[    0.016000] DMAR-IR: Queued invalidation will be enabled to support x2apic and Intr-remapping.
[    0.016000] DMAR-IR: Enabled IRQ remapping in x2apic mode
[    0.020000] ..TIMER: vector=0x30 apic1=0 pin1=2 apic2=-1 pin2=-1
[    0.020000] tsc: Detected 2500.000 MHz processor
[    0.020000] Calibrating delay loop (skipped), value calculated using timer frequency.. 5000.00 BogoMIPS (lpj=10000000)
[    0.020000] pid_max: default: 98304 minimum: 768
[    0.020000] Security Framework initialized
[    0.020000] Yama: becoming mindful.
[    0.020000] AppArmor: AppArmor initialized
[    0.044271] Dentry cache hash table entries: 16777216 (order: 15, 134217728 bytes)
[    0.055399] Inode-cache hash table entries: 8388608 (order: 14, 67108864 bytes)
[    0.056189] Mount-cache hash table entries: 262144 (order: 9, 2097152 bytes)
[    0.056892] Mountpoint-cache hash table entries: 262144 (order: 9, 2097152 bytes)
[    0.057940] ENERGY_PERF_BIAS: Set to 'normal', was 'performance'
[    0.058253] ENERGY_PERF_BIAS: View and update with x86_energy_perf_policy(8)
[    0.058626] mce: CPU supports 20 MCE banks
[    0.058858] CPU0: Thermal monitoring enabled (TM1)
[    0.059159] process: using mwait in idle threads
[    0.059404] Last level iTLB entries: 4KB 64, 2MB 8, 4MB 8
[    0.059682] Last level dTLB entries: 4KB 64, 2MB 0, 4MB 0, 1GB 4
[    0.060001] Spectre V2 : Mitigation: Full generic retpoline
[    0.060292] Spectre V2 : Spectre v2 / SpectreRSB mitigation: Filling RSB on context switch
[    0.060713] Spectre V2 : Enabling Restricted Speculation for firmware calls
[    0.061076] Spectre V2 : mitigation: Enabling conditional Indirect Branch Prediction Barrier
[    0.061509] Speculative Store Bypass: Vulnerable
[    0.061775] MDS: Vulnerable: Clear CPU buffers attempted, no microcode
[    0.070466] Freeing SMP alternatives memory: 36K
[    0.072153] TSC deadline timer enabled
[    0.072166] smpboot: CPU0: Intel(R) Xeon(R) Platinum 8175M CPU @ 2.50GHz (family: 0x6, model: 0x55, stepping: 0x4)
[    0.072892] Performance Events: PEBS fmt3+, Skylake events, 32-deep LBR, full-width counters, Intel PMU driver.
[    0.073446] ... version:                4
[    0.073661] ... bit width:              48
[    0.073876] ... generic registers:      4
[    0.074087] ... value mask:             0000ffffffffffff
[    0.074364] ... max period:             00007fffffffffff
[    0.074640] ... fixed-purpose events:   3
[    0.074851] ... event mask:             000000070000000f
[    0.075219] Hierarchical SRCU implementation.
[    0.087235] NMI watchdog: Enabled. Permanently consumes one hw-PMU counter.
[    0.087618] smp: Bringing up secondary CPUs ...
[    0.087943] x86: Booting SMP configuration:
[    0.088003] .... node  #0, CPUs:        #1  #2  #3  #4  #5  #6  #7  #8  #9 #10 #11 #12 #13 #14 #15 #16 #17 #18 #19 #20 #21 #22 #23
[    0.154668] .... node  #1, CPUs:   #24 #25 #26 #27 #28 #29 #30 #31 #32 #33 #34 #35 #36 #37 #38 #39 #40 #41 #42 #43 #44 #45 #46 #47
[    0.225722] .... node  #0, CPUs:   #48 #49 #50 #51 #52 #53 #54 #55 #56 #57 #58 #59 #60 #61 #62 #63 #64 #65 #66 #67 #68 #69 #70 #71
[    0.324003] .... node  #1, CPUs:   #72 #73 #74 #75 #76 #77 #78 #79 #80 #81 #82 #83 #84 #85 #86 #87 #88 #89 #90 #91 #92 #93 #94 #95
[    0.417094] smp: Brought up 2 nodes, 48 CPUs
[    0.417094] smpboot: Max logical packages: 4
[    0.417094] smpboot: Total of 48 processors activated (240000.00 BogoMIPS)
[    0.435255] devtmpfs: initialized
[    0.435255] x86/mm: Memory block size: 2048MB
[    0.437740] evm: security.selinux
[    0.437922] evm: security.SMACK64
[    0.438097] evm: security.SMACK64EXEC
[    0.438291] evm: security.SMACK64TRANSMUTE
[    0.438506] evm: security.SMACK64MMAP
[    0.438699] evm: security.apparmor
[    0.438880] evm: security.ima
[    0.439039] evm: security.capability
[    0.439288] PM: Registering ACPI NVS region [mem 0xa2def000-0xa32eefff] (5242880 bytes)
[    0.439288] PM: Registering ACPI NVS region [mem 0xad32d000-0xad8e7fff] (6008832 bytes)
[    0.440419] clocksource: jiffies: mask: 0xffffffff max_cycles: 0xffffffff, max_idle_ns: 7645041785100000 ns
[    0.440640] futex hash table entries: 32768 (order: 9, 2097152 bytes)
[    0.441869] RTC time: 10:17:29, date: 09/02/19
[    0.444632] NET: Registered protocol family 16
[    0.444987] audit: initializing netlink subsys (disabled)
[    0.445277] audit: type=2000 audit(1567419448.444:1): state=initialized audit_enabled=0 res=1
[    0.445277] cpuidle: using governor ladder
[    0.445277] cpuidle: using governor menu
[    0.445277] Detected 1 PCC Subspaces
[    0.445277] Registering PCC driver as Mailbox controller
[    0.445277] ACPI: bus type PCI registered
[    0.445277] acpiphp: ACPI Hot Plug PCI Controller Driver version: 0.5
[    0.445277] PCI: MMCONFIG for domain 0000 [bus 00-ff] at [mem 0xc0000000-0xcfffffff] (base 0xc0000000)
[    0.445277] PCI: MMCONFIG at [mem 0xc0000000-0xcfffffff] reserved in E820
[    0.445277] pmd_set_huge: Cannot satisfy [mem 0xc0000000-0xc0200000] with a huge-page mapping due to MTRR override.
[    0.445878] PCI: Using configuration type 1 for base access
[    0.456197] HugeTLB registered 1.00 GiB page size, pre-allocated 0 pages
[    0.456365] HugeTLB registered 2.00 MiB page size, pre-allocated 0 pages
[    0.456743] ACPI: Added _OSI(Module Device)
[    0.456743] ACPI: Added _OSI(Processor Device)
[    0.456818] ACPI: Added _OSI(3.0 _SCP Extensions)
[    0.457064] ACPI: Added _OSI(Processor Aggregator Device)
[    0.457346] ACPI: Added _OSI(Linux-Dell-Video)
[    0.457346] ACPI: Added _OSI(Linux-Lenovo-NV-HDMI-Audio)
[    0.457346] ACPI: Added _OSI(Linux-HPI-Hybrid-Graphics)
[    0.504111] ACPI: [Firmware Bug]: BIOS _OSI(Linux) query ignored
[    0.540352] ACPI: Dynamic OEM Table Load:
[    0.553575] ACPI: Dynamic OEM Table Load:
[    0.559212] ACPI: Dynamic OEM Table Load:
[    0.678025] ACPI: Interpreter enabled
[    0.678236] ACPI: (supports S0 S5)
[    0.678422] ACPI: Using IOAPIC for interrupt routing
[    0.678728] PCI: Using host bridge windows from ACPI; if necessary, use "pci=nocrs" and report a bug
[    0.679937] ACPI: Enabled 6 GPEs in block 00 to 7F
[    0.748190] ACPI: PCI Root Bridge [PC00] (domain 0000 [bus 00-16])
[    0.748520] acpi PNP0A08:00: _OSC: OS supports [ExtendedConfig ASPM ClockPM Segments MSI]
[    0.749056] acpi PNP0A08:00: _OSC: platform does not support [AER]
[    0.749484] acpi PNP0A08:00: _OSC: OS now controls [PCIeHotplug PME PCIeCapability]
[    0.750378] PCI host bridge to bus 0000:00
[    0.750596] pci_bus 0000:00: root bus resource [io  0x0000-0x03af window]
[    0.750948] pci_bus 0000:00: root bus resource [io  0x03e0-0x0cf7 window]
[    0.751300] pci_bus 0000:00: root bus resource [io  0x03b0-0x03bb window]
[    0.751652] pci_bus 0000:00: root bus resource [io  0x03c0-0x03df window]
[    0.752002] pci_bus 0000:00: root bus resource [io  0x1000-0x3fff window]
[    0.752358] pci_bus 0000:00: root bus resource [mem 0x000a0000-0x000bffff window]
[    0.752745] pci_bus 0000:00: root bus resource [mem 0x000c4000-0x000c7fff window]
[    0.753132] pci_bus 0000:00: root bus resource [mem 0xfe010000-0xfe010fff window]
[    0.753518] pci_bus 0000:00: root bus resource [mem 0xd0000000-0xd6ffbfff window]
[    0.753906] pci_bus 0000:00: root bus resource [mem 0x380000000000-0x38ffffffffff window]
[    0.754327] pci_bus 0000:00: root bus resource [bus 00-16]
[    0.754622] pci 0000:00:00.0: [8086:2020] type 00 class 0x060000
[    0.754787] pci 0000:00:04.0: [8086:2021] type 00 class 0x088000
[    0.754799] pci 0000:00:04.0: reg 0x10: [mem 0x38fffff2c000-0x38fffff2ffff 64bit]
[    0.754926] pci 0000:00:04.1: [8086:2021] type 00 class 0x088000
[    0.754937] pci 0000:00:04.1: reg 0x10: [mem 0x38fffff28000-0x38fffff2bfff 64bit]
[    0.755069] pci 0000:00:04.2: [8086:2021] type 00 class 0x088000
[    0.755080] pci 0000:00:04.2: reg 0x10: [mem 0x38fffff24000-0x38fffff27fff 64bit]
[    0.755207] pci 0000:00:04.3: [8086:2021] type 00 class 0x088000
[    0.755218] pci 0000:00:04.3: reg 0x10: [mem 0x38fffff20000-0x38fffff23fff 64bit]
[    0.755343] pci 0000:00:04.4: [8086:2021] type 00 class 0x088000
[    0.755353] pci 0000:00:04.4: reg 0x10: [mem 0x38fffff1c000-0x38fffff1ffff 64bit]
[    0.755480] pci 0000:00:04.5: [8086:2021] type 00 class 0x088000
[    0.755491] pci 0000:00:04.5: reg 0x10: [mem 0x38fffff18000-0x38fffff1bfff 64bit]
[    0.755619] pci 0000:00:04.6: [8086:2021] type 00 class 0x088000
[    0.755630] pci 0000:00:04.6: reg 0x10: [mem 0x38fffff14000-0x38fffff17fff 64bit]
[    0.755755] pci 0000:00:04.7: [8086:2021] type 00 class 0x088000
[    0.755766] pci 0000:00:04.7: reg 0x10: [mem 0x38fffff10000-0x38fffff13fff 64bit]
[    0.755892] pci 0000:00:05.0: [8086:2024] type 00 class 0x088000
[    0.756017] pci 0000:00:05.2: [8086:2025] type 00 class 0x088000
[    0.756137] pci 0000:00:05.4: [8086:2026] type 00 class 0x080020
[    0.756145] pci 0000:00:05.4: reg 0x10: [mem 0xd6f0a000-0xd6f0afff]
[    0.756272] pci 0000:00:08.0: [8086:2014] type 00 class 0x088000
[    0.756385] pci 0000:00:08.1: [8086:2015] type 00 class 0x110100
[    0.756486] pci 0000:00:08.2: [8086:2016] type 00 class 0x088000
[    0.756612] pci 0000:00:11.0: [8086:a1ec] type 00 class 0xff0000
[    0.756799] pci 0000:00:11.1: [8086:a1ed] type 00 class 0xff0000
[    0.756998] pci 0000:00:11.5: [8086:a1d2] type 00 class 0x010601
[    0.757015] pci 0000:00:11.5: reg 0x10: [mem 0xd6f06000-0xd6f07fff]
[    0.757022] pci 0000:00:11.5: reg 0x14: [mem 0xd6f09000-0xd6f090ff]
[    0.757029] pci 0000:00:11.5: reg 0x18: [io  0x3070-0x3077]
[    0.757036] pci 0000:00:11.5: reg 0x1c: [io  0x3060-0x3063]
[    0.757044] pci 0000:00:11.5: reg 0x20: [io  0x3020-0x303f]
[    0.757051] pci 0000:00:11.5: reg 0x24: [mem 0xd6e80000-0xd6efffff]
[    0.757088] pci 0000:00:11.5: PME# supported from D3hot
[    0.757238] pci 0000:00:14.0: [8086:a1af] type 00 class 0x0c0330
[    0.757259] pci 0000:00:14.0: reg 0x10: [mem 0x38fffff00000-0x38fffff0ffff 64bit]
[    0.757320] pci 0000:00:14.0: PME# supported from D3hot D3cold
[    0.757455] pci 0000:00:14.2: [8086:a1b1] type 00 class 0x118000
[    0.757475] pci 0000:00:14.2: reg 0x10: [mem 0x38fffff32000-0x38fffff32fff 64bit]
[    0.757640] pci 0000:00:16.0: [8086:a1ba] type 00 class 0x078000
[    0.757667] pci 0000:00:16.0: reg 0x10: [mem 0x38fffff31000-0x38fffff31fff 64bit]
[    0.757749] pci 0000:00:16.0: PME# supported from D3hot
[    0.757861] pci 0000:00:16.4: [8086:a1be] type 00 class 0x078000
[    0.757888] pci 0000:00:16.4: reg 0x10: [mem 0x38fffff30000-0x38fffff30fff 64bit]
[    0.757970] pci 0000:00:16.4: PME# supported from D3hot
[    0.758080] pci 0000:00:17.0: [8086:a182] type 00 class 0x010601
[    0.758096] pci 0000:00:17.0: reg 0x10: [mem 0xd6f04000-0xd6f05fff]
[    0.758104] pci 0000:00:17.0: reg 0x14: [mem 0xd6f08000-0xd6f080ff]
[    0.758111] pci 0000:00:17.0: reg 0x18: [io  0x3050-0x3057]
[    0.758118] pci 0000:00:17.0: reg 0x1c: [io  0x3040-0x3043]
[    0.758125] pci 0000:00:17.0: reg 0x20: [io  0x3000-0x301f]
[    0.758132] pci 0000:00:17.0: reg 0x24: [mem 0xd6e00000-0xd6e7ffff]
[    0.758169] pci 0000:00:17.0: PME# supported from D3hot
[    0.758315] pci 0000:00:1f.0: [8086:a1c1] type 00 class 0x060100
[    0.758540] pci 0000:00:1f.2: [8086:a1a1] type 00 class 0x058000
[    0.758556] pci 0000:00:1f.2: reg 0x10: [mem 0xd6f00000-0xd6f03fff]
[    0.758732] pci 0000:00:1f.4: [8086:a1a3] type 00 class 0x0c0500
[    0.758752] pci 0000:00:1f.4: reg 0x10: [mem 0x00000000-0x000000ff 64bit]
[    0.758774] pci 0000:00:1f.4: reg 0x20: [io  0x0780-0x079f]
[    0.758896] pci 0000:00:1f.5: [8086:a1a4] type 00 class 0x0c8000
[    0.758912] pci 0000:00:1f.5: reg 0x10: [mem 0xfe010000-0xfe010fff]
[    0.759059] pci_bus 0000:00: on NUMA node 0
[    0.759663] ACPI: PCI Root Bridge [PC01] (domain 0000 [bus 17-33])
[    0.759991] acpi PNP0A08:01: _OSC: OS supports [ExtendedConfig ASPM ClockPM Segments MSI]
[    0.764423] acpi PNP0A08:01: _OSC: platform does not support [AER]
[    0.764986] acpi PNP0A08:01: _OSC: OS now controls [PCIeHotplug PME PCIeCapability]
[    0.765561] PCI host bridge to bus 0000:17
[    0.765782] pci_bus 0000:17: root bus resource [io  0x4000-0x5fff window]
[    0.766134] pci_bus 0000:17: root bus resource [mem 0xd7000000-0xd9ffbfff window]
[    0.766521] pci_bus 0000:17: root bus resource [mem 0x390000000000-0x39ffffffffff window]
[    0.766943] pci_bus 0000:17: root bus resource [bus 17-33]
[    0.767236] pci 0000:17:00.0: [8086:2030] type 01 class 0x060400
[    0.767260] pci 0000:17:00.0: enabling Extended Tags
[    0.767552] pci 0000:17:00.0: PME# supported from D0 D3hot D3cold
[    0.767640] pci 0000:17:05.0: [8086:2034] type 00 class 0x088000
[    0.767723] pci 0000:17:05.2: [8086:2035] type 00 class 0x088000
[    0.767800] pci 0000:17:05.4: [8086:2036] type 00 class 0x080020
[    0.767809] pci 0000:17:05.4: reg 0x10: [mem 0xd9f00000-0xd9f00fff]
[    0.767892] pci 0000:17:08.0: [8086:208d] type 00 class 0x088000
[    0.767956] pci 0000:17:08.1: [8086:208d] type 00 class 0x088000
[    0.768012] pci 0000:17:08.2: [8086:208d] type 00 class 0x088000
[    0.768072] pci 0000:17:08.3: [8086:208d] type 00 class 0x088000
[    0.768128] pci 0000:17:08.4: [8086:208d] type 00 class 0x088000
[    0.768186] pci 0000:17:08.5: [8086:208d] type 00 class 0x088000
[    0.768244] pci 0000:17:08.6: [8086:208d] type 00 class 0x088000
[    0.768300] pci 0000:17:08.7: [8086:208d] type 00 class 0x088000
[    0.768358] pci 0000:17:09.0: [8086:208d] type 00 class 0x088000
[    0.768417] pci 0000:17:09.1: [8086:208d] type 00 class 0x088000
[    0.768476] pci 0000:17:09.2: [8086:208d] type 00 class 0x088000
[    0.768534] pci 0000:17:09.3: [8086:208d] type 00 class 0x088000
[    0.768590] pci 0000:17:09.4: [8086:208d] type 00 class 0x088000
[    0.768648] pci 0000:17:09.5: [8086:208d] type 00 class 0x088000
[    0.768704] pci 0000:17:09.6: [8086:208d] type 00 class 0x088000
[    0.768763] pci 0000:17:09.7: [8086:208d] type 00 class 0x088000
[    0.768819] pci 0000:17:0a.0: [8086:208d] type 00 class 0x088000
[    0.768883] pci 0000:17:0a.1: [8086:208d] type 00 class 0x088000
[    0.768942] pci 0000:17:0a.2: [8086:208d] type 00 class 0x088000
[    0.768998] pci 0000:17:0a.3: [8086:208d] type 00 class 0x088000
[    0.769058] pci 0000:17:0a.4: [8086:208d] type 00 class 0x088000
[    0.769114] pci 0000:17:0a.5: [8086:208d] type 00 class 0x088000
[    0.769172] pci 0000:17:0a.6: [8086:208d] type 00 class 0x088000
[    0.769231] pci 0000:17:0a.7: [8086:208d] type 00 class 0x088000
[    0.769290] pci 0000:17:0b.0: [8086:208d] type 00 class 0x088000
[    0.769352] pci 0000:17:0b.1: [8086:208d] type 00 class 0x088000
[    0.769407] pci 0000:17:0b.2: [8086:208d] type 00 class 0x088000
[    0.769464] pci 0000:17:0b.3: [8086:208d] type 00 class 0x088000
[    0.769523] pci 0000:17:0e.0: [8086:208e] type 00 class 0x088000
[    0.769584] pci 0000:17:0e.1: [8086:208e] type 00 class 0x088000
[    0.769640] pci 0000:17:0e.2: [8086:208e] type 00 class 0x088000
[    0.769696] pci 0000:17:0e.3: [8086:208e] type 00 class 0x088000
[    0.769753] pci 0000:17:0e.4: [8086:208e] type 00 class 0x088000
[    0.769808] pci 0000:17:0e.5: [8086:208e] type 00 class 0x088000
[    0.769865] pci 0000:17:0e.6: [8086:208e] type 00 class 0x088000
[    0.769923] pci 0000:17:0e.7: [8086:208e] type 00 class 0x088000
[    0.769978] pci 0000:17:0f.0: [8086:208e] type 00 class 0x088000
[    0.770038] pci 0000:17:0f.1: [8086:208e] type 00 class 0x088000
[    0.770093] pci 0000:17:0f.2: [8086:208e] type 00 class 0x088000
[    0.770150] pci 0000:17:0f.3: [8086:208e] type 00 class 0x088000
[    0.770208] pci 0000:17:0f.4: [8086:208e] type 00 class 0x088000
[    0.770264] pci 0000:17:0f.5: [8086:208e] type 00 class 0x088000
[    0.770321] pci 0000:17:0f.6: [8086:208e] type 00 class 0x088000
[    0.770377] pci 0000:17:0f.7: [8086:208e] type 00 class 0x088000
[    0.770435] pci 0000:17:10.0: [8086:208e] type 00 class 0x088000
[    0.770495] pci 0000:17:10.1: [8086:208e] type 00 class 0x088000
[    0.770551] pci 0000:17:10.2: [8086:208e] type 00 class 0x088000
[    0.770609] pci 0000:17:10.3: [8086:208e] type 00 class 0x088000
[    0.770665] pci 0000:17:10.4: [8086:208e] type 00 class 0x088000
[    0.770724] pci 0000:17:10.5: [8086:208e] type 00 class 0x088000
[    0.770780] pci 0000:17:10.6: [8086:208e] type 00 class 0x088000
[    0.770838] pci 0000:17:10.7: [8086:208e] type 00 class 0x088000
[    0.770895] pci 0000:17:11.0: [8086:208e] type 00 class 0x088000
[    0.770954] pci 0000:17:11.1: [8086:208e] type 00 class 0x088000
[    0.771011] pci 0000:17:11.2: [8086:208e] type 00 class 0x088000
[    0.771067] pci 0000:17:11.3: [8086:208e] type 00 class 0x088000
[    0.771137] pci 0000:17:1d.0: [8086:2054] type 00 class 0x088000
[    0.771200] pci 0000:17:1d.1: [8086:2055] type 00 class 0x088000
[    0.771256] pci 0000:17:1d.2: [8086:2056] type 00 class 0x088000
[    0.771314] pci 0000:17:1d.3: [8086:2057] type 00 class 0x088000
[    0.771374] pci 0000:17:1e.0: [8086:2080] type 00 class 0x088000
[    0.771437] pci 0000:17:1e.1: [8086:2081] type 00 class 0x088000
[    0.771495] pci 0000:17:1e.2: [8086:2082] type 00 class 0x088000
[    0.771551] pci 0000:17:1e.3: [8086:2083] type 00 class 0x088000
[    0.771648] pci 0000:17:1e.4: [8086:2084] type 00 class 0x088000
[    0.771705] pci 0000:17:1e.5: [8086:2085] type 00 class 0x088000
[    0.771764] pci 0000:17:1e.6: [8086:2086] type 00 class 0x088000
[    0.771877] pci 0000:18:00.0: [1d0f:cd00] type 00 class 0x010802
[    0.771917] pci 0000:18:00.0: reg 0x10: [mem 0xd9e04000-0xd9e07fff 64bit]
[    0.772036] pci 0000:18:00.0: PME# supported from D0
[    0.772115] pci 0000:18:00.1: [1d0f:cd00] type 00 class 0x010802
[    0.772150] pci 0000:18:00.1: reg 0x10: [mem 0xd9e00000-0xd9e03fff 64bit]
[    0.772263] pci 0000:18:00.1: PME# supported from D0
[    0.772332] pci 0000:17:00.0: PCI bridge to [bus 18]
[    0.772599] pci 0000:17:00.0:   bridge window [mem 0xd9e00000-0xd9efffff]
[    0.772608] pci_bus 0000:17: on NUMA node 0
[    0.772721] ACPI: PCI Root Bridge [PC02] (domain 0000 [bus 34-79])
[    0.773048] acpi PNP0A08:02: _OSC: OS supports [ExtendedConfig ASPM ClockPM Segments MSI]
[    0.773982] acpi PNP0A08:02: _OSC: platform does not support [AER]
[    0.774508] acpi PNP0A08:02: _OSC: OS now controls [PCIeHotplug PME PCIeCapability]
[    0.775055] PCI host bridge to bus 0000:34
[    0.775275] pci_bus 0000:34: root bus resource [io  0x6000-0x7fff window]
[    0.775627] pci_bus 0000:34: root bus resource [mem 0xda000000-0xe2ffbfff window]
[    0.776002] pci_bus 0000:34: root bus resource [mem 0x3a0000000000-0x3affffffffff window]
[    0.776429] pci_bus 0000:34: root bus resource [bus 34-79]
[    0.776723] pci 0000:34:05.0: [8086:2034] type 00 class 0x088000
[    0.776800] pci 0000:34:05.2: [8086:2035] type 00 class 0x088000
[    0.776872] pci 0000:34:05.4: [8086:2036] type 00 class 0x080020
[    0.776881] pci 0000:34:05.4: reg 0x10: [mem 0xe2f00000-0xe2f00fff]
[    0.776953] pci 0000:34:08.0: [8086:2066] type 00 class 0x088000
[    0.777024] pci 0000:34:09.0: [8086:2066] type 00 class 0x088000
[    0.777092] pci 0000:34:0a.0: [8086:2040] type 00 class 0x088000
[    0.777155] pci 0000:34:0a.1: [8086:2041] type 00 class 0x088000
[    0.777225] pci 0000:34:0a.2: [8086:2042] type 00 class 0x088000
[    0.777288] pci 0000:34:0a.3: [8086:2043] type 00 class 0x088000
[    0.777348] pci 0000:34:0a.4: [8086:2044] type 00 class 0x088000
[    0.777410] pci 0000:34:0a.5: [8086:2045] type 00 class 0x088000
[    0.777470] pci 0000:34:0a.6: [8086:2046] type 00 class 0x088000
[    0.777534] pci 0000:34:0a.7: [8086:2047] type 00 class 0x088000
[    0.777595] pci 0000:34:0b.0: [8086:2048] type 00 class 0x088000
[    0.777659] pci 0000:34:0b.1: [8086:2049] type 00 class 0x088000
[    0.777722] pci 0000:34:0b.2: [8086:204a] type 00 class 0x088000
[    0.777785] pci 0000:34:0b.3: [8086:204b] type 00 class 0x088000
[    0.777848] pci 0000:34:0c.0: [8086:2040] type 00 class 0x088000
[    0.777916] pci 0000:34:0c.1: [8086:2041] type 00 class 0x088000
[    0.777981] pci 0000:34:0c.2: [8086:2042] type 00 class 0x088000
[    0.778045] pci 0000:34:0c.3: [8086:2043] type 00 class 0x088000
[    0.778111] pci 0000:34:0c.4: [8086:2044] type 00 class 0x088000
[    0.778178] pci 0000:34:0c.5: [8086:2045] type 00 class 0x088000
[    0.778241] pci 0000:34:0c.6: [8086:2046] type 00 class 0x088000
[    0.778306] pci 0000:34:0c.7: [8086:2047] type 00 class 0x088000
[    0.778370] pci 0000:34:0d.0: [8086:2048] type 00 class 0x088000
[    0.778436] pci 0000:34:0d.1: [8086:2049] type 00 class 0x088000
[    0.778501] pci 0000:34:0d.2: [8086:204a] type 00 class 0x088000
[    0.778567] pci 0000:34:0d.3: [8086:204b] type 00 class 0x088000
[    0.778638] pci_bus 0000:34: on NUMA node 0
[    0.778803] ACPI: PCI Root Bridge [PC03] (domain 0000 [bus 7a-bf])
[    0.779131] acpi PNP0A08:03: _OSC: OS supports [ExtendedConfig ASPM ClockPM Segments MSI]
[    0.780112] acpi PNP0A08:03: _OSC: platform does not support [AER]
[    0.780640] acpi PNP0A08:03: _OSC: OS now controls [PCIeHotplug PME PCIeCapability]
[    0.781215] PCI host bridge to bus 0000:7a
[    0.781437] pci_bus 0000:7a: root bus resource [io  0x8000-0x9fff window]
[    0.781788] pci_bus 0000:7a: root bus resource [mem 0xe3000000-0xebffbfff window]
[    0.782175] pci_bus 0000:7a: root bus resource [mem 0x3b0000000000-0x3bffffffffff window]
[    0.782597] pci_bus 0000:7a: root bus resource [bus 7a-bf]
[    0.782891] pci 0000:7a:00.0: [8086:2030] type 01 class 0x060400
[    0.782916] pci 0000:7a:00.0: enabling Extended Tags
[    0.783210] pci 0000:7a:00.0: PME# supported from D0 D3hot D3cold
[    0.783290] pci 0000:7a:02.0: [8086:2032] type 01 class 0x060400
[    0.783314] pci 0000:7a:02.0: enabling Extended Tags
[    0.783608] pci 0000:7a:02.0: PME# supported from D0 D3hot D3cold
[    0.783684] pci 0000:7a:05.0: [8086:2034] type 00 class 0x088000
[    0.783759] pci 0000:7a:05.2: [8086:2035] type 00 class 0x088000
[    0.783835] pci 0000:7a:05.4: [8086:2036] type 00 class 0x080020
[    0.783845] pci 0000:7a:05.4: reg 0x10: [mem 0xebe00000-0xebe00fff]
[    0.783924] pci 0000:7a:0e.0: [8086:2058] type 00 class 0x110100
[    0.783987] pci 0000:7a:0e.1: [8086:2059] type 00 class 0x088000
[    0.784053] pci 0000:7a:0f.0: [8086:2058] type 00 class 0x110100
[    0.784119] pci 0000:7a:0f.1: [8086:2059] type 00 class 0x088000
[    0.784181] pci 0000:7a:10.0: [8086:2058] type 00 class 0x110100
[    0.784248] pci 0000:7a:10.1: [8086:2059] type 00 class 0x088000
[    0.784315] pci 0000:7a:12.0: [8086:204c] type 00 class 0x110100
[    0.784376] pci 0000:7a:12.1: [8086:204d] type 00 class 0x110100
[    0.784429] pci 0000:7a:12.2: [8086:204e] type 00 class 0x088000
[    0.784482] pci 0000:7a:12.4: [8086:204c] type 00 class 0x110100
[    0.784542] pci 0000:7a:12.5: [8086:204d] type 00 class 0x110100
[    0.784595] pci 0000:7a:15.0: [8086:2018] type 00 class 0x088000
[    0.784652] pci 0000:7a:16.0: [8086:2018] type 00 class 0x088000
[    0.784708] pci 0000:7a:16.4: [8086:2018] type 00 class 0x088000
[    0.784761] pci 0000:7a:17.0: [8086:2018] type 00 class 0x088000
[    0.784927] pci 0000:7b:00.0: [1d0f:bec2] type 01 class 0x060400
[    0.785038] pci 0000:7b:00.0: PME# supported from D0 D3hot D3cold
[    0.785098] pci 0000:7a:00.0: PCI bridge to [bus 7b-8c]
[    0.785378] pci 0000:7a:00.0:   bridge window [mem 0xe9e00000-0xebdfffff]
[    0.785381] pci 0000:7a:00.0:   bridge window [mem 0x3bfff0000000-0x3bffffffffff 64bit pref]
[    0.785618] pci 0000:7c:00.0: [1d0f:bec2] type 01 class 0x060400
[    0.785731] pci 0000:7c:00.0: PME# supported from D0 D3hot D3cold
[    0.785826] pci 0000:7c:01.0: [1d0f:bec2] type 01 class 0x060400
[    0.785880] pci 0000:7c:01.0: Max Payload Size set to 256 (was 128, max 256)
[    0.786311] pci 0000:7c:01.0: PME# supported from D0 D3hot D3cold
[    0.786404] pci 0000:7c:02.0: [1d0f:bec2] type 01 class 0x060400
[    0.786457] pci 0000:7c:02.0: Max Payload Size set to 256 (was 128, max 256)
[    0.786888] pci 0000:7c:02.0: PME# supported from D0 D3hot D3cold
[    0.786978] pci 0000:7c:03.0: [1d0f:bec2] type 01 class 0x060400
[    0.787032] pci 0000:7c:03.0: Max Payload Size set to 256 (was 128, max 256)
[    0.787463] pci 0000:7c:03.0: PME# supported from D0 D3hot D3cold
[    0.787557] pci 0000:7c:04.0: [1d0f:bec2] type 01 class 0x060400
[    0.787611] pci 0000:7c:04.0: Max Payload Size set to 256 (was 128, max 256)
[    0.788042] pci 0000:7c:04.0: PME# supported from D0 D3hot D3cold
[    0.788137] pci 0000:7c:05.0: [1d0f:bec2] type 01 class 0x060400
[    0.788190] pci 0000:7c:05.0: Max Payload Size set to 256 (was 128, max 256)
[    0.788621] pci 0000:7c:05.0: PME# supported from D0 D3hot D3cold
[    0.788717] pci 0000:7c:06.0: [1d0f:bec2] type 01 class 0x060400
[    0.788770] pci 0000:7c:06.0: Max Payload Size set to 256 (was 128, max 256)
[    0.789201] pci 0000:7c:06.0: PME# supported from D0 D3hot D3cold
[    0.789299] pci 0000:7c:07.0: [1d0f:bec2] type 01 class 0x060400
[    0.789352] pci 0000:7c:07.0: Max Payload Size set to 256 (was 128, max 256)
[    0.789783] pci 0000:7c:07.0: PME# supported from D0 D3hot D3cold
[    0.789883] pci 0000:7c:08.0: [1d0f:bec2] type 01 class 0x060400
[    0.789936] pci 0000:7c:08.0: Max Payload Size set to 256 (was 128, max 256)
[    0.790367] pci 0000:7c:08.0: PME# supported from D0 D3hot D3cold
[    0.790466] pci 0000:7c:09.0: [1d0f:bec2] type 01 class 0x060400
[    0.790520] pci 0000:7c:09.0: Max Payload Size set to 256 (was 128, max 256)
[    0.790951] pci 0000:7c:09.0: PME# supported from D0 D3hot D3cold
[    0.791054] pci 0000:7c:0a.0: [1d0f:bec2] type 01 class 0x060400
[    0.791107] pci 0000:7c:0a.0: Max Payload Size set to 256 (was 128, max 256)
[    0.791538] pci 0000:7c:0a.0: PME# supported from D0 D3hot D3cold
[    0.791638] pci 0000:7c:0b.0: [1d0f:bec2] type 01 class 0x060400
[    0.791692] pci 0000:7c:0b.0: Max Payload Size set to 256 (was 128, max 256)
[    0.792063] pci 0000:7c:0b.0: PME# supported from D0 D3hot D3cold
[    0.792168] pci 0000:7c:0c.0: [1d0f:bec2] type 01 class 0x060400
[    0.792222] pci 0000:7c:0c.0: Max Payload Size set to 256 (was 128, max 256)
[    0.792653] pci 0000:7c:0c.0: PME# supported from D0 D3hot D3cold
[    0.792760] pci 0000:7c:0d.0: [1d0f:bec2] type 01 class 0x060400
[    0.792813] pci 0000:7c:0d.0: Max Payload Size set to 256 (was 128, max 256)
[    0.793245] pci 0000:7c:0d.0: PME# supported from D0 D3hot D3cold
[    0.793353] pci 0000:7c:0e.0: [1d0f:bec2] type 01 class 0x060400
[    0.793406] pci 0000:7c:0e.0: Max Payload Size set to 256 (was 128, max 256)
[    0.793838] pci 0000:7c:0e.0: PME# supported from D0 D3hot D3cold
[    0.793947] pci 0000:7c:0f.0: [1d0f:bec2] type 01 class 0x060400
[    0.794000] pci 0000:7c:0f.0: Max Payload Size set to 256 (was 128, max 256)
[    0.794432] pci 0000:7c:0f.0: PME# supported from D0 D3hot D3cold
[    0.794549] pci 0000:7b:00.0: PCI bridge to [bus 7c-8c]
[    0.794829] pci 0000:7b:00.0:   bridge window [io  0x0000-0x0fff]
[    0.794833] pci 0000:7b:00.0:   bridge window [mem 0xe9e00000-0xebdfffff]
[    0.794839] pci 0000:7b:00.0:   bridge window [mem 0x3bfff0000000-0x3bffffffffff 64bit pref]
[    0.794892] pci 0000:7d:00.0: [1d0f:ec20] type 00 class 0x020000
[    0.794921] pci 0000:7d:00.0: reg 0x10: [mem 0xebc20000-0xebc23fff]
[    0.794950] pci 0000:7d:00.0: reg 0x18: [mem 0x3bffff000000-0x3bffffffffff 64bit pref]
[    0.794981] pci 0000:7d:00.0: reg 0x30: [mem 0xebc00000-0xebc1ffff pref]
[    0.795054] pci 0000:7d:00.0: PME# supported from D0
[    0.795118] pci 0000:7c:00.0: PCI bridge to [bus 7d]
[    0.795385] pci 0000:7c:00.0:   bridge window [io  0x0000-0x0fff]
[    0.795389] pci 0000:7c:00.0:   bridge window [mem 0xebc00000-0xebdfffff]
[    0.795395] pci 0000:7c:00.0:   bridge window [mem 0x3bffff000000-0x3bffffffffff 64bit pref]
[    0.795436] pci 0000:7c:01.0: PCI bridge to [bus 7e]
[    0.795703] pci 0000:7c:01.0:   bridge window [io  0x0000-0x0fff]
[    0.795707] pci 0000:7c:01.0:   bridge window [mem 0xeba00000-0xebbfffff]
[    0.795713] pci 0000:7c:01.0:   bridge window [mem 0x3bfffe000000-0x3bfffeffffff 64bit pref]
[    0.795752] pci 0000:7c:02.0: PCI bridge to [bus 7f]
[    0.796004] pci 0000:7c:02.0:   bridge window [io  0x0000-0x0fff]
[    0.796008] pci 0000:7c:02.0:   bridge window [mem 0xeb800000-0xeb9fffff]
[    0.796014] pci 0000:7c:02.0:   bridge window [mem 0x3bfffd000000-0x3bfffdffffff 64bit pref]
[    0.796056] pci 0000:7c:03.0: PCI bridge to [bus 80]
[    0.796323] pci 0000:7c:03.0:   bridge window [io  0x0000-0x0fff]
[    0.796326] pci 0000:7c:03.0:   bridge window [mem 0xeb600000-0xeb7fffff]
[    0.796332] pci 0000:7c:03.0:   bridge window [mem 0x3bfffc000000-0x3bfffcffffff 64bit pref]
[    0.796375] pci 0000:7c:04.0: PCI bridge to [bus 81]
[    0.796641] pci 0000:7c:04.0:   bridge window [io  0x0000-0x0fff]
[    0.796645] pci 0000:7c:04.0:   bridge window [mem 0xeb400000-0xeb5fffff]
[    0.796651] pci 0000:7c:04.0:   bridge window [mem 0x3bfffb000000-0x3bfffbffffff 64bit pref]
[    0.796690] pci 0000:7c:05.0: PCI bridge to [bus 82]
[    0.796956] pci 0000:7c:05.0:   bridge window [io  0x0000-0x0fff]
[    0.796960] pci 0000:7c:05.0:   bridge window [mem 0xeb200000-0xeb3fffff]
[    0.796966] pci 0000:7c:05.0:   bridge window [mem 0x3bfffa000000-0x3bfffaffffff 64bit pref]
[    0.797009] pci 0000:7c:06.0: PCI bridge to [bus 83]
[    0.797276] pci 0000:7c:06.0:   bridge window [io  0x0000-0x0fff]
[    0.797280] pci 0000:7c:06.0:   bridge window [mem 0xeb000000-0xeb1fffff]
[    0.797286] pci 0000:7c:06.0:   bridge window [mem 0x3bfff9000000-0x3bfff9ffffff 64bit pref]
[    0.797325] pci 0000:7c:07.0: PCI bridge to [bus 84]
[    0.797592] pci 0000:7c:07.0:   bridge window [io  0x0000-0x0fff]
[    0.797595] pci 0000:7c:07.0:   bridge window [mem 0xeae00000-0xeaffffff]
[    0.797601] pci 0000:7c:07.0:   bridge window [mem 0x3bfff8000000-0x3bfff8ffffff 64bit pref]
[    0.797641] pci 0000:7c:08.0: PCI bridge to [bus 85]
[    0.797907] pci 0000:7c:08.0:   bridge window [io  0x0000-0x0fff]
[    0.797911] pci 0000:7c:08.0:   bridge window [mem 0xeac00000-0xeadfffff]
[    0.797917] pci 0000:7c:08.0:   bridge window [mem 0x3bfff7000000-0x3bfff7ffffff 64bit pref]
[    0.797959] pci 0000:7c:09.0: PCI bridge to [bus 86]
[    0.798226] pci 0000:7c:09.0:   bridge window [io  0x0000-0x0fff]
[    0.798229] pci 0000:7c:09.0:   bridge window [mem 0xeaa00000-0xeabfffff]
[    0.798235] pci 0000:7c:09.0:   bridge window [mem 0x3bfff6000000-0x3bfff6ffffff 64bit pref]
[    0.798275] pci 0000:7c:0a.0: PCI bridge to [bus 87]
[    0.798542] pci 0000:7c:0a.0:   bridge window [io  0x0000-0x0fff]
[    0.798545] pci 0000:7c:0a.0:   bridge window [mem 0xea800000-0xea9fffff]
[    0.798551] pci 0000:7c:0a.0:   bridge window [mem 0x3bfff5000000-0x3bfff5ffffff 64bit pref]
[    0.798591] pci 0000:7c:0b.0: PCI bridge to [bus 88]
[    0.798858] pci 0000:7c:0b.0:   bridge window [io  0x0000-0x0fff]
[    0.798861] pci 0000:7c:0b.0:   bridge window [mem 0xea600000-0xea7fffff]
[    0.798867] pci 0000:7c:0b.0:   bridge window [mem 0x3bfff4000000-0x3bfff4ffffff 64bit pref]
[    0.798911] pci 0000:7c:0c.0: PCI bridge to [bus 89]
[    0.799177] pci 0000:7c:0c.0:   bridge window [io  0x0000-0x0fff]
[    0.799181] pci 0000:7c:0c.0:   bridge window [mem 0xea400000-0xea5fffff]
[    0.799187] pci 0000:7c:0c.0:   bridge window [mem 0x3bfff3000000-0x3bfff3ffffff 64bit pref]
[    0.799228] pci 0000:7c:0d.0: PCI bridge to [bus 8a]
[    0.799495] pci 0000:7c:0d.0:   bridge window [io  0x0000-0x0fff]
[    0.799499] pci 0000:7c:0d.0:   bridge window [mem 0xea200000-0xea3fffff]
[    0.799505] pci 0000:7c:0d.0:   bridge window [mem 0x3bfff2000000-0x3bfff2ffffff 64bit pref]
[    0.799544] pci 0000:7c:0e.0: PCI bridge to [bus 8b]
[    0.799811] pci 0000:7c:0e.0:   bridge window [io  0x0000-0x0fff]
[    0.799814] pci 0000:7c:0e.0:   bridge window [mem 0xea000000-0xea1fffff]
[    0.799820] pci 0000:7c:0e.0:   bridge window [mem 0x3bfff1000000-0x3bfff1ffffff 64bit pref]
[    0.799862] pci 0000:7c:0f.0: PCI bridge to [bus 8c]
[    0.800004] pci 0000:7c:0f.0:   bridge window [io  0x0000-0x0fff]
[    0.800008] pci 0000:7c:0f.0:   bridge window [mem 0xe9e00000-0xe9ffffff]
[    0.800014] pci 0000:7c:0f.0:   bridge window [mem 0x3bfff0000000-0x3bfff0ffffff 64bit pref]
[    0.800219] pci 0000:8d:00.0: [1d0f:bec2] type 01 class 0x060400
[    0.800323] pci 0000:8d:00.0: PME# supported from D0 D3hot D3cold
[    0.800379] pci 0000:7a:02.0: PCI bridge to [bus 8d-ae]
[    0.800659] pci 0000:7a:02.0:   bridge window [mem 0xe5e00000-0xe9dfffff]
[    0.800662] pci 0000:7a:02.0:   bridge window [mem 0x3bffd0000000-0x3bffefffffff 64bit pref]
[    0.800896] pci 0000:8e:00.0: [1d0f:bec2] type 01 class 0x060400
[    0.801007] pci 0000:8e:00.0: PME# supported from D0 D3hot D3cold
[    0.801102] pci 0000:8e:01.0: [1d0f:bec2] type 01 class 0x060400
[    0.801213] pci 0000:8e:01.0: PME# supported from D0 D3hot D3cold
[    0.801305] pci 0000:8e:02.0: [1d0f:bec2] type 01 class 0x060400
[    0.801358] pci 0000:8e:02.0: Max Payload Size set to 256 (was 128, max 256)
[    0.801789] pci 0000:8e:02.0: PME# supported from D0 D3hot D3cold
[    0.801881] pci 0000:8e:03.0: [1d0f:bec2] type 01 class 0x060400
[    0.801934] pci 0000:8e:03.0: Max Payload Size set to 256 (was 128, max 256)
[    0.802365] pci 0000:8e:03.0: PME# supported from D0 D3hot D3cold
[    0.802457] pci 0000:8e:04.0: [1d0f:bec2] type 01 class 0x060400
[    0.802510] pci 0000:8e:04.0: Max Payload Size set to 256 (was 128, max 256)
[    0.802940] pci 0000:8e:04.0: PME# supported from D0 D3hot D3cold
[    0.803031] pci 0000:8e:05.0: [1d0f:bec2] type 01 class 0x060400
[    0.803084] pci 0000:8e:05.0: Max Payload Size set to 256 (was 128, max 256)
[    0.803514] pci 0000:8e:05.0: PME# supported from D0 D3hot D3cold
[    0.803608] pci 0000:8e:06.0: [1d0f:bec2] type 01 class 0x060400
[    0.803661] pci 0000:8e:06.0: Max Payload Size set to 256 (was 128, max 256)
[    0.804063] pci 0000:8e:06.0: PME# supported from D0 D3hot D3cold
[    0.804159] pci 0000:8e:07.0: [1d0f:bec2] type 01 class 0x060400
[    0.804212] pci 0000:8e:07.0: Max Payload Size set to 256 (was 128, max 256)
[    0.804642] pci 0000:8e:07.0: PME# supported from D0 D3hot D3cold
[    0.804740] pci 0000:8e:08.0: [1d0f:bec2] type 01 class 0x060400
[    0.804792] pci 0000:8e:08.0: Max Payload Size set to 256 (was 128, max 256)
[    0.805223] pci 0000:8e:08.0: PME# supported from D0 D3hot D3cold
[    0.805321] pci 0000:8e:09.0: [1d0f:bec2] type 01 class 0x060400
[    0.805374] pci 0000:8e:09.0: Max Payload Size set to 256 (was 128, max 256)
[    0.805804] pci 0000:8e:09.0: PME# supported from D0 D3hot D3cold
[    0.805912] pci 0000:8e:0a.0: [1d0f:bec2] type 01 class 0x060400
[    0.805965] pci 0000:8e:0a.0: Max Payload Size set to 256 (was 128, max 256)
[    0.806396] pci 0000:8e:0a.0: PME# supported from D0 D3hot D3cold
[    0.806497] pci 0000:8e:0b.0: [1d0f:bec2] type 01 class 0x060400
[    0.806550] pci 0000:8e:0b.0: Max Payload Size set to 256 (was 128, max 256)
[    0.806983] pci 0000:8e:0b.0: PME# supported from D0 D3hot D3cold
[    0.807086] pci 0000:8e:0c.0: [1d0f:bec2] type 01 class 0x060400
[    0.807138] pci 0000:8e:0c.0: Max Payload Size set to 256 (was 128, max 256)
[    0.807569] pci 0000:8e:0c.0: PME# supported from D0 D3hot D3cold
[    0.807672] pci 0000:8e:0d.0: [1d0f:bec2] type 01 class 0x060400
[    0.807725] pci 0000:8e:0d.0: Max Payload Size set to 256 (was 128, max 256)
[    0.808063] pci 0000:8e:0d.0: PME# supported from D0 D3hot D3cold
[    0.808168] pci 0000:8e:0e.0: [1d0f:bec2] type 01 class 0x060400
[    0.808221] pci 0000:8e:0e.0: Max Payload Size set to 256 (was 128, max 256)
[    0.808651] pci 0000:8e:0e.0: PME# supported from D0 D3hot D3cold
[    0.808759] pci 0000:8e:0f.0: [1d0f:bec2] type 01 class 0x060400
[    0.808811] pci 0000:8e:0f.0: Max Payload Size set to 256 (was 128, max 256)
[    0.809242] pci 0000:8e:0f.0: PME# supported from D0 D3hot D3cold
[    0.809351] pci 0000:8e:10.0: [1d0f:bec2] type 01 class 0x060400
[    0.809404] pci 0000:8e:10.0: Max Payload Size set to 256 (was 128, max 256)
[    0.809834] pci 0000:8e:10.0: PME# supported from D0 D3hot D3cold
[    0.809946] pci 0000:8e:11.0: [1d0f:bec2] type 01 class 0x060400
[    0.809998] pci 0000:8e:11.0: Max Payload Size set to 256 (was 128, max 256)
[    0.810429] pci 0000:8e:11.0: PME# supported from D0 D3hot D3cold
[    0.810541] pci 0000:8e:12.0: [1d0f:bec2] type 01 class 0x060400
[    0.810594] pci 0000:8e:12.0: Max Payload Size set to 256 (was 128, max 256)
[    0.811024] pci 0000:8e:12.0: PME# supported from D0 D3hot D3cold
[    0.811138] pci 0000:8e:13.0: [1d0f:bec2] type 01 class 0x060400
[    0.811191] pci 0000:8e:13.0: Max Payload Size set to 256 (was 128, max 256)
[    0.811622] pci 0000:8e:13.0: PME# supported from D0 D3hot D3cold
[    0.811733] pci 0000:8e:14.0: [1d0f:bec2] type 01 class 0x060400
[    0.811786] pci 0000:8e:14.0: Max Payload Size set to 256 (was 128, max 256)
[    0.812063] pci 0000:8e:14.0: PME# supported from D0 D3hot D3cold
[    0.812179] pci 0000:8e:15.0: [1d0f:bec2] type 01 class 0x060400
[    0.812232] pci 0000:8e:15.0: Max Payload Size set to 256 (was 128, max 256)
[    0.812662] pci 0000:8e:15.0: PME# supported from D0 D3hot D3cold
[    0.812779] pci 0000:8e:16.0: [1d0f:bec2] type 01 class 0x060400
[    0.812832] pci 0000:8e:16.0: Max Payload Size set to 256 (was 128, max 256)
[    0.813262] pci 0000:8e:16.0: PME# supported from D0 D3hot D3cold
[    0.813380] pci 0000:8e:17.0: [1d0f:bec2] type 01 class 0x060400
[    0.813433] pci 0000:8e:17.0: Max Payload Size set to 256 (was 128, max 256)
[    0.813863] pci 0000:8e:17.0: PME# supported from D0 D3hot D3cold
[    0.813984] pci 0000:8e:18.0: [1d0f:bec2] type 01 class 0x060400
[    0.814037] pci 0000:8e:18.0: Max Payload Size set to 256 (was 128, max 256)
[    0.814467] pci 0000:8e:18.0: PME# supported from D0 D3hot D3cold
[    0.814589] pci 0000:8e:19.0: [1d0f:bec2] type 01 class 0x060400
[    0.814641] pci 0000:8e:19.0: Max Payload Size set to 256 (was 128, max 256)
[    0.815072] pci 0000:8e:19.0: PME# supported from D0 D3hot D3cold
[    0.815195] pci 0000:8e:1a.0: [1d0f:bec2] type 01 class 0x060400
[    0.815247] pci 0000:8e:1a.0: Max Payload Size set to 256 (was 128, max 256)
[    0.815678] pci 0000:8e:1a.0: PME# supported from D0 D3hot D3cold
[    0.815802] pci 0000:8e:1b.0: [1d0f:bec2] type 01 class 0x060400
[    0.815855] pci 0000:8e:1b.0: Max Payload Size set to 256 (was 128, max 256)
[    0.816063] pci 0000:8e:1b.0: PME# supported from D0 D3hot D3cold
[    0.816188] pci 0000:8e:1c.0: [1d0f:bec2] type 01 class 0x060400
[    0.816241] pci 0000:8e:1c.0: Max Payload Size set to 256 (was 128, max 256)
[    0.816671] pci 0000:8e:1c.0: PME# supported from D0 D3hot D3cold
[    0.816799] pci 0000:8e:1d.0: [1d0f:bec2] type 01 class 0x060400
[    0.816851] pci 0000:8e:1d.0: Max Payload Size set to 256 (was 128, max 256)
[    0.817281] pci 0000:8e:1d.0: PME# supported from D0 D3hot D3cold
[    0.817410] pci 0000:8e:1e.0: [1d0f:bec2] type 01 class 0x060400
[    0.817463] pci 0000:8e:1e.0: Max Payload Size set to 256 (was 128, max 256)
[    0.817894] pci 0000:8e:1e.0: PME# supported from D0 D3hot D3cold
[    0.818024] pci 0000:8e:1f.0: [1d0f:bec2] type 01 class 0x060400
[    0.818076] pci 0000:8e:1f.0: Max Payload Size set to 256 (was 128, max 256)
[    0.818507] pci 0000:8e:1f.0: PME# supported from D0 D3hot D3cold
[    0.818628] pci 0000:8d:00.0: PCI bridge to [bus 8e-ae]
[    0.818910] pci 0000:8d:00.0:   bridge window [io  0x0000-0x0fff]
[    0.818913] pci 0000:8d:00.0:   bridge window [mem 0xe5e00000-0xe9dfffff]
[    0.818919] pci 0000:8d:00.0:   bridge window [mem 0x3bffd0000000-0x3bffefffffff 64bit pref]
[    0.818975] pci 0000:8f:00.0: [1d0f:8250] type 00 class 0x070003
[    0.819006] pci 0000:8f:00.0: reg 0x10: [mem 0xe9c00000-0xe9c03fff]
[    0.819138] pci 0000:8f:00.0: PME# supported from D0
[    0.819196] pci 0000:8e:00.0: PCI bridge to [bus 8f]
[    0.819465] pci 0000:8e:00.0:   bridge window [io  0x0000-0x0fff]
[    0.819469] pci 0000:8e:00.0:   bridge window [mem 0xe9c00000-0xe9dfffff]
[    0.819475] pci 0000:8e:00.0:   bridge window [mem 0x3bffef000000-0x3bffefffffff 64bit pref]
[    0.819533] pci 0000:90:00.0: [1d0f:0061] type 00 class 0x010802
[    0.819566] pci 0000:90:00.0: reg 0x10: [mem 0xe9a00000-0xe9bfffff 64bit]
[    0.819687] pci 0000:90:00.0: PME# supported from D0
[    0.819750] pci 0000:8e:01.0: PCI bridge to [bus 90]
[    0.820007] pci 0000:8e:01.0:   bridge window [io  0x0000-0x0fff]
[    0.820010] pci 0000:8e:01.0:   bridge window [mem 0xe9a00000-0xe9bfffff]
[    0.820016] pci 0000:8e:01.0:   bridge window [mem 0x3bffee000000-0x3bffeeffffff 64bit pref]
[    0.820056] pci 0000:8e:02.0: PCI bridge to [bus 91]
[    0.820326] pci 0000:8e:02.0:   bridge window [io  0x0000-0x0fff]
[    0.820329] pci 0000:8e:02.0:   bridge window [mem 0xe9800000-0xe99fffff]
[    0.820335] pci 0000:8e:02.0:   bridge window [mem 0x3bffed000000-0x3bffedffffff 64bit pref]
[    0.820378] pci 0000:8e:03.0: PCI bridge to [bus 92]
[    0.820647] pci 0000:8e:03.0:   bridge window [io  0x0000-0x0fff]
[    0.820651] pci 0000:8e:03.0:   bridge window [mem 0xe9600000-0xe97fffff]
[    0.820657] pci 0000:8e:03.0:   bridge window [mem 0x3bffec000000-0x3bffecffffff 64bit pref]
[    0.820697] pci 0000:8e:04.0: PCI bridge to [bus 93]
[    0.820966] pci 0000:8e:04.0:   bridge window [io  0x0000-0x0fff]
[    0.820969] pci 0000:8e:04.0:   bridge window [mem 0xe9400000-0xe95fffff]
[    0.820975] pci 0000:8e:04.0:   bridge window [mem 0x3bffeb000000-0x3bffebffffff 64bit pref]
[    0.821015] pci 0000:8e:05.0: PCI bridge to [bus 94]
[    0.821284] pci 0000:8e:05.0:   bridge window [io  0x0000-0x0fff]
[    0.821287] pci 0000:8e:05.0:   bridge window [mem 0xe9200000-0xe93fffff]
[    0.821293] pci 0000:8e:05.0:   bridge window [mem 0x3bffea000000-0x3bffeaffffff 64bit pref]
[    0.821336] pci 0000:8e:06.0: PCI bridge to [bus 95]
[    0.821606] pci 0000:8e:06.0:   bridge window [io  0x0000-0x0fff]
[    0.821609] pci 0000:8e:06.0:   bridge window [mem 0xe9000000-0xe91fffff]
[    0.821615] pci 0000:8e:06.0:   bridge window [mem 0x3bffe9000000-0x3bffe9ffffff 64bit pref]
[    0.821656] pci 0000:8e:07.0: PCI bridge to [bus 96]
[    0.821926] pci 0000:8e:07.0:   bridge window [io  0x0000-0x0fff]
[    0.821929] pci 0000:8e:07.0:   bridge window [mem 0xe8e00000-0xe8ffffff]
[    0.821936] pci 0000:8e:07.0:   bridge window [mem 0x3bffe8000000-0x3bffe8ffffff 64bit pref]
[    0.821975] pci 0000:8e:08.0: PCI bridge to [bus 97]
[    0.822244] pci 0000:8e:08.0:   bridge window [io  0x0000-0x0fff]
[    0.822247] pci 0000:8e:08.0:   bridge window [mem 0xe8c00000-0xe8dfffff]
[    0.822253] pci 0000:8e:08.0:   bridge window [mem 0x3bffe7000000-0x3bffe7ffffff 64bit pref]
[    0.822295] pci 0000:8e:09.0: PCI bridge to [bus 98]
[    0.822565] pci 0000:8e:09.0:   bridge window [io  0x0000-0x0fff]
[    0.822569] pci 0000:8e:09.0:   bridge window [mem 0xe8a00000-0xe8bfffff]
[    0.822575] pci 0000:8e:09.0:   bridge window [mem 0x3bffe6000000-0x3bffe6ffffff 64bit pref]
[    0.822614] pci 0000:8e:0a.0: PCI bridge to [bus 99]
[    0.822883] pci 0000:8e:0a.0:   bridge window [io  0x0000-0x0fff]
[    0.822887] pci 0000:8e:0a.0:   bridge window [mem 0xe8800000-0xe89fffff]
[    0.822893] pci 0000:8e:0a.0:   bridge window [mem 0x3bffe5000000-0x3bffe5ffffff 64bit pref]
[    0.822934] pci 0000:8e:0b.0: PCI bridge to [bus 9a]
[    0.823203] pci 0000:8e:0b.0:   bridge window [io  0x0000-0x0fff]
[    0.823206] pci 0000:8e:0b.0:   bridge window [mem 0xe8600000-0xe87fffff]
[    0.823212] pci 0000:8e:0b.0:   bridge window [mem 0x3bffe4000000-0x3bffe4ffffff 64bit pref]
[    0.823256] pci 0000:8e:0c.0: PCI bridge to [bus 9b]
[    0.823525] pci 0000:8e:0c.0:   bridge window [io  0x0000-0x0fff]
[    0.823528] pci 0000:8e:0c.0:   bridge window [mem 0xe8400000-0xe85fffff]
[    0.823534] pci 0000:8e:0c.0:   bridge window [mem 0x3bffe3000000-0x3bffe3ffffff 64bit pref]
[    0.823574] pci 0000:8e:0d.0: PCI bridge to [bus 9c]
[    0.823843] pci 0000:8e:0d.0:   bridge window [io  0x0000-0x0fff]
[    0.823847] pci 0000:8e:0d.0:   bridge window [mem 0xe8200000-0xe83fffff]
[    0.823853] pci 0000:8e:0d.0:   bridge window [mem 0x3bffe2000000-0x3bffe2ffffff 64bit pref]
[    0.823892] pci 0000:8e:0e.0: PCI bridge to [bus 9d]
[    0.824006] pci 0000:8e:0e.0:   bridge window [io  0x0000-0x0fff]
[    0.824010] pci 0000:8e:0e.0:   bridge window [mem 0xe8000000-0xe81fffff]
[    0.824016] pci 0000:8e:0e.0:   bridge window [mem 0x3bffe1000000-0x3bffe1ffffff 64bit pref]
[    0.824058] pci 0000:8e:0f.0: PCI bridge to [bus 9e]
[    0.824328] pci 0000:8e:0f.0:   bridge window [io  0x0000-0x0fff]
[    0.824331] pci 0000:8e:0f.0:   bridge window [mem 0xe7e00000-0xe7ffffff]
[    0.824337] pci 0000:8e:0f.0:   bridge window [mem 0x3bffe0000000-0x3bffe0ffffff 64bit pref]
[    0.824377] pci 0000:8e:10.0: PCI bridge to [bus 9f]
[    0.824647] pci 0000:8e:10.0:   bridge window [io  0x0000-0x0fff]
[    0.824651] pci 0000:8e:10.0:   bridge window [mem 0xe7c00000-0xe7dfffff]
[    0.824657] pci 0000:8e:10.0:   bridge window [mem 0x3bffdf000000-0x3bffdfffffff 64bit pref]
[    0.824697] pci 0000:8e:11.0: PCI bridge to [bus a0]
[    0.824966] pci 0000:8e:11.0:   bridge window [io  0x0000-0x0fff]
[    0.824969] pci 0000:8e:11.0:   bridge window [mem 0xe7a00000-0xe7bfffff]
[    0.824975] pci 0000:8e:11.0:   bridge window [mem 0x3bffde000000-0x3bffdeffffff 64bit pref]
[    0.825015] pci 0000:8e:12.0: PCI bridge to [bus a1]
[    0.825284] pci 0000:8e:12.0:   bridge window [io  0x0000-0x0fff]
[    0.825288] pci 0000:8e:12.0:   bridge window [mem 0xe7800000-0xe79fffff]
[    0.825294] pci 0000:8e:12.0:   bridge window [mem 0x3bffdd000000-0x3bffddffffff 64bit pref]
[    0.825338] pci 0000:8e:13.0: PCI bridge to [bus a2]
[    0.825608] pci 0000:8e:13.0:   bridge window [io  0x0000-0x0fff]
[    0.825611] pci 0000:8e:13.0:   bridge window [mem 0xe7600000-0xe77fffff]
[    0.825618] pci 0000:8e:13.0:   bridge window [mem 0x3bffdc000000-0x3bffdcffffff 64bit pref]
[    0.825658] pci 0000:8e:14.0: PCI bridge to [bus a3]
[    0.825927] pci 0000:8e:14.0:   bridge window [io  0x0000-0x0fff]
[    0.825930] pci 0000:8e:14.0:   bridge window [mem 0xe7400000-0xe75fffff]
[    0.825936] pci 0000:8e:14.0:   bridge window [mem 0x3bffdb000000-0x3bffdbffffff 64bit pref]
[    0.825976] pci 0000:8e:15.0: PCI bridge to [bus a4]
[    0.826245] pci 0000:8e:15.0:   bridge window [io  0x0000-0x0fff]
[    0.826249] pci 0000:8e:15.0:   bridge window [mem 0xe7200000-0xe73fffff]
[    0.826255] pci 0000:8e:15.0:   bridge window [mem 0x3bffda000000-0x3bffdaffffff 64bit pref]
[    0.826297] pci 0000:8e:16.0: PCI bridge to [bus a5]
[    0.826566] pci 0000:8e:16.0:   bridge window [io  0x0000-0x0fff]
[    0.826570] pci 0000:8e:16.0:   bridge window [mem 0xe7000000-0xe71fffff]
[    0.826576] pci 0000:8e:16.0:   bridge window [mem 0x3bffd9000000-0x3bffd9ffffff 64bit pref]
[    0.826616] pci 0000:8e:17.0: PCI bridge to [bus a6]
[    0.826884] pci 0000:8e:17.0:   bridge window [io  0x0000-0x0fff]
[    0.826888] pci 0000:8e:17.0:   bridge window [mem 0xe6e00000-0xe6ffffff]
[    0.826894] pci 0000:8e:17.0:   bridge window [mem 0x3bffd8000000-0x3bffd8ffffff 64bit pref]
[    0.826934] pci 0000:8e:18.0: PCI bridge to [bus a7]
[    0.827203] pci 0000:8e:18.0:   bridge window [io  0x0000-0x0fff]
[    0.827206] pci 0000:8e:18.0:   bridge window [mem 0xe6c00000-0xe6dfffff]
[    0.827212] pci 0000:8e:18.0:   bridge window [mem 0x3bffd7000000-0x3bffd7ffffff 64bit pref]
[    0.827255] pci 0000:8e:19.0: PCI bridge to [bus a8]
[    0.827525] pci 0000:8e:19.0:   bridge window [io  0x0000-0x0fff]
[    0.827529] pci 0000:8e:19.0:   bridge window [mem 0xe6a00000-0xe6bfffff]
[    0.827535] pci 0000:8e:19.0:   bridge window [mem 0x3bffd6000000-0x3bffd6ffffff 64bit pref]
[    0.827574] pci 0000:8e:1a.0: PCI bridge to [bus a9]
[    0.827843] pci 0000:8e:1a.0:   bridge window [io  0x0000-0x0fff]
[    0.827847] pci 0000:8e:1a.0:   bridge window [mem 0xe6800000-0xe69fffff]
[    0.827853] pci 0000:8e:1a.0:   bridge window [mem 0x3bffd5000000-0x3bffd5ffffff 64bit pref]
[    0.827894] pci 0000:8e:1b.0: PCI bridge to [bus aa]
[    0.828006] pci 0000:8e:1b.0:   bridge window [io  0x0000-0x0fff]
[    0.828010] pci 0000:8e:1b.0:   bridge window [mem 0xe6600000-0xe67fffff]
[    0.828016] pci 0000:8e:1b.0:   bridge window [mem 0x3bffd4000000-0x3bffd4ffffff 64bit pref]
[    0.828059] pci 0000:8e:1c.0: PCI bridge to [bus ab]
[    0.828329] pci 0000:8e:1c.0:   bridge window [io  0x0000-0x0fff]
[    0.828332] pci 0000:8e:1c.0:   bridge window [mem 0xe6400000-0xe65fffff]
[    0.828338] pci 0000:8e:1c.0:   bridge window [mem 0x3bffd3000000-0x3bffd3ffffff 64bit pref]
[    0.828378] pci 0000:8e:1d.0: PCI bridge to [bus ac]
[    0.828648] pci 0000:8e:1d.0:   bridge window [io  0x0000-0x0fff]
[    0.828651] pci 0000:8e:1d.0:   bridge window [mem 0xe6200000-0xe63fffff]
[    0.828657] pci 0000:8e:1d.0:   bridge window [mem 0x3bffd2000000-0x3bffd2ffffff 64bit pref]
[    0.828697] pci 0000:8e:1e.0: PCI bridge to [bus ad]
[    0.828966] pci 0000:8e:1e.0:   bridge window [io  0x0000-0x0fff]
[    0.828970] pci 0000:8e:1e.0:   bridge window [mem 0xe6000000-0xe61fffff]
[    0.828976] pci 0000:8e:1e.0:   bridge window [mem 0x3bffd1000000-0x3bffd1ffffff 64bit pref]
[    0.829019] pci 0000:8e:1f.0: PCI bridge to [bus ae]
[    0.829288] pci 0000:8e:1f.0:   bridge window [io  0x0000-0x0fff]
[    0.829291] pci 0000:8e:1f.0:   bridge window [mem 0xe5e00000-0xe5ffffff]
[    0.829297] pci 0000:8e:1f.0:   bridge window [mem 0x3bffd0000000-0x3bffd0ffffff 64bit pref]
[    0.829486] pci_bus 0000:7a: on NUMA node 0
[    0.829762] ACPI: PCI Root Bridge [PC06] (domain 0000 [bus c0-c1])
[    0.830090] acpi PNP0A08:06: _OSC: OS supports [ExtendedConfig ASPM ClockPM Segments MSI]
[    0.830736] acpi PNP0A08:06: _OSC: platform does not support [AER]
[    0.831224] acpi PNP0A08:06: _OSC: OS now controls [PCIeHotplug PME PCIeCapability]
[    0.831762] acpiphp: Slot [8191-10] registered
[    0.832039] PCI host bridge to bus 0000:c0
[    0.832260] pci_bus 0000:c0: root bus resource [io  0xa000-0xbfff window]
[    0.832612] pci_bus 0000:c0: root bus resource [mem 0xec000000-0xecffbfff window]
[    0.833000] pci_bus 0000:c0: root bus resource [mem 0x3c0000000000-0x3cffffffffff window]
[    0.833422] pci_bus 0000:c0: root bus resource [bus c0-c1]
[    0.833716] pci 0000:c0:04.0: [8086:2021] type 00 class 0x088000
[    0.833729] pci 0000:c0:04.0: reg 0x10: [mem 0x3cfffff1c000-0x3cfffff1ffff 64bit]
[    0.833820] pci 0000:c0:04.1: [8086:2021] type 00 class 0x088000
[    0.833832] pci 0000:c0:04.1: reg 0x10: [mem 0x3cfffff18000-0x3cfffff1bfff 64bit]
[    0.833917] pci 0000:c0:04.2: [8086:2021] type 00 class 0x088000
[    0.833929] pci 0000:c0:04.2: reg 0x10: [mem 0x3cfffff14000-0x3cfffff17fff 64bit]
[    0.834010] pci 0000:c0:04.3: [8086:2021] type 00 class 0x088000
[    0.834022] pci 0000:c0:04.3: reg 0x10: [mem 0x3cfffff10000-0x3cfffff13fff 64bit]
[    0.834111] pci 0000:c0:04.4: [8086:2021] type 00 class 0x088000
[    0.834122] pci 0000:c0:04.4: reg 0x10: [mem 0x3cfffff0c000-0x3cfffff0ffff 64bit]
[    0.834205] pci 0000:c0:04.5: [8086:2021] type 00 class 0x088000
[    0.834217] pci 0000:c0:04.5: reg 0x10: [mem 0x3cfffff08000-0x3cfffff0bfff 64bit]
[    0.834299] pci 0000:c0:04.6: [8086:2021] type 00 class 0x088000
[    0.834311] pci 0000:c0:04.6: reg 0x10: [mem 0x3cfffff04000-0x3cfffff07fff 64bit]
[    0.834396] pci 0000:c0:04.7: [8086:2021] type 00 class 0x088000
[    0.834408] pci 0000:c0:04.7: reg 0x10: [mem 0x3cfffff00000-0x3cfffff03fff 64bit]
[    0.834492] pci 0000:c0:05.0: [8086:2024] type 00 class 0x088000
[    0.834567] pci 0000:c0:05.2: [8086:2025] type 00 class 0x088000
[    0.834645] pci 0000:c0:05.4: [8086:2026] type 00 class 0x080020
[    0.834654] pci 0000:c0:05.4: reg 0x10: [mem 0xecf00000-0xecf00fff]
[    0.834735] pci 0000:c0:08.0: [8086:2014] type 00 class 0x088000
[    0.834800] pci 0000:c0:08.1: [8086:2015] type 00 class 0x110100
[    0.834856] pci 0000:c0:08.2: [8086:2016] type 00 class 0x088000
[    0.834932] pci_bus 0000:c0: on NUMA node 1
[    0.835023] ACPI: PCI Root Bridge [PC07] (domain 0000 [bus c2-e5])
[    0.835350] acpi PNP0A08:07: _OSC: OS supports [ExtendedConfig ASPM ClockPM Segments MSI]
[    0.836244] acpi PNP0A08:07: _OSC: platform does not support [AER]
[    0.836774] acpi PNP0A08:07: _OSC: OS now controls [PCIeHotplug PME PCIeCapability]
[    0.837350] acpiphp: Slot [8191-14] registered
[    0.837609] acpiphp: Slot [8191-9] registered
[    0.837863] acpiphp: Slot [8191-11] registered
[    0.838121] acpiphp: Slot [8191-12] registered
[    0.838407] PCI host bridge to bus 0000:c2
[    0.838628] pci_bus 0000:c2: root bus resource [io  0xc000-0xdfff window]
[    0.838980] pci_bus 0000:c2: root bus resource [mem 0xed000000-0xf5ffbfff window]
[    0.839367] pci_bus 0000:c2: root bus resource [mem 0x3d0000000000-0x3dffffffffff window]
[    0.839789] pci_bus 0000:c2: root bus resource [bus c2-e5]
[    0.840010] pci 0000:c2:05.0: [8086:2034] type 00 class 0x088000
[    0.840098] pci 0000:c2:05.2: [8086:2035] type 00 class 0x088000
[    0.840183] pci 0000:c2:05.4: [8086:2036] type 00 class 0x080020
[    0.840192] pci 0000:c2:05.4: reg 0x10: [mem 0xf5f00000-0xf5f00fff]
[    0.840279] pci 0000:c2:08.0: [8086:208d] type 00 class 0x088000
[    0.840344] pci 0000:c2:08.1: [8086:208d] type 00 class 0x088000
[    0.840407] pci 0000:c2:08.2: [8086:208d] type 00 class 0x088000
[    0.840469] pci 0000:c2:08.3: [8086:208d] type 00 class 0x088000
[    0.840528] pci 0000:c2:08.4: [8086:208d] type 00 class 0x088000
[    0.840590] pci 0000:c2:08.5: [8086:208d] type 00 class 0x088000
[    0.840649] pci 0000:c2:08.6: [8086:208d] type 00 class 0x088000
[    0.840711] pci 0000:c2:08.7: [8086:208d] type 00 class 0x088000
[    0.840769] pci 0000:c2:09.0: [8086:208d] type 00 class 0x088000
[    0.840835] pci 0000:c2:09.1: [8086:208d] type 00 class 0x088000
[    0.840897] pci 0000:c2:09.2: [8086:208d] type 00 class 0x088000
[    0.840956] pci 0000:c2:09.3: [8086:208d] type 00 class 0x088000
[    0.841017] pci 0000:c2:09.4: [8086:208d] type 00 class 0x088000
[    0.841077] pci 0000:c2:09.5: [8086:208d] type 00 class 0x088000
[    0.841140] pci 0000:c2:09.6: [8086:208d] type 00 class 0x088000
[    0.841201] pci 0000:c2:09.7: [8086:208d] type 00 class 0x088000
[    0.841260] pci 0000:c2:0a.0: [8086:208d] type 00 class 0x088000
[    0.841328] pci 0000:c2:0a.1: [8086:208d] type 00 class 0x088000
[    0.841388] pci 0000:c2:0a.2: [8086:208d] type 00 class 0x088000
[    0.841451] pci 0000:c2:0a.3: [8086:208d] type 00 class 0x088000
[    0.841513] pci 0000:c2:0a.4: [8086:208d] type 00 class 0x088000
[    0.841573] pci 0000:c2:0a.5: [8086:208d] type 00 class 0x088000
[    0.841636] pci 0000:c2:0a.6: [8086:208d] type 00 class 0x088000
[    0.841695] pci 0000:c2:0a.7: [8086:208d] type 00 class 0x088000
[    0.841768] pci 0000:c2:0b.0: [8086:208d] type 00 class 0x088000
[    0.841831] pci 0000:c2:0b.1: [8086:208d] type 00 class 0x088000
[    0.841893] pci 0000:c2:0b.2: [8086:208d] type 00 class 0x088000
[    0.841954] pci 0000:c2:0b.3: [8086:208d] type 00 class 0x088000
[    0.842018] pci 0000:c2:0e.0: [8086:208e] type 00 class 0x088000
[    0.842087] pci 0000:c2:0e.1: [8086:208e] type 00 class 0x088000
[    0.842146] pci 0000:c2:0e.2: [8086:208e] type 00 class 0x088000
[    0.842208] pci 0000:c2:0e.3: [8086:208e] type 00 class 0x088000
[    0.842269] pci 0000:c2:0e.4: [8086:208e] type 00 class 0x088000
[    0.842328] pci 0000:c2:0e.5: [8086:208e] type 00 class 0x088000
[    0.842388] pci 0000:c2:0e.6: [8086:208e] type 00 class 0x088000
[    0.842447] pci 0000:c2:0e.7: [8086:208e] type 00 class 0x088000
[    0.842509] pci 0000:c2:0f.0: [8086:208e] type 00 class 0x088000
[    0.842575] pci 0000:c2:0f.1: [8086:208e] type 00 class 0x088000
[    0.842634] pci 0000:c2:0f.2: [8086:208e] type 00 class 0x088000
[    0.842697] pci 0000:c2:0f.3: [8086:208e] type 00 class 0x088000
[    0.842755] pci 0000:c2:0f.4: [8086:208e] type 00 class 0x088000
[    0.842817] pci 0000:c2:0f.5: [8086:208e] type 00 class 0x088000
[    0.842876] pci 0000:c2:0f.6: [8086:208e] type 00 class 0x088000
[    0.842939] pci 0000:c2:0f.7: [8086:208e] type 00 class 0x088000
[    0.843001] pci 0000:c2:10.0: [8086:208e] type 00 class 0x088000
[    0.843067] pci 0000:c2:10.1: [8086:208e] type 00 class 0x088000
[    0.843130] pci 0000:c2:10.2: [8086:208e] type 00 class 0x088000
[    0.843189] pci 0000:c2:10.3: [8086:208e] type 00 class 0x088000
[    0.843252] pci 0000:c2:10.4: [8086:208e] type 00 class 0x088000
[    0.843314] pci 0000:c2:10.5: [8086:208e] type 00 class 0x088000
[    0.843374] pci 0000:c2:10.6: [8086:208e] type 00 class 0x088000
[    0.843437] pci 0000:c2:10.7: [8086:208e] type 00 class 0x088000
[    0.843497] pci 0000:c2:11.0: [8086:208e] type 00 class 0x088000
[    0.843566] pci 0000:c2:11.1: [8086:208e] type 00 class 0x088000
[    0.843631] pci 0000:c2:11.2: [8086:208e] type 00 class 0x088000
[    0.843691] pci 0000:c2:11.3: [8086:208e] type 00 class 0x088000
[    0.843765] pci 0000:c2:1d.0: [8086:2054] type 00 class 0x088000
[    0.843829] pci 0000:c2:1d.1: [8086:2055] type 00 class 0x088000
[    0.843894] pci 0000:c2:1d.2: [8086:2056] type 00 class 0x088000
[    0.843953] pci 0000:c2:1d.3: [8086:2057] type 00 class 0x088000
[    0.844020] pci 0000:c2:1e.0: [8086:2080] type 00 class 0x088000
[    0.844086] pci 0000:c2:1e.1: [8086:2081] type 00 class 0x088000
[    0.844146] pci 0000:c2:1e.2: [8086:2082] type 00 class 0x088000
[    0.844210] pci 0000:c2:1e.3: [8086:2083] type 00 class 0x088000
[    0.844271] pci 0000:c2:1e.4: [8086:2084] type 00 class 0x088000
[    0.844333] pci 0000:c2:1e.5: [8086:2085] type 00 class 0x088000
[    0.844397] pci 0000:c2:1e.6: [8086:2086] type 00 class 0x088000
[    0.844458] pci_bus 0000:c2: on NUMA node 1
[    0.844621] ACPI: PCI Root Bridge [PC08] (domain 0000 [bus e6-f2])
[    0.844949] acpi PNP0A08:08: _OSC: OS supports [ExtendedConfig ASPM ClockPM Segments MSI]
[    0.845768] acpi PNP0A08:08: _OSC: platform does not support [AER]
[    0.846297] acpi PNP0A08:08: _OSC: OS now controls [PCIeHotplug PME PCIeCapability]
[    0.846866] acpiphp: Slot [9] registered
[    0.847101] acpiphp: Slot [8191-17] registered
[    0.847360] acpiphp: Slot [8191-13] registered
[    0.847619] acpiphp: Slot [8191-15] registered
[    0.847888] PCI host bridge to bus 0000:e6
[    0.848003] pci_bus 0000:e6: root bus resource [io  0xe000-0xefff window]
[    0.848354] pci_bus 0000:e6: root bus resource [mem 0xf6000000-0xf8ffbfff window]
[    0.848742] pci_bus 0000:e6: root bus resource [mem 0x3e0000000000-0x3effffffffff window]
[    0.849164] pci_bus 0000:e6: root bus resource [bus e6-f2]
[    0.849457] pci 0000:e6:00.0: [8086:2030] type 01 class 0x060400
[    0.849483] pci 0000:e6:00.0: enabling Extended Tags
[    0.849777] pci 0000:e6:00.0: PME# supported from D0 D3hot D3cold
[    0.849864] pci 0000:e6:05.0: [8086:2034] type 00 class 0x088000
[    0.849946] pci 0000:e6:05.2: [8086:2035] type 00 class 0x088000
[    0.850021] pci 0000:e6:05.4: [8086:2036] type 00 class 0x080020
[    0.850030] pci 0000:e6:05.4: reg 0x10: [mem 0xf8f00000-0xf8f00fff]
[    0.850111] pci 0000:e6:08.0: [8086:2066] type 00 class 0x088000
[    0.850186] pci 0000:e6:09.0: [8086:2066] type 00 class 0x088000
[    0.850258] pci 0000:e6:0a.0: [8086:2040] type 00 class 0x088000
[    0.850332] pci 0000:e6:0a.1: [8086:2041] type 00 class 0x088000
[    0.850402] pci 0000:e6:0a.2: [8086:2042] type 00 class 0x088000
[    0.850469] pci 0000:e6:0a.3: [8086:2043] type 00 class 0x088000
[    0.850538] pci 0000:e6:0a.4: [8086:2044] type 00 class 0x088000
[    0.850606] pci 0000:e6:0a.5: [8086:2045] type 00 class 0x088000
[    0.850671] pci 0000:e6:0a.6: [8086:2046] type 00 class 0x088000
[    0.850739] pci 0000:e6:0a.7: [8086:2047] type 00 class 0x088000
[    0.850807] pci 0000:e6:0b.0: [8086:2048] type 00 class 0x088000
[    0.850877] pci 0000:e6:0b.1: [8086:2049] type 00 class 0x088000
[    0.850946] pci 0000:e6:0b.2: [8086:204a] type 00 class 0x088000
[    0.851014] pci 0000:e6:0b.3: [8086:204b] type 00 class 0x088000
[    0.851082] pci 0000:e6:0c.0: [8086:2040] type 00 class 0x088000
[    0.851159] pci 0000:e6:0c.1: [8086:2041] type 00 class 0x088000
[    0.851228] pci 0000:e6:0c.2: [8086:2042] type 00 class 0x088000
[    0.851296] pci 0000:e6:0c.3: [8086:2043] type 00 class 0x088000
[    0.851366] pci 0000:e6:0c.4: [8086:2044] type 00 class 0x088000
[    0.851436] pci 0000:e6:0c.5: [8086:2045] type 00 class 0x088000
[    0.851504] pci 0000:e6:0c.6: [8086:2046] type 00 class 0x088000
[    0.851575] pci 0000:e6:0c.7: [8086:2047] type 00 class 0x088000
[    0.851646] pci 0000:e6:0d.0: [8086:2048] type 00 class 0x088000
[    0.851717] pci 0000:e6:0d.1: [8086:2049] type 00 class 0x088000
[    0.851786] pci 0000:e6:0d.2: [8086:204a] type 00 class 0x088000
[    0.851856] pci 0000:e6:0d.3: [8086:204b] type 00 class 0x088000
[    0.851988] pci 0000:e7:00.0: [1d0f:cd00] type 00 class 0x010802
[    0.852027] pci 0000:e7:00.0: reg 0x10: [mem 0xf8e04000-0xf8e07fff 64bit]
[    0.852151] pci 0000:e7:00.0: PME# supported from D0
[    0.852227] pci 0000:e7:00.1: [1d0f:cd00] type 00 class 0x010802
[    0.852264] pci 0000:e7:00.1: reg 0x10: [mem 0xf8e00000-0xf8e03fff 64bit]
[    0.852383] pci 0000:e7:00.1: PME# supported from D0
[    0.852457] pci 0000:e6:00.0: PCI bridge to [bus e7]
[    0.852724] pci 0000:e6:00.0:   bridge window [mem 0xf8e00000-0xf8efffff]
[    0.852732] pci_bus 0000:e6: on NUMA node 1
[    0.852845] ACPI: PCI Root Bridge [PC09] (domain 0000 [bus f3-ff])
[    0.853172] acpi PNP0A08:09: _OSC: OS supports [ExtendedConfig ASPM ClockPM Segments MSI]
[    0.853985] acpi PNP0A08:09: _OSC: platform does not support [AER]
[    0.854513] acpi PNP0A08:09: _OSC: OS now controls [PCIeHotplug PME PCIeCapability]
[    0.855091] acpiphp: Slot [8191-21] registered
[    0.855351] acpiphp: Slot [8191-16] registered
[    0.855612] acpiphp: Slot [8191-18] registered
[    0.855872] acpiphp: Slot [8191-19] registered
[    0.856025] PCI host bridge to bus 0000:f3
[    0.856246] pci_bus 0000:f3: root bus resource [io  0xf000-0xffff window]
[    0.856598] pci_bus 0000:f3: root bus resource [mem 0xf9000000-0xfbffbfff window]
[    0.856986] pci_bus 0000:f3: root bus resource [mem 0x3f0000000000-0x3fffffffffff window]
[    0.857409] pci_bus 0000:f3: root bus resource [bus f3-ff]
[    0.857703] pci 0000:f3:05.0: [8086:2034] type 00 class 0x088000
[    0.857787] pci 0000:f3:05.2: [8086:2035] type 00 class 0x088000
[    0.857869] pci 0000:f3:05.4: [8086:2036] type 00 class 0x080020
[    0.857879] pci 0000:f3:05.4: reg 0x10: [mem 0xfbf00000-0xfbf00fff]
[    0.857962] pci 0000:f3:0e.0: [8086:2058] type 00 class 0x110100
[    0.858035] pci 0000:f3:0e.1: [8086:2059] type 00 class 0x088000
[    0.858106] pci 0000:f3:0f.0: [8086:2058] type 00 class 0x110100
[    0.858174] pci 0000:f3:0f.1: [8086:2059] type 00 class 0x088000
[    0.858244] pci 0000:f3:10.0: [8086:2058] type 00 class 0x110100
[    0.858316] pci 0000:f3:10.1: [8086:2059] type 00 class 0x088000
[    0.858385] pci 0000:f3:12.0: [8086:204c] type 00 class 0x110100
[    0.858453] pci 0000:f3:12.1: [8086:204d] type 00 class 0x110100
[    0.858509] pci 0000:f3:12.2: [8086:204e] type 00 class 0x088000
[    0.858563] pci 0000:f3:12.4: [8086:204c] type 00 class 0x110100
[    0.858628] pci 0000:f3:12.5: [8086:204d] type 00 class 0x110100
[    0.858683] pci 0000:f3:15.0: [8086:2018] type 00 class 0x088000
[    0.858756] pci 0000:f3:16.0: [8086:2018] type 00 class 0x088000
[    0.858816] pci 0000:f3:16.4: [8086:2018] type 00 class 0x088000
[    0.858871] pci 0000:f3:17.0: [8086:2018] type 00 class 0x088000
