[    0.000000] Linux version 4.15.0-1057-aws (buildd@lgw01-amd64-030) (gcc version 7.4.0 (Ubuntu 7.4.0-1ubuntu1~18.04.1)) #59-Ubuntu SMP Wed Dec 4 10:02:00 UTC 2019 (Ubuntu 4.15.0-1057.59-aws 4.15.18)
[    0.000000] Command line: BOOT_IMAGE=/boot/vmlinuz-4.15.0-1057-aws root=UUID=8abb4f2d-c7e0-4daf-80b5-24e1c814cf55 ro nosmt=force console=tty1 console=ttyS0 nvme_core.io_timeout=4294967295
[    0.000000] KERNEL supported cpus:
[    0.000000]   Intel GenuineIntel
[    0.000000]   AMD AuthenticAMD
[    0.000000]   Centaur CentaurHauls
[    0.000000] x86/fpu: Supporting XSAVE feature 0x001: 'x87 floating point registers'
[    0.000000] x86/fpu: Supporting XSAVE feature 0x002: 'SSE registers'
[    0.000000] x86/fpu: Supporting XSAVE feature 0x004: 'AVX registers'
[    0.000000] x86/fpu: Supporting XSAVE feature 0x008: 'MPX bounds registers'
[    0.000000] x86/fpu: Supporting XSAVE feature 0x010: 'MPX CSR'
[    0.000000] x86/fpu: Supporting XSAVE feature 0x020: 'AVX-512 opmask'
[    0.000000] x86/fpu: Supporting XSAVE feature 0x040: 'AVX-512 Hi256'
[    0.000000] x86/fpu: Supporting XSAVE feature 0x080: 'AVX-512 ZMM_Hi256'
[    0.000000] x86/fpu: Supporting XSAVE feature 0x200: 'Protection Keys User registers'
[    0.000000] x86/fpu: xstate_offset[2]:  576, xstate_sizes[2]:  256
[    0.000000] x86/fpu: xstate_offset[3]:  832, xstate_sizes[3]:   64
[    0.000000] x86/fpu: xstate_offset[4]:  896, xstate_sizes[4]:   64
[    0.000000] x86/fpu: xstate_offset[5]:  960, xstate_sizes[5]:   64
[    0.000000] x86/fpu: xstate_offset[6]: 1024, xstate_sizes[6]:  512
[    0.000000] x86/fpu: xstate_offset[7]: 1536, xstate_sizes[7]: 1024
[    0.000000] x86/fpu: xstate_offset[9]: 2560, xstate_sizes[9]:    8
[    0.000000] x86/fpu: Enabled xstate features 0x2ff, context size is 2568 bytes, using 'compacted' format.
[    0.000000] e820: BIOS-provided physical RAM map:
[    0.000000] BIOS-e820: [mem 0x0000000000000000-0x000000000009ebff] usable
[    0.000000] BIOS-e820: [mem 0x000000000009ec00-0x000000000009ffff] reserved
[    0.000000] BIOS-e820: [mem 0x00000000000e0000-0x00000000000fffff] reserved
[    0.000000] BIOS-e820: [mem 0x0000000000100000-0x000000009f783fff] usable
[    0.000000] BIOS-e820: [mem 0x000000009f784000-0x00000000a01bffff] ACPI NVS
[    0.000000] BIOS-e820: [mem 0x00000000a01c0000-0x00000000a05f8fff] usable
[    0.000000] BIOS-e820: [mem 0x00000000a05f9000-0x00000000a067efff] reserved
[    0.000000] BIOS-e820: [mem 0x00000000a067f000-0x00000000a07d1fff] usable
[    0.000000] BIOS-e820: [mem 0x00000000a07d2000-0x00000000a0983fff] reserved
[    0.000000] BIOS-e820: [mem 0x00000000a0984000-0x00000000a8383fff] usable
[    0.000000] BIOS-e820: [mem 0x00000000a8384000-0x00000000aa483fff] reserved
[    0.000000] BIOS-e820: [mem 0x00000000aa484000-0x00000000aa7bdfff] usable
[    0.000000] BIOS-e820: [mem 0x00000000aa7be000-0x00000000aaed3fff] ACPI NVS
[    0.000000] BIOS-e820: [mem 0x00000000aaed4000-0x00000000ac8f3fff] reserved
[    0.000000] BIOS-e820: [mem 0x00000000ac8f4000-0x00000000af7fffff] usable
[    0.000000] BIOS-e820: [mem 0x00000000af800000-0x00000000cfffffff] reserved
[    0.000000] BIOS-e820: [mem 0x00000000fd000000-0x00000000fe7fffff] reserved
[    0.000000] BIOS-e820: [mem 0x00000000fed20000-0x00000000fed44fff] reserved
[    0.000000] BIOS-e820: [mem 0x00000000ff000000-0x00000000ffffffff] reserved
[    0.000000] BIOS-e820: [mem 0x0000000100000000-0x000000603fffffff] usable
[    0.000000] SMT: Force disabled
[    0.000000] NX (Execute Disable) protection: active
[    0.000000] SMBIOS 3.2.1 present.
[    0.000000] DMI: Amazon EC2 m5d.metal/Not Specified, BIOS 1.0 10/16/2017
[    0.000000] e820: update [mem 0x00000000-0x00000fff] usable ==> reserved
[    0.000000] e820: remove [mem 0x000a0000-0x000fffff] usable
[    0.000000] e820: last_pfn = 0x6040000 max_arch_pfn = 0x400000000
[    0.000000] MTRR default type: uncachable
[    0.000000] MTRR fixed ranges enabled:
[    0.000000]   00000-9FFFF write-back
[    0.000000]   A0000-FFFFF uncachable
[    0.000000] MTRR variable ranges enabled:
[    0.000000]   0 base 000000000000 mask 3FC000000000 write-back
[    0.000000]   1 base 004000000000 mask 3FE000000000 write-back
[    0.000000]   2 base 006000000000 mask 3FFFC0000000 write-back
[    0.000000]   3 base 0000C0000000 mask 3FFFC0000000 uncachable
[    0.000000]   4 base 0000BF000000 mask 3FFFFF000000 uncachable
[    0.000000]   5 disabled
[    0.000000]   6 disabled
[    0.000000]   7 disabled
[    0.000000]   8 disabled
[    0.000000]   9 disabled
[    0.000000] x86/PAT: Configuration [0-7]: WB  WC  UC- UC  WB  WP  UC- WT  
[    0.000000] total RAM covered: 393200M
[    0.000000]  gran_size: 64K 	chunk_size: 64K 	num_reg: 10  	lose cover RAM: 353G
[    0.000000]  gran_size: 64K 	chunk_size: 128K 	num_reg: 10  	lose cover RAM: 353G
[    0.000000]  gran_size: 64K 	chunk_size: 256K 	num_reg: 10  	lose cover RAM: 353G
[    0.000000]  gran_size: 64K 	chunk_size: 512K 	num_reg: 10  	lose cover RAM: 353G
[    0.000000]  gran_size: 64K 	chunk_size: 1M 	num_reg: 10  	lose cover RAM: 353G
[    0.000000]  gran_size: 64K 	chunk_size: 2M 	num_reg: 10  	lose cover RAM: 353G
[    0.000000]  gran_size: 64K 	chunk_size: 4M 	num_reg: 10  	lose cover RAM: 353G
[    0.000000]  gran_size: 64K 	chunk_size: 8M 	num_reg: 10  	lose cover RAM: 353G
[    0.000000]  gran_size: 64K 	chunk_size: 16M 	num_reg: 10  	lose cover RAM: 353G
[    0.000000]  gran_size: 64K 	chunk_size: 32M 	num_reg: 10  	lose cover RAM: 1G
[    0.000000]  gran_size: 64K 	chunk_size: 64M 	num_reg: 10  	lose cover RAM: 1G
[    0.000000]  gran_size: 64K 	chunk_size: 128M 	num_reg: 10  	lose cover RAM: 1G
[    0.000000]  gran_size: 64K 	chunk_size: 256M 	num_reg: 10  	lose cover RAM: 1G
[    0.000000]  gran_size: 64K 	chunk_size: 512M 	num_reg: 10  	lose cover RAM: 1G
[    0.000000]  gran_size: 64K 	chunk_size: 1G 	num_reg: 10  	lose cover RAM: 1G
[    0.000000]  gran_size: 64K 	chunk_size: 2G 	num_reg: 10  	lose cover RAM: 1G
[    0.000000]  gran_size: 128K 	chunk_size: 128K 	num_reg: 10  	lose cover RAM: 353G
[    0.000000]  gran_size: 128K 	chunk_size: 256K 	num_reg: 10  	lose cover RAM: 353G
[    0.000000]  gran_size: 128K 	chunk_size: 512K 	num_reg: 10  	lose cover RAM: 353G
[    0.000000]  gran_size: 128K 	chunk_size: 1M 	num_reg: 10  	lose cover RAM: 353G
[    0.000000]  gran_size: 128K 	chunk_size: 2M 	num_reg: 10  	lose cover RAM: 353G
[    0.000000]  gran_size: 128K 	chunk_size: 4M 	num_reg: 10  	lose cover RAM: 353G
[    0.000000]  gran_size: 128K 	chunk_size: 8M 	num_reg: 10  	lose cover RAM: 353G
[    0.000000]  gran_size: 128K 	chunk_size: 16M 	num_reg: 10  	lose cover RAM: 353G
[    0.000000]  gran_size: 128K 	chunk_size: 32M 	num_reg: 10  	lose cover RAM: 1G
[    0.000000]  gran_size: 128K 	chunk_size: 64M 	num_reg: 10  	lose cover RAM: 1G
[    0.000000]  gran_size: 128K 	chunk_size: 128M 	num_reg: 10  	lose cover RAM: 1G
[    0.000000]  gran_size: 128K 	chunk_size: 256M 	num_reg: 10  	lose cover RAM: 1G
[    0.000000]  gran_size: 128K 	chunk_size: 512M 	num_reg: 10  	lose cover RAM: 1G
[    0.000000]  gran_size: 128K 	chunk_size: 1G 	num_reg: 10  	lose cover RAM: 1G
[    0.000000]  gran_size: 128K 	chunk_size: 2G 	num_reg: 10  	lose cover RAM: 1G
[    0.000000]  gran_size: 256K 	chunk_size: 256K 	num_reg: 10  	lose cover RAM: 353G
[    0.000000]  gran_size: 256K 	chunk_size: 512K 	num_reg: 10  	lose cover RAM: 353G
[    0.000000]  gran_size: 256K 	chunk_size: 1M 	num_reg: 10  	lose cover RAM: 353G
[    0.000000]  gran_size: 256K 	chunk_size: 2M 	num_reg: 10  	lose cover RAM: 353G
[    0.000000]  gran_size: 256K 	chunk_size: 4M 	num_reg: 10  	lose cover RAM: 353G
[    0.000000]  gran_size: 256K 	chunk_size: 8M 	num_reg: 10  	lose cover RAM: 353G
[    0.000000]  gran_size: 256K 	chunk_size: 16M 	num_reg: 10  	lose cover RAM: 353G
[    0.000000]  gran_size: 256K 	chunk_size: 32M 	num_reg: 10  	lose cover RAM: 1G
[    0.000000]  gran_size: 256K 	chunk_size: 64M 	num_reg: 10  	lose cover RAM: 1G
[    0.000000]  gran_size: 256K 	chunk_size: 128M 	num_reg: 10  	lose cover RAM: 1G
[    0.000000]  gran_size: 256K 	chunk_size: 256M 	num_reg: 10  	lose cover RAM: 1G
[    0.000000]  gran_size: 256K 	chunk_size: 512M 	num_reg: 10  	lose cover RAM: 1G
[    0.000000]  gran_size: 256K 	chunk_size: 1G 	num_reg: 10  	lose cover RAM: 1G
[    0.000000]  gran_size: 256K 	chunk_size: 2G 	num_reg: 10  	lose cover RAM: 1G
[    0.000000]  gran_size: 512K 	chunk_size: 512K 	num_reg: 10  	lose cover RAM: 353G
[    0.000000]  gran_size: 512K 	chunk_size: 1M 	num_reg: 10  	lose cover RAM: 353G
[    0.000000]  gran_size: 512K 	chunk_size: 2M 	num_reg: 10  	lose cover RAM: 353G
[    0.000000]  gran_size: 512K 	chunk_size: 4M 	num_reg: 10  	lose cover RAM: 353G
[    0.000000]  gran_size: 512K 	chunk_size: 8M 	num_reg: 10  	lose cover RAM: 353G
[    0.000000]  gran_size: 512K 	chunk_size: 16M 	num_reg: 10  	lose cover RAM: 353G
[    0.000000]  gran_size: 512K 	chunk_size: 32M 	num_reg: 10  	lose cover RAM: 1G
[    0.000000]  gran_size: 512K 	chunk_size: 64M 	num_reg: 10  	lose cover RAM: 1G
[    0.000000]  gran_size: 512K 	chunk_size: 128M 	num_reg: 10  	lose cover RAM: 1G
[    0.000000]  gran_size: 512K 	chunk_size: 256M 	num_reg: 10  	lose cover RAM: 1G
[    0.000000]  gran_size: 512K 	chunk_size: 512M 	num_reg: 10  	lose cover RAM: 1G
[    0.000000]  gran_size: 512K 	chunk_size: 1G 	num_reg: 10  	lose cover RAM: 1G
[    0.000000]  gran_size: 512K 	chunk_size: 2G 	num_reg: 10  	lose cover RAM: 1G
[    0.000000]  gran_size: 1M 	chunk_size: 1M 	num_reg: 10  	lose cover RAM: 353G
[    0.000000]  gran_size: 1M 	chunk_size: 2M 	num_reg: 10  	lose cover RAM: 353G
[    0.000000]  gran_size: 1M 	chunk_size: 4M 	num_reg: 10  	lose cover RAM: 353G
[    0.000000]  gran_size: 1M 	chunk_size: 8M 	num_reg: 10  	lose cover RAM: 353G
[    0.000000]  gran_size: 1M 	chunk_size: 16M 	num_reg: 10  	lose cover RAM: 353G
[    0.000000]  gran_size: 1M 	chunk_size: 32M 	num_reg: 10  	lose cover RAM: 1G
[    0.000000]  gran_size: 1M 	chunk_size: 64M 	num_reg: 10  	lose cover RAM: 1G
[    0.000000]  gran_size: 1M 	chunk_size: 128M 	num_reg: 10  	lose cover RAM: 1G
[    0.000000]  gran_size: 1M 	chunk_size: 256M 	num_reg: 10  	lose cover RAM: 1G
[    0.000000]  gran_size: 1M 	chunk_size: 512M 	num_reg: 10  	lose cover RAM: 1G
[    0.000000]  gran_size: 1M 	chunk_size: 1G 	num_reg: 10  	lose cover RAM: 1G
[    0.000000]  gran_size: 1M 	chunk_size: 2G 	num_reg: 10  	lose cover RAM: 1G
[    0.000000]  gran_size: 2M 	chunk_size: 2M 	num_reg: 10  	lose cover RAM: 353G
[    0.000000]  gran_size: 2M 	chunk_size: 4M 	num_reg: 10  	lose cover RAM: 353G
[    0.000000]  gran_size: 2M 	chunk_size: 8M 	num_reg: 10  	lose cover RAM: 353G
[    0.000000]  gran_size: 2M 	chunk_size: 16M 	num_reg: 10  	lose cover RAM: 353G
[    0.000000]  gran_size: 2M 	chunk_size: 32M 	num_reg: 10  	lose cover RAM: 1G
[    0.000000]  gran_size: 2M 	chunk_size: 64M 	num_reg: 10  	lose cover RAM: 1G
[    0.000000]  gran_size: 2M 	chunk_size: 128M 	num_reg: 10  	lose cover RAM: 1G
[    0.000000]  gran_size: 2M 	chunk_size: 256M 	num_reg: 10  	lose cover RAM: 1G
[    0.000000]  gran_size: 2M 	chunk_size: 512M 	num_reg: 10  	lose cover RAM: 1G
[    0.000000]  gran_size: 2M 	chunk_size: 1G 	num_reg: 10  	lose cover RAM: 1G
[    0.000000]  gran_size: 2M 	chunk_size: 2G 	num_reg: 10  	lose cover RAM: 1G
[    0.000000]  gran_size: 4M 	chunk_size: 4M 	num_reg: 10  	lose cover RAM: 353G
[    0.000000]  gran_size: 4M 	chunk_size: 8M 	num_reg: 10  	lose cover RAM: 353G
[    0.000000]  gran_size: 4M 	chunk_size: 16M 	num_reg: 10  	lose cover RAM: 353G
[    0.000000]  gran_size: 4M 	chunk_size: 32M 	num_reg: 10  	lose cover RAM: 1G
[    0.000000]  gran_size: 4M 	chunk_size: 64M 	num_reg: 10  	lose cover RAM: 1G
[    0.000000]  gran_size: 4M 	chunk_size: 128M 	num_reg: 10  	lose cover RAM: 1G
[    0.000000]  gran_size: 4M 	chunk_size: 256M 	num_reg: 10  	lose cover RAM: 1G
[    0.000000]  gran_size: 4M 	chunk_size: 512M 	num_reg: 10  	lose cover RAM: 1G
[    0.000000]  gran_size: 4M 	chunk_size: 1G 	num_reg: 10  	lose cover RAM: 1G
[    0.000000]  gran_size: 4M 	chunk_size: 2G 	num_reg: 10  	lose cover RAM: 1G
[    0.000000]  gran_size: 8M 	chunk_size: 8M 	num_reg: 10  	lose cover RAM: 353G
[    0.000000]  gran_size: 8M 	chunk_size: 16M 	num_reg: 10  	lose cover RAM: 353G
[    0.000000]  gran_size: 8M 	chunk_size: 32M 	num_reg: 10  	lose cover RAM: 1G
[    0.000000]  gran_size: 8M 	chunk_size: 64M 	num_reg: 10  	lose cover RAM: 1G
[    0.000000]  gran_size: 8M 	chunk_size: 128M 	num_reg: 10  	lose cover RAM: 1G
[    0.000000]  gran_size: 8M 	chunk_size: 256M 	num_reg: 10  	lose cover RAM: 1G
[    0.000000]  gran_size: 8M 	chunk_size: 512M 	num_reg: 10  	lose cover RAM: 1G
[    0.000000]  gran_size: 8M 	chunk_size: 1G 	num_reg: 10  	lose cover RAM: 1G
[    0.000000]  gran_size: 8M 	chunk_size: 2G 	num_reg: 10  	lose cover RAM: 1G
[    0.000000]  gran_size: 16M 	chunk_size: 16M 	num_reg: 10  	lose cover RAM: 353G
[    0.000000]  gran_size: 16M 	chunk_size: 32M 	num_reg: 10  	lose cover RAM: 1G
[    0.000000]  gran_size: 16M 	chunk_size: 64M 	num_reg: 10  	lose cover RAM: 1G
[    0.000000]  gran_size: 16M 	chunk_size: 128M 	num_reg: 10  	lose cover RAM: 1G
[    0.000000]  gran_size: 16M 	chunk_size: 256M 	num_reg: 10  	lose cover RAM: 1G
[    0.000000]  gran_size: 16M 	chunk_size: 512M 	num_reg: 10  	lose cover RAM: 1G
[    0.000000]  gran_size: 16M 	chunk_size: 1G 	num_reg: 10  	lose cover RAM: 1G
[    0.000000]  gran_size: 16M 	chunk_size: 2G 	num_reg: 10  	lose cover RAM: 1G
[    0.000000]  gran_size: 32M 	chunk_size: 32M 	num_reg: 10  	lose cover RAM: 328720M
[    0.000000]  gran_size: 32M 	chunk_size: 64M 	num_reg: 10  	lose cover RAM: 1040M
[    0.000000]  gran_size: 32M 	chunk_size: 128M 	num_reg: 10  	lose cover RAM: 1040M
[    0.000000]  gran_size: 32M 	chunk_size: 256M 	num_reg: 10  	lose cover RAM: 1040M
[    0.000000]  gran_size: 32M 	chunk_size: 512M 	num_reg: 10  	lose cover RAM: 1040M
[    0.000000]  gran_size: 32M 	chunk_size: 1G 	num_reg: 10  	lose cover RAM: 1040M
[    0.000000]  gran_size: 32M 	chunk_size: 2G 	num_reg: 10  	lose cover RAM: 1040M
[    0.000000]  gran_size: 64M 	chunk_size: 64M 	num_reg: 10  	lose cover RAM: 263216M
[    0.000000]  gran_size: 64M 	chunk_size: 128M 	num_reg: 10  	lose cover RAM: 1072M
[    0.000000]  gran_size: 64M 	chunk_size: 256M 	num_reg: 10  	lose cover RAM: 1072M
[    0.000000]  gran_size: 64M 	chunk_size: 512M 	num_reg: 10  	lose cover RAM: 1072M
[    0.000000]  gran_size: 64M 	chunk_size: 1G 	num_reg: 10  	lose cover RAM: 1072M
[    0.000000]  gran_size: 64M 	chunk_size: 2G 	num_reg: 10  	lose cover RAM: 1072M
[    0.000000]  gran_size: 128M 	chunk_size: 128M 	num_reg: 10  	lose cover RAM: 132208M
[    0.000000]  gran_size: 128M 	chunk_size: 256M 	num_reg: 10  	lose cover RAM: 1136M
[    0.000000]  gran_size: 128M 	chunk_size: 512M 	num_reg: 10  	lose cover RAM: 1136M
[    0.000000]  gran_size: 128M 	chunk_size: 1G 	num_reg: 10  	lose cover RAM: 1136M
[    0.000000]  gran_size: 128M 	chunk_size: 2G 	num_reg: 10  	lose cover RAM: 1136M
[    0.000000]  gran_size: 256M 	chunk_size: 256M 	num_reg: 10  	lose cover RAM: 1264M
[    0.000000]  gran_size: 256M 	chunk_size: 512M 	num_reg: 10  	lose cover RAM: 1264M
[    0.000000]  gran_size: 256M 	chunk_size: 1G 	num_reg: 10  	lose cover RAM: 1264M
[    0.000000]  gran_size: 256M 	chunk_size: 2G 	num_reg: 10  	lose cover RAM: 1264M
[    0.000000]  gran_size: 512M 	chunk_size: 512M 	num_reg: 10  	lose cover RAM: 496M
[    0.000000]  gran_size: 512M 	chunk_size: 1G 	num_reg: 10  	lose cover RAM: 1520M
[    0.000000]  gran_size: 512M 	chunk_size: 2G 	num_reg: 10  	lose cover RAM: 1520M
[    0.000000]  gran_size: 1G 	chunk_size: 1G 	num_reg: 9  	lose cover RAM: 1008M
[    0.000000]  gran_size: 1G 	chunk_size: 2G 	num_reg: 10  	lose cover RAM: 1008M
[    0.000000]  gran_size: 2G 	chunk_size: 2G 	num_reg: 8  	lose cover RAM: 2032M
[    0.000000] mtrr_cleanup: can not find optimal value
[    0.000000] please specify mtrr_gran_size/mtrr_chunk_size
[    0.000000] e820: update [mem 0xbf000000-0xffffffff] usable ==> reserved
[    0.000000] x2apic: enabled by BIOS, switching to x2apic ops
[    0.000000] e820: last_pfn = 0xaf800 max_arch_pfn = 0x400000000
[    0.000000] Scanning 1 areas for low memory corruption
[    0.000000] Using GB pages for direct mapping
[    0.000000] BRK [0x81616a000, 0x81616afff] PGTABLE
[    0.000000] BRK [0x81616b000, 0x81616bfff] PGTABLE
[    0.000000] BRK [0x81616c000, 0x81616cfff] PGTABLE
[    0.000000] BRK [0x81616d000, 0x81616dfff] PGTABLE
[    0.000000] BRK [0x81616e000, 0x81616efff] PGTABLE
[    0.000000] BRK [0x81616f000, 0x81616ffff] PGTABLE
[    0.000000] BRK [0x816170000, 0x816170fff] PGTABLE
[    0.000000] BRK [0x816171000, 0x816171fff] PGTABLE
[    0.000000] BRK [0x816172000, 0x816172fff] PGTABLE
[    0.000000] BRK [0x816173000, 0x816173fff] PGTABLE
[    0.000000] BRK [0x816174000, 0x816174fff] PGTABLE
[    0.000000] BRK [0x816175000, 0x816175fff] PGTABLE
[    0.000000] RAMDISK: [mem 0x35985000-0x36cb9fff]
[    0.000000] ACPI: Early table checksum verification disabled
[    0.000000] ACPI: RSDP 0x00000000000F05B0 000024 (v02 ALASKA)
[    0.000000] ACPI: XSDT 0x000000009F7840C8 000114 (v01 ALASKA A M I    01072009 AMI  00010013)
[    0.000000] ACPI: FACP 0x000000009FA88AC0 000114 (v06 ALASKA A M I    01072009 INTL 20091013)
[    0.000000] ACPI: DSDT 0x000000009F784278 304843 (v02 ALASKA A M I    01072009 INTL 20091013)
[    0.000000] ACPI: FACS 0x00000000AAE90080 000040
[    0.000000] ACPI: FPDT 0x000000009FA88BD8 000044 (v01 ALASKA A M I    01072009 AMI  00010013)
[    0.000000] ACPI: FIDT 0x000000009FA88C20 00009C (v01 ALASKA A M I    01072009 AMI  00010013)
[    0.000000] ACPI: SPMI 0x000000009FA88CC0 000041 (v05 ALASKA A M I    00000000 AMI. 00000000)
[    0.000000] ACPI: SSDT 0x000000009FA88D08 00046C (v02 INTEL  ADDRXLAT 00000001 INTL 20140828)
[    0.000000] ACPI: MCFG 0x000000009FA89178 00003C (v01 ALASKA A M I    01072009 MSFT 00000097)
[    0.000000] ACPI: HPET 0x000000009FA891B8 000038 (v01 ALASKA A M I    00000001 INTL 20091013)
[    0.000000] ACPI: APIC 0x000000009FA891F0 0016DE (v03 ALASKA A M I    00000000 INTL 20091013)
[    0.000000] ACPI: MIGT 0x000000009FA8A8D0 000040 (v01 ALASKA A M I    00000000 INTL 20091013)
[    0.000000] ACPI: MSCT 0x000000009FA8A910 000090 (v01 ALASKA A M I    00000001 INTL 20091013)
[    0.000000] ACPI: PCAT 0x000000009FA8A9A0 000088 (v02 ALASKA A M I    00000002 INTL 20091013)
[    0.000000] ACPI: PCCT 0x000000009FA8AA28 00006E (v01 ALASKA A M I    00000002 INTL 20091013)
[    0.000000] ACPI: RASF 0x000000009FA8AA98 000030 (v01 ALASKA A M I    00000001 INTL 20091013)
[    0.000000] ACPI: SLIT 0x000000009FA8AAC8 00042C (v01 ALASKA A M I    00000001 INTL 20091013)
[    0.000000] ACPI: SRAT 0x000000009FA8AEF8 002D30 (v03 ALASKA A M I    00000002 INTL 20091013)
[    0.000000] ACPI: SVOS 0x000000009FA8DC28 000032 (v01 ALASKA A M I    00000000 INTL 20091013)
[    0.000000] ACPI: WDDT 0x000000009FA8DC60 000040 (v01 ALASKA A M I    00000000 INTL 20091013)
[    0.000000] ACPI: OEM4 0x000000009FA8DCA0 0A27C4 (v02 INTEL  CPU  CST 00003000 INTL 20140828)
[    0.000000] ACPI: OEM1 0x000000009FB30468 02A2C4 (v02 INTEL  CPU EIST 00003000 INTL 20140828)
[    0.000000] ACPI: OEM2 0x000000009FB5A730 02DC84 (v02 INTEL  CPU  HWP 00003000 INTL 20140828)
[    0.000000] ACPI: SSDT 0x000000009FB883B8 033990 (v02 INTEL  SSDT  PM 00004000 INTL 20140828)
[    0.000000] ACPI: SSDT 0x000000009FBBBD48 00065B (v02 ALASKA A M I    00000000 INTL 20091013)
[    0.000000] ACPI: SPCR 0x000000009FBBC3A8 000050 (v02 A M I  APTIO V  01072009 AMI. 0005000E)
[    0.000000] ACPI: SSDT 0x000000009FBBC3F8 002B10 (v02 INTEL  SpsNm    00000002 INTL 20140828)
[    0.000000] ACPI: DMAR 0x000000009FBBEF08 000250 (v01 ALASKA A M I    00000001 INTL 20091013)
[    0.000000] ACPI: HEST 0x000000009FBBF158 0000A8 (v01 ALASKA A M I    00000001 INTL 00000001)
[    0.000000] ACPI: BERT 0x000000009FBBF200 000030 (v01 ALASKA A M I    00000001 INTL 00000001)
[    0.000000] ACPI: ERST 0x000000009FBBF230 000230 (v01 ALASKA A M I    00000001 INTL 00000001)
[    0.000000] ACPI: EINJ 0x000000009FBBF460 000150 (v01 ALASKA A M I    00000001 INTL 00000001)
[    0.000000] ACPI: WSMT 0x000000009FBBF5B0 000028 (v01 ALASKA A M I    01072009 AMI  00010013)
[    0.000000] ACPI: Local APIC address 0xfee00000
[    0.000000] Setting APIC routing to cluster x2apic.
[    0.000000] SRAT: PXM 0 -> APIC 0x0000 -> Node 0
[    0.000000] SRAT: PXM 0 -> APIC 0x0002 -> Node 0
[    0.000000] SRAT: PXM 0 -> APIC 0x0004 -> Node 0
[    0.000000] SRAT: PXM 0 -> APIC 0x0006 -> Node 0
[    0.000000] SRAT: PXM 0 -> APIC 0x0008 -> Node 0
[    0.000000] SRAT: PXM 0 -> APIC 0x000a -> Node 0
[    0.000000] SRAT: PXM 0 -> APIC 0x0010 -> Node 0
[    0.000000] SRAT: PXM 0 -> APIC 0x0012 -> Node 0
[    0.000000] SRAT: PXM 0 -> APIC 0x0014 -> Node 0
[    0.000000] SRAT: PXM 0 -> APIC 0x0016 -> Node 0
[    0.000000] SRAT: PXM 0 -> APIC 0x0018 -> Node 0
[    0.000000] SRAT: PXM 0 -> APIC 0x001a -> Node 0
[    0.000000] SRAT: PXM 0 -> APIC 0x0020 -> Node 0
[    0.000000] SRAT: PXM 0 -> APIC 0x0022 -> Node 0
[    0.000000] SRAT: PXM 0 -> APIC 0x0024 -> Node 0
[    0.000000] SRAT: PXM 0 -> APIC 0x0026 -> Node 0
[    0.000000] SRAT: PXM 0 -> APIC 0x0028 -> Node 0
[    0.000000] SRAT: PXM 0 -> APIC 0x002a -> Node 0
[    0.000000] SRAT: PXM 0 -> APIC 0x0030 -> Node 0
[    0.000000] SRAT: PXM 0 -> APIC 0x0032 -> Node 0
[    0.000000] SRAT: PXM 0 -> APIC 0x0034 -> Node 0
[    0.000000] SRAT: PXM 0 -> APIC 0x0036 -> Node 0
[    0.000000] SRAT: PXM 0 -> APIC 0x0038 -> Node 0
[    0.000000] SRAT: PXM 0 -> APIC 0x003a -> Node 0
[    0.000000] SRAT: PXM 1 -> APIC 0x0040 -> Node 1
[    0.000000] SRAT: PXM 1 -> APIC 0x0042 -> Node 1
[    0.000000] SRAT: PXM 1 -> APIC 0x0044 -> Node 1
[    0.000000] SRAT: PXM 1 -> APIC 0x0046 -> Node 1
[    0.000000] SRAT: PXM 1 -> APIC 0x0048 -> Node 1
[    0.000000] SRAT: PXM 1 -> APIC 0x004a -> Node 1
[    0.000000] SRAT: PXM 1 -> APIC 0x0050 -> Node 1
[    0.000000] SRAT: PXM 1 -> APIC 0x0052 -> Node 1
[    0.000000] SRAT: PXM 1 -> APIC 0x0054 -> Node 1
[    0.000000] SRAT: PXM 1 -> APIC 0x0056 -> Node 1
[    0.000000] SRAT: PXM 1 -> APIC 0x0058 -> Node 1
[    0.000000] SRAT: PXM 1 -> APIC 0x005a -> Node 1
[    0.000000] SRAT: PXM 1 -> APIC 0x0060 -> Node 1
[    0.000000] SRAT: PXM 1 -> APIC 0x0062 -> Node 1
[    0.000000] SRAT: PXM 1 -> APIC 0x0064 -> Node 1
[    0.000000] SRAT: PXM 1 -> APIC 0x0066 -> Node 1
[    0.000000] SRAT: PXM 1 -> APIC 0x0068 -> Node 1
[    0.000000] SRAT: PXM 1 -> APIC 0x006a -> Node 1
[    0.000000] SRAT: PXM 1 -> APIC 0x0070 -> Node 1
[    0.000000] SRAT: PXM 1 -> APIC 0x0072 -> Node 1
[    0.000000] SRAT: PXM 1 -> APIC 0x0074 -> Node 1
[    0.000000] SRAT: PXM 1 -> APIC 0x0076 -> Node 1
[    0.000000] SRAT: PXM 1 -> APIC 0x0078 -> Node 1
[    0.000000] SRAT: PXM 1 -> APIC 0x007a -> Node 1
[    0.000000] SRAT: PXM 0 -> APIC 0x0001 -> Node 0
[    0.000000] SRAT: PXM 0 -> APIC 0x0003 -> Node 0
[    0.000000] SRAT: PXM 0 -> APIC 0x0005 -> Node 0
[    0.000000] SRAT: PXM 0 -> APIC 0x0007 -> Node 0
[    0.000000] SRAT: PXM 0 -> APIC 0x0009 -> Node 0
[    0.000000] SRAT: PXM 0 -> APIC 0x000b -> Node 0
[    0.000000] SRAT: PXM 0 -> APIC 0x0011 -> Node 0
[    0.000000] SRAT: PXM 0 -> APIC 0x0013 -> Node 0
[    0.000000] SRAT: PXM 0 -> APIC 0x0015 -> Node 0
[    0.000000] SRAT: PXM 0 -> APIC 0x0017 -> Node 0
[    0.000000] SRAT: PXM 0 -> APIC 0x0019 -> Node 0
[    0.000000] SRAT: PXM 0 -> APIC 0x001b -> Node 0
[    0.000000] SRAT: PXM 0 -> APIC 0x0021 -> Node 0
[    0.000000] SRAT: PXM 0 -> APIC 0x0023 -> Node 0
[    0.000000] SRAT: PXM 0 -> APIC 0x0025 -> Node 0
[    0.000000] SRAT: PXM 0 -> APIC 0x0027 -> Node 0
[    0.000000] SRAT: PXM 0 -> APIC 0x0029 -> Node 0
[    0.000000] SRAT: PXM 0 -> APIC 0x002b -> Node 0
[    0.000000] SRAT: PXM 0 -> APIC 0x0031 -> Node 0
[    0.000000] SRAT: PXM 0 -> APIC 0x0033 -> Node 0
[    0.000000] SRAT: PXM 0 -> APIC 0x0035 -> Node 0
[    0.000000] SRAT: PXM 0 -> APIC 0x0037 -> Node 0
[    0.000000] SRAT: PXM 0 -> APIC 0x0039 -> Node 0
[    0.000000] SRAT: PXM 0 -> APIC 0x003b -> Node 0
[    0.000000] SRAT: PXM 1 -> APIC 0x0041 -> Node 1
[    0.000000] SRAT: PXM 1 -> APIC 0x0043 -> Node 1
[    0.000000] SRAT: PXM 1 -> APIC 0x0045 -> Node 1
[    0.000000] SRAT: PXM 1 -> APIC 0x0047 -> Node 1
[    0.000000] SRAT: PXM 1 -> APIC 0x0049 -> Node 1
[    0.000000] SRAT: PXM 1 -> APIC 0x004b -> Node 1
[    0.000000] SRAT: PXM 1 -> APIC 0x0051 -> Node 1
[    0.000000] SRAT: PXM 1 -> APIC 0x0053 -> Node 1
[    0.000000] SRAT: PXM 1 -> APIC 0x0055 -> Node 1
[    0.000000] SRAT: PXM 1 -> APIC 0x0057 -> Node 1
[    0.000000] SRAT: PXM 1 -> APIC 0x0059 -> Node 1
[    0.000000] SRAT: PXM 1 -> APIC 0x005b -> Node 1
[    0.000000] SRAT: PXM 1 -> APIC 0x0061 -> Node 1
[    0.000000] SRAT: PXM 1 -> APIC 0x0063 -> Node 1
[    0.000000] SRAT: PXM 1 -> APIC 0x0065 -> Node 1
[    0.000000] SRAT: PXM 1 -> APIC 0x0067 -> Node 1
[    0.000000] SRAT: PXM 1 -> APIC 0x0069 -> Node 1
[    0.000000] SRAT: PXM 1 -> APIC 0x006b -> Node 1
[    0.000000] SRAT: PXM 1 -> APIC 0x0071 -> Node 1
[    0.000000] SRAT: PXM 1 -> APIC 0x0073 -> Node 1
[    0.000000] SRAT: PXM 1 -> APIC 0x0075 -> Node 1
[    0.000000] SRAT: PXM 1 -> APIC 0x0077 -> Node 1
[    0.000000] SRAT: PXM 1 -> APIC 0x0079 -> Node 1
[    0.000000] SRAT: PXM 1 -> APIC 0x007b -> Node 1
[    0.000000] ACPI: SRAT: Node 0 PXM 0 [mem 0x00000000-0xbfffffff]
[    0.000000] ACPI: SRAT: Node 0 PXM 0 [mem 0x100000000-0x303fffffff]
[    0.000000] ACPI: SRAT: Node 1 PXM 1 [mem 0x3040000000-0x603fffffff]
[    0.000000] NUMA: Initialized distance table, cnt=2
[    0.000000] NUMA: Node 0 [mem 0x00000000-0xbfffffff] + [mem 0x100000000-0x303fffffff] -> [mem 0x00000000-0x303fffffff]
[    0.000000] NODE_DATA(0) allocated [mem 0x303ffd5000-0x303fffffff]
[    0.000000] NODE_DATA(1) allocated [mem 0x603ffd1000-0x603fffbfff]
[    0.000000] Zone ranges:
[    0.000000]   DMA      [mem 0x0000000000001000-0x0000000000ffffff]
[    0.000000]   DMA32    [mem 0x0000000001000000-0x00000000ffffffff]
[    0.000000]   Normal   [mem 0x0000000100000000-0x000000603fffffff]
[    0.000000]   Device   empty
[    0.000000] Movable zone start for each node
[    0.000000] Early memory node ranges
[    0.000000]   node   0: [mem 0x0000000000001000-0x000000000009dfff]
[    0.000000]   node   0: [mem 0x0000000000100000-0x000000009f783fff]
[    0.000000]   node   0: [mem 0x00000000a01c0000-0x00000000a05f8fff]
[    0.000000]   node   0: [mem 0x00000000a067f000-0x00000000a07d1fff]
[    0.000000]   node   0: [mem 0x00000000a0984000-0x00000000a8383fff]
[    0.000000]   node   0: [mem 0x00000000aa484000-0x00000000aa7bdfff]
[    0.000000]   node   0: [mem 0x00000000ac8f4000-0x00000000af7fffff]
[    0.000000]   node   0: [mem 0x0000000100000000-0x000000303fffffff]
[    0.000000]   node   1: [mem 0x0000003040000000-0x000000603fffffff]
[    0.000000] Reserved but unavailable: 99 pages
[    0.000000] Initmem setup node 0 [mem 0x0000000000001000-0x000000303fffffff]
[    0.000000] On node 0 totalpages: 50243827
[    0.000000]   DMA zone: 64 pages used for memmap
[    0.000000]   DMA zone: 21 pages reserved
[    0.000000]   DMA zone: 3997 pages, LIFO batch:0
[    0.000000]   DMA32 zone: 10854 pages used for memmap
[    0.000000]   DMA32 zone: 694614 pages, LIFO batch:31
[    0.000000]   Normal zone: 774144 pages used for memmap
[    0.000000]   Normal zone: 49545216 pages, LIFO batch:31
[    0.000000] Initmem setup node 1 [mem 0x0000003040000000-0x000000603fffffff]
[    0.000000] On node 1 totalpages: 50331648
[    0.000000]   Normal zone: 786432 pages used for memmap
[    0.000000]   Normal zone: 50331648 pages, LIFO batch:31
[    0.000000] ACPI: PM-Timer IO Port: 0x508
[    0.000000] ACPI: Local APIC address 0xfee00000
[    0.000000] Ignoring secondary SMT threads
[    0.000000] ACPI: X2APIC_NMI (uid[0xffffffff] high level lint[0x1])
[    0.000000] ACPI: LAPIC_NMI (acpi_id[0xff] dfl edge lint[0x1])
[    0.000000] IOAPIC[0]: apic_id 8, version 32, address 0xfec00000, GSI 0-23
[    0.000000] IOAPIC[1]: apic_id 9, version 32, address 0xfec01000, GSI 24-31
[    0.000000] IOAPIC[2]: apic_id 10, version 32, address 0xfec08000, GSI 32-39
[    0.000000] IOAPIC[3]: apic_id 11, version 32, address 0xfec10000, GSI 40-47
[    0.000000] IOAPIC[4]: apic_id 12, version 32, address 0xfec18000, GSI 48-55
[    0.000000] IOAPIC[5]: apic_id 15, version 32, address 0xfec20000, GSI 72-79
[    0.000000] IOAPIC[6]: apic_id 16, version 32, address 0xfec28000, GSI 80-87
[    0.000000] IOAPIC[7]: apic_id 17, version 32, address 0xfec30000, GSI 88-95
[    0.000000] IOAPIC[8]: apic_id 18, version 32, address 0xfec38000, GSI 96-103
[    0.000000] ACPI: INT_SRC_OVR (bus 0 bus_irq 0 global_irq 2 dfl dfl)
[    0.000000] ACPI: INT_SRC_OVR (bus 0 bus_irq 9 global_irq 9 high level)
[    0.000000] ACPI: IRQ0 used by override.
[    0.000000] ACPI: IRQ9 used by override.
[    0.000000] Using ACPI (MADT) for SMP configuration information
[    0.000000] ACPI: HPET id: 0x8086a701 base: 0xfed00000
[    0.000000] smpboot: Allowing 48 CPUs, 0 hotplug CPUs
[    0.000000] PM: Registered nosave memory: [mem 0x00000000-0x00000fff]
[    0.000000] PM: Registered nosave memory: [mem 0x0009e000-0x0009efff]
[    0.000000] PM: Registered nosave memory: [mem 0x0009f000-0x0009ffff]
[    0.000000] PM: Registered nosave memory: [mem 0x000a0000-0x000dffff]
[    0.000000] PM: Registered nosave memory: [mem 0x000e0000-0x000fffff]
[    0.000000] PM: Registered nosave memory: [mem 0x9f784000-0xa01bffff]
[    0.000000] PM: Registered nosave memory: [mem 0xa05f9000-0xa067efff]
[    0.000000] PM: Registered nosave memory: [mem 0xa07d2000-0xa0983fff]
[    0.000000] PM: Registered nosave memory: [mem 0xa8384000-0xaa483fff]
[    0.000000] PM: Registered nosave memory: [mem 0xaa7be000-0xaaed3fff]
[    0.000000] PM: Registered nosave memory: [mem 0xaaed4000-0xac8f3fff]
[    0.000000] PM: Registered nosave memory: [mem 0xaf800000-0xcfffffff]
[    0.000000] PM: Registered nosave memory: [mem 0xd0000000-0xfcffffff]
[    0.000000] PM: Registered nosave memory: [mem 0xfd000000-0xfe7fffff]
[    0.000000] PM: Registered nosave memory: [mem 0xfe800000-0xfed1ffff]
[    0.000000] PM: Registered nosave memory: [mem 0xfed20000-0xfed44fff]
[    0.000000] PM: Registered nosave memory: [mem 0xfed45000-0xfeffffff]
[    0.000000] PM: Registered nosave memory: [mem 0xff000000-0xffffffff]
[    0.000000] e820: [mem 0xd0000000-0xfcffffff] available for PCI devices
[    0.000000] Booting paravirtualized kernel on bare hardware
[    0.000000] clocksource: refined-jiffies: mask: 0xffffffff max_cycles: 0xffffffff, max_idle_ns: 7645519600211568 ns
[    0.000000] random: get_random_bytes called from start_kernel+0x99/0x4fd with crng_init=0
[    0.000000] setup_percpu: NR_CPUS:8192 nr_cpumask_bits:48 nr_cpu_ids:48 nr_node_ids:2
[    0.000000] percpu: Embedded 45 pages/cpu s147456 r8192 d28672 u262144
[    0.000000] pcpu-alloc: s147456 r8192 d28672 u262144 alloc=1*2097152
[    0.000000] pcpu-alloc: [0] 00 01 02 03 04 05 06 07 [0] 08 09 10 11 12 13 14 15 
[    0.000000] pcpu-alloc: [0] 16 17 18 19 20 21 22 23 [1] 24 25 26 27 28 29 30 31 
[    0.000000] pcpu-alloc: [1] 32 33 34 35 36 37 38 39 [1] 40 41 42 43 44 45 46 47 
[    0.000000] Built 2 zonelists, mobility grouping on.  Total pages: 99003960
[    0.000000] Policy zone: Normal
[    0.000000] Kernel command line: BOOT_IMAGE=/boot/vmlinuz-4.15.0-1057-aws root=UUID=8abb4f2d-c7e0-4daf-80b5-24e1c814cf55 ro nosmt=force console=tty1 console=ttyS0 nvme_core.io_timeout=4294967295
[    0.000000] log_buf_len individual max cpu contribution: 4096 bytes
[    0.000000] log_buf_len total cpu_extra contributions: 192512 bytes
[    0.000000] log_buf_len min size: 262144 bytes
[    0.000000] log_buf_len: 524288 bytes
[    0.000000] early log buf free: 229676(87%)
[    0.000000] Calgary: detecting Calgary via BIOS EBDA area
[    0.000000] Calgary: Unable to locate Rio Grande table in EBDA - bailing!
[    0.000000] Memory: 395893016K/402301900K available (12300K kernel code, 2402K rwdata, 3912K rodata, 2400K init, 2664K bss, 6408884K reserved, 0K cma-reserved)
[    0.000000] SLUB: HWalign=64, Order=0-3, MinObjects=0, CPUs=48, Nodes=2
[    0.000000] Kernel/User page tables isolation: enabled
[    0.000000] ftrace: allocating 37676 entries in 148 pages
[    0.000000] Hierarchical RCU implementation.
[    0.000000] 	RCU restricting CPUs from NR_CPUS=8192 to nr_cpu_ids=48.
[    0.000000] 	Tasks RCU enabled.
[    0.000000] RCU: Adjusting geometry for rcu_fanout_leaf=16, nr_cpu_ids=48
[    0.000000] NR_IRQS: 524544, nr_irqs: 2168, preallocated irqs: 16
[    0.000000] Console: colour dummy device 80x25
[    0.000000] console [tty1] enabled
[    0.000000] console [ttyS0] enabled
[    0.000000] mempolicy: Enabling automatic NUMA balancing. Configure with numa_balancing= or the kernel.numa_balancing sysctl
[    0.000000] ACPI: Core revision 20170831
[    0.000000] ACPI: 5 ACPI AML tables successfully acquired and loaded
[    0.000000] clocksource: hpet: mask: 0xffffffff max_cycles: 0xffffffff, max_idle_ns: 79635855245 ns
[    0.000000] hpet clockevent registered
[    0.004000] APIC: Switch to symmetric I/O mode setup
[    0.004000] DMAR: Host address width 46
[    0.004000] DMAR: DRHD base: 0x000000ecffc000 flags: 0x0
[    0.004000] DMAR: dmar0: reg_base_addr ecffc000 ver 1:0 cap 8d2078c106f0466 ecap f020df
[    0.004000] DMAR: DRHD base: 0x000000f5ffc000 flags: 0x0
[    0.004000] DMAR: dmar1: reg_base_addr f5ffc000 ver 1:0 cap 8d2078c106f0466 ecap f020df
[    0.004000] DMAR: DRHD base: 0x000000f8ffc000 flags: 0x0
[    0.004000] DMAR: dmar2: reg_base_addr f8ffc000 ver 1:0 cap 8d2078c106f0466 ecap f020df
[    0.004000] DMAR: DRHD base: 0x000000fbffc000 flags: 0x0
[    0.004000] DMAR: dmar3: reg_base_addr fbffc000 ver 1:0 cap 8d2078c106f0466 ecap f020df
[    0.004000] DMAR: DRHD base: 0x000000d9ffc000 flags: 0x0
[    0.004000] DMAR: dmar4: reg_base_addr d9ffc000 ver 1:0 cap 8d2078c106f0466 ecap f020df
[    0.004000] DMAR: DRHD base: 0x000000e2ffc000 flags: 0x0
[    0.008000] DMAR: dmar5: reg_base_addr e2ffc000 ver 1:0 cap 8d2078c106f0466 ecap f020df
[    0.008000] DMAR: DRHD base: 0x000000ebffc000 flags: 0x0
[    0.008000] DMAR: dmar6: reg_base_addr ebffc000 ver 1:0 cap 8d2078c106f0466 ecap f020df
[    0.008000] DMAR: DRHD base: 0x000000d6ffc000 flags: 0x1
[    0.008000] DMAR: dmar7: reg_base_addr d6ffc000 ver 1:0 cap 8d2078c106f0466 ecap f020df
[    0.008000] DMAR: RMRR base: 0x000000ac49e000 end: 0x000000ac4aefff
[    0.008000] DMAR: ATSR flags: 0x0
[    0.008000] DMAR: ATSR flags: 0x0
[    0.008000] DMAR: RHSA base: 0x000000d6ffc000 proximity domain: 0x0
[    0.008000] DMAR: RHSA base: 0x000000d9ffc000 proximity domain: 0x0
[    0.008000] DMAR: RHSA base: 0x000000e2ffc000 proximity domain: 0x0
[    0.008000] DMAR: RHSA base: 0x000000ebffc000 proximity domain: 0x0
[    0.008000] DMAR: RHSA base: 0x000000ecffc000 proximity domain: 0x1
[    0.012000] DMAR: RHSA base: 0x000000f5ffc000 proximity domain: 0x1
[    0.012000] DMAR: RHSA base: 0x000000f8ffc000 proximity domain: 0x1
[    0.012000] DMAR: RHSA base: 0x000000fbffc000 proximity domain: 0x1
[    0.012000] DMAR-IR: IOAPIC id 12 under DRHD base  0xebffc000 IOMMU 6
[    0.012000] DMAR-IR: IOAPIC id 11 under DRHD base  0xe2ffc000 IOMMU 5
[    0.012000] DMAR-IR: IOAPIC id 10 under DRHD base  0xd9ffc000 IOMMU 4
[    0.012000] DMAR-IR: IOAPIC id 18 under DRHD base  0xfbffc000 IOMMU 3
[    0.012000] DMAR-IR: IOAPIC id 17 under DRHD base  0xf8ffc000 IOMMU 2
[    0.012000] DMAR-IR: IOAPIC id 16 under DRHD base  0xf5ffc000 IOMMU 1
[    0.012000] DMAR-IR: IOAPIC id 15 under DRHD base  0xecffc000 IOMMU 0
[    0.012000] DMAR-IR: IOAPIC id 8 under DRHD base  0xd6ffc000 IOMMU 7
[    0.012000] DMAR-IR: IOAPIC id 9 under DRHD base  0xd6ffc000 IOMMU 7
[    0.016000] DMAR-IR: HPET id 0 under DRHD base 0xd6ffc000
[    0.016000] DMAR-IR: Queued invalidation will be enabled to support x2apic and Intr-remapping.
[    0.016000] DMAR-IR: Enabled IRQ remapping in x2apic mode
[    0.016000] ..TIMER: vector=0x30 apic1=0 pin1=2 apic2=-1 pin2=-1
[    0.016000] tsc: Detected 2500.000 MHz processor
[    0.016000] Calibrating delay loop (skipped), value calculated using timer frequency.. 5000.00 BogoMIPS (lpj=10000000)
[    0.016000] pid_max: default: 49152 minimum: 384
[    0.016000] Security Framework initialized
[    0.016000] Yama: becoming mindful.
[    0.016000] AppArmor: AppArmor initialized
[    0.039555] Dentry cache hash table entries: 16777216 (order: 15, 134217728 bytes)
[    0.050426] Inode-cache hash table entries: 8388608 (order: 14, 67108864 bytes)
[    0.051176] Mount-cache hash table entries: 262144 (order: 9, 2097152 bytes)
[    0.051873] Mountpoint-cache hash table entries: 262144 (order: 9, 2097152 bytes)
[    0.052364] ENERGY_PERF_BIAS: Set to 'normal', was 'performance'
[    0.052678] ENERGY_PERF_BIAS: View and update with x86_energy_perf_policy(8)
[    0.053064] CPU0: Thermal monitoring enabled (TM1)
[    0.053364] process: using mwait in idle threads
[    0.053610] Last level iTLB entries: 4KB 64, 2MB 8, 4MB 8
[    0.053888] Last level dTLB entries: 4KB 64, 2MB 0, 4MB 0, 1GB 4
[    0.054198] Spectre V1 : Mitigation: usercopy/swapgs barriers and __user pointer sanitization
[    0.054633] Spectre V2 : Mitigation: Full generic retpoline
[    0.054920] Spectre V2 : Spectre v2 / SpectreRSB mitigation: Filling RSB on context switch
[    0.055342] Spectre V2 : Enabling Restricted Speculation for firmware calls
[    0.055704] Spectre V2 : mitigation: Enabling conditional Indirect Branch Prediction Barrier
[    0.056002] Speculative Store Bypass: Mitigation: Speculative Store Bypass disabled via prctl and seccomp
[    0.056516] MDS: Mitigation: Clear CPU buffers
[    0.056751] TAA: Mitigation: Clear CPU buffers
[    0.065560] Freeing SMP alternatives memory: 36K
[    0.068129] TSC deadline timer enabled
[    0.068137] smpboot: CPU0: Intel(R) Xeon(R) Platinum 8175M CPU @ 2.50GHz (family: 0x6, model: 0x55, stepping: 0x4)
[    0.068819] Performance Events: PEBS fmt3+, Skylake events, 32-deep LBR, full-width counters, Intel PMU driver.
[    0.069372] ... version:                4
[    0.069583] ... bit width:              48
[    0.069798] ... generic registers:      4
[    0.070010] ... value mask:             0000ffffffffffff
[    0.070287] ... max period:             00007fffffffffff
[    0.070563] ... fixed-purpose events:   3
[    0.070774] ... event mask:             000000070000000f
[    0.071114] Hierarchical SRCU implementation.
[    0.077391] NMI watchdog: Enabled. Permanently consumes one hw-PMU counter.
[    0.077769] smp: Bringing up secondary CPUs ...
[    0.078104] x86: Booting SMP configuration:
[    0.078329] .... node  #0, CPUs:        #1  #2  #3  #4  #5  #6  #7  #8  #9 #10 #11 #12 #13 #14 #15 #16 #17 #18 #19 #20 #21 #22 #23
[    0.144003] .... node  #1, CPUs:   #24 #25 #26 #27 #28 #29 #30 #31 #32 #33 #34 #35 #36 #37 #38 #39 #40 #41 #42 #43 #44 #45 #46 #47
[    0.214200] smp: Brought up 2 nodes, 48 CPUs
[    0.214200] smpboot: Max logical packages: 2
[    0.214200] smpboot: Total of 48 processors activated (240000.00 BogoMIPS)
[    0.227074] devtmpfs: initialized
[    0.227074] x86/mm: Memory block size: 2048MB
[    0.229416] evm: security.selinux
[    0.229597] evm: security.SMACK64
[    0.229773] evm: security.SMACK64EXEC
[    0.229967] evm: security.SMACK64TRANSMUTE
[    0.230182] evm: security.SMACK64MMAP
[    0.230376] evm: security.apparmor
[    0.230556] evm: security.ima
[    0.230715] evm: security.capability
[    0.230939] PM: Registering ACPI NVS region [mem 0x9f784000-0xa01bffff] (10731520 bytes)
[    0.230939] PM: Registering ACPI NVS region [mem 0xaa7be000-0xaaed3fff] (7430144 bytes)
[    0.232227] clocksource: jiffies: mask: 0xffffffff max_cycles: 0xffffffff, max_idle_ns: 7645041785100000 ns
[    0.232573] futex hash table entries: 16384 (order: 8, 1048576 bytes)
[    0.233430] RTC time: 10:59:59, date: 01/28/20
[    0.235664] NET: Registered protocol family 16
[    0.236114] audit: initializing netlink subsys (disabled)
[    0.236404] audit: type=2000 audit(1580209198.236:1): state=initialized audit_enabled=0 res=1
[    0.236452] cpuidle: using governor ladder
[    0.236452] cpuidle: using governor menu
[    0.236452] Detected 1 PCC Subspaces
[    0.236452] Registering PCC driver as Mailbox controller
[    0.236919] ACPI: bus type PCI registered
[    0.237135] acpiphp: ACPI Hot Plug PCI Controller Driver version: 0.5
[    0.237549] PCI: MMCONFIG for domain 0000 [bus 00-ff] at [mem 0xc0000000-0xcfffffff] (base 0xc0000000)
[    0.238029] PCI: MMCONFIG at [mem 0xc0000000-0xcfffffff] reserved in E820
[    0.238386] pmd_set_huge: Cannot satisfy [mem 0xc0000000-0xc0200000] with a huge-page mapping due to MTRR override.
[    0.240388] PCI: Using configuration type 1 for base access
[    0.244848] HugeTLB registered 1.00 GiB page size, pre-allocated 0 pages
[    0.244848] HugeTLB registered 2.00 MiB page size, pre-allocated 0 pages
[    0.244848] ACPI: Added _OSI(Module Device)
[    0.244848] ACPI: Added _OSI(Processor Device)
[    0.244848] ACPI: Added _OSI(3.0 _SCP Extensions)
[    0.244910] ACPI: Added _OSI(Processor Aggregator Device)
[    0.245192] ACPI: Added _OSI(Linux-Dell-Video)
[    0.245192] ACPI: Added _OSI(Linux-Lenovo-NV-HDMI-Audio)
[    0.245192] ACPI: Added _OSI(Linux-HPI-Hybrid-Graphics)
[    0.297310] ACPI: [Firmware Bug]: BIOS _OSI(Linux) query ignored
[    0.328361] ACPI: Dynamic OEM Table Load:
[    0.340512] ACPI: Dynamic OEM Table Load:
[    0.348103] ACPI: Dynamic OEM Table Load:
[    0.452647] ACPI: Interpreter enabled
[    0.452857] ACPI: (supports S0 S5)
[    0.453043] ACPI: Using IOAPIC for interrupt routing
[    0.453337] PCI: Using host bridge windows from ACPI; if necessary, use "pci=nocrs" and report a bug
[    0.455092] ACPI: Enabled 6 GPEs in block 00 to 7F
[    0.512053] APIC: NR_CPUS/possible_cpus limit of 48 reached. Processor 48/0x1 ignored.
[    0.512419] ACPI: Unable to map lapic to logical cpu number
[    0.513023] APIC: NR_CPUS/possible_cpus limit of 48 reached. Processor 49/0x3 ignored.
[    0.513436] ACPI: Unable to map lapic to logical cpu number
[    0.513973] APIC: NR_CPUS/possible_cpus limit of 48 reached. Processor 50/0x5 ignored.
[    0.514386] ACPI: Unable to map lapic to logical cpu number
[    0.514922] APIC: NR_CPUS/possible_cpus limit of 48 reached. Processor 51/0x7 ignored.
[    0.516004] ACPI: Unable to map lapic to logical cpu number
[    0.516543] APIC: NR_CPUS/possible_cpus limit of 48 reached. Processor 52/0x9 ignored.
[    0.516955] ACPI: Unable to map lapic to logical cpu number
[    0.517488] APIC: NR_CPUS/possible_cpus limit of 48 reached. Processor 53/0xb ignored.
[    0.517900] ACPI: Unable to map lapic to logical cpu number
[    0.518433] APIC: NR_CPUS/possible_cpus limit of 48 reached. Processor 54/0x11 ignored.
[    0.518850] ACPI: Unable to map lapic to logical cpu number
[    0.519382] APIC: NR_CPUS/possible_cpus limit of 48 reached. Processor 55/0x13 ignored.
[    0.519799] ACPI: Unable to map lapic to logical cpu number
[    0.520243] APIC: NR_CPUS/possible_cpus limit of 48 reached. Processor 56/0x15 ignored.
[    0.520660] ACPI: Unable to map lapic to logical cpu number
[    0.521192] APIC: NR_CPUS/possible_cpus limit of 48 reached. Processor 57/0x17 ignored.
[    0.521608] ACPI: Unable to map lapic to logical cpu number
[    0.522140] APIC: NR_CPUS/possible_cpus limit of 48 reached. Processor 58/0x19 ignored.
[    0.522557] ACPI: Unable to map lapic to logical cpu number
[    0.523088] APIC: NR_CPUS/possible_cpus limit of 48 reached. Processor 59/0x1b ignored.
[    0.523505] ACPI: Unable to map lapic to logical cpu number
[    0.524039] APIC: NR_CPUS/possible_cpus limit of 48 reached. Processor 60/0x21 ignored.
[    0.524456] ACPI: Unable to map lapic to logical cpu number
[    0.524988] APIC: NR_CPUS/possible_cpus limit of 48 reached. Processor 61/0x23 ignored.
[    0.525406] ACPI: Unable to map lapic to logical cpu number
[    0.525937] APIC: NR_CPUS/possible_cpus limit of 48 reached. Processor 62/0x25 ignored.
[    0.526354] ACPI: Unable to map lapic to logical cpu number
[    0.526885] APIC: NR_CPUS/possible_cpus limit of 48 reached. Processor 63/0x27 ignored.
[    0.527302] ACPI: Unable to map lapic to logical cpu number
[    0.527833] APIC: NR_CPUS/possible_cpus limit of 48 reached. Processor 64/0x29 ignored.
[    0.528001] ACPI: Unable to map lapic to logical cpu number
[    0.528532] APIC: NR_CPUS/possible_cpus limit of 48 reached. Processor 65/0x2b ignored.
[    0.528949] ACPI: Unable to map lapic to logical cpu number
[    0.529480] APIC: NR_CPUS/possible_cpus limit of 48 reached. Processor 66/0x31 ignored.
[    0.529897] ACPI: Unable to map lapic to logical cpu number
[    0.530428] APIC: NR_CPUS/possible_cpus limit of 48 reached. Processor 67/0x33 ignored.
[    0.530845] ACPI: Unable to map lapic to logical cpu number
[    0.531376] APIC: NR_CPUS/possible_cpus limit of 48 reached. Processor 68/0x35 ignored.
[    0.531792] ACPI: Unable to map lapic to logical cpu number
[    0.532243] APIC: NR_CPUS/possible_cpus limit of 48 reached. Processor 69/0x37 ignored.
[    0.532660] ACPI: Unable to map lapic to logical cpu number
[    0.533192] APIC: NR_CPUS/possible_cpus limit of 48 reached. Processor 70/0x39 ignored.
[    0.533608] ACPI: Unable to map lapic to logical cpu number
[    0.534140] APIC: NR_CPUS/possible_cpus limit of 48 reached. Processor 71/0x3b ignored.
[    0.534557] ACPI: Unable to map lapic to logical cpu number
[    0.539937] APIC: NR_CPUS/possible_cpus limit of 48 reached. Processor 72/0x41 ignored.
[    0.540001] ACPI: Unable to map lapic to logical cpu number
[    0.540532] APIC: NR_CPUS/possible_cpus limit of 48 reached. Processor 73/0x43 ignored.
[    0.540949] ACPI: Unable to map lapic to logical cpu number
[    0.541481] APIC: NR_CPUS/possible_cpus limit of 48 reached. Processor 74/0x45 ignored.
[    0.541897] ACPI: Unable to map lapic to logical cpu number
[    0.542428] APIC: NR_CPUS/possible_cpus limit of 48 reached. Processor 75/0x47 ignored.
[    0.542845] ACPI: Unable to map lapic to logical cpu number
[    0.543376] APIC: NR_CPUS/possible_cpus limit of 48 reached. Processor 76/0x49 ignored.
[    0.543793] ACPI: Unable to map lapic to logical cpu number
[    0.544242] APIC: NR_CPUS/possible_cpus limit of 48 reached. Processor 77/0x4b ignored.
[    0.544658] ACPI: Unable to map lapic to logical cpu number
[    0.545189] APIC: NR_CPUS/possible_cpus limit of 48 reached. Processor 78/0x51 ignored.
[    0.545606] ACPI: Unable to map lapic to logical cpu number
[    0.546137] APIC: NR_CPUS/possible_cpus limit of 48 reached. Processor 79/0x53 ignored.
[    0.546554] ACPI: Unable to map lapic to logical cpu number
[    0.547085] APIC: NR_CPUS/possible_cpus limit of 48 reached. Processor 80/0x55 ignored.
[    0.547502] ACPI: Unable to map lapic to logical cpu number
[    0.548034] APIC: NR_CPUS/possible_cpus limit of 48 reached. Processor 81/0x57 ignored.
[    0.548450] ACPI: Unable to map lapic to logical cpu number
[    0.548981] APIC: NR_CPUS/possible_cpus limit of 48 reached. Processor 82/0x59 ignored.
[    0.549398] ACPI: Unable to map lapic to logical cpu number
[    0.549929] APIC: NR_CPUS/possible_cpus limit of 48 reached. Processor 83/0x5b ignored.
[    0.550347] ACPI: Unable to map lapic to logical cpu number
[    0.550877] APIC: NR_CPUS/possible_cpus limit of 48 reached. Processor 84/0x61 ignored.
[    0.551294] ACPI: Unable to map lapic to logical cpu number
[    0.551829] APIC: NR_CPUS/possible_cpus limit of 48 reached. Processor 85/0x63 ignored.
[    0.552001] ACPI: Unable to map lapic to logical cpu number
[    0.552532] APIC: NR_CPUS/possible_cpus limit of 48 reached. Processor 86/0x65 ignored.
[    0.552948] ACPI: Unable to map lapic to logical cpu number
[    0.553479] APIC: NR_CPUS/possible_cpus limit of 48 reached. Processor 87/0x67 ignored.
[    0.553897] ACPI: Unable to map lapic to logical cpu number
[    0.554428] APIC: NR_CPUS/possible_cpus limit of 48 reached. Processor 88/0x69 ignored.
[    0.554844] ACPI: Unable to map lapic to logical cpu number
[    0.555375] APIC: NR_CPUS/possible_cpus limit of 48 reached. Processor 89/0x6b ignored.
[    0.555792] ACPI: Unable to map lapic to logical cpu number
[    0.556242] APIC: NR_CPUS/possible_cpus limit of 48 reached. Processor 90/0x71 ignored.
[    0.556659] ACPI: Unable to map lapic to logical cpu number
[    0.557190] APIC: NR_CPUS/possible_cpus limit of 48 reached. Processor 91/0x73 ignored.
[    0.557607] ACPI: Unable to map lapic to logical cpu number
[    0.558137] APIC: NR_CPUS/possible_cpus limit of 48 reached. Processor 92/0x75 ignored.
[    0.558554] ACPI: Unable to map lapic to logical cpu number
[    0.559085] APIC: NR_CPUS/possible_cpus limit of 48 reached. Processor 93/0x77 ignored.
[    0.559502] ACPI: Unable to map lapic to logical cpu number
[    0.560034] APIC: NR_CPUS/possible_cpus limit of 48 reached. Processor 94/0x79 ignored.
[    0.560451] ACPI: Unable to map lapic to logical cpu number
[    0.560982] APIC: NR_CPUS/possible_cpus limit of 48 reached. Processor 95/0x7b ignored.
[    0.561399] ACPI: Unable to map lapic to logical cpu number
[    0.562213] ACPI: PCI Root Bridge [PC00] (domain 0000 [bus 00-16])
[    0.562542] acpi PNP0A08:00: _OSC: OS supports [ExtendedConfig ASPM ClockPM Segments MSI]
[    0.563102] acpi PNP0A08:00: _OSC: platform does not support [AER]
[    0.563556] acpi PNP0A08:00: _OSC: OS now controls [PCIeHotplug PME PCIeCapability]
[    0.564433] PCI host bridge to bus 0000:00
[    0.564651] pci_bus 0000:00: root bus resource [io  0x0000-0x03af window]
[    0.565003] pci_bus 0000:00: root bus resource [io  0x03e0-0x0cf7 window]
[    0.565354] pci_bus 0000:00: root bus resource [io  0x03b0-0x03bb window]
[    0.565706] pci_bus 0000:00: root bus resource [io  0x03c0-0x03df window]
[    0.566057] pci_bus 0000:00: root bus resource [io  0x1000-0x3fff window]
[    0.566409] pci_bus 0000:00: root bus resource [mem 0x000a0000-0x000bffff window]
[    0.566797] pci_bus 0000:00: root bus resource [mem 0x000c4000-0x000c7fff window]
[    0.567184] pci_bus 0000:00: root bus resource [mem 0xfe010000-0xfe010fff window]
[    0.567570] pci_bus 0000:00: root bus resource [mem 0xd0000000-0xd6ffffff window]
[    0.567957] pci_bus 0000:00: root bus resource [mem 0x380000000000-0x38ffffffffff window]
[    0.568001] pci_bus 0000:00: root bus resource [bus 00-16]
[    0.568295] pci 0000:00:00.0: [8086:2020] type 00 class 0x060000
[    0.568447] pci 0000:00:04.0: [8086:2021] type 00 class 0x088000
[    0.568458] pci 0000:00:04.0: reg 0x10: [mem 0x38fffff2c000-0x38fffff2ffff 64bit]
[    0.568587] pci 0000:00:04.1: [8086:2021] type 00 class 0x088000
[    0.568597] pci 0000:00:04.1: reg 0x10: [mem 0x38fffff28000-0x38fffff2bfff 64bit]
[    0.568722] pci 0000:00:04.2: [8086:2021] type 00 class 0x088000
[    0.568733] pci 0000:00:04.2: reg 0x10: [mem 0x38fffff24000-0x38fffff27fff 64bit]
[    0.568856] pci 0000:00:04.3: [8086:2021] type 00 class 0x088000
[    0.568867] pci 0000:00:04.3: reg 0x10: [mem 0x38fffff20000-0x38fffff23fff 64bit]
[    0.568992] pci 0000:00:04.4: [8086:2021] type 00 class 0x088000
[    0.569002] pci 0000:00:04.4: reg 0x10: [mem 0x38fffff1c000-0x38fffff1ffff 64bit]
[    0.569126] pci 0000:00:04.5: [8086:2021] type 00 class 0x088000
[    0.569136] pci 0000:00:04.5: reg 0x10: [mem 0x38fffff18000-0x38fffff1bfff 64bit]
[    0.569262] pci 0000:00:04.6: [8086:2021] type 00 class 0x088000
[    0.569272] pci 0000:00:04.6: reg 0x10: [mem 0x38fffff14000-0x38fffff17fff 64bit]
[    0.569395] pci 0000:00:04.7: [8086:2021] type 00 class 0x088000
[    0.569406] pci 0000:00:04.7: reg 0x10: [mem 0x38fffff10000-0x38fffff13fff 64bit]
[    0.569529] pci 0000:00:05.0: [8086:2024] type 00 class 0x088000
[    0.569650] pci 0000:00:05.2: [8086:2025] type 00 class 0x088000
[    0.569768] pci 0000:00:05.4: [8086:2026] type 00 class 0x080020
[    0.569776] pci 0000:00:05.4: reg 0x10: [mem 0xd6f0a000-0xd6f0afff]
[    0.569898] pci 0000:00:08.0: [8086:2014] type 00 class 0x088000
[    0.570008] pci 0000:00:08.1: [8086:2015] type 00 class 0x110100
[    0.570107] pci 0000:00:08.2: [8086:2016] type 00 class 0x088000
[    0.570229] pci 0000:00:11.0: [8086:a1ec] type 00 class 0xff0000
[    0.570410] pci 0000:00:11.1: [8086:a1ed] type 00 class 0xff0000
[    0.570596] pci 0000:00:11.5: [8086:a1d2] type 00 class 0x010601
[    0.570612] pci 0000:00:11.5: reg 0x10: [mem 0xd6f06000-0xd6f07fff]
[    0.570619] pci 0000:00:11.5: reg 0x14: [mem 0xd6f09000-0xd6f090ff]
[    0.570626] pci 0000:00:11.5: reg 0x18: [io  0x3070-0x3077]
[    0.570633] pci 0000:00:11.5: reg 0x1c: [io  0x3060-0x3063]
[    0.570640] pci 0000:00:11.5: reg 0x20: [io  0x3020-0x303f]
[    0.570647] pci 0000:00:11.5: reg 0x24: [mem 0xd6e80000-0xd6efffff]
[    0.570683] pci 0000:00:11.5: PME# supported from D3hot
[    0.570835] pci 0000:00:14.0: [8086:a1af] type 00 class 0x0c0330
[    0.570856] pci 0000:00:14.0: reg 0x10: [mem 0x38fffff00000-0x38fffff0ffff 64bit]
[    0.570917] pci 0000:00:14.0: PME# supported from D3hot D3cold
[    0.571049] pci 0000:00:14.2: [8086:a1b1] type 00 class 0x118000
[    0.571069] pci 0000:00:14.2: reg 0x10: [mem 0x38fffff32000-0x38fffff32fff 64bit]
[    0.571232] pci 0000:00:16.0: [8086:a1ba] type 00 class 0x078000
[    0.571259] pci 0000:00:16.0: reg 0x10: [mem 0x38fffff31000-0x38fffff31fff 64bit]
[    0.571341] pci 0000:00:16.0: PME# supported from D3hot
[    0.571448] pci 0000:00:16.4: [8086:a1be] type 00 class 0x078000
[    0.571475] pci 0000:00:16.4: reg 0x10: [mem 0x38fffff30000-0x38fffff30fff 64bit]
[    0.571556] pci 0000:00:16.4: PME# supported from D3hot
[    0.571664] pci 0000:00:17.0: [8086:a182] type 00 class 0x010601
[    0.571681] pci 0000:00:17.0: reg 0x10: [mem 0xd6f04000-0xd6f05fff]
[    0.571687] pci 0000:00:17.0: reg 0x14: [mem 0xd6f08000-0xd6f080ff]
[    0.571694] pci 0000:00:17.0: reg 0x18: [io  0x3050-0x3057]
[    0.571701] pci 0000:00:17.0: reg 0x1c: [io  0x3040-0x3043]
[    0.571708] pci 0000:00:17.0: reg 0x20: [io  0x3000-0x301f]
[    0.571715] pci 0000:00:17.0: reg 0x24: [mem 0xd6e00000-0xd6e7ffff]
[    0.571751] pci 0000:00:17.0: PME# supported from D3hot
[    0.571897] pci 0000:00:1f.0: [8086:a1c1] type 00 class 0x060100
[    0.572128] pci 0000:00:1f.2: [8086:a1a1] type 00 class 0x058000
[    0.572143] pci 0000:00:1f.2: reg 0x10: [mem 0xd6f00000-0xd6f03fff]
[    0.572316] pci 0000:00:1f.4: [8086:a1a3] type 00 class 0x0c0500
[    0.572335] pci 0000:00:1f.4: reg 0x10: [mem 0x00000000-0x000000ff 64bit]
[    0.572357] pci 0000:00:1f.4: reg 0x20: [io  0x0780-0x079f]
[    0.572473] pci 0000:00:1f.5: [8086:a1a4] type 00 class 0x0c8000
[    0.572489] pci 0000:00:1f.5: reg 0x10: [mem 0xfe010000-0xfe010fff]
[    0.572635] pci_bus 0000:00: on NUMA node 0
[    0.573244] ACPI: PCI Root Bridge [PC01] (domain 0000 [bus 17-33])
[    0.573572] acpi PNP0A08:01: _OSC: OS supports [ExtendedConfig ASPM ClockPM Segments MSI]
[    0.574515] acpi PNP0A08:01: _OSC: platform does not support [AER]
[    0.575158] acpi PNP0A08:01: _OSC: OS now controls [PCIeHotplug PME PCIeCapability]
[    0.575730] PCI host bridge to bus 0000:17
[    0.575951] pci_bus 0000:17: root bus resource [io  0x4000-0x5fff window]
[    0.576002] pci_bus 0000:17: root bus resource [mem 0xd7000000-0xd9ffffff window]
[    0.576394] pci_bus 0000:17: root bus resource [mem 0x390000000000-0x39ffffffffff window]
[    0.576815] pci_bus 0000:17: root bus resource [bus 17-33]
[    0.577108] pci 0000:17:00.0: [8086:2030] type 01 class 0x060400
[    0.577131] pci 0000:17:00.0: enabling Extended Tags
[    0.577423] pci 0000:17:00.0: PME# supported from D0 D3hot D3cold
[    0.577508] pci 0000:17:05.0: [8086:2034] type 00 class 0x088000
[    0.577587] pci 0000:17:05.2: [8086:2035] type 00 class 0x088000
[    0.577666] pci 0000:17:05.4: [8086:2036] type 00 class 0x080020
[    0.577675] pci 0000:17:05.4: reg 0x10: [mem 0xd9f00000-0xd9f00fff]
[    0.577752] pci 0000:17:08.0: [8086:208d] type 00 class 0x088000
[    0.577813] pci 0000:17:08.1: [8086:208d] type 00 class 0x088000
[    0.577868] pci 0000:17:08.2: [8086:208d] type 00 class 0x088000
[    0.577923] pci 0000:17:08.3: [8086:208d] type 00 class 0x088000
[    0.577977] pci 0000:17:08.4: [8086:208d] type 00 class 0x088000
[    0.578031] pci 0000:17:08.5: [8086:208d] type 00 class 0x088000
[    0.578085] pci 0000:17:08.6: [8086:208d] type 00 class 0x088000
[    0.578140] pci 0000:17:08.7: [8086:208d] type 00 class 0x088000
[    0.578194] pci 0000:17:09.0: [8086:208d] type 00 class 0x088000
[    0.578254] pci 0000:17:09.1: [8086:208d] type 00 class 0x088000
[    0.578308] pci 0000:17:09.2: [8086:208d] type 00 class 0x088000
[    0.578363] pci 0000:17:09.3: [8086:208d] type 00 class 0x088000
[    0.578418] pci 0000:17:09.4: [8086:208d] type 00 class 0x088000
[    0.578473] pci 0000:17:09.5: [8086:208d] type 00 class 0x088000
[    0.578528] pci 0000:17:09.6: [8086:208d] type 00 class 0x088000
[    0.578584] pci 0000:17:09.7: [8086:208d] type 00 class 0x088000
[    0.578640] pci 0000:17:0a.0: [8086:208d] type 00 class 0x088000
[    0.578701] pci 0000:17:0a.1: [8086:208d] type 00 class 0x088000
[    0.578756] pci 0000:17:0a.2: [8086:208d] type 00 class 0x088000
[    0.578811] pci 0000:17:0a.3: [8086:208d] type 00 class 0x088000
[    0.578865] pci 0000:17:0a.4: [8086:208d] type 00 class 0x088000
[    0.578922] pci 0000:17:0a.5: [8086:208d] type 00 class 0x088000
[    0.578977] pci 0000:17:0a.6: [8086:208d] type 00 class 0x088000
[    0.579032] pci 0000:17:0a.7: [8086:208d] type 00 class 0x088000
[    0.579089] pci 0000:17:0b.0: [8086:208d] type 00 class 0x088000
[    0.579150] pci 0000:17:0b.1: [8086:208d] type 00 class 0x088000
[    0.579208] pci 0000:17:0b.2: [8086:208d] type 00 class 0x088000
[    0.579265] pci 0000:17:0b.3: [8086:208d] type 00 class 0x088000
[    0.579324] pci 0000:17:0e.0: [8086:208e] type 00 class 0x088000
[    0.579383] pci 0000:17:0e.1: [8086:208e] type 00 class 0x088000
[    0.579438] pci 0000:17:0e.2: [8086:208e] type 00 class 0x088000
[    0.579494] pci 0000:17:0e.3: [8086:208e] type 00 class 0x088000
[    0.579551] pci 0000:17:0e.4: [8086:208e] type 00 class 0x088000
[    0.579607] pci 0000:17:0e.5: [8086:208e] type 00 class 0x088000
[    0.579662] pci 0000:17:0e.6: [8086:208e] type 00 class 0x088000
[    0.579717] pci 0000:17:0e.7: [8086:208e] type 00 class 0x088000
[    0.579773] pci 0000:17:0f.0: [8086:208e] type 00 class 0x088000
[    0.579834] pci 0000:17:0f.1: [8086:208e] type 00 class 0x088000
[    0.579896] pci 0000:17:0f.2: [8086:208e] type 00 class 0x088000
[    0.579951] pci 0000:17:0f.3: [8086:208e] type 00 class 0x088000
[    0.580007] pci 0000:17:0f.4: [8086:208e] type 00 class 0x088000
[    0.580065] pci 0000:17:0f.5: [8086:208e] type 00 class 0x088000
[    0.580121] pci 0000:17:0f.6: [8086:208e] type 00 class 0x088000
[    0.580178] pci 0000:17:0f.7: [8086:208e] type 00 class 0x088000
[    0.580234] pci 0000:17:10.0: [8086:208e] type 00 class 0x088000
[    0.580295] pci 0000:17:10.1: [8086:208e] type 00 class 0x088000
[    0.580352] pci 0000:17:10.2: [8086:208e] type 00 class 0x088000
[    0.580408] pci 0000:17:10.3: [8086:208e] type 00 class 0x088000
[    0.580465] pci 0000:17:10.4: [8086:208e] type 00 class 0x088000
[    0.580525] pci 0000:17:10.5: [8086:208e] type 00 class 0x088000
[    0.580582] pci 0000:17:10.6: [8086:208e] type 00 class 0x088000
[    0.580638] pci 0000:17:10.7: [8086:208e] type 00 class 0x088000
[    0.580696] pci 0000:17:11.0: [8086:208e] type 00 class 0x088000
[    0.580757] pci 0000:17:11.1: [8086:208e] type 00 class 0x088000
[    0.580814] pci 0000:17:11.2: [8086:208e] type 00 class 0x088000
[    0.580872] pci 0000:17:11.3: [8086:208e] type 00 class 0x088000
[    0.580940] pci 0000:17:1d.0: [8086:2054] type 00 class 0x088000
[    0.581001] pci 0000:17:1d.1: [8086:2055] type 00 class 0x088000
[    0.581056] pci 0000:17:1d.2: [8086:2056] type 00 class 0x088000
[    0.581112] pci 0000:17:1d.3: [8086:2057] type 00 class 0x088000
[    0.581172] pci 0000:17:1e.0: [8086:2080] type 00 class 0x088000
[    0.581231] pci 0000:17:1e.1: [8086:2081] type 00 class 0x088000
[    0.581286] pci 0000:17:1e.2: [8086:2082] type 00 class 0x088000
[    0.581341] pci 0000:17:1e.3: [8086:2083] type 00 class 0x088000
[    0.581438] pci 0000:17:1e.4: [8086:2084] type 00 class 0x088000
[    0.581495] pci 0000:17:1e.5: [8086:2085] type 00 class 0x088000
[    0.581552] pci 0000:17:1e.6: [8086:2086] type 00 class 0x088000
[    0.581663] pci 0000:18:00.0: [1d0f:cd00] type 00 class 0x010802
[    0.581703] pci 0000:18:00.0: reg 0x10: [mem 0xd9e04000-0xd9e07fff 64bit]
[    0.581822] pci 0000:18:00.0: PME# supported from D0
[    0.581903] pci 0000:18:00.1: [1d0f:cd00] type 00 class 0x010802
[    0.581937] pci 0000:18:00.1: reg 0x10: [mem 0xd9e00000-0xd9e03fff 64bit]
[    0.582051] pci 0000:18:00.1: PME# supported from D0
[    0.582123] pci 0000:17:00.0: PCI bridge to [bus 18]
[    0.582389] pci 0000:17:00.0:   bridge window [mem 0xd9e00000-0xd9efffff]
[    0.582398] pci_bus 0000:17: on NUMA node 0
[    0.582514] ACPI: PCI Root Bridge [PC02] (domain 0000 [bus 34-79])
[    0.582841] acpi PNP0A08:02: _OSC: OS supports [ExtendedConfig ASPM ClockPM Segments MSI]
[    0.583881] acpi PNP0A08:02: _OSC: platform does not support [AER]
[    0.584284] acpi PNP0A08:02: _OSC: OS now controls [PCIeHotplug PME PCIeCapability]
[    0.584827] PCI host bridge to bus 0000:34
[    0.585047] pci_bus 0000:34: root bus resource [io  0x6000-0x7fff window]
[    0.585399] pci_bus 0000:34: root bus resource [mem 0xda000000-0xe2ffffff window]
[    0.585786] pci_bus 0000:34: root bus resource [mem 0x3a0000000000-0x3affffffffff window]
[    0.586208] pci_bus 0000:34: root bus resource [bus 34-79]
[    0.586502] pci 0000:34:05.0: [8086:2034] type 00 class 0x088000
[    0.586578] pci 0000:34:05.2: [8086:2035] type 00 class 0x088000
[    0.586648] pci 0000:34:05.4: [8086:2036] type 00 class 0x080020
[    0.586657] pci 0000:34:05.4: reg 0x10: [mem 0xe2f00000-0xe2f00fff]
[    0.586729] pci 0000:34:08.0: [8086:2066] type 00 class 0x088000
[    0.586796] pci 0000:34:09.0: [8086:2066] type 00 class 0x088000
[    0.586862] pci 0000:34:0a.0: [8086:2040] type 00 class 0x088000
[    0.586924] pci 0000:34:0a.1: [8086:2041] type 00 class 0x088000
[    0.586985] pci 0000:34:0a.2: [8086:2042] type 00 class 0x088000
[    0.587044] pci 0000:34:0a.3: [8086:2043] type 00 class 0x088000
[    0.587104] pci 0000:34:0a.4: [8086:2044] type 00 class 0x088000
[    0.587164] pci 0000:34:0a.5: [8086:2045] type 00 class 0x088000
[    0.587224] pci 0000:34:0a.6: [8086:2046] type 00 class 0x088000
[    0.587284] pci 0000:34:0a.7: [8086:2047] type 00 class 0x088000
[    0.587343] pci 0000:34:0b.0: [8086:2048] type 00 class 0x088000
[    0.587409] pci 0000:34:0b.1: [8086:2049] type 00 class 0x088000
[    0.587473] pci 0000:34:0b.2: [8086:204a] type 00 class 0x088000
[    0.587533] pci 0000:34:0b.3: [8086:204b] type 00 class 0x088000
[    0.587596] pci 0000:34:0c.0: [8086:2040] type 00 class 0x088000
[    0.587660] pci 0000:34:0c.1: [8086:2041] type 00 class 0x088000
[    0.587721] pci 0000:34:0c.2: [8086:2042] type 00 class 0x088000
[    0.587785] pci 0000:34:0c.3: [8086:2043] type 00 class 0x088000
[    0.587845] pci 0000:34:0c.4: [8086:2044] type 00 class 0x088000
[    0.587906] pci 0000:34:0c.5: [8086:2045] type 00 class 0x088000
[    0.587969] pci 0000:34:0c.6: [8086:2046] type 00 class 0x088000
[    0.588030] pci 0000:34:0c.7: [8086:2047] type 00 class 0x088000
[    0.588091] pci 0000:34:0d.0: [8086:2048] type 00 class 0x088000
[    0.588158] pci 0000:34:0d.1: [8086:2049] type 00 class 0x088000
[    0.588218] pci 0000:34:0d.2: [8086:204a] type 00 class 0x088000
[    0.588281] pci 0000:34:0d.3: [8086:204b] type 00 class 0x088000
[    0.588351] pci_bus 0000:34: on NUMA node 0
[    0.588514] ACPI: PCI Root Bridge [PC03] (domain 0000 [bus 7a-bf])
[    0.588841] acpi PNP0A08:03: _OSC: OS supports [ExtendedConfig ASPM ClockPM Segments MSI]
[    0.589920] acpi PNP0A08:03: _OSC: platform does not support [AER]
[    0.590526] acpi PNP0A08:03: _OSC: OS now controls [PCIeHotplug PME PCIeCapability]
[    0.591097] PCI host bridge to bus 0000:7a
[    0.591317] pci_bus 0000:7a: root bus resource [io  0x8000-0x9fff window]
[    0.591669] pci_bus 0000:7a: root bus resource [mem 0xe3000000-0xebffffff window]
[    0.592002] pci_bus 0000:7a: root bus resource [mem 0x3b0000000000-0x3bffffffffff window]
[    0.592428] pci_bus 0000:7a: root bus resource [bus 7a-bf]
[    0.592721] pci 0000:7a:00.0: [8086:2030] type 01 class 0x060400
[    0.592745] pci 0000:7a:00.0: enabling Extended Tags
[    0.593039] pci 0000:7a:00.0: PME# supported from D0 D3hot D3cold
[    0.593117] pci 0000:7a:02.0: [8086:2032] type 01 class 0x060400
[    0.593141] pci 0000:7a:02.0: enabling Extended Tags
[    0.593433] pci 0000:7a:02.0: PME# supported from D0 D3hot D3cold
[    0.593506] pci 0000:7a:05.0: [8086:2034] type 00 class 0x088000
[    0.593579] pci 0000:7a:05.2: [8086:2035] type 00 class 0x088000
[    0.593650] pci 0000:7a:05.4: [8086:2036] type 00 class 0x080020
[    0.593659] pci 0000:7a:05.4: reg 0x10: [mem 0xebe00000-0xebe00fff]
[    0.593735] pci 0000:7a:0e.0: [8086:2058] type 00 class 0x110100
[    0.593798] pci 0000:7a:0e.1: [8086:2059] type 00 class 0x088000
[    0.593859] pci 0000:7a:0f.0: [8086:2058] type 00 class 0x110100
[    0.593920] pci 0000:7a:0f.1: [8086:2059] type 00 class 0x088000
[    0.593982] pci 0000:7a:10.0: [8086:2058] type 00 class 0x110100
[    0.594044] pci 0000:7a:10.1: [8086:2059] type 00 class 0x088000
[    0.594105] pci 0000:7a:12.0: [8086:204c] type 00 class 0x110100
[    0.594166] pci 0000:7a:12.1: [8086:204d] type 00 class 0x110100
[    0.594217] pci 0000:7a:12.2: [8086:204e] type 00 class 0x088000
[    0.594268] pci 0000:7a:12.4: [8086:204c] type 00 class 0x110100
[    0.594328] pci 0000:7a:12.5: [8086:204d] type 00 class 0x110100
[    0.594380] pci 0000:7a:15.0: [8086:2018] type 00 class 0x088000
[    0.594434] pci 0000:7a:16.0: [8086:2018] type 00 class 0x088000
[    0.594486] pci 0000:7a:16.4: [8086:2018] type 00 class 0x088000
[    0.594536] pci 0000:7a:17.0: [8086:2018] type 00 class 0x088000
[    0.594698] pci 0000:7b:00.0: [1d0f:bec2] type 01 class 0x060400
[    0.594810] pci 0000:7b:00.0: PME# supported from D0 D3hot D3cold
[    0.594866] pci 0000:7a:00.0: PCI bridge to [bus 7b-8c]
[    0.595146] pci 0000:7a:00.0:   bridge window [mem 0xe9e00000-0xebdfffff]
[    0.595149] pci 0000:7a:00.0:   bridge window [mem 0x3bfff0000000-0x3bffffffffff 64bit pref]
[    0.595387] pci 0000:7c:00.0: [1d0f:bec2] type 01 class 0x060400
[    0.595501] pci 0000:7c:00.0: PME# supported from D0 D3hot D3cold
[    0.595591] pci 0000:7c:01.0: [1d0f:bec2] type 01 class 0x060400
[    0.595645] pci 0000:7c:01.0: Max Payload Size set to 256 (was 128, max 256)
[    0.596064] pci 0000:7c:01.0: PME# supported from D0 D3hot D3cold
[    0.596154] pci 0000:7c:02.0: [1d0f:bec2] type 01 class 0x060400
[    0.596209] pci 0000:7c:02.0: Max Payload Size set to 256 (was 128, max 256)
[    0.596640] pci 0000:7c:02.0: PME# supported from D0 D3hot D3cold
[    0.596733] pci 0000:7c:03.0: [1d0f:bec2] type 01 class 0x060400
[    0.596787] pci 0000:7c:03.0: Max Payload Size set to 256 (was 128, max 256)
[    0.597219] pci 0000:7c:03.0: PME# supported from D0 D3hot D3cold
[    0.597312] pci 0000:7c:04.0: [1d0f:bec2] type 01 class 0x060400
[    0.597365] pci 0000:7c:04.0: Max Payload Size set to 256 (was 128, max 256)
[    0.597797] pci 0000:7c:04.0: PME# supported from D0 D3hot D3cold
[    0.597892] pci 0000:7c:05.0: [1d0f:bec2] type 01 class 0x060400
[    0.597946] pci 0000:7c:05.0: Max Payload Size set to 256 (was 128, max 256)
[    0.598377] pci 0000:7c:05.0: PME# supported from D0 D3hot D3cold
[    0.598470] pci 0000:7c:06.0: [1d0f:bec2] type 01 class 0x060400
[    0.598524] pci 0000:7c:06.0: Max Payload Size set to 256 (was 128, max 256)
[    0.598955] pci 0000:7c:06.0: PME# supported from D0 D3hot D3cold
[    0.599050] pci 0000:7c:07.0: [1d0f:bec2] type 01 class 0x060400
[    0.599104] pci 0000:7c:07.0: Max Payload Size set to 256 (was 128, max 256)
[    0.599534] pci 0000:7c:07.0: PME# supported from D0 D3hot D3cold
[    0.599629] pci 0000:7c:08.0: [1d0f:bec2] type 01 class 0x060400
[    0.599683] pci 0000:7c:08.0: Max Payload Size set to 256 (was 128, max 256)
[    0.600064] pci 0000:7c:08.0: PME# supported from D0 D3hot D3cold
[    0.600162] pci 0000:7c:09.0: [1d0f:bec2] type 01 class 0x060400
[    0.600215] pci 0000:7c:09.0: Max Payload Size set to 256 (was 128, max 256)
[    0.600646] pci 0000:7c:09.0: PME# supported from D0 D3hot D3cold
[    0.600746] pci 0000:7c:0a.0: [1d0f:bec2] type 01 class 0x060400
[    0.600800] pci 0000:7c:0a.0: Max Payload Size set to 256 (was 128, max 256)
[    0.601232] pci 0000:7c:0a.0: PME# supported from D0 D3hot D3cold
[    0.601332] pci 0000:7c:0b.0: [1d0f:bec2] type 01 class 0x060400
[    0.601386] pci 0000:7c:0b.0: Max Payload Size set to 256 (was 128, max 256)
[    0.601817] pci 0000:7c:0b.0: PME# supported from D0 D3hot D3cold
[    0.601917] pci 0000:7c:0c.0: [1d0f:bec2] type 01 class 0x060400
[    0.601970] pci 0000:7c:0c.0: Max Payload Size set to 256 (was 128, max 256)
[    0.602401] pci 0000:7c:0c.0: PME# supported from D0 D3hot D3cold
[    0.602504] pci 0000:7c:0d.0: [1d0f:bec2] type 01 class 0x060400
[    0.602558] pci 0000:7c:0d.0: Max Payload Size set to 256 (was 128, max 256)
[    0.602988] pci 0000:7c:0d.0: PME# supported from D0 D3hot D3cold
[    0.603095] pci 0000:7c:0e.0: [1d0f:bec2] type 01 class 0x060400
[    0.603149] pci 0000:7c:0e.0: Max Payload Size set to 256 (was 128, max 256)
[    0.603581] pci 0000:7c:0e.0: PME# supported from D0 D3hot D3cold
[    0.603688] pci 0000:7c:0f.0: [1d0f:bec2] type 01 class 0x060400
[    0.603741] pci 0000:7c:0f.0: Max Payload Size set to 256 (was 128, max 256)
[    0.604064] pci 0000:7c:0f.0: PME# supported from D0 D3hot D3cold
[    0.604177] pci 0000:7b:00.0: PCI bridge to [bus 7c-8c]
[    0.604458] pci 0000:7b:00.0:   bridge window [io  0x0000-0x0fff]
[    0.604461] pci 0000:7b:00.0:   bridge window [mem 0xe9e00000-0xebdfffff]
[    0.604467] pci 0000:7b:00.0:   bridge window [mem 0x3bfff0000000-0x3bffffffffff 64bit pref]
[    0.604520] pci 0000:7d:00.0: [1d0f:ec20] type 00 class 0x020000
[    0.604549] pci 0000:7d:00.0: reg 0x10: [mem 0xebc20000-0xebc23fff]
[    0.604577] pci 0000:7d:00.0: reg 0x18: [mem 0x3bffff000000-0x3bffffffffff 64bit pref]
[    0.604609] pci 0000:7d:00.0: reg 0x30: [mem 0xebc00000-0xebc1ffff pref]
[    0.604682] pci 0000:7d:00.0: PME# supported from D0
[    0.604746] pci 0000:7c:00.0: PCI bridge to [bus 7d]
[    0.605013] pci 0000:7c:00.0:   bridge window [io  0x0000-0x0fff]
[    0.605016] pci 0000:7c:00.0:   bridge window [mem 0xebc00000-0xebdfffff]
[    0.605022] pci 0000:7c:00.0:   bridge window [mem 0x3bffff000000-0x3bffffffffff 64bit pref]
[    0.605062] pci 0000:7c:01.0: PCI bridge to [bus 7e]
[    0.605328] pci 0000:7c:01.0:   bridge window [io  0x0000-0x0fff]
[    0.605332] pci 0000:7c:01.0:   bridge window [mem 0xeba00000-0xebbfffff]
[    0.605338] pci 0000:7c:01.0:   bridge window [mem 0x3bfffe000000-0x3bfffeffffff 64bit pref]
[    0.605378] pci 0000:7c:02.0: PCI bridge to [bus 7f]
[    0.605645] pci 0000:7c:02.0:   bridge window [io  0x0000-0x0fff]
[    0.605649] pci 0000:7c:02.0:   bridge window [mem 0xeb800000-0xeb9fffff]
[    0.605655] pci 0000:7c:02.0:   bridge window [mem 0x3bfffd000000-0x3bfffdffffff 64bit pref]
[    0.605693] pci 0000:7c:03.0: PCI bridge to [bus 80]
[    0.605960] pci 0000:7c:03.0:   bridge window [io  0x0000-0x0fff]
[    0.605963] pci 0000:7c:03.0:   bridge window [mem 0xeb600000-0xeb7fffff]
[    0.605969] pci 0000:7c:03.0:   bridge window [mem 0x3bfffc000000-0x3bfffcffffff 64bit pref]
[    0.606009] pci 0000:7c:04.0: PCI bridge to [bus 81]
[    0.606276] pci 0000:7c:04.0:   bridge window [io  0x0000-0x0fff]
[    0.606279] pci 0000:7c:04.0:   bridge window [mem 0xeb400000-0xeb5fffff]
[    0.606285] pci 0000:7c:04.0:   bridge window [mem 0x3bfffb000000-0x3bfffbffffff 64bit pref]
[    0.606324] pci 0000:7c:05.0: PCI bridge to [bus 82]
[    0.606591] pci 0000:7c:05.0:   bridge window [io  0x0000-0x0fff]
[    0.606594] pci 0000:7c:05.0:   bridge window [mem 0xeb200000-0xeb3fffff]
[    0.606600] pci 0000:7c:05.0:   bridge window [mem 0x3bfffa000000-0x3bfffaffffff 64bit pref]
[    0.606639] pci 0000:7c:06.0: PCI bridge to [bus 83]
[    0.606905] pci 0000:7c:06.0:   bridge window [io  0x0000-0x0fff]
[    0.606909] pci 0000:7c:06.0:   bridge window [mem 0xeb000000-0xeb1fffff]
[    0.606915] pci 0000:7c:06.0:   bridge window [mem 0x3bfff9000000-0x3bfff9ffffff 64bit pref]
[    0.606954] pci 0000:7c:07.0: PCI bridge to [bus 84]
[    0.607221] pci 0000:7c:07.0:   bridge window [io  0x0000-0x0fff]
[    0.607224] pci 0000:7c:07.0:   bridge window [mem 0xeae00000-0xeaffffff]
[    0.607230] pci 0000:7c:07.0:   bridge window [mem 0x3bfff8000000-0x3bfff8ffffff 64bit pref]
[    0.607270] pci 0000:7c:08.0: PCI bridge to [bus 85]
[    0.607537] pci 0000:7c:08.0:   bridge window [io  0x0000-0x0fff]
[    0.607540] pci 0000:7c:08.0:   bridge window [mem 0xeac00000-0xeadfffff]
[    0.607546] pci 0000:7c:08.0:   bridge window [mem 0x3bfff7000000-0x3bfff7ffffff 64bit pref]
[    0.607585] pci 0000:7c:09.0: PCI bridge to [bus 86]
[    0.607852] pci 0000:7c:09.0:   bridge window [io  0x0000-0x0fff]
[    0.607855] pci 0000:7c:09.0:   bridge window [mem 0xeaa00000-0xeabfffff]
[    0.607861] pci 0000:7c:09.0:   bridge window [mem 0x3bfff6000000-0x3bfff6ffffff 64bit pref]
[    0.607900] pci 0000:7c:0a.0: PCI bridge to [bus 87]
[    0.608004] pci 0000:7c:0a.0:   bridge window [io  0x0000-0x0fff]
[    0.608007] pci 0000:7c:0a.0:   bridge window [mem 0xea800000-0xea9fffff]
[    0.608013] pci 0000:7c:0a.0:   bridge window [mem 0x3bfff5000000-0x3bfff5ffffff 64bit pref]
[    0.608052] pci 0000:7c:0b.0: PCI bridge to [bus 88]
[    0.608319] pci 0000:7c:0b.0:   bridge window [io  0x0000-0x0fff]
[    0.608322] pci 0000:7c:0b.0:   bridge window [mem 0xea600000-0xea7fffff]
[    0.608328] pci 0000:7c:0b.0:   bridge window [mem 0x3bfff4000000-0x3bfff4ffffff 64bit pref]
[    0.608366] pci 0000:7c:0c.0: PCI bridge to [bus 89]
[    0.608633] pci 0000:7c:0c.0:   bridge window [io  0x0000-0x0fff]
[    0.608636] pci 0000:7c:0c.0:   bridge window [mem 0xea400000-0xea5fffff]
[    0.608642] pci 0000:7c:0c.0:   bridge window [mem 0x3bfff3000000-0x3bfff3ffffff 64bit pref]
[    0.608681] pci 0000:7c:0d.0: PCI bridge to [bus 8a]
[    0.608948] pci 0000:7c:0d.0:   bridge window [io  0x0000-0x0fff]
[    0.608951] pci 0000:7c:0d.0:   bridge window [mem 0xea200000-0xea3fffff]
[    0.608957] pci 0000:7c:0d.0:   bridge window [mem 0x3bfff2000000-0x3bfff2ffffff 64bit pref]
[    0.608996] pci 0000:7c:0e.0: PCI bridge to [bus 8b]
[    0.609263] pci 0000:7c:0e.0:   bridge window [io  0x0000-0x0fff]
[    0.609266] pci 0000:7c:0e.0:   bridge window [mem 0xea000000-0xea1fffff]
[    0.609272] pci 0000:7c:0e.0:   bridge window [mem 0x3bfff1000000-0x3bfff1ffffff 64bit pref]
[    0.609312] pci 0000:7c:0f.0: PCI bridge to [bus 8c]
[    0.609579] pci 0000:7c:0f.0:   bridge window [io  0x0000-0x0fff]
[    0.609582] pci 0000:7c:0f.0:   bridge window [mem 0xe9e00000-0xe9ffffff]
[    0.609588] pci 0000:7c:0f.0:   bridge window [mem 0x3bfff0000000-0x3bfff0ffffff 64bit pref]
[    0.609795] pci 0000:8d:00.0: [1d0f:bec2] type 01 class 0x060400
[    0.609899] pci 0000:8d:00.0: PME# supported from D0 D3hot D3cold
[    0.609953] pci 0000:7a:02.0: PCI bridge to [bus 8d-ae]
[    0.610232] pci 0000:7a:02.0:   bridge window [mem 0xe5e00000-0xe9dfffff]
[    0.610235] pci 0000:7a:02.0:   bridge window [mem 0x3bffd0000000-0x3bffefffffff 64bit pref]
[    0.610470] pci 0000:8e:00.0: [1d0f:bec2] type 01 class 0x060400
[    0.610582] pci 0000:8e:00.0: PME# supported from D0 D3hot D3cold
[    0.610674] pci 0000:8e:01.0: [1d0f:bec2] type 01 class 0x060400
[    0.610786] pci 0000:8e:01.0: PME# supported from D0 D3hot D3cold
[    0.610874] pci 0000:8e:02.0: [1d0f:bec2] type 01 class 0x060400
[    0.610927] pci 0000:8e:02.0: Max Payload Size set to 256 (was 128, max 256)
[    0.611357] pci 0000:8e:02.0: PME# supported from D0 D3hot D3cold
[    0.611445] pci 0000:8e:03.0: [1d0f:bec2] type 01 class 0x060400
[    0.611497] pci 0000:8e:03.0: Max Payload Size set to 256 (was 128, max 256)
[    0.611928] pci 0000:8e:03.0: PME# supported from D0 D3hot D3cold
[    0.612019] pci 0000:8e:04.0: [1d0f:bec2] type 01 class 0x060400
[    0.612072] pci 0000:8e:04.0: Max Payload Size set to 256 (was 128, max 256)
[    0.612503] pci 0000:8e:04.0: PME# supported from D0 D3hot D3cold
[    0.612594] pci 0000:8e:05.0: [1d0f:bec2] type 01 class 0x060400
[    0.612647] pci 0000:8e:05.0: Max Payload Size set to 256 (was 128, max 256)
[    0.613077] pci 0000:8e:05.0: PME# supported from D0 D3hot D3cold
[    0.613170] pci 0000:8e:06.0: [1d0f:bec2] type 01 class 0x060400
[    0.613222] pci 0000:8e:06.0: Max Payload Size set to 256 (was 128, max 256)
[    0.613652] pci 0000:8e:06.0: PME# supported from D0 D3hot D3cold
[    0.613747] pci 0000:8e:07.0: [1d0f:bec2] type 01 class 0x060400
[    0.613800] pci 0000:8e:07.0: Max Payload Size set to 256 (was 128, max 256)
[    0.614230] pci 0000:8e:07.0: PME# supported from D0 D3hot D3cold
[    0.614326] pci 0000:8e:08.0: [1d0f:bec2] type 01 class 0x060400
[    0.614378] pci 0000:8e:08.0: Max Payload Size set to 256 (was 128, max 256)
[    0.614808] pci 0000:8e:08.0: PME# supported from D0 D3hot D3cold
[    0.614908] pci 0000:8e:09.0: [1d0f:bec2] type 01 class 0x060400
[    0.614960] pci 0000:8e:09.0: Max Payload Size set to 256 (was 128, max 256)
[    0.615390] pci 0000:8e:09.0: PME# supported from D0 D3hot D3cold
[    0.615488] pci 0000:8e:0a.0: [1d0f:bec2] type 01 class 0x060400
[    0.615541] pci 0000:8e:0a.0: Max Payload Size set to 256 (was 128, max 256)
[    0.615972] pci 0000:8e:0a.0: PME# supported from D0 D3hot D3cold
[    0.616070] pci 0000:8e:0b.0: [1d0f:bec2] type 01 class 0x060400
[    0.616122] pci 0000:8e:0b.0: Max Payload Size set to 256 (was 128, max 256)
[    0.616553] pci 0000:8e:0b.0: PME# supported from D0 D3hot D3cold
[    0.616657] pci 0000:8e:0c.0: [1d0f:bec2] type 01 class 0x060400
[    0.616709] pci 0000:8e:0c.0: Max Payload Size set to 256 (was 128, max 256)
[    0.617139] pci 0000:8e:0c.0: PME# supported from D0 D3hot D3cold
[    0.617242] pci 0000:8e:0d.0: [1d0f:bec2] type 01 class 0x060400
[    0.617294] pci 0000:8e:0d.0: Max Payload Size set to 256 (was 128, max 256)
[    0.617725] pci 0000:8e:0d.0: PME# supported from D0 D3hot D3cold
[    0.617827] pci 0000:8e:0e.0: [1d0f:bec2] type 01 class 0x060400
[    0.617880] pci 0000:8e:0e.0: Max Payload Size set to 256 (was 128, max 256)
[    0.618310] pci 0000:8e:0e.0: PME# supported from D0 D3hot D3cold
[    0.618420] pci 0000:8e:0f.0: [1d0f:bec2] type 01 class 0x060400
[    0.618473] pci 0000:8e:0f.0: Max Payload Size set to 256 (was 128, max 256)
[    0.618904] pci 0000:8e:0f.0: PME# supported from D0 D3hot D3cold
[    0.619011] pci 0000:8e:10.0: [1d0f:bec2] type 01 class 0x060400
[    0.619063] pci 0000:8e:10.0: Max Payload Size set to 256 (was 128, max 256)
[    0.619493] pci 0000:8e:10.0: PME# supported from D0 D3hot D3cold
[    0.619602] pci 0000:8e:11.0: [1d0f:bec2] type 01 class 0x060400
[    0.619654] pci 0000:8e:11.0: Max Payload Size set to 256 (was 128, max 256)
[    0.620064] pci 0000:8e:11.0: PME# supported from D0 D3hot D3cold
[    0.620172] pci 0000:8e:12.0: [1d0f:bec2] type 01 class 0x060400
[    0.620225] pci 0000:8e:12.0: Max Payload Size set to 256 (was 128, max 256)
[    0.620656] pci 0000:8e:12.0: PME# supported from D0 D3hot D3cold
[    0.620766] pci 0000:8e:13.0: [1d0f:bec2] type 01 class 0x060400
[    0.620818] pci 0000:8e:13.0: Max Payload Size set to 256 (was 128, max 256)
[    0.621249] pci 0000:8e:13.0: PME# supported from D0 D3hot D3cold
[    0.621360] pci 0000:8e:14.0: [1d0f:bec2] type 01 class 0x060400
[    0.621412] pci 0000:8e:14.0: Max Payload Size set to 256 (was 128, max 256)
[    0.621843] pci 0000:8e:14.0: PME# supported from D0 D3hot D3cold
[    0.621956] pci 0000:8e:15.0: [1d0f:bec2] type 01 class 0x060400
[    0.622009] pci 0000:8e:15.0: Max Payload Size set to 256 (was 128, max 256)
[    0.622439] pci 0000:8e:15.0: PME# supported from D0 D3hot D3cold
[    0.622553] pci 0000:8e:16.0: [1d0f:bec2] type 01 class 0x060400
[    0.622606] pci 0000:8e:16.0: Max Payload Size set to 256 (was 128, max 256)
[    0.623036] pci 0000:8e:16.0: PME# supported from D0 D3hot D3cold
[    0.623151] pci 0000:8e:17.0: [1d0f:bec2] type 01 class 0x060400
[    0.623203] pci 0000:8e:17.0: Max Payload Size set to 256 (was 128, max 256)
[    0.623634] pci 0000:8e:17.0: PME# supported from D0 D3hot D3cold
[    0.623753] pci 0000:8e:18.0: [1d0f:bec2] type 01 class 0x060400
[    0.623806] pci 0000:8e:18.0: Max Payload Size set to 256 (was 128, max 256)
[    0.624064] pci 0000:8e:18.0: PME# supported from D0 D3hot D3cold
[    0.624183] pci 0000:8e:19.0: [1d0f:bec2] type 01 class 0x060400
[    0.624236] pci 0000:8e:19.0: Max Payload Size set to 256 (was 128, max 256)
[    0.624667] pci 0000:8e:19.0: PME# supported from D0 D3hot D3cold
[    0.624786] pci 0000:8e:1a.0: [1d0f:bec2] type 01 class 0x060400
[    0.624839] pci 0000:8e:1a.0: Max Payload Size set to 256 (was 128, max 256)
[    0.625269] pci 0000:8e:1a.0: PME# supported from D0 D3hot D3cold
[    0.625392] pci 0000:8e:1b.0: [1d0f:bec2] type 01 class 0x060400
[    0.625444] pci 0000:8e:1b.0: Max Payload Size set to 256 (was 128, max 256)
[    0.625875] pci 0000:8e:1b.0: PME# supported from D0 D3hot D3cold
[    0.625999] pci 0000:8e:1c.0: [1d0f:bec2] type 01 class 0x060400
[    0.626052] pci 0000:8e:1c.0: Max Payload Size set to 256 (was 128, max 256)
[    0.626482] pci 0000:8e:1c.0: PME# supported from D0 D3hot D3cold
[    0.626604] pci 0000:8e:1d.0: [1d0f:bec2] type 01 class 0x060400
[    0.626657] pci 0000:8e:1d.0: Max Payload Size set to 256 (was 128, max 256)
[    0.627088] pci 0000:8e:1d.0: PME# supported from D0 D3hot D3cold
[    0.627213] pci 0000:8e:1e.0: [1d0f:bec2] type 01 class 0x060400
[    0.627266] pci 0000:8e:1e.0: Max Payload Size set to 256 (was 128, max 256)
[    0.627697] pci 0000:8e:1e.0: PME# supported from D0 D3hot D3cold
[    0.627825] pci 0000:8e:1f.0: [1d0f:bec2] type 01 class 0x060400
[    0.627877] pci 0000:8e:1f.0: Max Payload Size set to 256 (was 128, max 256)
[    0.628062] pci 0000:8e:1f.0: PME# supported from D0 D3hot D3cold
[    0.628179] pci 0000:8d:00.0: PCI bridge to [bus 8e-ae]
[    0.628460] pci 0000:8d:00.0:   bridge window [io  0x0000-0x0fff]
[    0.628463] pci 0000:8d:00.0:   bridge window [mem 0xe5e00000-0xe9dfffff]
[    0.628469] pci 0000:8d:00.0:   bridge window [mem 0x3bffd0000000-0x3bffefffffff 64bit pref]
[    0.628522] pci 0000:8f:00.0: [1d0f:8250] type 00 class 0x070003
[    0.628552] pci 0000:8f:00.0: reg 0x10: [mem 0xe9c00000-0xe9c03fff]
[    0.628684] pci 0000:8f:00.0: PME# supported from D0
[    0.628740] pci 0000:8e:00.0: PCI bridge to [bus 8f]
[    0.629009] pci 0000:8e:00.0:   bridge window [io  0x0000-0x0fff]
[    0.629012] pci 0000:8e:00.0:   bridge window [mem 0xe9c00000-0xe9dfffff]
[    0.629018] pci 0000:8e:00.0:   bridge window [mem 0x3bffef000000-0x3bffefffffff 64bit pref]
[    0.629071] pci 0000:90:00.0: [1d0f:0061] type 00 class 0x010802
[    0.629103] pci 0000:90:00.0: reg 0x10: [mem 0xe9a00000-0xe9bfffff 64bit]
[    0.629224] pci 0000:90:00.0: PME# supported from D0
[    0.629283] pci 0000:8e:01.0: PCI bridge to [bus 90]
[    0.629552] pci 0000:8e:01.0:   bridge window [io  0x0000-0x0fff]
[    0.629555] pci 0000:8e:01.0:   bridge window [mem 0xe9a00000-0xe9bfffff]
[    0.629561] pci 0000:8e:01.0:   bridge window [mem 0x3bffee000000-0x3bffeeffffff 64bit pref]
[    0.629601] pci 0000:8e:02.0: PCI bridge to [bus 91]
[    0.629871] pci 0000:8e:02.0:   bridge window [io  0x0000-0x0fff]
[    0.629874] pci 0000:8e:02.0:   bridge window [mem 0xe9800000-0xe99fffff]
[    0.629880] pci 0000:8e:02.0:   bridge window [mem 0x3bffed000000-0x3bffedffffff 64bit pref]
[    0.629919] pci 0000:8e:03.0: PCI bridge to [bus 92]
[    0.630188] pci 0000:8e:03.0:   bridge window [io  0x0000-0x0fff]
[    0.630191] pci 0000:8e:03.0:   bridge window [mem 0xe9600000-0xe97fffff]
[    0.630197] pci 0000:8e:03.0:   bridge window [mem 0x3bffec000000-0x3bffecffffff 64bit pref]
[    0.630237] pci 0000:8e:04.0: PCI bridge to [bus 93]
[    0.630507] pci 0000:8e:04.0:   bridge window [io  0x0000-0x0fff]
[    0.630510] pci 0000:8e:04.0:   bridge window [mem 0xe9400000-0xe95fffff]
[    0.630516] pci 0000:8e:04.0:   bridge window [mem 0x3bffeb000000-0x3bffebffffff 64bit pref]
[    0.630556] pci 0000:8e:05.0: PCI bridge to [bus 94]
[    0.630825] pci 0000:8e:05.0:   bridge window [io  0x0000-0x0fff]
[    0.630828] pci 0000:8e:05.0:   bridge window [mem 0xe9200000-0xe93fffff]
[    0.630834] pci 0000:8e:05.0:   bridge window [mem 0x3bffea000000-0x3bffeaffffff 64bit pref]
[    0.630874] pci 0000:8e:06.0: PCI bridge to [bus 95]
[    0.631143] pci 0000:8e:06.0:   bridge window [io  0x0000-0x0fff]
[    0.631146] pci 0000:8e:06.0:   bridge window [mem 0xe9000000-0xe91fffff]
[    0.631152] pci 0000:8e:06.0:   bridge window [mem 0x3bffe9000000-0x3bffe9ffffff 64bit pref]
[    0.631192] pci 0000:8e:07.0: PCI bridge to [bus 96]
[    0.631461] pci 0000:8e:07.0:   bridge window [io  0x0000-0x0fff]
[    0.631464] pci 0000:8e:07.0:   bridge window [mem 0xe8e00000-0xe8ffffff]
[    0.631470] pci 0000:8e:07.0:   bridge window [mem 0x3bffe8000000-0x3bffe8ffffff 64bit pref]
[    0.631510] pci 0000:8e:08.0: PCI bridge to [bus 97]
[    0.631779] pci 0000:8e:08.0:   bridge window [io  0x0000-0x0fff]
[    0.631782] pci 0000:8e:08.0:   bridge window [mem 0xe8c00000-0xe8dfffff]
[    0.631788] pci 0000:8e:08.0:   bridge window [mem 0x3bffe7000000-0x3bffe7ffffff 64bit pref]
[    0.631826] pci 0000:8e:09.0: PCI bridge to [bus 98]
[    0.632007] pci 0000:8e:09.0:   bridge window [io  0x0000-0x0fff]
[    0.632010] pci 0000:8e:09.0:   bridge window [mem 0xe8a00000-0xe8bfffff]
[    0.632016] pci 0000:8e:09.0:   bridge window [mem 0x3bffe6000000-0x3bffe6ffffff 64bit pref]
[    0.632057] pci 0000:8e:0a.0: PCI bridge to [bus 99]
[    0.632326] pci 0000:8e:0a.0:   bridge window [io  0x0000-0x0fff]
[    0.632330] pci 0000:8e:0a.0:   bridge window [mem 0xe8800000-0xe89fffff]
[    0.632335] pci 0000:8e:0a.0:   bridge window [mem 0x3bffe5000000-0x3bffe5ffffff 64bit pref]
[    0.632374] pci 0000:8e:0b.0: PCI bridge to [bus 9a]
[    0.632643] pci 0000:8e:0b.0:   bridge window [io  0x0000-0x0fff]
[    0.632646] pci 0000:8e:0b.0:   bridge window [mem 0xe8600000-0xe87fffff]
[    0.632652] pci 0000:8e:0b.0:   bridge window [mem 0x3bffe4000000-0x3bffe4ffffff 64bit pref]
[    0.632692] pci 0000:8e:0c.0: PCI bridge to [bus 9b]
[    0.632961] pci 0000:8e:0c.0:   bridge window [io  0x0000-0x0fff]
[    0.632964] pci 0000:8e:0c.0:   bridge window [mem 0xe8400000-0xe85fffff]
[    0.632970] pci 0000:8e:0c.0:   bridge window [mem 0x3bffe3000000-0x3bffe3ffffff 64bit pref]
[    0.633009] pci 0000:8e:0d.0: PCI bridge to [bus 9c]
[    0.633279] pci 0000:8e:0d.0:   bridge window [io  0x0000-0x0fff]
[    0.633282] pci 0000:8e:0d.0:   bridge window [mem 0xe8200000-0xe83fffff]
[    0.633287] pci 0000:8e:0d.0:   bridge window [mem 0x3bffe2000000-0x3bffe2ffffff 64bit pref]
[    0.633326] pci 0000:8e:0e.0: PCI bridge to [bus 9d]
[    0.633595] pci 0000:8e:0e.0:   bridge window [io  0x0000-0x0fff]
[    0.633598] pci 0000:8e:0e.0:   bridge window [mem 0xe8000000-0xe81fffff]
[    0.633604] pci 0000:8e:0e.0:   bridge window [mem 0x3bffe1000000-0x3bffe1ffffff 64bit pref]
[    0.633644] pci 0000:8e:0f.0: PCI bridge to [bus 9e]
[    0.633914] pci 0000:8e:0f.0:   bridge window [io  0x0000-0x0fff]
[    0.633917] pci 0000:8e:0f.0:   bridge window [mem 0xe7e00000-0xe7ffffff]
[    0.633923] pci 0000:8e:0f.0:   bridge window [mem 0x3bffe0000000-0x3bffe0ffffff 64bit pref]
[    0.633962] pci 0000:8e:10.0: PCI bridge to [bus 9f]
[    0.634231] pci 0000:8e:10.0:   bridge window [io  0x0000-0x0fff]
[    0.634234] pci 0000:8e:10.0:   bridge window [mem 0xe7c00000-0xe7dfffff]
[    0.634240] pci 0000:8e:10.0:   bridge window [mem 0x3bffdf000000-0x3bffdfffffff 64bit pref]
[    0.634279] pci 0000:8e:11.0: PCI bridge to [bus a0]
[    0.634548] pci 0000:8e:11.0:   bridge window [io  0x0000-0x0fff]
[    0.634551] pci 0000:8e:11.0:   bridge window [mem 0xe7a00000-0xe7bfffff]
[    0.634556] pci 0000:8e:11.0:   bridge window [mem 0x3bffde000000-0x3bffdeffffff 64bit pref]
[    0.634597] pci 0000:8e:12.0: PCI bridge to [bus a1]
[    0.634866] pci 0000:8e:12.0:   bridge window [io  0x0000-0x0fff]
[    0.634869] pci 0000:8e:12.0:   bridge window [mem 0xe7800000-0xe79fffff]
[    0.634875] pci 0000:8e:12.0:   bridge window [mem 0x3bffdd000000-0x3bffddffffff 64bit pref]
[    0.634915] pci 0000:8e:13.0: PCI bridge to [bus a2]
[    0.635183] pci 0000:8e:13.0:   bridge window [io  0x0000-0x0fff]
[    0.635186] pci 0000:8e:13.0:   bridge window [mem 0xe7600000-0xe77fffff]
[    0.635192] pci 0000:8e:13.0:   bridge window [mem 0x3bffdc000000-0x3bffdcffffff 64bit pref]
[    0.635231] pci 0000:8e:14.0: PCI bridge to [bus a3]
[    0.635500] pci 0000:8e:14.0:   bridge window [io  0x0000-0x0fff]
[    0.635503] pci 0000:8e:14.0:   bridge window [mem 0xe7400000-0xe75fffff]
[    0.635509] pci 0000:8e:14.0:   bridge window [mem 0x3bffdb000000-0x3bffdbffffff 64bit pref]
[    0.635550] pci 0000:8e:15.0: PCI bridge to [bus a4]
[    0.635819] pci 0000:8e:15.0:   bridge window [io  0x0000-0x0fff]
[    0.635822] pci 0000:8e:15.0:   bridge window [mem 0xe7200000-0xe73fffff]
[    0.635828] pci 0000:8e:15.0:   bridge window [mem 0x3bffda000000-0x3bffdaffffff 64bit pref]
[    0.635868] pci 0000:8e:16.0: PCI bridge to [bus a5]
[    0.636008] pci 0000:8e:16.0:   bridge window [io  0x0000-0x0fff]
[    0.636012] pci 0000:8e:16.0:   bridge window [mem 0xe7000000-0xe71fffff]
[    0.636017] pci 0000:8e:16.0:   bridge window [mem 0x3bffd9000000-0x3bffd9ffffff 64bit pref]
[    0.636059] pci 0000:8e:17.0: PCI bridge to [bus a6]
[    0.636328] pci 0000:8e:17.0:   bridge window [io  0x0000-0x0fff]
[    0.636331] pci 0000:8e:17.0:   bridge window [mem 0xe6e00000-0xe6ffffff]
[    0.636337] pci 0000:8e:17.0:   bridge window [mem 0x3bffd8000000-0x3bffd8ffffff 64bit pref]
[    0.636377] pci 0000:8e:18.0: PCI bridge to [bus a7]
[    0.636646] pci 0000:8e:18.0:   bridge window [io  0x0000-0x0fff]
[    0.636649] pci 0000:8e:18.0:   bridge window [mem 0xe6c00000-0xe6dfffff]
[    0.636655] pci 0000:8e:18.0:   bridge window [mem 0x3bffd7000000-0x3bffd7ffffff 64bit pref]
[    0.636694] pci 0000:8e:19.0: PCI bridge to [bus a8]
[    0.636963] pci 0000:8e:19.0:   bridge window [io  0x0000-0x0fff]
[    0.636966] pci 0000:8e:19.0:   bridge window [mem 0xe6a00000-0xe6bfffff]
[    0.636972] pci 0000:8e:19.0:   bridge window [mem 0x3bffd6000000-0x3bffd6ffffff 64bit pref]
[    0.637013] pci 0000:8e:1a.0: PCI bridge to [bus a9]
[    0.637283] pci 0000:8e:1a.0:   bridge window [io  0x0000-0x0fff]
[    0.637286] pci 0000:8e:1a.0:   bridge window [mem 0xe6800000-0xe69fffff]
[    0.637292] pci 0000:8e:1a.0:   bridge window [mem 0x3bffd5000000-0x3bffd5ffffff 64bit pref]
[    0.637332] pci 0000:8e:1b.0: PCI bridge to [bus aa]
[    0.637601] pci 0000:8e:1b.0:   bridge window [io  0x0000-0x0fff]
[    0.637604] pci 0000:8e:1b.0:   bridge window [mem 0xe6600000-0xe67fffff]
[    0.637610] pci 0000:8e:1b.0:   bridge window [mem 0x3bffd4000000-0x3bffd4ffffff 64bit pref]
[    0.637648] pci 0000:8e:1c.0: PCI bridge to [bus ab]
[    0.637917] pci 0000:8e:1c.0:   bridge window [io  0x0000-0x0fff]
[    0.637920] pci 0000:8e:1c.0:   bridge window [mem 0xe6400000-0xe65fffff]
[    0.637926] pci 0000:8e:1c.0:   bridge window [mem 0x3bffd3000000-0x3bffd3ffffff 64bit pref]
[    0.637969] pci 0000:8e:1d.0: PCI bridge to [bus ac]
[    0.638237] pci 0000:8e:1d.0:   bridge window [io  0x0000-0x0fff]
[    0.638241] pci 0000:8e:1d.0:   bridge window [mem 0xe6200000-0xe63fffff]
[    0.638246] pci 0000:8e:1d.0:   bridge window [mem 0x3bffd2000000-0x3bffd2ffffff 64bit pref]
[    0.638285] pci 0000:8e:1e.0: PCI bridge to [bus ad]
[    0.638554] pci 0000:8e:1e.0:   bridge window [io  0x0000-0x0fff]
[    0.638558] pci 0000:8e:1e.0:   bridge window [mem 0xe6000000-0xe61fffff]
[    0.638563] pci 0000:8e:1e.0:   bridge window [mem 0x3bffd1000000-0x3bffd1ffffff 64bit pref]
[    0.638604] pci 0000:8e:1f.0: PCI bridge to [bus ae]
[    0.638873] pci 0000:8e:1f.0:   bridge window [io  0x0000-0x0fff]
[    0.638876] pci 0000:8e:1f.0:   bridge window [mem 0xe5e00000-0xe5ffffff]
[    0.638882] pci 0000:8e:1f.0:   bridge window [mem 0x3bffd0000000-0x3bffd0ffffff 64bit pref]
[    0.639071] pci_bus 0000:7a: on NUMA node 0
[    0.639353] ACPI: PCI Root Bridge [PC06] (domain 0000 [bus c0-c1])
[    0.639680] acpi PNP0A08:06: _OSC: OS supports [ExtendedConfig ASPM ClockPM Segments MSI]
[    0.640305] acpi PNP0A08:06: _OSC: platform does not support [AER]
[    0.640865] acpi PNP0A08:06: _OSC: OS now controls [PCIeHotplug PME PCIeCapability]
[    0.641400] acpiphp: Slot [8191-10] registered
[    0.641672] PCI host bridge to bus 0000:c0
[    0.641893] pci_bus 0000:c0: root bus resource [io  0xa000-0xbfff window]
[    0.642245] pci_bus 0000:c0: root bus resource [mem 0xec000000-0xecffffff window]
[    0.642632] pci_bus 0000:c0: root bus resource [mem 0x3c0000000000-0x3cffffffffff window]
[    0.643054] pci_bus 0000:c0: root bus resource [bus c0-c1]
[    0.643348] pci 0000:c0:04.0: [8086:2021] type 00 class 0x088000
[    0.643360] pci 0000:c0:04.0: reg 0x10: [mem 0x3cfffff1c000-0x3cfffff1ffff 64bit]
[    0.643445] pci 0000:c0:04.1: [8086:2021] type 00 class 0x088000
[    0.643457] pci 0000:c0:04.1: reg 0x10: [mem 0x3cfffff18000-0x3cfffff1bfff 64bit]
[    0.643538] pci 0000:c0:04.2: [8086:2021] type 00 class 0x088000
[    0.643550] pci 0000:c0:04.2: reg 0x10: [mem 0x3cfffff14000-0x3cfffff17fff 64bit]
[    0.643630] pci 0000:c0:04.3: [8086:2021] type 00 class 0x088000
[    0.643642] pci 0000:c0:04.3: reg 0x10: [mem 0x3cfffff10000-0x3cfffff13fff 64bit]
[    0.643726] pci 0000:c0:04.4: [8086:2021] type 00 class 0x088000
[    0.643737] pci 0000:c0:04.4: reg 0x10: [mem 0x3cfffff0c000-0x3cfffff0ffff 64bit]
[    0.643816] pci 0000:c0:04.5: [8086:2021] type 00 class 0x088000
[    0.643828] pci 0000:c0:04.5: reg 0x10: [mem 0x3cfffff08000-0x3cfffff0bfff 64bit]
[    0.643908] pci 0000:c0:04.6: [8086:2021] type 00 class 0x088000
[    0.643920] pci 0000:c0:04.6: reg 0x10: [mem 0x3cfffff04000-0x3cfffff07fff 64bit]
[    0.643998] pci 0000:c0:04.7: [8086:2021] type 00 class 0x088000
[    0.644010] pci 0000:c0:04.7: reg 0x10: [mem 0x3cfffff00000-0x3cfffff03fff 64bit]
[    0.644089] pci 0000:c0:05.0: [8086:2024] type 00 class 0x088000
[    0.644166] pci 0000:c0:05.2: [8086:2025] type 00 class 0x088000
[    0.644239] pci 0000:c0:05.4: [8086:2026] type 00 class 0x080020
[    0.644249] pci 0000:c0:05.4: reg 0x10: [mem 0xecf00000-0xecf00fff]
[    0.644326] pci 0000:c0:08.0: [8086:2014] type 00 class 0x088000
[    0.644390] pci 0000:c0:08.1: [8086:2015] type 00 class 0x110100
[    0.644443] pci 0000:c0:08.2: [8086:2016] type 00 class 0x088000
[    0.644517] pci_bus 0000:c0: on NUMA node 1
[    0.644606] ACPI: PCI Root Bridge [PC07] (domain 0000 [bus c2-e5])
[    0.644934] acpi PNP0A08:07: _OSC: OS supports [ExtendedConfig ASPM ClockPM Segments MSI]
[    0.645932] acpi PNP0A08:07: _OSC: platform does not support [AER]
[    0.646540] acpi PNP0A08:07: _OSC: OS now controls [PCIeHotplug PME PCIeCapability]
[    0.647111] acpiphp: Slot [8191-14] registered
[    0.647368] acpiphp: Slot [8191-9] registered
[    0.647622] acpiphp: Slot [8191-11] registered
[    0.647878] acpiphp: Slot [8191-12] registered
[    0.648049] PCI host bridge to bus 0000:c2
[    0.648271] pci_bus 0000:c2: root bus resource [io  0xc000-0xdfff window]
[    0.648622] pci_bus 0000:c2: root bus resource [mem 0xed000000-0xf5ffffff window]
[    0.649009] pci_bus 0000:c2: root bus resource [mem 0x3d0000000000-0x3dffffffffff window]
[    0.649430] pci_bus 0000:c2: root bus resource [bus c2-e5]
[    0.649724] pci 0000:c2:05.0: [8086:2034] type 00 class 0x088000
[    0.649814] pci 0000:c2:05.2: [8086:2035] type 00 class 0x088000
[    0.649895] pci 0000:c2:05.4: [8086:2036] type 00 class 0x080020
[    0.649904] pci 0000:c2:05.4: reg 0x10: [mem 0xf5f00000-0xf5f00fff]
[    0.649986] pci 0000:c2:08.0: [8086:208d] type 00 class 0x088000
[    0.650051] pci 0000:c2:08.1: [8086:208d] type 00 class 0x088000
[    0.650109] pci 0000:c2:08.2: [8086:208d] type 00 class 0x088000
[    0.650167] pci 0000:c2:08.3: [8086:208d] type 00 class 0x088000
[    0.650225] pci 0000:c2:08.4: [8086:208d] type 00 class 0x088000
[    0.650283] pci 0000:c2:08.5: [8086:208d] type 00 class 0x088000
[    0.650340] pci 0000:c2:08.6: [8086:208d] type 00 class 0x088000
[    0.650402] pci 0000:c2:08.7: [8086:208d] type 00 class 0x088000
[    0.650459] pci 0000:c2:09.0: [8086:208d] type 00 class 0x088000
[    0.650519] pci 0000:c2:09.1: [8086:208d] type 00 class 0x088000
[    0.650578] pci 0000:c2:09.2: [8086:208d] type 00 class 0x088000
[    0.650635] pci 0000:c2:09.3: [8086:208d] type 00 class 0x088000
[    0.650694] pci 0000:c2:09.4: [8086:208d] type 00 class 0x088000
[    0.650753] pci 0000:c2:09.5: [8086:208d] type 00 class 0x088000
[    0.650810] pci 0000:c2:09.6: [8086:208d] type 00 class 0x088000
[    0.650868] pci 0000:c2:09.7: [8086:208d] type 00 class 0x088000
[    0.650926] pci 0000:c2:0a.0: [8086:208d] type 00 class 0x088000
[    0.650987] pci 0000:c2:0a.1: [8086:208d] type 00 class 0x088000
[    0.651047] pci 0000:c2:0a.2: [8086:208d] type 00 class 0x088000
[    0.651106] pci 0000:c2:0a.3: [8086:208d] type 00 class 0x088000
[    0.651163] pci 0000:c2:0a.4: [8086:208d] type 00 class 0x088000
[    0.651222] pci 0000:c2:0a.5: [8086:208d] type 00 class 0x088000
[    0.651283] pci 0000:c2:0a.6: [8086:208d] type 00 class 0x088000
[    0.651343] pci 0000:c2:0a.7: [8086:208d] type 00 class 0x088000
[    0.651403] pci 0000:c2:0b.0: [8086:208d] type 00 class 0x088000
[    0.651463] pci 0000:c2:0b.1: [8086:208d] type 00 class 0x088000
[    0.651521] pci 0000:c2:0b.2: [8086:208d] type 00 class 0x088000
[    0.651579] pci 0000:c2:0b.3: [8086:208d] type 00 class 0x088000
[    0.651643] pci 0000:c2:0e.0: [8086:208e] type 00 class 0x088000
[    0.651707] pci 0000:c2:0e.1: [8086:208e] type 00 class 0x088000
[    0.651766] pci 0000:c2:0e.2: [8086:208e] type 00 class 0x088000
[    0.651825] pci 0000:c2:0e.3: [8086:208e] type 00 class 0x088000
[    0.651890] pci 0000:c2:0e.4: [8086:208e] type 00 class 0x088000
[    0.651948] pci 0000:c2:0e.5: [8086:208e] type 00 class 0x088000
[    0.652007] pci 0000:c2:0e.6: [8086:208e] type 00 class 0x088000
[    0.652069] pci 0000:c2:0e.7: [8086:208e] type 00 class 0x088000
[    0.652127] pci 0000:c2:0f.0: [8086:208e] type 00 class 0x088000
[    0.652190] pci 0000:c2:0f.1: [8086:208e] type 00 class 0x088000
[    0.652251] pci 0000:c2:0f.2: [8086:208e] type 00 class 0x088000
[    0.652310] pci 0000:c2:0f.3: [8086:208e] type 00 class 0x088000
[    0.652369] pci 0000:c2:0f.4: [8086:208e] type 00 class 0x088000
[    0.652431] pci 0000:c2:0f.5: [8086:208e] type 00 class 0x088000
[    0.652489] pci 0000:c2:0f.6: [8086:208e] type 00 class 0x088000
[    0.652548] pci 0000:c2:0f.7: [8086:208e] type 00 class 0x088000
[    0.652612] pci 0000:c2:10.0: [8086:208e] type 00 class 0x088000
[    0.652679] pci 0000:c2:10.1: [8086:208e] type 00 class 0x088000
[    0.652741] pci 0000:c2:10.2: [8086:208e] type 00 class 0x088000
[    0.652801] pci 0000:c2:10.3: [8086:208e] type 00 class 0x088000
